evaluate validation_original n 40 netR 1.9308 paired 0.0
evaluate validation_trail3_atr n 40 netR -16.4902 paired -18.421
evaluate validation_trail2_atr n 40 netR -13.7463 paired -15.6771
evaluate validation_cost_be1 n 41 netR 0.1853 paired -17.3855
evaluate validation_cost_be2 n 40 netR 3.2596 paired 1.3288
evaluate validation_partial25_at2 n 40 netR -1.1554 paired -3.0862
evaluate validation_partial50_at2 n 40 netR -4.2416 paired -6.1723
evaluate validation_fixed3r n 40 netR -12.878 paired -14.8088
evaluate common_original n 17 netR 22.7399 paired 0.0
evaluate common_trail3_atr n 17 netR 12.022 paired -10.7179
evaluate common_trail2_atr n 17 netR 16.6059 paired -6.1341
evaluate common_cost_be1 n 17 netR 22.4235 paired -0.3165
evaluate common_cost_be2 n 17 netR 24.684 paired 1.9441
evaluate common_partial25_at2 n 17 netR 20.3705 paired -2.3694
evaluate common_partial50_at2 n 17 netR 18.001 paired -4.7389
evaluate common_fixed3r n 17 netR 13.0049 paired -9.7351
evaluate available_original n 123 netR -9.8388 paired 0.0
evaluate available_trail3_atr n 123 netR -40.4849 paired -30.6462
evaluate available_trail2_atr n 123 netR -26.7644 paired -16.9257
evaluate available_cost_be1 n 124 netR -10.5832 paired -16.3845
evaluate available_cost_be2 n 123 netR -10.9193 paired -1.0806
evaluate available_partial25_at2 n 123 netR -14.5867 paired -4.748
evaluate available_partial50_at2 n 123 netR -19.3347 paired -9.496
evaluate available_fixed3r n 123 netR -27.7009 paired -17.8622
COMPLETE evaluate 24 summary 48 cash
