/Users/zhangzc/fable-trading/.venv/lib/python3.9/site-packages/urllib3/__init__.py:35: NotOpenSSLWarning: urllib3 v2 only supports OpenSSL 1.1.1+, currently the 'ssl' module is compiled with 'LibreSSL 2.8.3'. See: https://github.com/urllib3/urllib3/issues/3020
  warnings.warn(
explained frozen okx:0G-USDT-SWAP:segment0
explained frozen okx:1INCH-USDT-SWAP:segment0
explained frozen okx:2Z-USDT-SWAP:segment0
explained frozen okx:A-USDT-SWAP:segment0
explained frozen okx:AAVE-USDT-SWAP:segment0
explained frozen okx:ACH-USDT-SWAP:segment0
explained frozen okx:ACT-USDT-SWAP:segment0
explained frozen okx:ACU-USDT-SWAP:segment0
explained frozen okx:ADA-USDT-SWAP:segment0
explained frozen okx:AEON-USDT-SWAP:segment0
explained frozen okx:AERO-USDT-SWAP:segment0
explained frozen okx:AEVO-USDT-SWAP:segment0
explained frozen okx:AGLD-USDT-SWAP:segment0
explained frozen okx:AI-USDT-SWAP:segment0
explained frozen okx:AIXBT-USDT-SWAP:segment0
explained frozen okx:ALGO-USDT-SWAP:segment0
explained frozen okx:ALLO-USDT-SWAP:segment0
explained frozen okx:ANIME-USDT-SWAP:segment0
explained frozen okx:APE-USDT-SWAP:segment0
explained frozen okx:API3-USDT-SWAP:segment0
explained frozen okx:APR-USDT-SWAP:segment0
explained frozen okx:APT-USDT-SWAP:segment0
explained frozen okx:AR-USDT-SWAP:segment0
explained frozen okx:ARB-USDT-SWAP:segment0
explained frozen okx:ARKM-USDT-SWAP:segment0
explained frozen okx:ARX-USDT-SWAP:segment0
explained frozen okx:ASTER-USDT-SWAP:segment0
explained frozen okx:AT-USDT-SWAP:segment0
explained frozen okx:ATH-USDT-SWAP:segment0
explained frozen okx:ATOM-USDT-SWAP:segment0
explained frozen okx:AUCTION-USDT-SWAP:segment0
explained frozen okx:AVAX-USDT-SWAP:segment0
explained frozen okx:AVNT-USDT-SWAP:segment0
explained frozen okx:AXS-USDT-SWAP:segment0
explained frozen okx:AZTEC-USDT-SWAP:segment0
explained frozen okx:BABY-USDT-SWAP:segment0
explained frozen okx:BAND-USDT-SWAP:segment0
explained frozen okx:BARD-USDT-SWAP:segment0
explained frozen okx:BASED-USDT-SWAP:segment0
explained frozen okx:BAT-USDT-SWAP:segment0
explained frozen okx:BCH-USDT-SWAP:segment0
explained frozen okx:BEAT-USDT-SWAP:segment0
explained frozen okx:BERA-USDT-SWAP:segment0
explained frozen okx:BICO-USDT-SWAP:segment0
explained frozen okx:BIGTIME-USDT-SWAP:segment0
explained frozen okx:BILL-USDT-SWAP:segment0
explained frozen okx:BIO-USDT-SWAP:segment0
explained frozen okx:BLEND-USDT-SWAP:segment0
explained frozen okx:BLUR-USDT-SWAP:segment0
explained frozen okx:BNB-USDT-SWAP:segment0
explained frozen okx:BOME-USDT-SWAP:segment0
explained frozen okx:BONK-USDT-SWAP:segment0
explained frozen okx:BRETT-USDT-SWAP:segment0
explained frozen okx:BREV-USDT-SWAP:segment0
explained frozen okx:BSB-USDT-SWAP:segment0
explained frozen okx:CAP-USDT-SWAP:segment0
explained frozen okx:CASHCAT-USDT-SWAP:segment0
explained frozen okx:CC-USDT-SWAP:segment0
explained frozen okx:CELO-USDT-SWAP:segment0
explained frozen okx:CFX-USDT-SWAP:segment0
explained frozen okx:CHIP-USDT-SWAP:segment0
explained frozen okx:CHZ-USDT-SWAP:segment0
explained frozen okx:CNPY-USDT-SWAP:segment0
explained frozen okx:COAI-USDT-SWAP:segment0
explained frozen okx:COMP-USDT-SWAP:segment0
explained frozen okx:CORE-USDT-SWAP:segment0
explained frozen okx:CP-USDT-SWAP:segment0
explained frozen okx:CRO-USDT-SWAP:segment0
explained frozen okx:CRV-USDT-SWAP:segment0
explained frozen okx:CVX-USDT-SWAP:segment0
explained frozen okx:DASH-USDT-SWAP:segment0
explained frozen okx:DATA-USDT-SWAP:segment0
explained frozen okx:DGAI-USDT-SWAP:segment0
explained frozen okx:DOGE-USDT-SWAP:segment0
explained frozen okx:DOOD-USDT-SWAP:segment0
explained frozen okx:DOS-USDT-SWAP:segment0
explained frozen okx:DOT-USDT-SWAP:segment0
explained frozen okx:DYDX-USDT-SWAP:segment0
explained frozen okx:EDEN-USDT-SWAP:segment0
explained frozen okx:EDGE-USDT-SWAP:segment0
explained frozen okx:EGLD-USDT-SWAP:segment0
explained frozen okx:EIGEN-USDT-SWAP:segment0
explained frozen okx:ENA-USDT-SWAP:segment0
explained frozen okx:ENJ-USDT-SWAP:segment0
explained frozen okx:ENS-USDT-SWAP:segment0
explained frozen okx:ENSO-USDT-SWAP:segment0
explained frozen okx:ESP-USDT-SWAP:segment0
explained frozen okx:ETC-USDT-SWAP:segment0
explained frozen okx:ETHFI-USDT-SWAP:segment0
explained frozen okx:ETHW-USDT-SWAP:segment0
explained frozen okx:F-USDT-SWAP:segment0
explained frozen okx:FARTCOIN-USDT-SWAP:segment0
explained frozen okx:FET-USDT-SWAP:segment0
explained frozen okx:FIL-USDT-SWAP:segment0
explained frozen okx:FLOKI-USDT-SWAP:segment0
explained frozen okx:FLOW-USDT-SWAP:segment0
explained frozen okx:FOGO-USDT-SWAP:segment0
explained frozen okx:GALA-USDT-SWAP:segment0
explained frozen okx:GAS-USDT-SWAP:segment0
explained frozen okx:GIGGLE-USDT-SWAP:segment0
explained frozen okx:GLM-USDT-SWAP:segment0
explained frozen okx:GMT-USDT-SWAP:segment0
explained frozen okx:GMX-USDT-SWAP:segment0
explained frozen okx:GPS-USDT-SWAP:segment0
explained frozen okx:GRAM-USDT-SWAP:segment0
explained frozen okx:GRASS-USDT-SWAP:segment0
explained frozen okx:GRT-USDT-SWAP:segment0
explained frozen okx:GRVT-USDT-SWAP:segment0
explained frozen okx:H-USDT-SWAP:segment0
explained frozen okx:HBAR-USDT-SWAP:segment0
explained frozen okx:HMSTR-USDT-SWAP:segment0
explained frozen okx:HOME-USDT-SWAP:segment0
explained frozen okx:HUMA-USDT-SWAP:segment0
explained frozen okx:HYPE-USDT-SWAP:segment0
explained frozen okx:ICP-USDT-SWAP:segment0
explained frozen okx:ICX-USDT-SWAP:segment0
explained frozen okx:IMX-USDT-SWAP:segment0
explained frozen okx:INIT-USDT-SWAP:segment0
explained frozen okx:INJ-USDT-SWAP:segment0
explained frozen okx:IOST-USDT-SWAP:segment0
explained frozen okx:IOTA-USDT-SWAP:segment0
explained frozen okx:IRYS-USDT-SWAP:segment0
explained frozen okx:JELLYJELLY-USDT-SWAP:segment0
explained frozen okx:JTO-USDT-SWAP:segment0
explained frozen okx:JUP-USDT-SWAP:segment0
explained frozen okx:KAITO-USDT-SWAP:segment0
explained frozen okx:KAT-USDT-SWAP:segment0
explained frozen okx:KGEN-USDT-SWAP:segment0
explained frozen okx:KITE-USDT-SWAP:segment0
explained frozen okx:KMNO-USDT-SWAP:segment0
explained frozen okx:KSM-USDT-SWAP:segment0
explained frozen okx:LA-USDT-SWAP:segment0
explained frozen okx:LAB-USDT-SWAP:segment0
explained frozen okx:LAYER-USDT-SWAP:segment0
explained frozen okx:LDO-USDT-SWAP:segment0
explained frozen okx:LIGHT-USDT-SWAP:segment0
explained frozen okx:LINEA-USDT-SWAP:segment0
explained frozen okx:LINK-USDT-SWAP:segment0
explained frozen okx:LIT-USDT-SWAP:segment0
explained frozen okx:LPT-USDT-SWAP:segment0
explained frozen okx:LQTY-USDT-SWAP:segment0
explained frozen okx:LTC-USDT-SWAP:segment0
explained frozen okx:LUNA-USDT-SWAP:segment0
explained frozen okx:MAGIC-USDT-SWAP:segment0
explained frozen okx:MANA-USDT-SWAP:segment0
explained frozen okx:MASK-USDT-SWAP:segment0
explained frozen okx:ME-USDT-SWAP:segment0
explained frozen okx:MEGA-USDT-SWAP:segment0
explained frozen okx:MEME-USDT-SWAP:segment0
explained frozen okx:MERL-USDT-SWAP:segment0
explained frozen okx:MET-USDT-SWAP:segment0
explained frozen okx:METIS-USDT-SWAP:segment0
explained frozen okx:MEW-USDT-SWAP:segment0
explained frozen okx:MINA-USDT-SWAP:segment0
explained frozen okx:MMT-USDT-SWAP:segment0
explained frozen okx:MON-USDT-SWAP:segment0
explained frozen okx:MOODENG-USDT-SWAP:segment0
explained frozen okx:MORPHO-USDT-SWAP:segment0
explained frozen okx:MOVE-USDT-SWAP:segment0
explained frozen okx:MUBARAK-USDT-SWAP:segment0
explained frozen okx:NEAR-USDT-SWAP:segment0
explained frozen okx:NEIRO-USDT-SWAP:segment0
explained frozen okx:NEO-USDT-SWAP:segment0
explained frozen okx:NES-USDT-SWAP:segment0
explained frozen okx:NIGHT-USDT-SWAP:segment0
explained frozen okx:NMR-USDT-SWAP:segment0
explained frozen okx:NOT-USDT-SWAP:segment0
explained frozen okx:O-USDT-SWAP:segment0
explained frozen okx:OFC-USDT-SWAP:segment0
explained frozen okx:OKB-USDT-SWAP:segment0
explained frozen okx:OL-USDT-SWAP:segment0
explained frozen okx:ONDO-USDT-SWAP:segment0
explained frozen okx:ONE-USDT-SWAP:segment0
explained frozen okx:ONT-USDT-SWAP:segment0
explained frozen okx:OP-USDT-SWAP:segment0
explained frozen okx:OPG-USDT-SWAP:segment0
explained frozen okx:OPN-USDT-SWAP:segment0
explained frozen okx:ORDER-USDT-SWAP:segment0
explained frozen okx:ORDI-USDT-SWAP:segment0
explained frozen okx:PARTI-USDT-SWAP:segment0
explained frozen okx:PENDLE-USDT-SWAP:segment0
explained frozen okx:PENGU-USDT-SWAP:segment0
explained frozen okx:PEOPLE-USDT-SWAP:segment0
explained frozen okx:PEPE-USDT-SWAP:segment0
explained frozen okx:PI-USDT-SWAP:segment0
explained frozen okx:PIEVERSE-USDT-SWAP:segment0
explained frozen okx:PIPPIN-USDT-SWAP:segment0
explained frozen okx:PLUME-USDT-SWAP:segment0
explained frozen okx:PNUT-USDT-SWAP:segment0
explained frozen okx:POL-USDT-SWAP:segment0
explained frozen okx:PONS-USDT-SWAP:segment0
explained frozen okx:POPCAT-USDT-SWAP:segment0
explained frozen okx:PROS-USDT-SWAP:segment0
explained frozen okx:PROVE-USDT-SWAP:segment0
explained frozen okx:PUMP-USDT-SWAP:segment0
explained frozen okx:PYTH-USDT-SWAP:segment0
explained frozen okx:QTUM-USDT-SWAP:segment0
explained frozen okx:RAVE-USDT-SWAP:segment0
explained frozen okx:RAY-USDT-SWAP:segment0
explained frozen okx:RE-USDT-SWAP:segment0
explained frozen okx:RECALL-USDT-SWAP:segment0
explained frozen okx:RENDER-USDT-SWAP:segment0
explained frozen okx:RESOLV-USDT-SWAP:segment0
explained frozen okx:RIVER-USDT-SWAP:segment0
explained frozen okx:RLS-USDT-SWAP:segment0
explained frozen okx:ROBO-USDT-SWAP:segment0
explained frozen okx:RSR-USDT-SWAP:segment0
explained frozen okx:RVN-USDT-SWAP:segment0
explained frozen okx:S-USDT-SWAP:segment0
explained frozen okx:SAHARA-USDT-SWAP:segment0
explained frozen okx:SAND-USDT-SWAP:segment0
explained frozen okx:SAPIEN-USDT-SWAP:segment0
explained frozen okx:SATS-USDT-SWAP:segment0
explained frozen okx:SEI-USDT-SWAP:segment0
explained frozen okx:SENT-USDT-SWAP:segment0
explained frozen okx:SHELL-USDT-SWAP:segment0
explained frozen okx:SHIB-USDT-SWAP:segment0
explained frozen okx:SIGN-USDT-SWAP:segment0
explained frozen okx:SKY-USDT-SWAP:segment0
explained frozen okx:SLX-USDT-SWAP:segment0
explained frozen okx:SNX-USDT-SWAP:segment0
explained frozen okx:SOL-USDT-SWAP:segment0
explained frozen okx:SOON-USDT-SWAP:segment0
explained frozen okx:SOPH-USDT-SWAP:segment0
explained frozen okx:SPACE-USDT-SWAP:segment0
explained frozen okx:SPK-USDT-SWAP:segment0
explained frozen okx:SPX-USDT-SWAP:segment0
explained frozen okx:SSV-USDT-SWAP:segment0
explained frozen okx:STABLE-USDT-SWAP:segment0
explained frozen okx:STRK-USDT-SWAP:segment0
explained frozen okx:STX-USDT-SWAP:segment0
explained frozen okx:SUI-USDT-SWAP:segment0
explained frozen okx:SUSHI-USDT-SWAP:segment0
explained frozen okx:SYRUP-USDT-SWAP:segment0
explained frozen okx:TAO-USDT-SWAP:segment0
explained frozen okx:THETA-USDT-SWAP:segment0
explained frozen okx:TIA-USDT-SWAP:segment0
explained frozen okx:TRB-USDT-SWAP:segment0
explained frozen okx:TRIA-USDT-SWAP:segment0
explained frozen okx:TRUMP-USDT-SWAP:segment0
explained frozen okx:TRUST-USDT-SWAP:segment0
explained frozen okx:TRUTH-USDT-SWAP:segment0
explained frozen okx:TRX-USDT-SWAP:segment0
explained frozen okx:TURBO-USDT-SWAP:segment0
explained frozen okx:UB-USDT-SWAP:segment0
explained frozen okx:UMA-USDT-SWAP:segment0
explained frozen okx:UNI-USDT-SWAP:segment0
explained frozen okx:UP-USDT-SWAP:segment0
explained frozen okx:USELESS-USDT-SWAP:segment0
explained frozen okx:VANA-USDT-SWAP:segment0
explained frozen okx:VIRTUAL-USDT-SWAP:segment0
explained frozen okx:VVV-USDT-SWAP:segment0
explained frozen okx:W-USDT-SWAP:segment0
explained frozen okx:WAL-USDT-SWAP:segment0
explained frozen okx:WCT-USDT-SWAP:segment0
explained frozen okx:WET-USDT-SWAP:segment0
explained frozen okx:WIF-USDT-SWAP:segment0
explained frozen okx:WLD-USDT-SWAP:segment0
explained frozen okx:WLFI-USDT-SWAP:segment0
explained frozen okx:WOO-USDT-SWAP:segment0
explained frozen okx:XLM-USDT-SWAP:segment0
explained frozen okx:XPL-USDT-SWAP:segment0
explained frozen okx:XRP-USDT-SWAP:segment0
explained frozen okx:XTZ-USDT-SWAP:segment0
explained frozen okx:YB-USDT-SWAP:segment0
explained frozen okx:YFI-USDT-SWAP:segment0
explained frozen okx:YGG-USDT-SWAP:segment0
explained frozen okx:ZAMA-USDT-SWAP:segment0
explained frozen okx:ZBT-USDT-SWAP:segment0
explained frozen okx:ZEC-USDT-SWAP:segment0
explained frozen okx:ZEN-USDT-SWAP:segment0
explained frozen okx:ZETA-USDT-SWAP:segment0
explained frozen okx:ZIL-USDT-SWAP:segment0
explained frozen okx:ZK-USDT-SWAP:segment0
explained frozen okx:ZKP-USDT-SWAP:segment0
explained frozen okx:ZORA-USDT-SWAP:segment0
explained frozen okx:ZRO-USDT-SWAP:segment0
explained frozen okx:ZRX-USDT-SWAP:segment0
