
== reproduction ==
timeframe     arm  original  rerun  only_original  only_rerun  field_differences
      15m   v10_4      4711   4711              0           0                  0
      15m v9_long     23223  23223              0           0                  0
       1h   v10_4      1476   1476              0           0                  0
       1h v9_long      6565   6565              0           0                  0

== main_table ==
timeframe       arm  period  signals  trades_taken  closed  skipped_in_position  win_rate  mean_net_r  mean_net_bp     pf  total_net_r  event_drawdown_r  concurrent_max  random_mean_r  excess_vs_random_r  p_vs_random
      15m   v9_long    full    26939         23223   23205                 3716    0.2852     -0.0999     -22.1669 0.8626   -2317.9228         2969.0776             232        -0.1480              0.0487       0.2064
      15m   v9_long earlier    14354         12351   12348                 2003    0.3217      0.0178      -4.9332 1.0259     220.0644         1341.9369             232        -0.1220              0.1401       0.0625
      15m   v9_long   later    12585         10872   10857                 1713    0.2436     -0.2338     -41.7674 0.6972   -2537.9872         2586.2305             171        -0.1777             -0.0556       0.7586
      15m     v10_4    full     4867          4711    4708                  156    0.3076     -0.0560     -10.0296 0.9207    -263.4763          670.9584              91        -0.1764              0.1203       0.0450
      15m     v10_4 earlier     2593          2501    2501                   92    0.3551      0.1160      23.2673 1.1770     290.0107          321.5235              91        -0.1836              0.2996       0.0035
      15m     v10_4   later     2274          2210    2207                   64    0.2537     -0.2508     -47.7621 0.6715    -553.4870          609.7922              49        -0.1681             -0.0832       0.9395
      15m   box_htf    full     2994          2989    2987                    4    0.2732     -0.1639     -34.1567 0.7903    -489.4927          579.9378              60        -0.1976              0.0331       0.3263
      15m   box_htf earlier     1573          1569    1569                    3    0.3187     -0.0081      -6.8872 0.9890     -12.6484          251.5115              60        -0.1906              0.1809       0.0245
      15m   box_htf   later     1421          1420    1418                    1    0.2228     -0.3363     -64.3302 0.5984    -476.8443          481.7042              46        -0.2054             -0.1303       0.8561
      15m box_chart    full     5375          5375    5372                    0    0.3045     -0.0675      -9.0383 0.9051    -362.8348          727.2842             108        -0.1908              0.1238       0.0625
      15m box_chart earlier     2881          2881    2881                    0    0.3492      0.0945      16.7966 1.1424     272.3030          317.5299             108        -0.1877              0.2822       0.0050
      15m box_chart   later     2494          2494    2491                    0    0.2529     -0.2550     -38.9180 0.6678    -635.1378          677.0550              60        -0.1945             -0.0597       0.6912
      15m   box_any    full     7095          7086    7082                    8    0.2938     -0.0950     -16.2860 0.8705    -672.8149         1056.2023             121        -0.1834              0.0894       0.0855
      15m   box_any earlier     3774          3769    3769                    4    0.3386      0.0782      11.5028 1.1143     294.9065          453.6261             121        -0.1690              0.2476       0.0040
      15m   box_any   later     3321          3317    3313                    4    0.2430     -0.2921     -47.8996 0.6298    -967.7214          996.8067              72        -0.1998             -0.0911       0.9305
       1h   v9_long    full     7757          6565    6551                 1192    0.2972     -0.0051     -34.3070 0.9924     -33.5884          707.8660             212        -0.0850              0.0816       0.1394
       1h   v9_long earlier     4332          3625    3625                  707    0.3327      0.1193      -3.6254 1.1879     432.3934          527.0412             212         0.0016              0.1180       0.2029
       1h   v9_long   later     3425          2940    2926                  485    0.2532     -0.1593     -72.3182 0.7779    -465.9818          709.6102             160        -0.1933              0.0360       0.2314
       1h     v10_4    full     1528          1476    1476                   52    0.3279      0.0878      17.6688 1.1353     129.5986          197.7246              57        -0.1550              0.2436       0.0090
       1h     v10_4 earlier      772           747     747                   25    0.3949      0.2490      72.4565 1.4255     185.9783           93.0940              57        -0.0615              0.3105       0.0815
       1h     v10_4   later      756           729     729                   27    0.2593     -0.0773     -38.4716 0.8917     -56.3797          197.7246              46        -0.2511              0.1748       0.0325
       1h   box_htf    full      870           870     869                    0    0.2762     -0.0655     -32.3432 0.9111     -56.9131          158.8023              43        -0.1409              0.0702       0.1979
       1h   box_htf earlier      434           434     434                    0    0.3180      0.1391      22.5168 1.2042      60.3609           72.7298              43        -0.0410              0.1801       0.0840
       1h   box_htf   later      436           436     435                    0    0.2345     -0.2696     -87.0771 0.6599    -117.2740          169.3172              33        -0.2420             -0.0410       0.6812
       1h box_chart    full     1720          1717    1716                    3    0.2803     -0.0894     -69.1322 0.8729    -153.3277          269.3585              57        -0.0541             -0.0306       0.6252
       1h box_chart earlier      864           864     864                    0    0.3264      0.0067     -50.8532 1.0101       5.7631          172.7840              57         0.0341             -0.0274       0.5737
       1h box_chart   later      856           853     852                    3    0.2336     -0.1867     -87.6687 0.7506    -159.0908          258.6861              42        -0.1445             -0.0338       0.6407
       1h   box_any    full     2206          2201    2199                    5    0.2783     -0.0921     -62.5552 0.8705    -202.6292          370.2532              82        -0.1091              0.0126       0.3933
       1h   box_any earlier     1123          1122    1122                    1    0.3253      0.0381     -30.2557 1.0576      42.7585          220.4924              82        -0.0170              0.0551       0.2409
       1h   box_any   later     1083          1079    1077                    4    0.2293     -0.2278     -96.2043 0.7018    -245.3877          372.6683              61        -0.2062             -0.0323       0.6592

== verdict ==
timeframe     arm  full_mean_positive  later_mean_positive  excess_positive  p_below_0_01  passed
      15m box_any               False                False             True         False   False
      15m box_htf               False                False             True         False   False
       1h box_any               False                False             True         False   False
       1h box_htf               False                False             True         False   False

== differences ==
timeframe           compare  period  months  valid_reps  a_closed  c_closed  a_mean_r  c_mean_r  diff_mean_r  ci95_low  ci95_high  a_total_r  c_total_r
      15m box_any − v9_long    full      20        2000     23205      7082   -0.0999   -0.0950       0.0049   -0.0478     0.0701 -2317.9228  -672.8149
      15m box_any − v9_long earlier      13        2000     12348      3769    0.0178    0.0782       0.0604   -0.0084     0.1466   220.0644   294.9065
      15m box_any − v9_long   later       8        2000     10857      3313   -0.2338   -0.2921      -0.0583   -0.1046    -0.0025 -2537.9872  -967.7214
      15m   box_any − v10_4    full      20        2000      4708      7082   -0.0560   -0.0950      -0.0390   -0.0844     0.0110  -263.4763  -672.8149
      15m   box_any − v10_4 earlier      13        2000      2501      3769    0.1160    0.0782      -0.0377   -0.0960     0.0332   290.0107   294.9065
      15m   box_any − v10_4   later       8        2000      2207      3313   -0.2508   -0.2921      -0.0413   -0.0998     0.0270  -553.4870  -967.7214
      15m box_htf − v9_long    full      20        2000     23205      2987   -0.0999   -0.1639      -0.0640   -0.1547     0.0450 -2317.9228  -489.4927
      15m box_htf − v9_long earlier      13        2000     12348      1569    0.0178   -0.0081      -0.0259   -0.1471     0.1058   220.0644   -12.6484
      15m box_htf − v9_long   later       8        2000     10857      1418   -0.2338   -0.3363      -0.1025   -0.2252     0.0459 -2537.9872  -476.8443
       1h box_any − v9_long    full      20        2000      6551      2199   -0.0051   -0.0921      -0.0870   -0.1797    -0.0076   -33.5884  -202.6292
       1h box_any − v9_long earlier      13        2000      3625      1122    0.1193    0.0381      -0.0812   -0.1890     0.0289   432.3934    42.7585
       1h box_any − v9_long   later       8        2000      2926      1077   -0.1593   -0.2278      -0.0686   -0.2114     0.0383  -465.9818  -245.3877
       1h   box_any − v10_4    full      20        2000      1476      2199    0.0878   -0.0921      -0.1799   -0.3253    -0.0242   129.5986  -202.6292
       1h   box_any − v10_4 earlier      13        2000       747      1122    0.2490    0.0381      -0.2109   -0.4204     0.0099   185.9783    42.7585
       1h   box_any − v10_4   later       8        2000       729      1077   -0.0773   -0.2278      -0.1505   -0.3743     0.0602   -56.3797  -245.3877
       1h box_htf − v9_long    full      20        2000      6551       869   -0.0051   -0.0655      -0.0604   -0.1982     0.0957   -33.5884   -56.9131
       1h box_htf − v9_long earlier      13        2000      3625       434    0.1193    0.1391       0.0198   -0.2258     0.2811   432.3934    60.3609
       1h box_htf − v9_long   later       8        2000      2926       435   -0.1593   -0.2696      -0.1103   -0.2602     0.0643  -465.9818  -117.2740

== by_source ==
timeframe source  period  closed  mean_net_r  total_net_r
      15m   both earlier       6      0.2366       1.4193
      15m   both   later       9     -0.0769      -0.6921
      15m  chart earlier    2729      0.0925     252.3841
      15m  chart   later    2364     -0.2420    -572.2020
      15m    htf earlier    1034      0.0398      41.1031
      15m    htf   later     940     -0.4200    -394.8273
       1h   both earlier       3      1.3401       4.0203
       1h   both   later       8     -0.3369      -2.6950
       1h  chart earlier     832      0.0005       0.4011
       1h  chart   later     797     -0.2187    -174.2711
       1h    htf earlier     287      0.1336      38.3372
       1h    htf   later     272     -0.2516     -68.4217

== delay ==
timeframe       arm delay_bucket  period  closed  mean_net_r  total_net_r
      15m   box_any           同根 earlier     838      0.2372     198.7990
      15m   box_any           同根   later     730     -0.2182    -159.2839
      15m   box_any          1–3 earlier     846      0.0912      77.1518
      15m   box_any          1–3   later     729     -0.1229     -89.5868
      15m   box_any          4–6 earlier     401      0.0298      11.9443
      15m   box_any          4–6   later     387     -0.3014    -116.6365
      15m   box_any         7–12 earlier     393      0.0045       1.7697
      15m   box_any         7–12   later     373     -0.5044    -188.1551
      15m   box_any        13–24 earlier     441      0.0235      10.3728
      15m   box_any        13–24   later     373     -0.4564    -170.2477
      15m   box_any        25–48 earlier     334      0.0385      12.8700
      15m   box_any        25–48   later     306     -0.3397    -103.9433
      15m   box_any          >48 earlier     516     -0.0349     -18.0010
      15m   box_any          >48   later     415     -0.3370    -139.8683
      15m box_chart           同根 earlier     795      0.2137     169.9208
      15m box_chart           同根   later     707     -0.2227    -157.4366
      15m box_chart          1–3 earlier     673      0.0961      64.6954
      15m box_chart          1–3   later     611     -0.0791     -48.3464
      15m box_chart          4–6 earlier     156      0.0655      10.2204
      15m box_chart          4–6   later     154     -0.4266     -65.6888
      15m box_chart         7–12 earlier     240      0.1867      44.8178
      15m box_chart         7–12   later     196     -0.4446     -87.1511
      15m box_chart        13–24 earlier     340     -0.0342     -11.6400
      15m box_chart        13–24   later     246     -0.3251     -79.9785
      15m box_chart        25–48 earlier     280      0.1403      39.2763
      15m box_chart        25–48   later     245     -0.3634     -89.0449
      15m box_chart          >48 earlier     397     -0.1133     -44.9877
      15m box_chart          >48   later     332     -0.3238    -107.4915
      15m   box_htf           同根 earlier      47      0.6372      29.9507
      15m   box_htf           同根   later      24     -0.1228      -2.9465
      15m   box_htf          1–3 earlier     214      0.0303       6.4879
      15m   box_htf          1–3   later     140     -0.3832     -53.6482
      15m   box_htf          4–6 earlier     348     -0.0329     -11.4475
      15m   box_htf          4–6   later     336     -0.1297     -43.5827
      15m   box_htf         7–12 earlier     279     -0.0576     -16.0701
      15m   box_htf         7–12   later     287     -0.3963    -113.7431
      15m   box_htf        13–24 earlier     229      0.0649      14.8726
      15m   box_htf        13–24   later     217     -0.5333    -115.7220
      15m   box_htf        25–48 earlier     152     -0.1849     -28.1070
      15m   box_htf        25–48   later     161     -0.2112     -34.0048
      15m   box_htf          >48 earlier     300     -0.0278      -8.3351
      15m   box_htf          >48   later     253     -0.4474    -113.1970
       1h   box_any           同根 earlier     251      0.0847      21.2613
       1h   box_any           同根   later     243     -0.3182     -77.3105
       1h   box_any          1–3 earlier     204      0.1139      23.2261
       1h   box_any          1–3   later     229     -0.1157     -26.4986
       1h   box_any          4–6 earlier     120      0.2038      24.4598
       1h   box_any          4–6   later     104     -0.5104     -53.0858
       1h   box_any         7–12 earlier     140     -0.1977     -27.6710
       1h   box_any         7–12   later     117     -0.3296     -38.5684
       1h   box_any        13–24 earlier     119      0.5622      66.9065
       1h   box_any        13–24   later     120      0.0787       9.4400
       1h   box_any        25–48 earlier     136     -0.1315     -17.8788
       1h   box_any        25–48   later     101      0.1496      15.1086
       1h   box_any          >48 earlier     152     -0.3128     -47.5454
       1h   box_any          >48   later     163     -0.4569     -74.4730
       1h box_chart           同根 earlier     244      0.0418      10.2090
       1h box_chart           同根   later     238     -0.3178     -75.6289
       1h box_chart          1–3 earlier     159      0.1044      16.5952
       1h box_chart          1–3   later     182     -0.0762     -13.8626
       1h box_chart          4–6 earlier      64     -0.0522      -3.3391
       1h box_chart          4–6   later      49     -0.3388     -16.6006
       1h box_chart         7–12 earlier      80     -0.0251      -2.0081
       1h box_chart         7–12   later      64     -0.4819     -30.8439
       1h box_chart        13–24 earlier      85      0.5608      47.6659
       1h box_chart        13–24   later      94      0.1400      13.1605
       1h box_chart        25–48 earlier     109     -0.1623     -17.6937
       1h box_chart        25–48   later      85      0.2943      25.0144
       1h box_chart          >48 earlier     123     -0.3713     -45.6661
       1h box_chart          >48   later     140     -0.4309     -60.3295
       1h   box_htf           同根 earlier       8      1.2539      10.0311
       1h   box_htf           同根   later       6     -0.4557      -2.7344
       1h   box_htf          1–3 earlier      56      0.0318       1.7805
       1h   box_htf          1–3   later      55     -0.2767     -15.2187
       1h   box_htf          4–6 earlier      82      0.5492      45.0375
       1h   box_htf          4–6   later     100     -0.3360     -33.5990
       1h   box_htf         7–12 earlier      96     -0.2582     -24.7870
       1h   box_htf         7–12   later      87     -0.3226     -28.0670
       1h   box_htf        13–24 earlier      62      0.5906      36.6142
       1h   box_htf        13–24   later      49      0.2747      13.4621
       1h   box_htf        25–48 earlier      50      0.0311       1.5572
       1h   box_htf        25–48   later      42     -0.6390     -26.8371
       1h   box_htf          >48 earlier      80     -0.1234      -9.8726
       1h   box_htf          >48   later      96     -0.2529     -24.2799

== coverage ==
timeframe  boxes_in_window  htf_breaks  chart_breaks  n_v9_long  n_v10_4  n_box_htf  n_box_chart  n_box_any
      15m            23267       23307         81302      26939     4867       2994         5375       7095
       1h             6630        6178         23291       7757     1528        870         1720       2206
