  AAVE_USDT_SWAP         15m=405 60m=91 240m=20            40.5s
  ADA_USDT_SWAP          15m=409 60m=121 240m=26           37.3s
  APE_USDT_SWAP          15m=409 60m=94 240m=26            36.9s
  APT_USDT_SWAP          15m=400 60m=102 240m=32           32.9s
  ARB_USDT_SWAP          15m=407 60m=111 240m=23           25.4s
  ATOM_USDT_SWAP         15m=366 60m=108 240m=27           35.4s
  AVAX_USDT_SWAP         15m=439 60m=108 240m=26           23.5s
  BCH_USDT_SWAP          15m=375 60m=136 240m=17           19.1s
  BNB_USDT_SWAP          15m=408 60m=109 240m=32           14.9s
  BTC_USDT_SWAP          15m=396 60m=94 240m=25            19.6s
  CFX_USDT_SWAP          15m=405 60m=121 240m=17           19.4s
  CHZ_USDT_SWAP          15m=365 60m=92 240m=29            19.6s
  CRV_USDT_SWAP          15m=420 60m=99 240m=22            19.6s
  DOGE_USDT_SWAP         15m=455 60m=101 240m=24           22.2s
  DOT_USDT_SWAP          15m=362 60m=109 240m=23           19.7s
  EIGEN_USDT_SWAP        15m=379 60m=117 240m=34            9.1s
  ENA_USDT_SWAP          15m=190 60m=47                     3.0s
  ETC_USDT_SWAP          15m=369 60m=118 240m=32           19.8s
  ETHFI_USDT_SWAP        15m=434 60m=95 240m=21            15.8s
  ETH_USDT_SWAP          15m=439 60m=111 240m=21           18.4s
  FIL_USDT_SWAP          15m=401 60m=113 240m=23           18.0s
  GALA_USDT_SWAP         15m=388 60m=109 240m=27           15.5s
  GRT_USDT_SWAP          15m=419 60m=91 240m=22            14.1s
  HBAR_USDT_SWAP         15m=408 60m=96 240m=20             9.1s
  HYPE_USDT_SWAP         15m=322 60m=90 240m=22             4.7s
  ICP_USDT_SWAP          15m=398 60m=105 240m=24           13.7s
  INJ_USDT_SWAP          15m=399 60m=113 240m=22            8.6s
  JTO_USDT_SWAP          15m=421 60m=96 240m=22             8.3s
  LINK_USDT_SWAP         15m=408 60m=109 240m=20           13.9s
  LTC_USDT_SWAP          15m=448 60m=111 240m=33           18.5s
  NEAR_USDT_SWAP         15m=405 60m=106 240m=21           14.6s
  OKB_USDT_SWAP          15m=201 60m=65                     2.2s
  ONDO_USDT_SWAP         15m=432 60m=117 240m=25            5.5s
  OP_USDT_SWAP           15m=411 60m=125 240m=15           10.2s
  ORDI_USDT_SWAP         15m=441 60m=109 240m=25           11.9s
  PENGU_USDT_SWAP        15m=409 60m=108 240m=33            6.1s
  PEPE_USDT_SWAP         15m=466 60m=102 240m=20           10.7s
  PI_USDT_SWAP           15m=362 60m=109 240m=27            4.3s
  POL_USDT_SWAP          15m=387 60m=115 240m=23            4.2s
  SAND_USDT_SWAP         15m=430 60m=108 240m=20           11.4s
  SHIB_USDT_SWAP         15m=424 60m=112 240m=23           12.7s
  SOL_USDT_SWAP          15m=422 60m=104 240m=28           14.8s
  SUI_USDT_SWAP          15m=448 60m=103 240m=27           15.0s
  TIA_USDT_SWAP          15m=405 60m=96 240m=23             7.8s
  TRUMP_USDT_SWAP        15m=432 60m=107 240m=24            3.7s
  TRX_USDT_SWAP          15m=424 60m=110 240m=34           12.0s
  UNI_USDT_SWAP          15m=435 60m=102 240m=17           12.6s
  VIRTUAL_USDT_SWAP      15m=432 60m=97 240m=29             6.1s
  WLD_USDT_SWAP          15m=401 60m=119 240m=24            9.9s
  XLM_USDT_SWAP          15m=433 60m=102 240m=22           17.0s
  XRP_USDT_SWAP          15m=450 60m=98 240m=21            11.6s
  ZEC_USDT_SWAP          15m=162 60m=33                     1.9s
  ZK_USDT_SWAP           15m=431 60m=90 240m=27             8.1s
  ZRO_USDT_SWAP          15m=384 60m=91 240m=28            14.2s
/Users/zhangzc/fable-trading/yoyo/evaluation/trendline_v2_strategy.py:255: RuntimeWarning: divide by zero encountered in matmul
  null = signs @ blocks
/Users/zhangzc/fable-trading/yoyo/evaluation/trendline_v2_strategy.py:255: RuntimeWarning: overflow encountered in matmul
  null = signs @ blocks
/Users/zhangzc/fable-trading/yoyo/evaluation/trendline_v2_strategy.py:255: RuntimeWarning: invalid value encountered in matmul
  null = signs @ blocks
/Users/zhangzc/fable-trading/yoyo/evaluation/trendline_v2_strategy.py:255: RuntimeWarning: divide by zero encountered in matmul
  null = signs @ blocks
/Users/zhangzc/fable-trading/yoyo/evaluation/trendline_v2_strategy.py:255: RuntimeWarning: overflow encountered in matmul
  null = signs @ blocks
/Users/zhangzc/fable-trading/yoyo/evaluation/trendline_v2_strategy.py:255: RuntimeWarning: invalid value encountered in matmul
  null = signs @ blocks
/Users/zhangzc/fable-trading/yoyo/evaluation/trendline_v2_strategy.py:255: RuntimeWarning: divide by zero encountered in matmul
  null = signs @ blocks
/Users/zhangzc/fable-trading/yoyo/evaluation/trendline_v2_strategy.py:255: RuntimeWarning: overflow encountered in matmul
  null = signs @ blocks
/Users/zhangzc/fable-trading/yoyo/evaluation/trendline_v2_strategy.py:255: RuntimeWarning: invalid value encountered in matmul
  null = signs @ blocks
/Users/zhangzc/fable-trading/yoyo/evaluation/trendline_v2_strategy.py:255: RuntimeWarning: divide by zero encountered in matmul
  null = signs @ blocks
/Users/zhangzc/fable-trading/yoyo/evaluation/trendline_v2_strategy.py:255: RuntimeWarning: overflow encountered in matmul
  null = signs @ blocks
/Users/zhangzc/fable-trading/yoyo/evaluation/trendline_v2_strategy.py:255: RuntimeWarning: invalid value encountered in matmul
  null = signs @ blocks
/Users/zhangzc/fable-trading/yoyo/evaluation/trendline_v2_strategy.py:255: RuntimeWarning: divide by zero encountered in matmul
  null = signs @ blocks
/Users/zhangzc/fable-trading/yoyo/evaluation/trendline_v2_strategy.py:255: RuntimeWarning: overflow encountered in matmul
  null = signs @ blocks
/Users/zhangzc/fable-trading/yoyo/evaluation/trendline_v2_strategy.py:255: RuntimeWarning: invalid value encountered in matmul
  null = signs @ blocks
/Users/zhangzc/fable-trading/yoyo/evaluation/trendline_v2_strategy.py:255: RuntimeWarning: divide by zero encountered in matmul
  null = signs @ blocks
/Users/zhangzc/fable-trading/yoyo/evaluation/trendline_v2_strategy.py:255: RuntimeWarning: overflow encountered in matmul
  null = signs @ blocks
/Users/zhangzc/fable-trading/yoyo/evaluation/trendline_v2_strategy.py:255: RuntimeWarning: invalid value encountered in matmul
  null = signs @ blocks
/Users/zhangzc/fable-trading/yoyo/evaluation/trendline_v2_strategy.py:247: RuntimeWarning: divide by zero encountered in matmul
  null = signs @ blocks
/Users/zhangzc/fable-trading/yoyo/evaluation/trendline_v2_strategy.py:247: RuntimeWarning: overflow encountered in matmul
  null = signs @ blocks
/Users/zhangzc/fable-trading/yoyo/evaluation/trendline_v2_strategy.py:247: RuntimeWarning: invalid value encountered in matmul
  null = signs @ blocks
/Users/zhangzc/fable-trading/yoyo/evaluation/trendline_v2_strategy.py:247: RuntimeWarning: divide by zero encountered in matmul
  null = signs @ blocks
/Users/zhangzc/fable-trading/yoyo/evaluation/trendline_v2_strategy.py:247: RuntimeWarning: overflow encountered in matmul
  null = signs @ blocks
/Users/zhangzc/fable-trading/yoyo/evaluation/trendline_v2_strategy.py:247: RuntimeWarning: invalid value encountered in matmul
  null = signs @ blocks
/Users/zhangzc/fable-trading/yoyo/evaluation/trendline_v2_strategy.py:247: RuntimeWarning: divide by zero encountered in matmul
  null = signs @ blocks
/Users/zhangzc/fable-trading/yoyo/evaluation/trendline_v2_strategy.py:247: RuntimeWarning: overflow encountered in matmul
  null = signs @ blocks
/Users/zhangzc/fable-trading/yoyo/evaluation/trendline_v2_strategy.py:247: RuntimeWarning: invalid value encountered in matmul
  null = signs @ blocks
/Users/zhangzc/fable-trading/yoyo/evaluation/trendline_v2_strategy.py:247: RuntimeWarning: divide by zero encountered in matmul
  null = signs @ blocks
/Users/zhangzc/fable-trading/yoyo/evaluation/trendline_v2_strategy.py:247: RuntimeWarning: overflow encountered in matmul
  null = signs @ blocks
/Users/zhangzc/fable-trading/yoyo/evaluation/trendline_v2_strategy.py:247: RuntimeWarning: invalid value encountered in matmul
  null = signs @ blocks
/Users/zhangzc/fable-trading/yoyo/evaluation/trendline_v2_strategy.py:247: RuntimeWarning: divide by zero encountered in matmul
  null = signs @ blocks
/Users/zhangzc/fable-trading/yoyo/evaluation/trendline_v2_strategy.py:247: RuntimeWarning: overflow encountered in matmul
  null = signs @ blocks
/Users/zhangzc/fable-trading/yoyo/evaluation/trendline_v2_strategy.py:247: RuntimeWarning: invalid value encountered in matmul
  null = signs @ blocks
/Users/zhangzc/fable-trading/yoyo/evaluation/trendline_v2_strategy.py:247: RuntimeWarning: divide by zero encountered in matmul
  null = signs @ blocks
/Users/zhangzc/fable-trading/yoyo/evaluation/trendline_v2_strategy.py:247: RuntimeWarning: overflow encountered in matmul
  null = signs @ blocks
/Users/zhangzc/fable-trading/yoyo/evaluation/trendline_v2_strategy.py:247: RuntimeWarning: invalid value encountered in matmul
  null = signs @ blocks
/Users/zhangzc/fable-trading/yoyo/evaluation/trendline_v2_strategy.py:247: RuntimeWarning: divide by zero encountered in matmul
  null = signs @ blocks
/Users/zhangzc/fable-trading/yoyo/evaluation/trendline_v2_strategy.py:247: RuntimeWarning: overflow encountered in matmul
  null = signs @ blocks
/Users/zhangzc/fable-trading/yoyo/evaluation/trendline_v2_strategy.py:247: RuntimeWarning: invalid value encountered in matmul
  null = signs @ blocks
/Users/zhangzc/fable-trading/yoyo/evaluation/trendline_v2_strategy.py:247: RuntimeWarning: divide by zero encountered in matmul
  null = signs @ blocks
/Users/zhangzc/fable-trading/yoyo/evaluation/trendline_v2_strategy.py:247: RuntimeWarning: overflow encountered in matmul
  null = signs @ blocks
/Users/zhangzc/fable-trading/yoyo/evaluation/trendline_v2_strategy.py:247: RuntimeWarning: invalid value encountered in matmul
  null = signs @ blocks
/Users/zhangzc/fable-trading/yoyo/evaluation/trendline_v2_strategy.py:247: RuntimeWarning: divide by zero encountered in matmul
  null = signs @ blocks
/Users/zhangzc/fable-trading/yoyo/evaluation/trendline_v2_strategy.py:247: RuntimeWarning: overflow encountered in matmul
  null = signs @ blocks
/Users/zhangzc/fable-trading/yoyo/evaluation/trendline_v2_strategy.py:247: RuntimeWarning: invalid value encountered in matmul
  null = signs @ blocks
/Users/zhangzc/fable-trading/yoyo/evaluation/trendline_v2_strategy.py:247: RuntimeWarning: divide by zero encountered in matmul
  null = signs @ blocks
/Users/zhangzc/fable-trading/yoyo/evaluation/trendline_v2_strategy.py:247: RuntimeWarning: overflow encountered in matmul
  null = signs @ blocks
/Users/zhangzc/fable-trading/yoyo/evaluation/trendline_v2_strategy.py:247: RuntimeWarning: invalid value encountered in matmul
  null = signs @ blocks
/Users/zhangzc/fable-trading/yoyo/evaluation/trendline_v2_strategy.py:247: RuntimeWarning: divide by zero encountered in matmul
  null = signs @ blocks
/Users/zhangzc/fable-trading/yoyo/evaluation/trendline_v2_strategy.py:247: RuntimeWarning: overflow encountered in matmul
  null = signs @ blocks
/Users/zhangzc/fable-trading/yoyo/evaluation/trendline_v2_strategy.py:247: RuntimeWarning: invalid value encountered in matmul
  null = signs @ blocks
/Users/zhangzc/fable-trading/yoyo/evaluation/trendline_v2_strategy.py:247: RuntimeWarning: divide by zero encountered in matmul
  null = signs @ blocks
/Users/zhangzc/fable-trading/yoyo/evaluation/trendline_v2_strategy.py:247: RuntimeWarning: overflow encountered in matmul
  null = signs @ blocks
/Users/zhangzc/fable-trading/yoyo/evaluation/trendline_v2_strategy.py:247: RuntimeWarning: invalid value encountered in matmul
  null = signs @ blocks
saved review_results.json
