=== BONK_USDT_SWAP 2026-07-20 08:45:00+00:00 ===
  tip+0: raw=0 kept=0 tag=tip_empty -> BONK_USDT_SWAP_20260720_0845_tipplus0.png
  tip+1: raw=0 kept=0 tag=tip_empty -> BONK_USDT_SWAP_20260720_0845_tipplus1.png
  tip+2: raw=0 kept=0 tag=tip_empty -> BONK_USDT_SWAP_20260720_0845_tipplus2.png
=== UB_USDT_SWAP 2026-07-20 09:30:00+00:00 ===
  tip+0: raw=0 kept=0 tag=tip_empty -> UB_USDT_SWAP_20260720_0930_tipplus0.png
  tip+1: raw=0 kept=0 tag=tip_empty -> UB_USDT_SWAP_20260720_0930_tipplus1.png
  tip+2: raw=0 kept=0 tag=tip_empty -> UB_USDT_SWAP_20260720_0930_tipplus2.png
=== LIGHT_USDT_SWAP 2026-07-20 09:45:00+00:00 ===
  tip+0: raw=1 kept=0 tag=tip_miss_any_box -> LIGHT_USDT_SWAP_20260720_0945_tipplus0.png
  tip+1: raw=2 kept=0 tag=tip_miss_any_box -> LIGHT_USDT_SWAP_20260720_0945_tipplus1.png
  tip+2: raw=1 kept=0 tag=tip_miss_any_box -> LIGHT_USDT_SWAP_20260720_0945_tipplus2.png
=== PEPE_USDT_SWAP 2026-07-20 10:45:00+00:00 ===
  tip+0: raw=3 kept=0 tag=tip_miss_any_box -> PEPE_USDT_SWAP_20260720_1045_tipplus0.png
  tip+1: raw=3 kept=0 tag=tip_miss_any_box -> PEPE_USDT_SWAP_20260720_1045_tipplus1.png
  tip+2: raw=3 kept=0 tag=tip_miss_any_box -> PEPE_USDT_SWAP_20260720_1045_tipplus2.png
=== SPX_USDT_SWAP 2026-07-20 11:45:00+00:00 ===
  tip+0: raw=0 kept=0 tag=tip_empty -> SPX_USDT_SWAP_20260720_1145_tipplus0.png
  tip+1: raw=0 kept=0 tag=tip_empty -> SPX_USDT_SWAP_20260720_1145_tipplus1.png
  tip+2: raw=0 kept=0 tag=tip_empty -> SPX_USDT_SWAP_20260720_1145_tipplus2.png
=== PIEVERSE_USDT_SWAP 2026-07-20 13:15:00+00:00 ===
  tip+0: raw=0 kept=0 tag=tip_empty -> PIEVERSE_USDT_SWAP_20260720_1315_tipplus0.png
  tip+1: raw=0 kept=0 tag=tip_empty -> PIEVERSE_USDT_SWAP_20260720_1315_tipplus1.png
  tip+2: raw=0 kept=0 tag=tip_empty -> PIEVERSE_USDT_SWAP_20260720_1315_tipplus2.png
=== KITE_USDT_SWAP 2026-07-20 13:30:00+00:00 ===
  tip+0: raw=0 kept=0 tag=tip_empty -> KITE_USDT_SWAP_20260720_1330_tipplus0.png
  tip+1: raw=0 kept=0 tag=tip_empty -> KITE_USDT_SWAP_20260720_1330_tipplus1.png
  tip+2: raw=0 kept=0 tag=tip_empty -> KITE_USDT_SWAP_20260720_1330_tipplus2.png
=== SOON_USDT_SWAP 2026-07-20 15:30:00+00:00 ===
  tip+0: raw=2 kept=0 tag=tip_miss_any_box -> SOON_USDT_SWAP_20260720_1530_tipplus0.png
  tip+1: raw=2 kept=0 tag=tip_miss_any_box -> SOON_USDT_SWAP_20260720_1530_tipplus1.png
  tip+2: raw=0 kept=0 tag=tip_empty -> SOON_USDT_SWAP_20260720_1530_tipplus2.png
=== MMT_USDT_SWAP 2026-07-20 16:15:00+00:00 ===
  tip+0: raw=0 kept=0 tag=tip_empty -> MMT_USDT_SWAP_20260720_1615_tipplus0.png
  tip+1: raw=0 kept=0 tag=tip_empty -> MMT_USDT_SWAP_20260720_1615_tipplus1.png
  tip+2: raw=0 kept=0 tag=tip_empty -> MMT_USDT_SWAP_20260720_1615_tipplus2.png
=== KORU_USDT_SWAP 2026-07-21 03:45:00+00:00 ===
  tip+0: raw=0 kept=0 tag=tip_empty -> KORU_USDT_SWAP_20260721_0345_tipplus0.png
  tip+1: raw=0 kept=0 tag=tip_empty -> KORU_USDT_SWAP_20260721_0345_tipplus1.png
  tip+2: raw=0 kept=0 tag=tip_empty -> KORU_USDT_SWAP_20260721_0345_tipplus2.png
=== ROBO_USDT_SWAP 2026-07-21 03:45:00+00:00 ===
  tip+0: raw=2 kept=0 tag=tip_miss_any_box -> ROBO_USDT_SWAP_20260721_0345_tipplus0.png
  tip+1: raw=1 kept=0 tag=tip_miss_any_box -> ROBO_USDT_SWAP_20260721_0345_tipplus1.png
  tip+2: raw=2 kept=0 tag=tip_miss_any_box -> ROBO_USDT_SWAP_20260721_0345_tipplus2.png
=== KGEN_USDT_SWAP 2026-07-21 05:30:00+00:00 ===
  tip+0: raw=1 kept=1 tag=tip_hit -> KGEN_USDT_SWAP_20260721_0530_tipplus0.png
  tip+1: raw=1 kept=1 tag=tip_hit -> KGEN_USDT_SWAP_20260721_0530_tipplus1.png
  tip+2: raw=1 kept=1 tag=tip_hit -> KGEN_USDT_SWAP_20260721_0530_tipplus2.png
counts_at_signal_tip={'tip_hit': 1, 'tip_miss_any_box': 4, 'tip_empty': 7, 'error': 0}
wrote /opt/fable-trading/analysis/output/v13_real_tip_preview/manifest.json previews=/opt/fable-trading/analysis/output/v13_real_tip_preview
