=== tip-smoke mode=tip symbols=27 tip_conf=0.22 ===
  smoke BONK_USDT_SWAP: fired=False tipish=[] n_hits=0
  smoke CAP_USDT_SWAP: fired=False tipish=[] n_hits=0
  smoke DOOD_USDT_SWAP: fired=False tipish=[] n_hits=0
  smoke EDEN_USDT_SWAP: fired=False tipish=[] n_hits=0
  smoke GPS_USDT_SWAP: fired=False tipish=[] n_hits=0
  smoke HOME_USDT_SWAP: fired=False tipish=[] n_hits=0
  smoke KAITO_USDT_SWAP: fired=False tipish=[] n_hits=0
  smoke KGEN_USDT_SWAP: fired=False tipish=[] n_hits=0
  smoke KITE_USDT_SWAP: fired=False tipish=[] n_hits=0
  smoke KORU_USDT_SWAP: fired=False tipish=[] n_hits=0
  smoke LIGHT_USDT_SWAP: fired=False tipish=[] n_hits=0
  smoke MMT_USDT_SWAP: fired=False tipish=[] n_hits=0
  smoke MUU_USDT_SWAP: fired=False tipish=[] n_hits=0
  smoke MVLL_USDT_SWAP: fired=False tipish=[] n_hits=0
  smoke OL_USDT_SWAP: fired=False tipish=[] n_hits=0
  smoke OPG_USDT_SWAP: fired=False tipish=[] n_hits=0
  smoke PARTI_USDT_SWAP: fired=False tipish=[] n_hits=0
  smoke PEPE_USDT_SWAP: fired=False tipish=[] n_hits=0
  smoke PIEVERSE_USDT_SWAP: fired=False tipish=[] n_hits=0
  smoke RAM_USDT_SWAP: fired=False tipish=[] n_hits=0
  smoke RECALL_USDT_SWAP: fired=False tipish=[] n_hits=0
  smoke ROBO_USDT_SWAP: fired=False tipish=[] n_hits=0
  smoke SOON_USDT_SWAP: fired=False tipish=[] n_hits=0
  smoke SPX_USDT_SWAP: fired=False tipish=[] n_hits=0
  smoke UB_USDT_SWAP: fired=False tipish=[] n_hits=0
  smoke XPL_USDT_SWAP: fired=False tipish=[] n_hits=0
  smoke YB_USDT_SWAP: fired=False tipish=[] n_hits=0
=== tip-smoke mode=live (control) ===
  smoke BONK_USDT_SWAP: fired=False tipish=[] n_hits=0
  smoke CAP_USDT_SWAP: fired=False tipish=[] n_hits=0
  smoke DOOD_USDT_SWAP: fired=False tipish=[] n_hits=0
  smoke EDEN_USDT_SWAP: fired=False tipish=[] n_hits=0
  smoke GPS_USDT_SWAP: fired=False tipish=[] n_hits=0
  smoke HOME_USDT_SWAP: fired=False tipish=[] n_hits=0
  smoke KAITO_USDT_SWAP: fired=False tipish=[] n_hits=0
  smoke KGEN_USDT_SWAP: fired=False tipish=[] n_hits=0
  smoke KITE_USDT_SWAP: fired=False tipish=[] n_hits=0
  smoke KORU_USDT_SWAP: fired=False tipish=[] n_hits=0
  smoke LIGHT_USDT_SWAP: fired=False tipish=[] n_hits=0
  smoke MMT_USDT_SWAP: fired=False tipish=[] n_hits=0
  smoke MUU_USDT_SWAP: fired=False tipish=[] n_hits=0
  smoke MVLL_USDT_SWAP: fired=False tipish=[] n_hits=0
  smoke OL_USDT_SWAP: fired=False tipish=[] n_hits=0
  smoke OPG_USDT_SWAP: fired=False tipish=[] n_hits=0
  smoke PARTI_USDT_SWAP: fired=False tipish=[] n_hits=0
  smoke PEPE_USDT_SWAP: fired=False tipish=[] n_hits=0
  smoke PIEVERSE_USDT_SWAP: fired=False tipish=[] n_hits=0
  smoke RAM_USDT_SWAP: fired=False tipish=[] n_hits=0
  smoke RECALL_USDT_SWAP: fired=False tipish=[] n_hits=0
  smoke ROBO_USDT_SWAP: fired=False tipish=[] n_hits=0
  smoke SOON_USDT_SWAP: fired=False tipish=[] n_hits=0
  smoke SPX_USDT_SWAP: fired=False tipish=[] n_hits=0
  smoke UB_USDT_SWAP: fired=False tipish=[] n_hits=0
  smoke XPL_USDT_SWAP: fired=False tipish=[] n_hits=0
  smoke YB_USDT_SWAP: fired=False tipish=[] n_hits=0
smoke tip fired=0/27 live fired=0/27
wrote analysis/output/diag_tip_smoke.json
