=== lag-walk mode=tip conf=0.3 tip_conf=0.22 ===
--- OL_USDT_SWAP signal_time=2026-07-18 16:45:00+00:00 ---
  mode=tip lag_bars=None lag_min=None tip_fire=False lag_le_30=False log_lag_min=77.6
--- GPS_USDT_SWAP signal_time=2026-07-18 20:15:00+00:00 ---
  mode=tip lag_bars=None lag_min=None tip_fire=False lag_le_30=False log_lag_min=767.7
--- YB_USDT_SWAP signal_time=2026-07-18 21:00:00+00:00 ---
  mode=tip lag_bars=None lag_min=None tip_fire=False lag_le_30=False log_lag_min=482.4
--- MVLL_USDT_SWAP signal_time=2026-07-19 02:45:00+00:00 ---
  mode=tip lag_bars=None lag_min=None tip_fire=False lag_le_30=False log_lag_min=1122.6
--- KAITO_USDT_SWAP signal_time=2026-07-19 03:00:00+00:00 ---
  mode=tip lag_bars=None lag_min=None tip_fire=False lag_le_30=False log_lag_min=257.7
--- RAM_USDT_SWAP signal_time=2026-07-19 03:00:00+00:00 ---
  mode=tip lag_bars=None lag_min=None tip_fire=False lag_le_30=False log_lag_min=2307.1
--- KAITO_USDT_SWAP signal_time=2026-07-19 03:15:00+00:00 ---
  mode=tip lag_bars=None lag_min=None tip_fire=False lag_le_30=False log_lag_min=152.5
--- KAITO_USDT_SWAP signal_time=2026-07-19 03:30:00+00:00 ---
  mode=tip lag_bars=None lag_min=None tip_fire=False lag_le_30=False log_lag_min=92.4
--- KAITO_USDT_SWAP signal_time=2026-07-19 04:00:00+00:00 ---
  mode=tip lag_bars=None lag_min=None tip_fire=False lag_le_30=False log_lag_min=152.5
--- MUU_USDT_SWAP signal_time=2026-07-19 04:00:00+00:00 ---
  mode=tip lag_bars=None lag_min=None tip_fire=False lag_le_30=False log_lag_min=1697.8
--- OPG_USDT_SWAP signal_time=2026-07-19 04:00:00+00:00 ---
  mode=tip lag_bars=None lag_min=None tip_fire=False lag_le_30=False log_lag_min=287.4
--- EDEN_USDT_SWAP signal_time=2026-07-19 04:30:00+00:00 ---
  mode=tip lag_bars=None lag_min=None tip_fire=False lag_le_30=False log_lag_min=587.5
--- EDEN_USDT_SWAP signal_time=2026-07-19 04:45:00+00:00 ---
  mode=tip lag_bars=None lag_min=None tip_fire=False lag_le_30=False log_lag_min=527.5
--- HOME_USDT_SWAP signal_time=2026-07-19 05:15:00+00:00 ---
  mode=tip lag_bars=None lag_min=None tip_fire=False lag_le_30=False log_lag_min=2000.3
--- RECALL_USDT_SWAP signal_time=2026-07-19 11:00:00+00:00 ---
  mode=tip lag_bars=None lag_min=None tip_fire=False lag_le_30=False log_lag_min=1622.5
--- PARTI_USDT_SWAP signal_time=2026-07-19 17:45:00+00:00 ---
  mode=tip lag_bars=None lag_min=None tip_fire=False lag_le_30=False log_lag_min=1742.2
--- CAP_USDT_SWAP signal_time=2026-07-20 05:00:00+00:00 ---
  mode=tip lag_bars=None lag_min=None tip_fire=False lag_le_30=False log_lag_min=747.1
--- XPL_USDT_SWAP signal_time=2026-07-20 06:00:00+00:00 ---
  mode=tip lag_bars=None lag_min=None tip_fire=False lag_le_30=False log_lag_min=1082.3
--- DOOD_USDT_SWAP signal_time=2026-07-20 08:15:00+00:00 ---
  mode=tip lag_bars=None lag_min=None tip_fire=False lag_le_30=False log_lag_min=347.5
--- RECALL_USDT_SWAP signal_time=2026-07-20 08:30:00+00:00 ---
  mode=tip lag_bars=None lag_min=None tip_fire=False lag_le_30=False log_lag_min=287.4
--- BONK_USDT_SWAP signal_time=2026-07-20 08:45:00+00:00 ---
  mode=tip lag_bars=None lag_min=None tip_fire=False lag_le_30=False log_lag_min=332.9
--- UB_USDT_SWAP signal_time=2026-07-20 09:30:00+00:00 ---
  mode=tip lag_bars=None lag_min=None tip_fire=False lag_le_30=False log_lag_min=272.5
--- LIGHT_USDT_SWAP signal_time=2026-07-20 09:45:00+00:00 ---
  mode=tip lag_bars=None lag_min=None tip_fire=False lag_le_30=False log_lag_min=887.2
--- PEPE_USDT_SWAP signal_time=2026-07-20 10:45:00+00:00 ---
  mode=tip lag_bars=None lag_min=None tip_fire=False lag_le_30=False log_lag_min=752.2
--- SPX_USDT_SWAP signal_time=2026-07-20 11:45:00+00:00 ---
  mode=tip lag_bars=None lag_min=None tip_fire=False lag_le_30=False log_lag_min=542.3
--- PIEVERSE_USDT_SWAP signal_time=2026-07-20 13:15:00+00:00 ---
  mode=tip lag_bars=None lag_min=None tip_fire=False lag_le_30=False log_lag_min=647.3
--- KITE_USDT_SWAP signal_time=2026-07-20 13:30:00+00:00 ---
  mode=tip lag_bars=None lag_min=None tip_fire=False lag_le_30=False log_lag_min=325.2
--- SOON_USDT_SWAP signal_time=2026-07-20 15:30:00+00:00 ---
  mode=tip lag_bars=None lag_min=None tip_fire=False lag_le_30=False log_lag_min=782.3
--- MMT_USDT_SWAP signal_time=2026-07-20 16:15:00+00:00 ---
  mode=tip lag_bars=None lag_min=None tip_fire=False lag_le_30=False log_lag_min=497.2
--- KORU_USDT_SWAP signal_time=2026-07-21 03:45:00+00:00 ---
  mode=tip lag_bars=None lag_min=None tip_fire=False lag_le_30=False log_lag_min=62.4
--- ROBO_USDT_SWAP signal_time=2026-07-21 03:45:00+00:00 ---
  mode=tip lag_bars=None lag_min=None tip_fire=False lag_le_30=False log_lag_min=77.6
--- KGEN_USDT_SWAP signal_time=2026-07-21 05:30:00+00:00 ---
  mode=tip lag_bars=0 lag_min=0 tip_fire=True lag_le_30=True log_lag_min=32.4
summary tip: tip_fire=1/32 lag<=30=1 hit=1 miss=31 lag_med=0.0
wrote analysis/output/diag_detect_lag_tip40.json
