/Users/zhangzc/fable-trading/.venv/lib/python3.9/site-packages/urllib3/__init__.py:35: NotOpenSSLWarning: urllib3 v2 only supports OpenSSL 1.1.1+, currently the 'ssl' module is compiled with 'LibreSSL 2.8.3'. See: https://github.com/urllib3/urllib3/issues/3020
  warnings.warn(
scored frozen okx:0G-USDT-SWAP:segment0
scored frozen okx:1INCH-USDT-SWAP:segment0
scored frozen okx:2Z-USDT-SWAP:segment0
scored frozen okx:A-USDT-SWAP:segment0
scored frozen okx:AAVE-USDT-SWAP:segment0
scored frozen okx:ACH-USDT-SWAP:segment0
scored frozen okx:ACT-USDT-SWAP:segment0
scored frozen okx:ACU-USDT-SWAP:segment0
scored frozen okx:ADA-USDT-SWAP:segment0
scored frozen okx:AEON-USDT-SWAP:segment0
scored frozen okx:AERO-USDT-SWAP:segment0
scored frozen okx:AEVO-USDT-SWAP:segment0
scored frozen okx:AGLD-USDT-SWAP:segment0
scored frozen okx:AI-USDT-SWAP:segment0
scored frozen okx:AIXBT-USDT-SWAP:segment0
scored frozen okx:ALGO-USDT-SWAP:segment0
scored frozen okx:ALLO-USDT-SWAP:segment0
scored frozen okx:ANIME-USDT-SWAP:segment0
scored frozen okx:APE-USDT-SWAP:segment0
scored frozen okx:API3-USDT-SWAP:segment0
scored frozen okx:APR-USDT-SWAP:segment0
scored frozen okx:APT-USDT-SWAP:segment0
scored frozen okx:AR-USDT-SWAP:segment0
scored frozen okx:ARB-USDT-SWAP:segment0
scored frozen okx:ARKM-USDT-SWAP:segment0
scored frozen okx:ARX-USDT-SWAP:segment0
scored frozen okx:ASTER-USDT-SWAP:segment0
scored frozen okx:AT-USDT-SWAP:segment0
scored frozen okx:ATH-USDT-SWAP:segment0
scored frozen okx:ATOM-USDT-SWAP:segment0
scored frozen okx:AUCTION-USDT-SWAP:segment0
scored frozen okx:AVAX-USDT-SWAP:segment0
scored frozen okx:AVNT-USDT-SWAP:segment0
scored frozen okx:AXS-USDT-SWAP:segment0
scored frozen okx:AZTEC-USDT-SWAP:segment0
scored frozen okx:BABY-USDT-SWAP:segment0
scored frozen okx:BAND-USDT-SWAP:segment0
scored frozen okx:BARD-USDT-SWAP:segment0
scored frozen okx:BASED-USDT-SWAP:segment0
scored frozen okx:BAT-USDT-SWAP:segment0
scored frozen okx:BCH-USDT-SWAP:segment0
scored frozen okx:BEAT-USDT-SWAP:segment0
scored frozen okx:BERA-USDT-SWAP:segment0
scored frozen okx:BICO-USDT-SWAP:segment0
scored frozen okx:BIGTIME-USDT-SWAP:segment0
scored frozen okx:BILL-USDT-SWAP:segment0
scored frozen okx:BIO-USDT-SWAP:segment0
scored frozen okx:BLEND-USDT-SWAP:segment0
scored frozen okx:BLUR-USDT-SWAP:segment0
scored frozen okx:BNB-USDT-SWAP:segment0
scored frozen okx:BOME-USDT-SWAP:segment0
scored frozen okx:BONK-USDT-SWAP:segment0
scored frozen okx:BRETT-USDT-SWAP:segment0
scored frozen okx:BREV-USDT-SWAP:segment0
scored frozen okx:BSB-USDT-SWAP:segment0
scored frozen okx:CAP-USDT-SWAP:segment0
scored frozen okx:CASHCAT-USDT-SWAP:segment0
scored frozen okx:CC-USDT-SWAP:segment0
scored frozen okx:CELO-USDT-SWAP:segment0
scored frozen okx:CFX-USDT-SWAP:segment0
scored frozen okx:CHIP-USDT-SWAP:segment0
scored frozen okx:CHZ-USDT-SWAP:segment0
scored frozen okx:CNPY-USDT-SWAP:segment0
scored frozen okx:COAI-USDT-SWAP:segment0
scored frozen okx:COMP-USDT-SWAP:segment0
scored frozen okx:CORE-USDT-SWAP:segment0
scored frozen okx:CP-USDT-SWAP:segment0
scored frozen okx:CRO-USDT-SWAP:segment0
scored frozen okx:CRV-USDT-SWAP:segment0
scored frozen okx:CVX-USDT-SWAP:segment0
scored frozen okx:DASH-USDT-SWAP:segment0
scored frozen okx:DATA-USDT-SWAP:segment0
scored frozen okx:DGAI-USDT-SWAP:segment0
scored frozen okx:DOGE-USDT-SWAP:segment0
scored frozen okx:DOOD-USDT-SWAP:segment0
scored frozen okx:DOS-USDT-SWAP:segment0
scored frozen okx:DOT-USDT-SWAP:segment0
scored frozen okx:DYDX-USDT-SWAP:segment0
scored frozen okx:EDEN-USDT-SWAP:segment0
scored frozen okx:EDGE-USDT-SWAP:segment0
scored frozen okx:EGLD-USDT-SWAP:segment0
scored frozen okx:EIGEN-USDT-SWAP:segment0
scored frozen okx:ENA-USDT-SWAP:segment0
scored frozen okx:ENJ-USDT-SWAP:segment0
scored frozen okx:ENS-USDT-SWAP:segment0
scored frozen okx:ENSO-USDT-SWAP:segment0
scored frozen okx:ESP-USDT-SWAP:segment0
scored frozen okx:ETC-USDT-SWAP:segment0
scored frozen okx:ETHFI-USDT-SWAP:segment0
scored frozen okx:ETHW-USDT-SWAP:segment0
scored frozen okx:F-USDT-SWAP:segment0
scored frozen okx:FARTCOIN-USDT-SWAP:segment0
scored frozen okx:FET-USDT-SWAP:segment0
scored frozen okx:FIL-USDT-SWAP:segment0
scored frozen okx:FLOKI-USDT-SWAP:segment0
scored frozen okx:FLOW-USDT-SWAP:segment0
scored frozen okx:FOGO-USDT-SWAP:segment0
scored frozen okx:GALA-USDT-SWAP:segment0
scored frozen okx:GAS-USDT-SWAP:segment0
scored frozen okx:GIGGLE-USDT-SWAP:segment0
scored frozen okx:GLM-USDT-SWAP:segment0
scored frozen okx:GMT-USDT-SWAP:segment0
scored frozen okx:GMX-USDT-SWAP:segment0
scored frozen okx:GPS-USDT-SWAP:segment0
scored frozen okx:GRAM-USDT-SWAP:segment0
scored frozen okx:GRASS-USDT-SWAP:segment0
scored frozen okx:GRT-USDT-SWAP:segment0
scored frozen okx:GRVT-USDT-SWAP:segment0
scored frozen okx:H-USDT-SWAP:segment0
scored frozen okx:HBAR-USDT-SWAP:segment0
scored frozen okx:HMSTR-USDT-SWAP:segment0
scored frozen okx:HOME-USDT-SWAP:segment0
scored frozen okx:HUMA-USDT-SWAP:segment0
scored frozen okx:HYPE-USDT-SWAP:segment0
scored frozen okx:ICP-USDT-SWAP:segment0
scored frozen okx:ICX-USDT-SWAP:segment0
scored frozen okx:IMX-USDT-SWAP:segment0
scored frozen okx:INIT-USDT-SWAP:segment0
scored frozen okx:INJ-USDT-SWAP:segment0
scored frozen okx:IOST-USDT-SWAP:segment0
scored frozen okx:IOTA-USDT-SWAP:segment0
scored frozen okx:IRYS-USDT-SWAP:segment0
scored frozen okx:JELLYJELLY-USDT-SWAP:segment0
scored frozen okx:JTO-USDT-SWAP:segment0
scored frozen okx:JUP-USDT-SWAP:segment0
scored frozen okx:KAITO-USDT-SWAP:segment0
scored frozen okx:KAT-USDT-SWAP:segment0
scored frozen okx:KGEN-USDT-SWAP:segment0
scored frozen okx:KITE-USDT-SWAP:segment0
scored frozen okx:KMNO-USDT-SWAP:segment0
scored frozen okx:KSM-USDT-SWAP:segment0
scored frozen okx:LA-USDT-SWAP:segment0
scored frozen okx:LAB-USDT-SWAP:segment0
scored frozen okx:LAYER-USDT-SWAP:segment0
scored frozen okx:LDO-USDT-SWAP:segment0
scored frozen okx:LIGHT-USDT-SWAP:segment0
scored frozen okx:LINEA-USDT-SWAP:segment0
scored frozen okx:LINK-USDT-SWAP:segment0
scored frozen okx:LIT-USDT-SWAP:segment0
scored frozen okx:LPT-USDT-SWAP:segment0
scored frozen okx:LQTY-USDT-SWAP:segment0
scored frozen okx:LTC-USDT-SWAP:segment0
scored frozen okx:LUNA-USDT-SWAP:segment0
scored frozen okx:MAGIC-USDT-SWAP:segment0
scored frozen okx:MANA-USDT-SWAP:segment0
scored frozen okx:MASK-USDT-SWAP:segment0
scored frozen okx:ME-USDT-SWAP:segment0
scored frozen okx:MEGA-USDT-SWAP:segment0
scored frozen okx:MEME-USDT-SWAP:segment0
scored frozen okx:MERL-USDT-SWAP:segment0
scored frozen okx:MET-USDT-SWAP:segment0
scored frozen okx:METIS-USDT-SWAP:segment0
scored frozen okx:MEW-USDT-SWAP:segment0
scored frozen okx:MINA-USDT-SWAP:segment0
scored frozen okx:MMT-USDT-SWAP:segment0
scored frozen okx:MON-USDT-SWAP:segment0
scored frozen okx:MOODENG-USDT-SWAP:segment0
scored frozen okx:MORPHO-USDT-SWAP:segment0
scored frozen okx:MOVE-USDT-SWAP:segment0
scored frozen okx:MUBARAK-USDT-SWAP:segment0
scored frozen okx:NEAR-USDT-SWAP:segment0
scored frozen okx:NEIRO-USDT-SWAP:segment0
scored frozen okx:NEO-USDT-SWAP:segment0
scored frozen okx:NES-USDT-SWAP:segment0
scored frozen okx:NIGHT-USDT-SWAP:segment0
scored frozen okx:NMR-USDT-SWAP:segment0
scored frozen okx:NOT-USDT-SWAP:segment0
scored frozen okx:O-USDT-SWAP:segment0
scored frozen okx:OFC-USDT-SWAP:segment0
scored frozen okx:OKB-USDT-SWAP:segment0
scored frozen okx:OL-USDT-SWAP:segment0
scored frozen okx:ONDO-USDT-SWAP:segment0
scored frozen okx:ONE-USDT-SWAP:segment0
scored frozen okx:ONT-USDT-SWAP:segment0
scored frozen okx:OP-USDT-SWAP:segment0
scored frozen okx:OPG-USDT-SWAP:segment0
scored frozen okx:OPN-USDT-SWAP:segment0
scored frozen okx:ORDER-USDT-SWAP:segment0
scored frozen okx:ORDI-USDT-SWAP:segment0
scored frozen okx:PARTI-USDT-SWAP:segment0
scored frozen okx:PENDLE-USDT-SWAP:segment0
scored frozen okx:PENGU-USDT-SWAP:segment0
scored frozen okx:PEOPLE-USDT-SWAP:segment0
scored frozen okx:PEPE-USDT-SWAP:segment0
scored frozen okx:PI-USDT-SWAP:segment0
scored frozen okx:PIEVERSE-USDT-SWAP:segment0
scored frozen okx:PIPPIN-USDT-SWAP:segment0
scored frozen okx:PLUME-USDT-SWAP:segment0
scored frozen okx:PNUT-USDT-SWAP:segment0
scored frozen okx:POL-USDT-SWAP:segment0
scored frozen okx:PONS-USDT-SWAP:segment0
scored frozen okx:POPCAT-USDT-SWAP:segment0
scored frozen okx:PROS-USDT-SWAP:segment0
scored frozen okx:PROVE-USDT-SWAP:segment0
scored frozen okx:PUMP-USDT-SWAP:segment0
scored frozen okx:PYTH-USDT-SWAP:segment0
scored frozen okx:QTUM-USDT-SWAP:segment0
scored frozen okx:RAVE-USDT-SWAP:segment0
scored frozen okx:RAY-USDT-SWAP:segment0
scored frozen okx:RE-USDT-SWAP:segment0
scored frozen okx:RECALL-USDT-SWAP:segment0
scored frozen okx:RENDER-USDT-SWAP:segment0
scored frozen okx:RESOLV-USDT-SWAP:segment0
scored frozen okx:RIVER-USDT-SWAP:segment0
scored frozen okx:RLS-USDT-SWAP:segment0
scored frozen okx:ROBO-USDT-SWAP:segment0
scored frozen okx:RSR-USDT-SWAP:segment0
scored frozen okx:RVN-USDT-SWAP:segment0
scored frozen okx:S-USDT-SWAP:segment0
scored frozen okx:SAHARA-USDT-SWAP:segment0
scored frozen okx:SAND-USDT-SWAP:segment0
scored frozen okx:SAPIEN-USDT-SWAP:segment0
scored frozen okx:SATS-USDT-SWAP:segment0
scored frozen okx:SEI-USDT-SWAP:segment0
scored frozen okx:SENT-USDT-SWAP:segment0
scored frozen okx:SHELL-USDT-SWAP:segment0
scored frozen okx:SHIB-USDT-SWAP:segment0
scored frozen okx:SIGN-USDT-SWAP:segment0
scored frozen okx:SKY-USDT-SWAP:segment0
scored frozen okx:SLX-USDT-SWAP:segment0
scored frozen okx:SNX-USDT-SWAP:segment0
scored frozen okx:SOL-USDT-SWAP:segment0
scored frozen okx:SOON-USDT-SWAP:segment0
scored frozen okx:SOPH-USDT-SWAP:segment0
scored frozen okx:SPACE-USDT-SWAP:segment0
scored frozen okx:SPK-USDT-SWAP:segment0
scored frozen okx:SPX-USDT-SWAP:segment0
scored frozen okx:SSV-USDT-SWAP:segment0
scored frozen okx:STABLE-USDT-SWAP:segment0
scored frozen okx:STRK-USDT-SWAP:segment0
scored frozen okx:STX-USDT-SWAP:segment0
scored frozen okx:SUI-USDT-SWAP:segment0
scored frozen okx:SUSHI-USDT-SWAP:segment0
scored frozen okx:SYRUP-USDT-SWAP:segment0
scored frozen okx:TAO-USDT-SWAP:segment0
scored frozen okx:THETA-USDT-SWAP:segment0
scored frozen okx:TIA-USDT-SWAP:segment0
scored frozen okx:TRB-USDT-SWAP:segment0
scored frozen okx:TRIA-USDT-SWAP:segment0
scored frozen okx:TRUMP-USDT-SWAP:segment0
scored frozen okx:TRUST-USDT-SWAP:segment0
scored frozen okx:TRUTH-USDT-SWAP:segment0
scored frozen okx:TRX-USDT-SWAP:segment0
scored frozen okx:TURBO-USDT-SWAP:segment0
scored frozen okx:UB-USDT-SWAP:segment0
scored frozen okx:UMA-USDT-SWAP:segment0
scored frozen okx:UNI-USDT-SWAP:segment0
scored frozen okx:UP-USDT-SWAP:segment0
scored frozen okx:USELESS-USDT-SWAP:segment0
scored frozen okx:VANA-USDT-SWAP:segment0
scored frozen okx:VIRTUAL-USDT-SWAP:segment0
scored frozen okx:VVV-USDT-SWAP:segment0
scored frozen okx:W-USDT-SWAP:segment0
scored frozen okx:WAL-USDT-SWAP:segment0
scored frozen okx:WCT-USDT-SWAP:segment0
scored frozen okx:WET-USDT-SWAP:segment0
scored frozen okx:WIF-USDT-SWAP:segment0
scored frozen okx:WLD-USDT-SWAP:segment0
scored frozen okx:WLFI-USDT-SWAP:segment0
scored frozen okx:WOO-USDT-SWAP:segment0
scored frozen okx:XLM-USDT-SWAP:segment0
scored frozen okx:XPL-USDT-SWAP:segment0
scored frozen okx:XRP-USDT-SWAP:segment0
scored frozen okx:XTZ-USDT-SWAP:segment0
scored frozen okx:YB-USDT-SWAP:segment0
scored frozen okx:YFI-USDT-SWAP:segment0
scored frozen okx:YGG-USDT-SWAP:segment0
scored frozen okx:ZAMA-USDT-SWAP:segment0
scored frozen okx:ZBT-USDT-SWAP:segment0
scored frozen okx:ZEC-USDT-SWAP:segment0
scored frozen okx:ZEN-USDT-SWAP:segment0
scored frozen okx:ZETA-USDT-SWAP:segment0
scored frozen okx:ZIL-USDT-SWAP:segment0
scored frozen okx:ZK-USDT-SWAP:segment0
scored frozen okx:ZKP-USDT-SWAP:segment0
scored frozen okx:ZORA-USDT-SWAP:segment0
scored frozen okx:ZRO-USDT-SWAP:segment0
scored frozen okx:ZRX-USDT-SWAP:segment0
