/Users/zhangzc/fable-trading/.venv/lib/python3.9/site-packages/urllib3/__init__.py:35: NotOpenSSLWarning: urllib3 v2 only supports OpenSSL 1.1.1+, currently the 'ssl' module is compiled with 'LibreSSL 2.8.3'. See: https://github.com/urllib3/urllib3/issues/3020
  warnings.warn(
prepared okx:0G-USDT-SWAP:segment0
prepared okx:1INCH-USDT-SWAP:segment0
prepared okx:2Z-USDT-SWAP:segment0
prepared okx:A-USDT-SWAP:segment0
prepared okx:AAVE-USDT-SWAP:segment0
prepared okx:ACH-USDT-SWAP:segment0
prepared okx:ACT-USDT-SWAP:segment0
prepared okx:ACU-USDT-SWAP:segment0
prepared okx:ADA-USDT-SWAP:segment0
prepared okx:AEON-USDT-SWAP:segment0
prepared okx:AERO-USDT-SWAP:segment0
prepared okx:AEVO-USDT-SWAP:segment0
prepared okx:AGLD-USDT-SWAP:segment0
prepared okx:AI-USDT-SWAP:segment0
prepared okx:AIXBT-USDT-SWAP:segment0
prepared okx:ALGO-USDT-SWAP:segment0
prepared okx:ALLO-USDT-SWAP:segment0
prepared okx:ANIME-USDT-SWAP:segment0
prepared okx:APE-USDT-SWAP:segment0
prepared okx:API3-USDT-SWAP:segment0
prepared okx:APR-USDT-SWAP:segment0
prepared okx:APT-USDT-SWAP:segment0
prepared okx:AR-USDT-SWAP:segment0
prepared okx:ARB-USDT-SWAP:segment0
prepared okx:ARKM-USDT-SWAP:segment0
prepared okx:ARX-USDT-SWAP:segment0
prepared okx:ASTER-USDT-SWAP:segment0
prepared okx:AT-USDT-SWAP:segment0
prepared okx:ATH-USDT-SWAP:segment0
prepared okx:ATOM-USDT-SWAP:segment0
prepared okx:AUCTION-USDT-SWAP:segment0
prepared okx:AVAX-USDT-SWAP:segment0
prepared okx:AVNT-USDT-SWAP:segment0
prepared okx:AXS-USDT-SWAP:segment0
prepared okx:AZTEC-USDT-SWAP:segment0
prepared okx:BABY-USDT-SWAP:segment0
prepared okx:BAND-USDT-SWAP:segment0
prepared okx:BARD-USDT-SWAP:segment0
prepared okx:BASED-USDT-SWAP:segment0
prepared okx:BAT-USDT-SWAP:segment0
prepared okx:BCH-USDT-SWAP:segment0
prepared okx:BEAT-USDT-SWAP:segment0
prepared okx:BERA-USDT-SWAP:segment0
prepared okx:BICO-USDT-SWAP:segment0
prepared okx:BIGTIME-USDT-SWAP:segment0
prepared okx:BILL-USDT-SWAP:segment0
prepared okx:BIO-USDT-SWAP:segment0
prepared okx:BLEND-USDT-SWAP:segment0
prepared okx:BLUR-USDT-SWAP:segment0
prepared okx:BNB-USDT-SWAP:segment0
prepared okx:BOME-USDT-SWAP:segment0
prepared okx:BONK-USDT-SWAP:segment0
prepared okx:BRETT-USDT-SWAP:segment0
prepared okx:BREV-USDT-SWAP:segment0
prepared okx:BSB-USDT-SWAP:segment0
prepared okx:CAP-USDT-SWAP:segment0
prepared okx:CASHCAT-USDT-SWAP:segment0
prepared okx:CC-USDT-SWAP:segment0
prepared okx:CELO-USDT-SWAP:segment0
prepared okx:CFX-USDT-SWAP:segment0
prepared okx:CHIP-USDT-SWAP:segment0
prepared okx:CHZ-USDT-SWAP:segment0
prepared okx:CNPY-USDT-SWAP:segment0
prepared okx:COAI-USDT-SWAP:segment0
prepared okx:COMP-USDT-SWAP:segment0
prepared okx:CORE-USDT-SWAP:segment0
prepared okx:CP-USDT-SWAP:segment0
prepared okx:CRO-USDT-SWAP:segment0
prepared okx:CRV-USDT-SWAP:segment0
prepared okx:CVX-USDT-SWAP:segment0
prepared okx:DASH-USDT-SWAP:segment0
prepared okx:DATA-USDT-SWAP:segment0
prepared okx:DGAI-USDT-SWAP:segment0
prepared okx:DOGE-USDT-SWAP:segment0
prepared okx:DOOD-USDT-SWAP:segment0
prepared okx:DOS-USDT-SWAP:segment0
prepared okx:DOT-USDT-SWAP:segment0
prepared okx:DYDX-USDT-SWAP:segment0
prepared okx:EDEN-USDT-SWAP:segment0
prepared okx:EDGE-USDT-SWAP:segment0
prepared okx:EGLD-USDT-SWAP:segment0
prepared okx:EIGEN-USDT-SWAP:segment0
prepared okx:ENA-USDT-SWAP:segment0
prepared okx:ENJ-USDT-SWAP:segment0
prepared okx:ENS-USDT-SWAP:segment0
prepared okx:ENSO-USDT-SWAP:segment0
prepared okx:ESP-USDT-SWAP:segment0
prepared okx:ETC-USDT-SWAP:segment0
prepared okx:ETHFI-USDT-SWAP:segment0
prepared okx:ETHW-USDT-SWAP:segment0
prepared okx:F-USDT-SWAP:segment0
prepared okx:FARTCOIN-USDT-SWAP:segment0
prepared okx:FET-USDT-SWAP:segment0
prepared okx:FIL-USDT-SWAP:segment0
prepared okx:FLOKI-USDT-SWAP:segment0
prepared okx:FLOW-USDT-SWAP:segment0
prepared okx:FOGO-USDT-SWAP:segment0
prepared okx:GALA-USDT-SWAP:segment0
prepared okx:GAS-USDT-SWAP:segment0
prepared okx:GIGGLE-USDT-SWAP:segment0
prepared okx:GLM-USDT-SWAP:segment0
prepared okx:GMT-USDT-SWAP:segment0
prepared okx:GMX-USDT-SWAP:segment0
prepared okx:GPS-USDT-SWAP:segment0
prepared okx:GRAM-USDT-SWAP:segment0
prepared okx:GRASS-USDT-SWAP:segment0
prepared okx:GRT-USDT-SWAP:segment0
prepared okx:GRVT-USDT-SWAP:segment0
prepared okx:H-USDT-SWAP:segment0
prepared okx:HBAR-USDT-SWAP:segment0
prepared okx:HMSTR-USDT-SWAP:segment0
prepared okx:HOME-USDT-SWAP:segment0
prepared okx:HUMA-USDT-SWAP:segment0
prepared okx:HYPE-USDT-SWAP:segment0
prepared okx:ICP-USDT-SWAP:segment0
prepared okx:ICX-USDT-SWAP:segment0
prepared okx:IMX-USDT-SWAP:segment0
prepared okx:INIT-USDT-SWAP:segment0
prepared okx:INJ-USDT-SWAP:segment0
prepared okx:IOST-USDT-SWAP:segment0
prepared okx:IOTA-USDT-SWAP:segment0
prepared okx:IRYS-USDT-SWAP:segment0
prepared okx:JELLYJELLY-USDT-SWAP:segment0
prepared okx:JTO-USDT-SWAP:segment0
prepared okx:JUP-USDT-SWAP:segment0
prepared okx:KAITO-USDT-SWAP:segment0
prepared okx:KAT-USDT-SWAP:segment0
prepared okx:KGEN-USDT-SWAP:segment0
prepared okx:KITE-USDT-SWAP:segment0
prepared okx:KMNO-USDT-SWAP:segment0
prepared okx:KSM-USDT-SWAP:segment0
prepared okx:LA-USDT-SWAP:segment0
prepared okx:LAB-USDT-SWAP:segment0
prepared okx:LAYER-USDT-SWAP:segment0
prepared okx:LDO-USDT-SWAP:segment0
prepared okx:LIGHT-USDT-SWAP:segment0
prepared okx:LINEA-USDT-SWAP:segment0
prepared okx:LINK-USDT-SWAP:segment0
prepared okx:LIT-USDT-SWAP:segment0
prepared okx:LPT-USDT-SWAP:segment0
prepared okx:LQTY-USDT-SWAP:segment0
prepared okx:LTC-USDT-SWAP:segment0
prepared okx:LUNA-USDT-SWAP:segment0
prepared okx:MAGIC-USDT-SWAP:segment0
prepared okx:MANA-USDT-SWAP:segment0
prepared okx:MASK-USDT-SWAP:segment0
prepared okx:ME-USDT-SWAP:segment0
prepared okx:MEGA-USDT-SWAP:segment0
prepared okx:MEME-USDT-SWAP:segment0
prepared okx:MERL-USDT-SWAP:segment0
prepared okx:MET-USDT-SWAP:segment0
prepared okx:METIS-USDT-SWAP:segment0
prepared okx:MEW-USDT-SWAP:segment0
prepared okx:MINA-USDT-SWAP:segment0
prepared okx:MMT-USDT-SWAP:segment0
prepared okx:MON-USDT-SWAP:segment0
prepared okx:MOODENG-USDT-SWAP:segment0
prepared okx:MORPHO-USDT-SWAP:segment0
prepared okx:MOVE-USDT-SWAP:segment0
prepared okx:MUBARAK-USDT-SWAP:segment0
prepared okx:NEAR-USDT-SWAP:segment0
prepared okx:NEIRO-USDT-SWAP:segment0
prepared okx:NEO-USDT-SWAP:segment0
prepared okx:NES-USDT-SWAP:segment0
prepared okx:NIGHT-USDT-SWAP:segment0
prepared okx:NMR-USDT-SWAP:segment0
prepared okx:NOT-USDT-SWAP:segment0
prepared okx:O-USDT-SWAP:segment0
prepared okx:OFC-USDT-SWAP:segment0
prepared okx:OKB-USDT-SWAP:segment0
prepared okx:OL-USDT-SWAP:segment0
prepared okx:ONDO-USDT-SWAP:segment0
prepared okx:ONE-USDT-SWAP:segment0
prepared okx:ONT-USDT-SWAP:segment0
prepared okx:OP-USDT-SWAP:segment0
prepared okx:OPG-USDT-SWAP:segment0
prepared okx:OPN-USDT-SWAP:segment0
prepared okx:ORDER-USDT-SWAP:segment0
prepared okx:ORDI-USDT-SWAP:segment0
prepared okx:PARTI-USDT-SWAP:segment0
prepared okx:PENDLE-USDT-SWAP:segment0
prepared okx:PENGU-USDT-SWAP:segment0
prepared okx:PEOPLE-USDT-SWAP:segment0
prepared okx:PEPE-USDT-SWAP:segment0
prepared okx:PI-USDT-SWAP:segment0
prepared okx:PIEVERSE-USDT-SWAP:segment0
prepared okx:PIPPIN-USDT-SWAP:segment0
prepared okx:PLUME-USDT-SWAP:segment0
prepared okx:PNUT-USDT-SWAP:segment0
prepared okx:POL-USDT-SWAP:segment0
prepared okx:PONS-USDT-SWAP:segment0
prepared okx:POPCAT-USDT-SWAP:segment0
prepared okx:PROS-USDT-SWAP:segment0
prepared okx:PROVE-USDT-SWAP:segment0
prepared okx:PUMP-USDT-SWAP:segment0
prepared okx:PYTH-USDT-SWAP:segment0
prepared okx:QTUM-USDT-SWAP:segment0
prepared okx:RAVE-USDT-SWAP:segment0
prepared okx:RAY-USDT-SWAP:segment0
prepared okx:RE-USDT-SWAP:segment0
prepared okx:RECALL-USDT-SWAP:segment0
prepared okx:RENDER-USDT-SWAP:segment0
prepared okx:RESOLV-USDT-SWAP:segment0
prepared okx:RIVER-USDT-SWAP:segment0
prepared okx:RLS-USDT-SWAP:segment0
prepared okx:ROBO-USDT-SWAP:segment0
prepared okx:RSR-USDT-SWAP:segment0
prepared okx:RVN-USDT-SWAP:segment0
prepared okx:S-USDT-SWAP:segment0
prepared okx:SAHARA-USDT-SWAP:segment0
prepared okx:SAND-USDT-SWAP:segment0
prepared okx:SAPIEN-USDT-SWAP:segment0
prepared okx:SATS-USDT-SWAP:segment0
prepared okx:SEI-USDT-SWAP:segment0
prepared okx:SENT-USDT-SWAP:segment0
prepared okx:SHELL-USDT-SWAP:segment0
prepared okx:SHIB-USDT-SWAP:segment0
prepared okx:SIGN-USDT-SWAP:segment0
prepared okx:SKY-USDT-SWAP:segment0
prepared okx:SLX-USDT-SWAP:segment0
prepared okx:SNX-USDT-SWAP:segment0
prepared okx:SOL-USDT-SWAP:segment0
prepared okx:SOON-USDT-SWAP:segment0
prepared okx:SOPH-USDT-SWAP:segment0
prepared okx:SPACE-USDT-SWAP:segment0
prepared okx:SPK-USDT-SWAP:segment0
prepared okx:SPX-USDT-SWAP:segment0
prepared okx:SSV-USDT-SWAP:segment0
prepared okx:STABLE-USDT-SWAP:segment0
prepared okx:STRK-USDT-SWAP:segment0
prepared okx:STX-USDT-SWAP:segment0
prepared okx:SUI-USDT-SWAP:segment0
prepared okx:SUSHI-USDT-SWAP:segment0
prepared okx:SYRUP-USDT-SWAP:segment0
prepared okx:TAO-USDT-SWAP:segment0
prepared okx:THETA-USDT-SWAP:segment0
prepared okx:TIA-USDT-SWAP:segment0
prepared okx:TRB-USDT-SWAP:segment0
prepared okx:TRIA-USDT-SWAP:segment0
prepared okx:TRUMP-USDT-SWAP:segment0
prepared okx:TRUST-USDT-SWAP:segment0
prepared okx:TRUTH-USDT-SWAP:segment0
prepared okx:TRX-USDT-SWAP:segment0
prepared okx:TURBO-USDT-SWAP:segment0
prepared okx:UB-USDT-SWAP:segment0
prepared okx:UMA-USDT-SWAP:segment0
prepared okx:UNI-USDT-SWAP:segment0
prepared okx:UP-USDT-SWAP:segment0
prepared okx:USELESS-USDT-SWAP:segment0
prepared okx:VANA-USDT-SWAP:segment0
prepared okx:VIRTUAL-USDT-SWAP:segment0
prepared okx:VVV-USDT-SWAP:segment0
prepared okx:W-USDT-SWAP:segment0
prepared okx:WAL-USDT-SWAP:segment0
prepared okx:WCT-USDT-SWAP:segment0
prepared okx:WET-USDT-SWAP:segment0
prepared okx:WIF-USDT-SWAP:segment0
prepared okx:WLD-USDT-SWAP:segment0
prepared okx:WLFI-USDT-SWAP:segment0
prepared okx:WOO-USDT-SWAP:segment0
prepared okx:XLM-USDT-SWAP:segment0
prepared okx:XPL-USDT-SWAP:segment0
prepared okx:XRP-USDT-SWAP:segment0
prepared okx:XTZ-USDT-SWAP:segment0
prepared okx:YB-USDT-SWAP:segment0
prepared okx:YFI-USDT-SWAP:segment0
prepared okx:YGG-USDT-SWAP:segment0
prepared okx:ZAMA-USDT-SWAP:segment0
prepared okx:ZBT-USDT-SWAP:segment0
prepared okx:ZEC-USDT-SWAP:segment0
prepared okx:ZEN-USDT-SWAP:segment0
prepared okx:ZETA-USDT-SWAP:segment0
prepared okx:ZIL-USDT-SWAP:segment0
prepared okx:ZK-USDT-SWAP:segment0
prepared okx:ZKP-USDT-SWAP:segment0
prepared okx:ZORA-USDT-SWAP:segment0
prepared okx:ZRO-USDT-SWAP:segment0
prepared okx:ZRX-USDT-SWAP:segment0
/Users/zhangzc/fable-trading/yoyo/evaluation/spike_burst_early_warning.py:292: FutureWarning: The behavior of DataFrame concatenation with empty or all-NA entries is deprecated. In a future version, this will no longer exclude empty or all-NA columns when determining the result dtypes. To retain the old behavior, exclude the relevant entries before the concat operation.
  detection_frame = pd.concat(detections, ignore_index=True)
