AAVE_USDT_000460	mad_fail_both_high	SKIP high MAD AAVE_USDT_000460: stored_mad=7.973 > 5.0
AAVE_USDT_001460	mad_fail_both_high	SKIP high MAD AAVE_USDT_001460: stored_mad=9.795 > 5.0
AAVE_USDT_001860	mad_fail_both_high	SKIP high MAD AAVE_USDT_001860: stored_mad=10.460 > 5.0
AAVE_USDT_002160	mad_fail_both_high	SKIP high MAD AAVE_USDT_002160: stored_mad=11.115 > 5.0
AAVE_USDT_002860	mad_fail_both_high	SKIP high MAD AAVE_USDT_002860: stored_mad=11.463 > 5.0
AAVE_USDT_003060	mad_fail_both_high	SKIP high MAD AAVE_USDT_003060: stored_mad=8.320 > 5.0
AAVE_USDT_003160	mad_fail_both_high	SKIP high MAD AAVE_USDT_003160: stored_mad=9.178 > 5.0
AAVE_USDT_004060	mad_fail_both_high	SKIP high MAD AAVE_USDT_004060: stored_mad=11.662 > 5.0
AAVE_USDT_005260	mad_fail_both_high	SKIP high MAD AAVE_USDT_005260: stored_mad=13.104 > 5.0
AAVE_USDT_005360	mad_fail_both_high	SKIP high MAD AAVE_USDT_005360: stored_mad=11.714 > 5.0
AAVE_USDT_006060	mad_fail_both_high	SKIP high MAD AAVE_USDT_006060: stored_mad=11.086 > 5.0
AAVE_USDT_006160	mad_fail_both_high	SKIP high MAD AAVE_USDT_006160: stored_mad=11.160 > 5.0
AAVE_USDT_006660	mad_fail_both_high	SKIP high MAD AAVE_USDT_006660: stored_mad=9.723 > 5.0
AAVE_USDT_007160	mad_fail_both_high	SKIP high MAD AAVE_USDT_007160: stored_mad=9.240 > 5.0
AAVE_USDT_007260	mad_fail_both_high	SKIP high MAD AAVE_USDT_007260: stored_mad=9.088 > 5.0
AAVE_USDT_007460	mad_fail_both_high	SKIP high MAD AAVE_USDT_007460: stored_mad=11.657 > 5.0
AAVE_USDT_007560	mad_fail_both_high	SKIP high MAD AAVE_USDT_007560: stored_mad=10.554 > 5.0
AAVE_USDT_007660	mad_fail_both_high	SKIP high MAD AAVE_USDT_007660: stored_mad=9.868 > 5.0
AAVE_USDT_008160	mad_fail_both_high	SKIP high MAD AAVE_USDT_008160: stored_mad=9.753 > 5.0
AAVE_USDT_008260	mad_fail_both_high	SKIP high MAD AAVE_USDT_008260: stored_mad=9.246 > 5.0
AAVE_USDT_008760	mad_fail_both_high	SKIP high MAD AAVE_USDT_008760: stored_mad=10.804 > 5.0
AAVE_USDT_009060	mad_fail_both_high	SKIP high MAD AAVE_USDT_009060: stored_mad=9.040 > 5.0
AAVE_USDT_009160	mad_fail_both_high	SKIP high MAD AAVE_USDT_009160: stored_mad=9.869 > 5.0
AAVE_USDT_009260	mad_fail_both_high	SKIP high MAD AAVE_USDT_009260: stored_mad=10.559 > 5.0
AAVE_USDT_009860	mad_fail_both_high	SKIP high MAD AAVE_USDT_009860: stored_mad=10.636 > 5.0
AAVE_USDT_010160	mad_fail_both_high	SKIP high MAD AAVE_USDT_010160: stored_mad=9.449 > 5.0
AAVE_USDT_010460	mad_fail_both_high	SKIP high MAD AAVE_USDT_010460: stored_mad=9.831 > 5.0
AAVE_USDT_011160	mad_fail_both_high	SKIP high MAD AAVE_USDT_011160: stored_mad=11.083 > 5.0
AAVE_USDT_011360	mad_fail_both_high	SKIP high MAD AAVE_USDT_011360: stored_mad=8.600 > 5.0
AAVE_USDT_011460	mad_fail_both_high	SKIP high MAD AAVE_USDT_011460: stored_mad=9.465 > 5.0
AAVE_USDT_011760	mad_fail_both_high	SKIP high MAD AAVE_USDT_011760: stored_mad=9.114 > 5.0
AAVE_USDT_012760	mad_fail_both_high	SKIP high MAD AAVE_USDT_012760: stored_mad=8.152 > 5.0
AAVE_USDT_013260	mad_fail_both_high	SKIP high MAD AAVE_USDT_013260: stored_mad=9.274 > 5.0
AAVE_USDT_013660	mad_fail_both_high	SKIP high MAD AAVE_USDT_013660: stored_mad=9.995 > 5.0
AAVE_USDT_014160	mad_fail_both_high	SKIP high MAD AAVE_USDT_014160: stored_mad=9.863 > 5.0
AAVE_USDT_014560	mad_fail_both_high	SKIP high MAD AAVE_USDT_014560: stored_mad=10.052 > 5.0
AAVE_USDT_014960	mad_fail_both_high	SKIP high MAD AAVE_USDT_014960: stored_mad=8.910 > 5.0
AAVE_USDT_016560	mad_fail_both_high	SKIP high MAD AAVE_USDT_016560: stored_mad=11.119 > 5.0
APE_USDT_000360	mad_fail_both_high	SKIP high MAD APE_USDT_000360: stored_mad=9.645 > 5.0
APE_USDT_000660	mad_fail_both_high	SKIP high MAD APE_USDT_000660: stored_mad=10.325 > 5.0
APE_USDT_000760	mad_fail_both_high	SKIP high MAD APE_USDT_000760: stored_mad=11.950 > 5.0
APE_USDT_002560	mad_fail_both_high	SKIP high MAD APE_USDT_002560: stored_mad=7.873 > 5.0
APE_USDT_002660	mad_fail_both_high	SKIP high MAD APE_USDT_002660: stored_mad=8.705 > 5.0
APE_USDT_003060	mad_fail_both_high	SKIP high MAD APE_USDT_003060: stored_mad=7.260 > 5.0
APE_USDT_004060	mad_fail_both_high	SKIP high MAD APE_USDT_004060: stored_mad=10.592 > 5.0
APE_USDT_005060	mad_fail_both_high	SKIP high MAD APE_USDT_005060: stored_mad=10.762 > 5.0
APE_USDT_005260	mad_fail_both_high	SKIP high MAD APE_USDT_005260: stored_mad=12.120 > 5.0
APE_USDT_005660	mad_fail_both_high	SKIP high MAD APE_USDT_005660: stored_mad=9.325 > 5.0
APE_USDT_006060	mad_fail_both_high	SKIP high MAD APE_USDT_006060: stored_mad=9.092 > 5.0
APE_USDT_006660	mad_fail_both_high	SKIP high MAD APE_USDT_006660: stored_mad=8.735 > 5.0
APE_USDT_007160	mad_fail_both_high	SKIP high MAD APE_USDT_007160: stored_mad=10.484 > 5.0
APE_USDT_007360	mad_fail_both_high	SKIP high MAD APE_USDT_007360: stored_mad=10.120 > 5.0
APE_USDT_007460	mad_fail_both_high	SKIP high MAD APE_USDT_007460: stored_mad=10.944 > 5.0
APE_USDT_008160	mad_fail_both_high	SKIP high MAD APE_USDT_008160: stored_mad=10.738 > 5.0
APE_USDT_008260	mad_fail_both_high	SKIP high MAD APE_USDT_008260: stored_mad=10.132 > 5.0
APE_USDT_008760	mad_fail_both_high	SKIP high MAD APE_USDT_008760: stored_mad=9.408 > 5.0
APE_USDT_009060	mad_fail_both_high	SKIP high MAD APE_USDT_009060: stored_mad=9.595 > 5.0
APE_USDT_009160	mad_fail_both_high	SKIP high MAD APE_USDT_009160: stored_mad=9.540 > 5.0
APE_USDT_009260	mad_fail_both_high	SKIP high MAD APE_USDT_009260: stored_mad=9.799 > 5.0
APE_USDT_009460	mad_fail_both_high	SKIP high MAD APE_USDT_009460: stored_mad=9.971 > 5.0
APE_USDT_010660	mad_fail_both_high	SKIP high MAD APE_USDT_010660: stored_mad=7.641 > 5.0
APE_USDT_010760	mad_fail_both_high	SKIP high MAD APE_USDT_010760: stored_mad=8.196 > 5.0
APE_USDT_011060	mad_fail_both_high	SKIP high MAD APE_USDT_011060: stored_mad=10.782 > 5.0
APE_USDT_011160	mad_fail_both_high	SKIP high MAD APE_USDT_011160: stored_mad=9.858 > 5.0
APE_USDT_011460	mad_fail_both_high	SKIP high MAD APE_USDT_011460: stored_mad=9.333 > 5.0
APE_USDT_012660	mad_fail_both_high	SKIP high MAD APE_USDT_012660: stored_mad=7.415 > 5.0
APE_USDT_013460	mad_fail_both_high	SKIP high MAD APE_USDT_013460: stored_mad=10.778 > 5.0
APE_USDT_013560	mad_fail_both_high	SKIP high MAD APE_USDT_013560: stored_mad=11.068 > 5.0
APE_USDT_014160	mad_fail_both_high	SKIP high MAD APE_USDT_014160: stored_mad=10.081 > 5.0
APE_USDT_014960	mad_fail_both_high	SKIP high MAD APE_USDT_014960: stored_mad=9.586 > 5.0
APE_USDT_015460	mad_fail_both_high	SKIP high MAD APE_USDT_015460: stored_mad=10.474 > 5.0
APE_USDT_015860	mad_fail_both_high	SKIP high MAD APE_USDT_015860: stored_mad=11.433 > 5.0
APT_USDT_001260	mad_fail_both_high	SKIP high MAD APT_USDT_001260: stored_mad=11.189 > 5.0
APT_USDT_001360	mad_fail_both_high	SKIP high MAD APT_USDT_001360: stored_mad=11.007 > 5.0
APT_USDT_001960	mad_fail_both_high	SKIP high MAD APT_USDT_001960: stored_mad=11.527 > 5.0
APT_USDT_002060	mad_fail_both_high	SKIP high MAD APT_USDT_002060: stored_mad=8.554 > 5.0
APT_USDT_002560	mad_fail_both_high	SKIP high MAD APT_USDT_002560: stored_mad=9.461 > 5.0
APT_USDT_002760	mad_fail_both_high	SKIP high MAD APT_USDT_002760: stored_mad=8.639 > 5.0
APT_USDT_003660	mad_fail_both_high	SKIP high MAD APT_USDT_003660: stored_mad=10.279 > 5.0
APT_USDT_003960	mad_fail_both_high	SKIP high MAD APT_USDT_003960: stored_mad=11.340 > 5.0
APT_USDT_004760	mad_fail_both_high	SKIP high MAD APT_USDT_004760: stored_mad=12.155 > 5.0
APT_USDT_005460	mad_fail_both_high	SKIP high MAD APT_USDT_005460: stored_mad=9.562 > 5.0
APT_USDT_005660	mad_fail_both_high	SKIP high MAD APT_USDT_005660: stored_mad=9.556 > 5.0
APT_USDT_005760	mad_fail_both_high	SKIP high MAD APT_USDT_005760: stored_mad=10.138 > 5.0
APT_USDT_006060	mad_fail_both_high	SKIP high MAD APT_USDT_006060: stored_mad=10.884 > 5.0
APT_USDT_006660	mad_fail_both_high	SKIP high MAD APT_USDT_006660: stored_mad=7.424 > 5.0
APT_USDT_006760	mad_fail_both_high	SKIP high MAD APT_USDT_006760: stored_mad=8.936 > 5.0
APT_USDT_007260	mad_fail_both_high	SKIP high MAD APT_USDT_007260: stored_mad=10.748 > 5.0
APT_USDT_007560	mad_fail_both_high	SKIP high MAD APT_USDT_007560: stored_mad=10.315 > 5.0
APT_USDT_007660	mad_fail_both_high	SKIP high MAD APT_USDT_007660: stored_mad=8.656 > 5.0
APT_USDT_007760	mad_fail_both_high	SKIP high MAD APT_USDT_007760: stored_mad=10.443 > 5.0
APT_USDT_007860	mad_fail_both_high	SKIP high MAD APT_USDT_007860: stored_mad=11.025 > 5.0
APT_USDT_008260	mad_fail_both_high	SKIP high MAD APT_USDT_008260: stored_mad=10.868 > 5.0
APT_USDT_008360	mad_fail_both_high	SKIP high MAD APT_USDT_008360: stored_mad=10.894 > 5.0
APT_USDT_008860	mad_fail_both_high	SKIP high MAD APT_USDT_008860: stored_mad=10.410 > 5.0
APT_USDT_010160	mad_fail_both_high	SKIP high MAD APT_USDT_010160: stored_mad=9.734 > 5.0
APT_USDT_010360	mad_fail_both_high	SKIP high MAD APT_USDT_010360: stored_mad=9.657 > 5.0
APT_USDT_010560	mad_fail_both_high	SKIP high MAD APT_USDT_010560: stored_mad=9.879 > 5.0
APT_USDT_010960	mad_fail_both_high	SKIP high MAD APT_USDT_010960: stored_mad=10.512 > 5.0
APT_USDT_011060	mad_fail_both_high	SKIP high MAD APT_USDT_011060: stored_mad=10.746 > 5.0
APT_USDT_011160	mad_fail_both_high	SKIP high MAD APT_USDT_011160: stored_mad=9.119 > 5.0
APT_USDT_011260	mad_fail_both_high	SKIP high MAD APT_USDT_011260: stored_mad=10.365 > 5.0
APT_USDT_011460	mad_fail_both_high	SKIP high MAD APT_USDT_011460: stored_mad=9.127 > 5.0
APT_USDT_011660	mad_fail_both_high	SKIP high MAD APT_USDT_011660: stored_mad=9.378 > 5.0
APT_USDT_012060	mad_fail_both_high	SKIP high MAD APT_USDT_012060: stored_mad=10.490 > 5.0
APT_USDT_012260	mad_fail_both_high	SKIP high MAD APT_USDT_012260: stored_mad=11.582 > 5.0
APT_USDT_012460	mad_fail_both_high	SKIP high MAD APT_USDT_012460: stored_mad=8.082 > 5.0
APT_USDT_012560	mad_fail_both_high	SKIP high MAD APT_USDT_012560: stored_mad=8.396 > 5.0
APT_USDT_012760	mad_fail_both_high	SKIP high MAD APT_USDT_012760: stored_mad=8.701 > 5.0
APT_USDT_012860	mad_fail_both_high	SKIP high MAD APT_USDT_012860: stored_mad=9.699 > 5.0
APT_USDT_012960	mad_fail_both_high	SKIP high MAD APT_USDT_012960: stored_mad=11.587 > 5.0
APT_USDT_013660	mad_fail_both_high	SKIP high MAD APT_USDT_013660: stored_mad=11.493 > 5.0
APT_USDT_013860	mad_fail_both_high	SKIP high MAD APT_USDT_013860: stored_mad=10.973 > 5.0
APT_USDT_015060	mad_fail_both_high	SKIP high MAD APT_USDT_015060: stored_mad=8.391 > 5.0
APT_USDT_015260	mad_fail_both_high	SKIP high MAD APT_USDT_015260: stored_mad=10.491 > 5.0
APT_USDT_015960	mad_fail_both_high	SKIP high MAD APT_USDT_015960: stored_mad=12.089 > 5.0
APT_USDT_016760	mad_fail_both_high	SKIP high MAD APT_USDT_016760: stored_mad=9.373 > 5.0
APT_USDT_016860	mad_fail_both_high	SKIP high MAD APT_USDT_016860: stored_mad=11.131 > 5.0
APT_USDT_017060	mad_fail_both_high	SKIP high MAD APT_USDT_017060: stored_mad=11.816 > 5.0
APT_USDT_017460	mad_fail_both_high	SKIP high MAD APT_USDT_017460: stored_mad=10.626 > 5.0
ASTER_USDT_000460	mad_fail_both_high	SKIP high MAD ASTER_USDT_000460: stored_mad=12.524 > 5.0
ASTER_USDT_000760	mad_fail_both_high	SKIP high MAD ASTER_USDT_000760: stored_mad=12.795 > 5.0
ASTER_USDT_000860	mad_fail_both_high	SKIP high MAD ASTER_USDT_000860: stored_mad=9.886 > 5.0
ASTER_USDT_001460	mad_fail_both_high	SKIP high MAD ASTER_USDT_001460: stored_mad=9.782 > 5.0
ASTER_USDT_002260	mad_fail_both_high	SKIP high MAD ASTER_USDT_002260: stored_mad=11.446 > 5.0
ASTER_USDT_002560	mad_fail_both_high	SKIP high MAD ASTER_USDT_002560: stored_mad=10.492 > 5.0
ASTER_USDT_002760	mad_fail_both_high	SKIP high MAD ASTER_USDT_002760: stored_mad=9.934 > 5.0
ASTER_USDT_002960	mad_fail_both_high	SKIP high MAD ASTER_USDT_002960: stored_mad=10.378 > 5.0
ASTER_USDT_003060	mad_fail_both_high	SKIP high MAD ASTER_USDT_003060: stored_mad=8.409 > 5.0
ASTER_USDT_003160	mad_fail_both_high	SKIP high MAD ASTER_USDT_003160: stored_mad=8.672 > 5.0
ASTER_USDT_003460	mad_fail_both_high	SKIP high MAD ASTER_USDT_003460: stored_mad=11.056 > 5.0
ASTER_USDT_004460	mad_fail_both_high	SKIP high MAD ASTER_USDT_004460: stored_mad=11.450 > 5.0
ASTER_USDT_004560	mad_fail_both_high	SKIP high MAD ASTER_USDT_004560: stored_mad=10.787 > 5.0
ASTER_USDT_005460	mad_fail_both_high	SKIP high MAD ASTER_USDT_005460: stored_mad=11.525 > 5.0
ASTER_USDT_007060	mad_fail_both_high	SKIP high MAD ASTER_USDT_007060: stored_mad=9.731 > 5.0
ASTER_USDT_007360	mad_fail_both_high	SKIP high MAD ASTER_USDT_007360: stored_mad=9.644 > 5.0
ASTER_USDT_007760	mad_fail_both_high	SKIP high MAD ASTER_USDT_007760: stored_mad=11.156 > 5.0
ASTER_USDT_007860	mad_fail_both_high	SKIP high MAD ASTER_USDT_007860: stored_mad=11.614 > 5.0
ASTER_USDT_008260	mad_fail_both_high	SKIP high MAD ASTER_USDT_008260: stored_mad=8.885 > 5.0
ASTER_USDT_008660	mad_fail_both_high	SKIP high MAD ASTER_USDT_008660: stored_mad=10.500 > 5.0
ASTER_USDT_008760	mad_fail_both_high	SKIP high MAD ASTER_USDT_008760: stored_mad=8.637 > 5.0
ASTER_USDT_009460	mad_fail_both_high	SKIP high MAD ASTER_USDT_009460: stored_mad=9.616 > 5.0
ASTER_USDT_009560	mad_fail_both_high	SKIP high MAD ASTER_USDT_009560: stored_mad=9.239 > 5.0
ASTER_USDT_009860	mad_fail_both_high	SKIP high MAD ASTER_USDT_009860: stored_mad=7.983 > 5.0
ASTER_USDT_009960	mad_fail_both_high	SKIP high MAD ASTER_USDT_009960: stored_mad=10.077 > 5.0
ASTER_USDT_010360	mad_fail_both_high	SKIP high MAD ASTER_USDT_010360: stored_mad=9.048 > 5.0
ASTER_USDT_010760	mad_fail_both_high	SKIP high MAD ASTER_USDT_010760: stored_mad=8.470 > 5.0
ASTER_USDT_011260	mad_fail_both_high	SKIP high MAD ASTER_USDT_011260: stored_mad=6.705 > 5.0
ASTER_USDT_011660	mad_fail_both_high	SKIP high MAD ASTER_USDT_011660: stored_mad=9.402 > 5.0
ASTER_USDT_011860	mad_fail_both_high	SKIP high MAD ASTER_USDT_011860: stored_mad=9.202 > 5.0
ASTER_USDT_011960	mad_fail_both_high	SKIP high MAD ASTER_USDT_011960: stored_mad=9.141 > 5.0
ASTER_USDT_012160	mad_fail_both_high	SKIP high MAD ASTER_USDT_012160: stored_mad=8.672 > 5.0
ASTER_USDT_012560	mad_fail_both_high	SKIP high MAD ASTER_USDT_012560: stored_mad=8.144 > 5.0
ASTER_USDT_012760	mad_fail_both_high	SKIP high MAD ASTER_USDT_012760: stored_mad=9.603 > 5.0
ASTER_USDT_014560	mad_fail_both_high	SKIP high MAD ASTER_USDT_014560: stored_mad=9.365 > 5.0
ASTER_USDT_014760	mad_fail_both_high	SKIP high MAD ASTER_USDT_014760: stored_mad=9.718 > 5.0
ASTER_USDT_015360	mad_fail_both_high	SKIP high MAD ASTER_USDT_015360: stored_mad=9.818 > 5.0
ASTER_USDT_015460	mad_fail_both_high	SKIP high MAD ASTER_USDT_015460: stored_mad=9.796 > 5.0
ASTER_USDT_015760	mad_fail_both_high	SKIP high MAD ASTER_USDT_015760: stored_mad=9.164 > 5.0
ASTER_USDT_016360	mad_fail_both_high	SKIP high MAD ASTER_USDT_016360: stored_mad=10.424 > 5.0
ASTER_USDT_016660	mad_fail_both_high	SKIP high MAD ASTER_USDT_016660: stored_mad=10.781 > 5.0
ASTER_USDT_016760	mad_fail_both_high	SKIP high MAD ASTER_USDT_016760: stored_mad=10.536 > 5.0
ASTER_USDT_017260	mad_fail_both_high	SKIP high MAD ASTER_USDT_017260: stored_mad=8.892 > 5.0
BTC_USDT_001060	mad_fail_both_high	SKIP high MAD BTC_USDT_001060: stored_mad=6.564 > 5.0
BTC_USDT_002160	mad_fail_both_high	SKIP high MAD BTC_USDT_002160: stored_mad=8.433 > 5.0
BTC_USDT_002260	mad_fail_both_high	SKIP high MAD BTC_USDT_002260: stored_mad=6.792 > 5.0
BTC_USDT_002460	mad_fail_both_high	SKIP high MAD BTC_USDT_002460: stored_mad=5.794 > 5.0
BTC_USDT_002560	mad_fail_both_high	SKIP high MAD BTC_USDT_002560: stored_mad=6.691 > 5.0
BTC_USDT_002660	mad_fail_both_high	SKIP high MAD BTC_USDT_002660: stored_mad=6.715 > 5.0
BTC_USDT_003060	mad_fail_both_high	SKIP high MAD BTC_USDT_003060: stored_mad=5.855 > 5.0
BTC_USDT_003960	mad_fail_both_high	SKIP high MAD BTC_USDT_003960: stored_mad=8.004 > 5.0
BTC_USDT_004160	mad_fail_both_high	SKIP high MAD BTC_USDT_004160: stored_mad=7.897 > 5.0
BTC_USDT_004260	mad_fail_both_high	SKIP high MAD BTC_USDT_004260: stored_mad=8.640 > 5.0
BTC_USDT_005160	mad_fail_both_high	SKIP high MAD BTC_USDT_005160: stored_mad=9.709 > 5.0
BTC_USDT_005360	mad_fail_both_high	SKIP high MAD BTC_USDT_005360: stored_mad=9.240 > 5.0
BTC_USDT_005460	mad_fail_both_high	SKIP high MAD BTC_USDT_005460: stored_mad=9.345 > 5.0
BTC_USDT_005560	mad_fail_both_high	SKIP high MAD BTC_USDT_005560: stored_mad=8.649 > 5.0
BTC_USDT_005660	mad_fail_both_high	SKIP high MAD BTC_USDT_005660: stored_mad=8.220 > 5.0
BTC_USDT_005860	mad_fail_both_high	SKIP high MAD BTC_USDT_005860: stored_mad=8.487 > 5.0
BTC_USDT_006560	mad_fail_both_high	SKIP high MAD BTC_USDT_006560: stored_mad=7.592 > 5.0
BTC_USDT_006660	mad_fail_both_high	SKIP high MAD BTC_USDT_006660: stored_mad=7.496 > 5.0
BTC_USDT_006860	mad_fail_both_high	SKIP high MAD BTC_USDT_006860: stored_mad=9.058 > 5.0
BTC_USDT_006960	mad_fail_both_high	SKIP high MAD BTC_USDT_006960: stored_mad=8.898 > 5.0
BTC_USDT_007060	mad_fail_both_high	SKIP high MAD BTC_USDT_007060: stored_mad=9.350 > 5.0
BTC_USDT_007160	mad_fail_both_high	SKIP high MAD BTC_USDT_007160: stored_mad=8.087 > 5.0
BTC_USDT_007260	mad_fail_both_high	SKIP high MAD BTC_USDT_007260: stored_mad=8.878 > 5.0
BTC_USDT_007460	mad_fail_both_high	SKIP high MAD BTC_USDT_007460: stored_mad=7.544 > 5.0
BTC_USDT_007860	mad_fail_both_high	SKIP high MAD BTC_USDT_007860: stored_mad=8.920 > 5.0
BTC_USDT_008160	mad_fail_both_high	SKIP high MAD BTC_USDT_008160: stored_mad=8.746 > 5.0
BTC_USDT_008560	mad_fail_both_high	SKIP high MAD BTC_USDT_008560: stored_mad=8.308 > 5.0
BTC_USDT_008760	mad_fail_both_high	SKIP high MAD BTC_USDT_008760: stored_mad=7.254 > 5.0
BTC_USDT_009060	mad_fail_both_high	SKIP high MAD BTC_USDT_009060: stored_mad=7.944 > 5.0
BTC_USDT_009460	mad_fail_both_high	SKIP high MAD BTC_USDT_009460: stored_mad=7.417 > 5.0
BTC_USDT_009560	mad_fail_both_high	SKIP high MAD BTC_USDT_009560: stored_mad=6.839 > 5.0
BTC_USDT_010160	mad_fail_both_high	SKIP high MAD BTC_USDT_010160: stored_mad=7.665 > 5.0
BTC_USDT_010460	mad_fail_both_high	SKIP high MAD BTC_USDT_010460: stored_mad=6.219 > 5.0
BTC_USDT_010660	mad_fail_both_high	SKIP high MAD BTC_USDT_010660: stored_mad=7.585 > 5.0
BTC_USDT_010760	mad_fail_both_high	SKIP high MAD BTC_USDT_010760: stored_mad=6.979 > 5.0
BTC_USDT_010860	mad_fail_both_high	SKIP high MAD BTC_USDT_010860: stored_mad=7.414 > 5.0
BTC_USDT_010960	mad_fail_both_high	SKIP high MAD BTC_USDT_010960: stored_mad=7.789 > 5.0
BTC_USDT_011060	mad_fail_both_high	SKIP high MAD BTC_USDT_011060: stored_mad=7.161 > 5.0
BTC_USDT_011260	mad_fail_both_high	SKIP high MAD BTC_USDT_011260: stored_mad=6.306 > 5.0
BTC_USDT_011460	mad_fail_both_high	SKIP high MAD BTC_USDT_011460: stored_mad=6.308 > 5.0
BTC_USDT_011560	mad_fail_both_high	SKIP high MAD BTC_USDT_011560: stored_mad=7.426 > 5.0
BTC_USDT_011660	mad_fail_both_high	SKIP high MAD BTC_USDT_011660: stored_mad=7.942 > 5.0
BTC_USDT_012060	mad_fail_both_high	SKIP high MAD BTC_USDT_012060: stored_mad=8.024 > 5.0
BTC_USDT_012160	mad_fail_both_high	SKIP high MAD BTC_USDT_012160: stored_mad=8.071 > 5.0
BTC_USDT_012460	mad_fail_both_high	SKIP high MAD BTC_USDT_012460: stored_mad=5.754 > 5.0
BTC_USDT_012560	mad_fail_both_high	SKIP high MAD BTC_USDT_012560: stored_mad=6.658 > 5.0
BTC_USDT_012660	mad_fail_both_high	SKIP high MAD BTC_USDT_012660: stored_mad=6.930 > 5.0
BTC_USDT_013360	mad_fail_both_high	SKIP high MAD BTC_USDT_013360: stored_mad=8.349 > 5.0
BTC_USDT_013960	mad_fail_both_high	SKIP high MAD BTC_USDT_013960: stored_mad=7.381 > 5.0
BTC_USDT_014560	mad_fail_both_high	SKIP high MAD BTC_USDT_014560: stored_mad=7.186 > 5.0
BTC_USDT_014960	mad_fail_both_high	SKIP high MAD BTC_USDT_014960: stored_mad=8.026 > 5.0
BTC_USDT_015060	mad_fail_both_high	SKIP high MAD BTC_USDT_015060: stored_mad=7.699 > 5.0
BTC_USDT_015160	mad_fail_both_high	SKIP high MAD BTC_USDT_015160: stored_mad=8.635 > 5.0
BTC_USDT_015460	mad_fail_both_high	SKIP high MAD BTC_USDT_015460: stored_mad=7.838 > 5.0
BTC_USDT_015860	mad_fail_both_high	SKIP high MAD BTC_USDT_015860: stored_mad=7.995 > 5.0
BTC_USDT_015960	mad_fail_both_high	SKIP high MAD BTC_USDT_015960: stored_mad=7.735 > 5.0
BTC_USDT_016460	mad_fail_both_high	SKIP high MAD BTC_USDT_016460: stored_mad=10.419 > 5.0
BTC_USDT_016560	mad_fail_both_high	SKIP high MAD BTC_USDT_016560: stored_mad=9.907 > 5.0
BTC_USDT_016760	mad_fail_both_high	SKIP high MAD BTC_USDT_016760: stored_mad=9.407 > 5.0
BTC_USDT_016960	mad_fail_both_high	SKIP high MAD BTC_USDT_016960: stored_mad=9.880 > 5.0
BTC_USDT_017260	mad_fail_both_high	SKIP high MAD BTC_USDT_017260: stored_mad=7.964 > 5.0
CRV_USDT_000360	mad_fail_both_high	SKIP high MAD CRV_USDT_000360: stored_mad=10.183 > 5.0
CRV_USDT_000960	mad_fail_both_high	SKIP high MAD CRV_USDT_000960: stored_mad=8.970 > 5.0
CRV_USDT_001460	mad_fail_both_high	SKIP high MAD CRV_USDT_001460: stored_mad=8.969 > 5.0
CRV_USDT_001960	mad_fail_both_high	SKIP high MAD CRV_USDT_001960: stored_mad=10.593 > 5.0
CRV_USDT_002260	mad_fail_both_high	SKIP high MAD CRV_USDT_002260: stored_mad=11.220 > 5.0
CRV_USDT_002560	mad_fail_both_high	SKIP high MAD CRV_USDT_002560: stored_mad=8.573 > 5.0
CRV_USDT_003360	mad_fail_both_high	SKIP high MAD CRV_USDT_003360: stored_mad=9.859 > 5.0
CRV_USDT_003760	mad_fail_both_high	SKIP high MAD CRV_USDT_003760: stored_mad=9.017 > 5.0
CRV_USDT_003860	mad_fail_both_high	SKIP high MAD CRV_USDT_003860: stored_mad=9.154 > 5.0
CRV_USDT_004060	mad_fail_both_high	SKIP high MAD CRV_USDT_004060: stored_mad=11.162 > 5.0
CRV_USDT_005260	mad_fail_both_high	SKIP high MAD CRV_USDT_005260: stored_mad=9.948 > 5.0
CRV_USDT_005360	mad_fail_both_high	SKIP high MAD CRV_USDT_005360: stored_mad=10.139 > 5.0
CRV_USDT_005560	mad_fail_both_high	SKIP high MAD CRV_USDT_005560: stored_mad=10.695 > 5.0
CRV_USDT_005660	mad_fail_both_high	SKIP high MAD CRV_USDT_005660: stored_mad=9.317 > 5.0
CRV_USDT_006460	mad_fail_both_high	SKIP high MAD CRV_USDT_006460: stored_mad=9.951 > 5.0
CRV_USDT_006960	mad_fail_both_high	SKIP high MAD CRV_USDT_006960: stored_mad=9.147 > 5.0
CRV_USDT_007560	mad_fail_both_high	SKIP high MAD CRV_USDT_007560: stored_mad=12.582 > 5.0
CRV_USDT_007960	mad_fail_both_high	SKIP high MAD CRV_USDT_007960: stored_mad=10.427 > 5.0
CRV_USDT_008160	mad_fail_both_high	SKIP high MAD CRV_USDT_008160: stored_mad=10.187 > 5.0
CRV_USDT_008660	mad_fail_both_high	SKIP high MAD CRV_USDT_008660: stored_mad=12.101 > 5.0
CRV_USDT_008760	mad_fail_both_high	SKIP high MAD CRV_USDT_008760: stored_mad=10.857 > 5.0
CRV_USDT_009060	mad_fail_both_high	SKIP high MAD CRV_USDT_009060: stored_mad=9.497 > 5.0
CRV_USDT_009160	mad_fail_both_high	SKIP high MAD CRV_USDT_009160: stored_mad=10.436 > 5.0
CRV_USDT_009260	mad_fail_both_high	SKIP high MAD CRV_USDT_009260: stored_mad=10.685 > 5.0
CRV_USDT_009360	mad_fail_both_high	SKIP high MAD CRV_USDT_009360: stored_mad=10.313 > 5.0
CRV_USDT_009460	mad_fail_both_high	SKIP high MAD CRV_USDT_009460: stored_mad=9.876 > 5.0
CRV_USDT_009560	mad_fail_both_high	SKIP high MAD CRV_USDT_009560: stored_mad=10.637 > 5.0
CRV_USDT_009760	mad_fail_both_high	SKIP high MAD CRV_USDT_009760: stored_mad=10.522 > 5.0
CRV_USDT_009860	mad_fail_both_high	SKIP high MAD CRV_USDT_009860: stored_mad=9.903 > 5.0
CRV_USDT_010060	mad_fail_both_high	SKIP high MAD CRV_USDT_010060: stored_mad=10.188 > 5.0
CRV_USDT_010160	mad_fail_both_high	SKIP high MAD CRV_USDT_010160: stored_mad=8.104 > 5.0
CRV_USDT_010660	mad_fail_both_high	SKIP high MAD CRV_USDT_010660: stored_mad=7.775 > 5.0
CRV_USDT_010760	mad_fail_both_high	SKIP high MAD CRV_USDT_010760: stored_mad=8.324 > 5.0
CRV_USDT_011160	mad_fail_both_high	SKIP high MAD CRV_USDT_011160: stored_mad=10.229 > 5.0
CRV_USDT_011760	mad_fail_both_high	SKIP high MAD CRV_USDT_011760: stored_mad=9.943 > 5.0
CRV_USDT_012760	mad_fail_both_high	SKIP high MAD CRV_USDT_012760: stored_mad=8.537 > 5.0
CRV_USDT_012960	mad_fail_both_high	SKIP high MAD CRV_USDT_012960: stored_mad=9.593 > 5.0
CRV_USDT_013360	mad_fail_both_high	SKIP high MAD CRV_USDT_013360: stored_mad=10.006 > 5.0
CRV_USDT_013660	mad_fail_both_high	SKIP high MAD CRV_USDT_013660: stored_mad=10.040 > 5.0
CRV_USDT_015260	mad_fail_both_high	SKIP high MAD CRV_USDT_015260: stored_mad=9.007 > 5.0
CRV_USDT_015560	mad_fail_both_high	SKIP high MAD CRV_USDT_015560: stored_mad=9.691 > 5.0
CRV_USDT_016060	mad_fail_both_high	SKIP high MAD CRV_USDT_016060: stored_mad=11.758 > 5.0
DOGE_USDT_000360	mad_fail_both_high	SKIP high MAD DOGE_USDT_000360: stored_mad=8.898 > 5.0
DOGE_USDT_000660	mad_fail_both_high	SKIP high MAD DOGE_USDT_000660: stored_mad=10.293 > 5.0
DOGE_USDT_001160	mad_fail_both_high	SKIP high MAD DOGE_USDT_001160: stored_mad=8.709 > 5.0
DOGE_USDT_001360	mad_fail_both_high	SKIP high MAD DOGE_USDT_001360: stored_mad=8.724 > 5.0
DOGE_USDT_002360	mad_fail_both_high	SKIP high MAD DOGE_USDT_002360: stored_mad=9.527 > 5.0
DOGE_USDT_002560	mad_fail_both_high	SKIP high MAD DOGE_USDT_002560: stored_mad=8.881 > 5.0
DOGE_USDT_002660	mad_fail_both_high	SKIP high MAD DOGE_USDT_002660: stored_mad=9.066 > 5.0
DOGE_USDT_003060	mad_fail_both_high	SKIP high MAD DOGE_USDT_003060: stored_mad=6.979 > 5.0
DOGE_USDT_003160	mad_fail_both_high	SKIP high MAD DOGE_USDT_003160: stored_mad=8.023 > 5.0
DOGE_USDT_003760	mad_fail_both_high	SKIP high MAD DOGE_USDT_003760: stored_mad=9.494 > 5.0
DOGE_USDT_004060	mad_fail_both_high	SKIP high MAD DOGE_USDT_004060: stored_mad=10.819 > 5.0
DOGE_USDT_004660	mad_fail_both_high	SKIP high MAD DOGE_USDT_004660: stored_mad=11.871 > 5.0
DOGE_USDT_004760	mad_fail_both_high	SKIP high MAD DOGE_USDT_004760: stored_mad=9.784 > 5.0
DOGE_USDT_005360	mad_fail_both_high	SKIP high MAD DOGE_USDT_005360: stored_mad=10.247 > 5.0
DOGE_USDT_005660	mad_fail_both_high	SKIP high MAD DOGE_USDT_005660: stored_mad=8.313 > 5.0
DOGE_USDT_006760	mad_fail_both_high	SKIP high MAD DOGE_USDT_006760: stored_mad=9.125 > 5.0
DOGE_USDT_007360	mad_fail_both_high	SKIP high MAD DOGE_USDT_007360: stored_mad=9.195 > 5.0
DOGE_USDT_008160	mad_fail_both_high	SKIP high MAD DOGE_USDT_008160: stored_mad=10.367 > 5.0
DOGE_USDT_008660	mad_fail_both_high	SKIP high MAD DOGE_USDT_008660: stored_mad=11.174 > 5.0
DOGE_USDT_008760	mad_fail_both_high	SKIP high MAD DOGE_USDT_008760: stored_mad=10.531 > 5.0
DOGE_USDT_009060	mad_fail_both_high	SKIP high MAD DOGE_USDT_009060: stored_mad=10.262 > 5.0
DOGE_USDT_009660	mad_fail_both_high	SKIP high MAD DOGE_USDT_009660: stored_mad=9.845 > 5.0
DOGE_USDT_010060	mad_fail_both_high	SKIP high MAD DOGE_USDT_010060: stored_mad=9.640 > 5.0
DOGE_USDT_010160	mad_fail_both_high	SKIP high MAD DOGE_USDT_010160: stored_mad=10.267 > 5.0
DOGE_USDT_010260	mad_fail_both_high	SKIP high MAD DOGE_USDT_010260: stored_mad=9.757 > 5.0
DOGE_USDT_010360	mad_fail_both_high	SKIP high MAD DOGE_USDT_010360: stored_mad=8.863 > 5.0
DOGE_USDT_010460	mad_fail_both_high	SKIP high MAD DOGE_USDT_010460: stored_mad=8.948 > 5.0
DOGE_USDT_010660	mad_fail_both_high	SKIP high MAD DOGE_USDT_010660: stored_mad=8.545 > 5.0
DOGE_USDT_010960	mad_fail_both_high	SKIP high MAD DOGE_USDT_010960: stored_mad=8.998 > 5.0
DOGE_USDT_011060	mad_fail_both_high	SKIP high MAD DOGE_USDT_011060: stored_mad=9.936 > 5.0
DOGE_USDT_011260	mad_fail_both_high	SKIP high MAD DOGE_USDT_011260: stored_mad=9.164 > 5.0
DOGE_USDT_012060	mad_fail_both_high	SKIP high MAD DOGE_USDT_012060: stored_mad=10.205 > 5.0
DOGE_USDT_012160	mad_fail_both_high	SKIP high MAD DOGE_USDT_012160: stored_mad=10.202 > 5.0
DOGE_USDT_012560	mad_fail_both_high	SKIP high MAD DOGE_USDT_012560: stored_mad=7.291 > 5.0
DOGE_USDT_012760	mad_fail_both_high	SKIP high MAD DOGE_USDT_012760: stored_mad=6.999 > 5.0
DOGE_USDT_013260	mad_fail_both_high	SKIP high MAD DOGE_USDT_013260: stored_mad=10.413 > 5.0
DOGE_USDT_013860	mad_fail_both_high	SKIP high MAD DOGE_USDT_013860: stored_mad=9.799 > 5.0
DOGE_USDT_013960	mad_fail_both_high	SKIP high MAD DOGE_USDT_013960: stored_mad=11.076 > 5.0
DOGE_USDT_014960	mad_fail_both_high	SKIP high MAD DOGE_USDT_014960: stored_mad=9.271 > 5.0
DOGE_USDT_015260	mad_fail_both_high	SKIP high MAD DOGE_USDT_015260: stored_mad=9.050 > 5.0
DOGE_USDT_015560	mad_fail_both_high	SKIP high MAD DOGE_USDT_015560: stored_mad=9.160 > 5.0
DOGE_USDT_015760	mad_fail_both_high	SKIP high MAD DOGE_USDT_015760: stored_mad=9.577 > 5.0
DOGE_USDT_015960	mad_fail_both_high	SKIP high MAD DOGE_USDT_015960: stored_mad=10.826 > 5.0
DOGE_USDT_016060	mad_fail_both_high	SKIP high MAD DOGE_USDT_016060: stored_mad=9.775 > 5.0
DOGE_USDT_016460	mad_fail_both_high	SKIP high MAD DOGE_USDT_016460: stored_mad=10.624 > 5.0
DOGE_USDT_016760	mad_fail_both_high	SKIP high MAD DOGE_USDT_016760: stored_mad=10.610 > 5.0
DOGE_USDT_017460	mad_fail_both_high	SKIP high MAD DOGE_USDT_017460: stored_mad=9.662 > 5.0
DOT_USDT_000860	mad_fail_both_high	SKIP high MAD DOT_USDT_000860: stored_mad=10.461 > 5.0
DOT_USDT_000960	mad_fail_both_high	SKIP high MAD DOT_USDT_000960: stored_mad=7.655 > 5.0
DOT_USDT_001460	mad_fail_both_high	SKIP high MAD DOT_USDT_001460: stored_mad=8.563 > 5.0
DOT_USDT_002460	mad_fail_both_high	SKIP high MAD DOT_USDT_002460: stored_mad=11.548 > 5.0
DOT_USDT_002560	mad_fail_both_high	SKIP high MAD DOT_USDT_002560: stored_mad=8.578 > 5.0
DOT_USDT_003060	mad_fail_both_high	SKIP high MAD DOT_USDT_003060: stored_mad=7.387 > 5.0
DOT_USDT_003460	mad_fail_both_high	SKIP high MAD DOT_USDT_003460: stored_mad=11.297 > 5.0
DOT_USDT_004060	mad_fail_both_high	SKIP high MAD DOT_USDT_004060: stored_mad=11.615 > 5.0
DOT_USDT_004160	mad_fail_both_high	SKIP high MAD DOT_USDT_004160: stored_mad=10.125 > 5.0
DOT_USDT_004760	mad_fail_both_high	SKIP high MAD DOT_USDT_004760: stored_mad=9.852 > 5.0
DOT_USDT_005560	mad_fail_both_high	SKIP high MAD DOT_USDT_005560: stored_mad=10.485 > 5.0
DOT_USDT_006260	mad_fail_both_high	SKIP high MAD DOT_USDT_006260: stored_mad=9.440 > 5.0
DOT_USDT_007060	mad_fail_both_high	SKIP high MAD DOT_USDT_007060: stored_mad=10.638 > 5.0
DOT_USDT_007560	mad_fail_both_high	SKIP high MAD DOT_USDT_007560: stored_mad=11.760 > 5.0
DOT_USDT_008160	mad_fail_both_high	SKIP high MAD DOT_USDT_008160: stored_mad=11.191 > 5.0
DOT_USDT_008360	mad_fail_both_high	SKIP high MAD DOT_USDT_008360: stored_mad=8.991 > 5.0
DOT_USDT_008460	mad_fail_both_high	SKIP high MAD DOT_USDT_008460: stored_mad=9.363 > 5.0
DOT_USDT_008560	mad_fail_both_high	SKIP high MAD DOT_USDT_008560: stored_mad=9.871 > 5.0
DOT_USDT_009760	mad_fail_both_high	SKIP high MAD DOT_USDT_009760: stored_mad=9.394 > 5.0
DOT_USDT_011060	mad_fail_both_high	SKIP high MAD DOT_USDT_011060: stored_mad=10.631 > 5.0
DOT_USDT_011160	mad_fail_both_high	SKIP high MAD DOT_USDT_011160: stored_mad=9.454 > 5.0
DOT_USDT_012060	mad_fail_both_high	SKIP high MAD DOT_USDT_012060: stored_mad=10.087 > 5.0
DOT_USDT_012360	mad_fail_both_high	SKIP high MAD DOT_USDT_012360: stored_mad=9.872 > 5.0
DOT_USDT_012560	mad_fail_both_high	SKIP high MAD DOT_USDT_012560: stored_mad=7.454 > 5.0
DOT_USDT_012660	mad_fail_both_high	SKIP high MAD DOT_USDT_012660: stored_mad=7.180 > 5.0
DOT_USDT_012760	mad_fail_both_high	SKIP high MAD DOT_USDT_012760: stored_mad=7.534 > 5.0
DOT_USDT_012860	mad_fail_both_high	SKIP high MAD DOT_USDT_012860: stored_mad=8.702 > 5.0
DOT_USDT_013160	mad_fail_both_high	SKIP high MAD DOT_USDT_013160: stored_mad=9.587 > 5.0
DOT_USDT_013260	mad_fail_both_high	SKIP high MAD DOT_USDT_013260: stored_mad=10.778 > 5.0
DOT_USDT_013360	mad_fail_both_high	SKIP high MAD DOT_USDT_013360: stored_mad=8.898 > 5.0
DOT_USDT_014560	mad_fail_both_high	SKIP high MAD DOT_USDT_014560: stored_mad=9.812 > 5.0
DOT_USDT_015360	mad_fail_both_high	SKIP high MAD DOT_USDT_015360: stored_mad=10.752 > 5.0
DOT_USDT_016160	mad_fail_both_high	SKIP high MAD DOT_USDT_016160: stored_mad=11.573 > 5.0
DOT_USDT_017460	mad_fail_both_high	SKIP high MAD DOT_USDT_017460: stored_mad=10.930 > 5.0
EWY_USDT_SWAP_002130	other	process_returned_none
EWY_USDT_SWAP_002730	other	process_returned_none
FIL_USDT_000760	mad_fail_both_high	SKIP high MAD FIL_USDT_000760: stored_mad=9.409 > 5.0
FIL_USDT_000860	mad_fail_both_high	SKIP high MAD FIL_USDT_000860: stored_mad=9.599 > 5.0
FIL_USDT_001260	mad_fail_both_high	SKIP high MAD FIL_USDT_001260: stored_mad=11.497 > 5.0
FIL_USDT_001360	mad_fail_both_high	SKIP high MAD FIL_USDT_001360: stored_mad=10.837 > 5.0
FIL_USDT_001860	mad_fail_both_high	SKIP high MAD FIL_USDT_001860: stored_mad=8.611 > 5.0
FIL_USDT_001960	mad_fail_both_high	SKIP high MAD FIL_USDT_001960: stored_mad=9.963 > 5.0
FIL_USDT_002560	mad_fail_both_high	SKIP high MAD FIL_USDT_002560: stored_mad=8.682 > 5.0
FIL_USDT_002660	mad_fail_both_high	SKIP high MAD FIL_USDT_002660: stored_mad=9.375 > 5.0
FIL_USDT_003460	mad_fail_both_high	SKIP high MAD FIL_USDT_003460: stored_mad=12.809 > 5.0
FIL_USDT_003860	mad_fail_both_high	SKIP high MAD FIL_USDT_003860: stored_mad=9.632 > 5.0
FIL_USDT_004160	mad_fail_both_high	SKIP high MAD FIL_USDT_004160: stored_mad=10.318 > 5.0
FIL_USDT_004760	mad_fail_both_high	SKIP high MAD FIL_USDT_004760: stored_mad=9.774 > 5.0
FIL_USDT_006060	mad_fail_both_high	SKIP high MAD FIL_USDT_006060: stored_mad=11.983 > 5.0
FIL_USDT_006260	mad_fail_both_high	SKIP high MAD FIL_USDT_006260: stored_mad=9.282 > 5.0
FIL_USDT_006360	mad_fail_both_high	SKIP high MAD FIL_USDT_006360: stored_mad=8.700 > 5.0
FIL_USDT_006760	mad_fail_both_high	SKIP high MAD FIL_USDT_006760: stored_mad=9.337 > 5.0
FIL_USDT_006960	mad_fail_both_high	SKIP high MAD FIL_USDT_006960: stored_mad=10.012 > 5.0
FIL_USDT_007360	mad_fail_both_high	SKIP high MAD FIL_USDT_007360: stored_mad=12.107 > 5.0
FIL_USDT_007660	mad_fail_both_high	SKIP high MAD FIL_USDT_007660: stored_mad=9.814 > 5.0
FIL_USDT_007960	mad_fail_both_high	SKIP high MAD FIL_USDT_007960: stored_mad=8.846 > 5.0
FIL_USDT_008460	mad_fail_both_high	SKIP high MAD FIL_USDT_008460: stored_mad=10.132 > 5.0
FIL_USDT_008660	mad_fail_both_high	SKIP high MAD FIL_USDT_008660: stored_mad=9.179 > 5.0
FIL_USDT_008760	mad_fail_both_high	SKIP high MAD FIL_USDT_008760: stored_mad=9.305 > 5.0
FIL_USDT_010060	mad_fail_both_high	SKIP high MAD FIL_USDT_010060: stored_mad=11.403 > 5.0
FIL_USDT_010260	mad_fail_both_high	SKIP high MAD FIL_USDT_010260: stored_mad=10.666 > 5.0
FIL_USDT_010360	mad_fail_both_high	SKIP high MAD FIL_USDT_010360: stored_mad=9.290 > 5.0
FIL_USDT_010460	mad_fail_both_high	SKIP high MAD FIL_USDT_010460: stored_mad=10.492 > 5.0
FIL_USDT_010560	mad_fail_both_high	SKIP high MAD FIL_USDT_010560: stored_mad=9.997 > 5.0
FIL_USDT_010660	mad_fail_both_high	SKIP high MAD FIL_USDT_010660: stored_mad=8.776 > 5.0
FIL_USDT_011260	mad_fail_both_high	SKIP high MAD FIL_USDT_011260: stored_mad=10.016 > 5.0
FIL_USDT_011560	mad_fail_both_high	SKIP high MAD FIL_USDT_011560: stored_mad=9.644 > 5.0
FIL_USDT_012060	mad_fail_both_high	SKIP high MAD FIL_USDT_012060: stored_mad=10.267 > 5.0
FIL_USDT_012160	mad_fail_both_high	SKIP high MAD FIL_USDT_012160: stored_mad=10.744 > 5.0
FIL_USDT_012360	mad_fail_both_high	SKIP high MAD FIL_USDT_012360: stored_mad=10.021 > 5.0
FIL_USDT_012460	mad_fail_both_high	SKIP high MAD FIL_USDT_012460: stored_mad=7.618 > 5.0
FIL_USDT_012560	mad_fail_both_high	SKIP high MAD FIL_USDT_012560: stored_mad=7.791 > 5.0
FIL_USDT_012660	mad_fail_both_high	SKIP high MAD FIL_USDT_012660: stored_mad=7.811 > 5.0
FIL_USDT_012760	mad_fail_both_high	SKIP high MAD FIL_USDT_012760: stored_mad=6.972 > 5.0
FIL_USDT_013260	mad_fail_both_high	SKIP high MAD FIL_USDT_013260: stored_mad=10.113 > 5.0
FIL_USDT_013960	mad_fail_both_high	SKIP high MAD FIL_USDT_013960: stored_mad=9.150 > 5.0
FIL_USDT_014160	mad_fail_both_high	SKIP high MAD FIL_USDT_014160: stored_mad=9.378 > 5.0
FIL_USDT_014260	mad_fail_both_high	SKIP high MAD FIL_USDT_014260: stored_mad=9.476 > 5.0
FIL_USDT_015060	mad_fail_both_high	SKIP high MAD FIL_USDT_015060: stored_mad=8.128 > 5.0
FIL_USDT_015260	mad_fail_both_high	SKIP high MAD FIL_USDT_015260: stored_mad=8.863 > 5.0
FIL_USDT_015660	mad_fail_both_high	SKIP high MAD FIL_USDT_015660: stored_mad=10.638 > 5.0
FIL_USDT_015760	mad_fail_both_high	SKIP high MAD FIL_USDT_015760: stored_mad=10.384 > 5.0
FIL_USDT_016060	mad_fail_both_high	SKIP high MAD FIL_USDT_016060: stored_mad=10.929 > 5.0
FIL_USDT_017160	mad_fail_both_high	SKIP high MAD FIL_USDT_017160: stored_mad=12.515 > 5.0
HYPE_USDT_000560	mad_fail_both_high	SKIP high MAD HYPE_USDT_000560: stored_mad=11.107 > 5.0
HYPE_USDT_001060	mad_fail_both_high	SKIP high MAD HYPE_USDT_001060: stored_mad=12.953 > 5.0
HYPE_USDT_001160	mad_fail_both_high	SKIP high MAD HYPE_USDT_001160: stored_mad=11.872 > 5.0
HYPE_USDT_001560	mad_fail_both_high	SKIP high MAD HYPE_USDT_001560: stored_mad=9.801 > 5.0
HYPE_USDT_001660	mad_fail_both_high	SKIP high MAD HYPE_USDT_001660: stored_mad=10.693 > 5.0
HYPE_USDT_001760	mad_fail_both_high	SKIP high MAD HYPE_USDT_001760: stored_mad=9.271 > 5.0
HYPE_USDT_002960	mad_fail_both_high	SKIP high MAD HYPE_USDT_002960: stored_mad=8.659 > 5.0
HYPE_USDT_003060	mad_fail_both_high	SKIP high MAD HYPE_USDT_003060: stored_mad=8.132 > 5.0
HYPE_USDT_003160	mad_fail_both_high	SKIP high MAD HYPE_USDT_003160: stored_mad=7.527 > 5.0
HYPE_USDT_003860	mad_fail_both_high	SKIP high MAD HYPE_USDT_003860: stored_mad=8.998 > 5.0
HYPE_USDT_004260	mad_fail_both_high	SKIP high MAD HYPE_USDT_004260: stored_mad=9.990 > 5.0
HYPE_USDT_004560	mad_fail_both_high	SKIP high MAD HYPE_USDT_004560: stored_mad=11.812 > 5.0
HYPE_USDT_004760	mad_fail_both_high	SKIP high MAD HYPE_USDT_004760: stored_mad=13.922 > 5.0
HYPE_USDT_004860	mad_fail_both_high	SKIP high MAD HYPE_USDT_004860: stored_mad=11.855 > 5.0
HYPE_USDT_005360	mad_fail_both_high	SKIP high MAD HYPE_USDT_005360: stored_mad=11.263 > 5.0
HYPE_USDT_005460	mad_fail_both_high	SKIP high MAD HYPE_USDT_005460: stored_mad=11.782 > 5.0
HYPE_USDT_006660	mad_fail_both_high	SKIP high MAD HYPE_USDT_006660: stored_mad=9.400 > 5.0
HYPE_USDT_008060	mad_fail_both_high	SKIP high MAD HYPE_USDT_008060: stored_mad=8.369 > 5.0
HYPE_USDT_008560	mad_fail_both_high	SKIP high MAD HYPE_USDT_008560: stored_mad=9.540 > 5.0
HYPE_USDT_009060	mad_fail_both_high	SKIP high MAD HYPE_USDT_009060: stored_mad=12.966 > 5.0
HYPE_USDT_009160	mad_fail_both_high	SKIP high MAD HYPE_USDT_009160: stored_mad=11.585 > 5.0
HYPE_USDT_009260	mad_fail_both_high	SKIP high MAD HYPE_USDT_009260: stored_mad=12.025 > 5.0
HYPE_USDT_009360	mad_fail_both_high	SKIP high MAD HYPE_USDT_009360: stored_mad=10.394 > 5.0
HYPE_USDT_009460	mad_fail_both_high	SKIP high MAD HYPE_USDT_009460: stored_mad=9.678 > 5.0
HYPE_USDT_009660	mad_fail_both_high	SKIP high MAD HYPE_USDT_009660: stored_mad=13.211 > 5.0
HYPE_USDT_010360	mad_fail_both_high	SKIP high MAD HYPE_USDT_010360: stored_mad=10.525 > 5.0
HYPE_USDT_010460	mad_fail_both_high	SKIP high MAD HYPE_USDT_010460: stored_mad=9.091 > 5.0
HYPE_USDT_010560	mad_fail_both_high	SKIP high MAD HYPE_USDT_010560: stored_mad=9.768 > 5.0
HYPE_USDT_010660	mad_fail_both_high	SKIP high MAD HYPE_USDT_010660: stored_mad=8.650 > 5.0
HYPE_USDT_010760	mad_fail_both_high	SKIP high MAD HYPE_USDT_010760: stored_mad=9.723 > 5.0
HYPE_USDT_011160	mad_fail_both_high	SKIP high MAD HYPE_USDT_011160: stored_mad=10.738 > 5.0
HYPE_USDT_011560	mad_fail_both_high	SKIP high MAD HYPE_USDT_011560: stored_mad=13.163 > 5.0
HYPE_USDT_012560	mad_fail_both_high	SKIP high MAD HYPE_USDT_012560: stored_mad=10.254 > 5.0
HYPE_USDT_012960	mad_fail_both_high	SKIP high MAD HYPE_USDT_012960: stored_mad=9.977 > 5.0
HYPE_USDT_013160	mad_fail_both_high	SKIP high MAD HYPE_USDT_013160: stored_mad=10.885 > 5.0
HYPE_USDT_013360	mad_fail_both_high	SKIP high MAD HYPE_USDT_013360: stored_mad=8.663 > 5.0
HYPE_USDT_013460	mad_fail_both_high	SKIP high MAD HYPE_USDT_013460: stored_mad=10.986 > 5.0
HYPE_USDT_013560	mad_fail_both_high	SKIP high MAD HYPE_USDT_013560: stored_mad=10.429 > 5.0
HYPE_USDT_013660	mad_fail_both_high	SKIP high MAD HYPE_USDT_013660: stored_mad=11.622 > 5.0
HYPE_USDT_014760	mad_fail_both_high	SKIP high MAD HYPE_USDT_014760: stored_mad=8.802 > 5.0
HYPE_USDT_014860	mad_fail_both_high	SKIP high MAD HYPE_USDT_014860: stored_mad=8.386 > 5.0
HYPE_USDT_016160	mad_fail_both_high	SKIP high MAD HYPE_USDT_016160: stored_mad=10.755 > 5.0
HYPE_USDT_016260	mad_fail_both_high	SKIP high MAD HYPE_USDT_016260: stored_mad=9.855 > 5.0
HYPE_USDT_016660	mad_fail_both_high	SKIP high MAD HYPE_USDT_016660: stored_mad=10.183 > 5.0
HYPE_USDT_017160	mad_fail_both_high	SKIP high MAD HYPE_USDT_017160: stored_mad=9.072 > 5.0
HYPE_USDT_017260	mad_fail_both_high	SKIP high MAD HYPE_USDT_017260: stored_mad=9.098 > 5.0
IP_USDT_001960	mad_fail_both_high	SKIP high MAD IP_USDT_001960: stored_mad=9.931 > 5.0
IP_USDT_002360	mad_fail_both_high	SKIP high MAD IP_USDT_002360: stored_mad=7.938 > 5.0
IP_USDT_002460	mad_fail_both_high	SKIP high MAD IP_USDT_002460: stored_mad=7.744 > 5.0
IP_USDT_002760	mad_fail_both_high	SKIP high MAD IP_USDT_002760: stored_mad=8.654 > 5.0
IP_USDT_003260	mad_fail_both_high	SKIP high MAD IP_USDT_003260: stored_mad=9.096 > 5.0
IP_USDT_003360	mad_fail_both_high	SKIP high MAD IP_USDT_003360: stored_mad=10.154 > 5.0
IP_USDT_005560	mad_fail_both_high	SKIP high MAD IP_USDT_005560: stored_mad=11.423 > 5.0
IP_USDT_005660	mad_fail_both_high	SKIP high MAD IP_USDT_005660: stored_mad=10.012 > 5.0
IP_USDT_006060	mad_fail_both_high	SKIP high MAD IP_USDT_006060: stored_mad=9.309 > 5.0
IP_USDT_007960	mad_fail_both_high	SKIP high MAD IP_USDT_007960: stored_mad=12.037 > 5.0
IP_USDT_008260	mad_fail_both_high	SKIP high MAD IP_USDT_008260: stored_mad=10.904 > 5.0
IP_USDT_008360	other	process_returned_none
IP_USDT_008560	other	process_returned_none
IP_USDT_008660	other	process_returned_none
IP_USDT_008760	other	process_returned_none
IP_USDT_009060	other	process_returned_none
IP_USDT_009460	other	process_returned_none
IP_USDT_009960	other	process_returned_none
IP_USDT_010460	other	process_returned_none
IP_USDT_011060	other	process_returned_none
IP_USDT_011460	other	process_returned_none
IP_USDT_012560	other	process_returned_none
IP_USDT_013360	other	process_returned_none
IP_USDT_013460	other	process_returned_none
IP_USDT_013660	other	process_returned_none
IP_USDT_014260	other	process_returned_none
IP_USDT_014560	other	process_returned_none
IP_USDT_014860	other	process_returned_none
IP_USDT_014960	other	process_returned_none
IP_USDT_015060	other	process_returned_none
IP_USDT_015360	other	process_returned_none
IP_USDT_015960	other	process_returned_none
IP_USDT_016060	other	process_returned_none
IP_USDT_016560	other	process_returned_none
IP_USDT_016760	other	process_returned_none
IP_USDT_017060	other	process_returned_none
IP_USDT_017160	other	process_returned_none
IP_USDT_017260	other	process_returned_none
JTO_USDT_000760	mad_fail_both_high	SKIP high MAD JTO_USDT_000760: stored_mad=8.989 > 5.0
JTO_USDT_001360	mad_fail_both_high	SKIP high MAD JTO_USDT_001360: stored_mad=10.477 > 5.0
JTO_USDT_001460	mad_fail_both_high	SKIP high MAD JTO_USDT_001460: stored_mad=6.864 > 5.0
JTO_USDT_002360	mad_fail_both_high	SKIP high MAD JTO_USDT_002360: stored_mad=11.496 > 5.0
JTO_USDT_002460	mad_fail_both_high	SKIP high MAD JTO_USDT_002460: stored_mad=9.580 > 5.0
JTO_USDT_002560	mad_fail_both_high	SKIP high MAD JTO_USDT_002560: stored_mad=9.827 > 5.0
JTO_USDT_002660	mad_fail_both_high	SKIP high MAD JTO_USDT_002660: stored_mad=8.890 > 5.0
JTO_USDT_002760	mad_fail_both_high	SKIP high MAD JTO_USDT_002760: stored_mad=8.121 > 5.0
JTO_USDT_002960	mad_fail_both_high	SKIP high MAD JTO_USDT_002960: stored_mad=8.687 > 5.0
JTO_USDT_003060	mad_fail_both_high	SKIP high MAD JTO_USDT_003060: stored_mad=7.421 > 5.0
JTO_USDT_003460	mad_fail_both_high	SKIP high MAD JTO_USDT_003460: stored_mad=11.953 > 5.0
JTO_USDT_003760	mad_fail_both_high	SKIP high MAD JTO_USDT_003760: stored_mad=11.429 > 5.0
JTO_USDT_003960	mad_fail_both_high	SKIP high MAD JTO_USDT_003960: stored_mad=10.710 > 5.0
JTO_USDT_006460	mad_fail_both_high	SKIP high MAD JTO_USDT_006460: stored_mad=8.326 > 5.0
JTO_USDT_007260	mad_fail_both_high	SKIP high MAD JTO_USDT_007260: stored_mad=10.516 > 5.0
JTO_USDT_008060	mad_fail_both_high	SKIP high MAD JTO_USDT_008060: stored_mad=9.281 > 5.0
JTO_USDT_008460	mad_fail_both_high	SKIP high MAD JTO_USDT_008460: stored_mad=8.996 > 5.0
JTO_USDT_008660	mad_fail_both_high	SKIP high MAD JTO_USDT_008660: stored_mad=11.537 > 5.0
JTO_USDT_008760	mad_fail_both_high	SKIP high MAD JTO_USDT_008760: stored_mad=13.092 > 5.0
JTO_USDT_008860	mad_fail_both_high	SKIP high MAD JTO_USDT_008860: stored_mad=11.824 > 5.0
JTO_USDT_008960	mad_fail_both_high	SKIP high MAD JTO_USDT_008960: stored_mad=12.521 > 5.0
JTO_USDT_009060	mad_fail_both_high	SKIP high MAD JTO_USDT_009060: stored_mad=11.487 > 5.0
JTO_USDT_009360	mad_fail_both_high	SKIP high MAD JTO_USDT_009360: stored_mad=9.568 > 5.0
JTO_USDT_009460	mad_fail_both_high	SKIP high MAD JTO_USDT_009460: stored_mad=9.002 > 5.0
JTO_USDT_009860	mad_fail_both_high	SKIP high MAD JTO_USDT_009860: stored_mad=10.346 > 5.0
JTO_USDT_010460	mad_fail_both_high	SKIP high MAD JTO_USDT_010460: stored_mad=7.466 > 5.0
JTO_USDT_010860	mad_fail_both_high	SKIP high MAD JTO_USDT_010860: stored_mad=8.464 > 5.0
JTO_USDT_010960	mad_fail_both_high	SKIP high MAD JTO_USDT_010960: stored_mad=9.244 > 5.0
JTO_USDT_011460	mad_fail_both_high	SKIP high MAD JTO_USDT_011460: stored_mad=9.984 > 5.0
JTO_USDT_011660	mad_fail_both_high	SKIP high MAD JTO_USDT_011660: stored_mad=11.155 > 5.0
JTO_USDT_012460	mad_fail_both_high	SKIP high MAD JTO_USDT_012460: stored_mad=6.918 > 5.0
JTO_USDT_013360	mad_fail_both_high	SKIP high MAD JTO_USDT_013360: stored_mad=10.447 > 5.0
JTO_USDT_013560	mad_fail_both_high	SKIP high MAD JTO_USDT_013560: stored_mad=9.446 > 5.0
JTO_USDT_014260	mad_fail_both_high	SKIP high MAD JTO_USDT_014260: stored_mad=9.607 > 5.0
JTO_USDT_014860	mad_fail_both_high	SKIP high MAD JTO_USDT_014860: stored_mad=9.326 > 5.0
JTO_USDT_017260	mad_fail_both_high	SKIP high MAD JTO_USDT_017260: stored_mad=7.865 > 5.0
JTO_USDT_SWAP	other	process_returned_none
NIGHT_USDT_000560	mad_fail_both_high	SKIP high MAD NIGHT_USDT_000560: stored_mad=10.035 > 5.0
NIGHT_USDT_000860	mad_fail_both_high	SKIP high MAD NIGHT_USDT_000860: stored_mad=12.554 > 5.0
NIGHT_USDT_000960	mad_fail_both_high	SKIP high MAD NIGHT_USDT_000960: stored_mad=9.828 > 5.0
NIGHT_USDT_001260	mad_fail_both_high	SKIP high MAD NIGHT_USDT_001260: stored_mad=10.417 > 5.0
NIGHT_USDT_002460	mad_fail_both_high	SKIP high MAD NIGHT_USDT_002460: stored_mad=10.464 > 5.0
NIGHT_USDT_002560	mad_fail_both_high	SKIP high MAD NIGHT_USDT_002560: stored_mad=9.472 > 5.0
NIGHT_USDT_002660	mad_fail_both_high	SKIP high MAD NIGHT_USDT_002660: stored_mad=10.776 > 5.0
NIGHT_USDT_003160	mad_fail_both_high	SKIP high MAD NIGHT_USDT_003160: stored_mad=8.390 > 5.0
NIGHT_USDT_003260	mad_fail_both_high	SKIP high MAD NIGHT_USDT_003260: stored_mad=9.965 > 5.0
NIGHT_USDT_003460	mad_fail_both_high	SKIP high MAD NIGHT_USDT_003460: stored_mad=8.892 > 5.0
NIGHT_USDT_004560	mad_fail_both_high	SKIP high MAD NIGHT_USDT_004560: stored_mad=12.893 > 5.0
NIGHT_USDT_004760	mad_fail_both_high	SKIP high MAD NIGHT_USDT_004760: stored_mad=9.762 > 5.0
NIGHT_USDT_004860	mad_fail_both_high	SKIP high MAD NIGHT_USDT_004860: stored_mad=8.793 > 5.0
NIGHT_USDT_005360	mad_fail_both_high	SKIP high MAD NIGHT_USDT_005360: stored_mad=13.219 > 5.0
NIGHT_USDT_005460	mad_fail_both_high	SKIP high MAD NIGHT_USDT_005460: stored_mad=11.677 > 5.0
NIGHT_USDT_006060	mad_fail_both_high	SKIP high MAD NIGHT_USDT_006060: stored_mad=11.599 > 5.0
NIGHT_USDT_006160	mad_fail_both_high	SKIP high MAD NIGHT_USDT_006160: stored_mad=8.878 > 5.0
NIGHT_USDT_006460	mad_fail_both_high	SKIP high MAD NIGHT_USDT_006460: stored_mad=11.141 > 5.0
NIGHT_USDT_006760	mad_fail_both_high	SKIP high MAD NIGHT_USDT_006760: stored_mad=9.831 > 5.0
NIGHT_USDT_006860	mad_fail_both_high	SKIP high MAD NIGHT_USDT_006860: stored_mad=9.948 > 5.0
NIGHT_USDT_007260	mad_fail_both_high	SKIP high MAD NIGHT_USDT_007260: stored_mad=10.756 > 5.0
NIGHT_USDT_007360	mad_fail_both_high	SKIP high MAD NIGHT_USDT_007360: stored_mad=9.923 > 5.0
NIGHT_USDT_008260	mad_fail_both_high	SKIP high MAD NIGHT_USDT_008260: stored_mad=10.513 > 5.0
NIGHT_USDT_008860	mad_fail_both_high	SKIP high MAD NIGHT_USDT_008860: stored_mad=7.988 > 5.0
NIGHT_USDT_009660	mad_fail_both_high	SKIP high MAD NIGHT_USDT_009660: stored_mad=7.957 > 5.0
NIGHT_USDT_010660	mad_fail_both_high	SKIP high MAD NIGHT_USDT_010660: stored_mad=11.758 > 5.0
NIGHT_USDT_011060	mad_fail_both_high	SKIP high MAD NIGHT_USDT_011060: stored_mad=8.272 > 5.0
NIGHT_USDT_011160	mad_fail_both_high	SKIP high MAD NIGHT_USDT_011160: stored_mad=8.860 > 5.0
NIGHT_USDT_011260	mad_fail_both_high	SKIP high MAD NIGHT_USDT_011260: stored_mad=8.092 > 5.0
NIGHT_USDT_011360	mad_fail_both_high	SKIP high MAD NIGHT_USDT_011360: stored_mad=9.340 > 5.0
NIGHT_USDT_011560	mad_fail_both_high	SKIP high MAD NIGHT_USDT_011560: stored_mad=11.072 > 5.0
NIGHT_USDT_012260	mad_fail_both_high	SKIP high MAD NIGHT_USDT_012260: stored_mad=10.322 > 5.0
NIGHT_USDT_012560	mad_fail_both_high	SKIP high MAD NIGHT_USDT_012560: stored_mad=11.473 > 5.0
NIGHT_USDT_012660	mad_fail_both_high	SKIP high MAD NIGHT_USDT_012660: stored_mad=10.842 > 5.0
NIGHT_USDT_012760	mad_fail_both_high	SKIP high MAD NIGHT_USDT_012760: stored_mad=9.932 > 5.0
NIGHT_USDT_012860	mad_fail_both_high	SKIP high MAD NIGHT_USDT_012860: stored_mad=10.173 > 5.0
NIGHT_USDT_013860	mad_fail_both_high	SKIP high MAD NIGHT_USDT_013860: stored_mad=10.462 > 5.0
NIGHT_USDT_014560	mad_fail_both_high	SKIP high MAD NIGHT_USDT_014560: stored_mad=9.770 > 5.0
NIGHT_USDT_014860	mad_fail_both_high	SKIP high MAD NIGHT_USDT_014860: stored_mad=10.386 > 5.0
NIGHT_USDT_014960	mad_fail_both_high	SKIP high MAD NIGHT_USDT_014960: stored_mad=9.441 > 5.0
SAMSUNG_USDT_SWAP	other	process_returned_none
SPACE_USDT_001160	mad_fail_both_high	SKIP high MAD SPACE_USDT_001160: stored_mad=8.068 > 5.0
SPACE_USDT_001260	mad_fail_both_high	SKIP high MAD SPACE_USDT_001260: stored_mad=8.959 > 5.0
SPACE_USDT_001760	mad_fail_both_high	SKIP high MAD SPACE_USDT_001760: stored_mad=9.288 > 5.0
SPACE_USDT_001960	mad_fail_both_high	SKIP high MAD SPACE_USDT_001960: stored_mad=5.458 > 5.0
SPACE_USDT_002260	mad_fail_both_high	SKIP high MAD SPACE_USDT_002260: stored_mad=9.452 > 5.0
SPACE_USDT_002460	mad_fail_both_high	SKIP high MAD SPACE_USDT_002460: stored_mad=8.832 > 5.0
SPACE_USDT_002760	mad_fail_both_high	SKIP high MAD SPACE_USDT_002760: stored_mad=9.115 > 5.0
SPACE_USDT_003060	mad_fail_both_high	SKIP high MAD SPACE_USDT_003060: stored_mad=12.198 > 5.0
SPACE_USDT_003560	mad_fail_both_high	SKIP high MAD SPACE_USDT_003560: stored_mad=9.231 > 5.0
SPACE_USDT_004260	mad_fail_both_high	SKIP high MAD SPACE_USDT_004260: stored_mad=8.565 > 5.0
SPACE_USDT_004360	mad_fail_both_high	SKIP high MAD SPACE_USDT_004360: stored_mad=6.975 > 5.0
SPACE_USDT_005160	mad_fail_both_high	SKIP high MAD SPACE_USDT_005160: stored_mad=8.852 > 5.0
SPACE_USDT_005360	mad_fail_both_high	SKIP high MAD SPACE_USDT_005360: stored_mad=7.258 > 5.0
SPACE_USDT_007860	mad_fail_both_high	SKIP high MAD SPACE_USDT_007860: stored_mad=6.236 > 5.0
SPACE_USDT_008060	mad_fail_both_high	SKIP high MAD SPACE_USDT_008060: stored_mad=9.782 > 5.0
SPACE_USDT_008760	mad_fail_both_high	SKIP high MAD SPACE_USDT_008760: stored_mad=7.974 > 5.0
SPACE_USDT_009260	mad_fail_both_high	SKIP high MAD SPACE_USDT_009260: stored_mad=9.725 > 5.0
SPACE_USDT_009360	mad_fail_both_high	SKIP high MAD SPACE_USDT_009360: stored_mad=6.148 > 5.0
SPACE_USDT_010460	mad_fail_both_high	SKIP high MAD SPACE_USDT_010460: stored_mad=9.014 > 5.0
SPACE_USDT_010760	mad_fail_both_high	SKIP high MAD SPACE_USDT_010760: stored_mad=5.998 > 5.0
SPACE_USDT_011960	mad_fail_both_high	SKIP high MAD SPACE_USDT_011960: stored_mad=7.219 > 5.0
SPACE_USDT_013060	mad_fail_both_high	SKIP high MAD SPACE_USDT_013060: stored_mad=12.895 > 5.0
SPACE_USDT_013160	mad_fail_both_high	SKIP high MAD SPACE_USDT_013160: stored_mad=6.687 > 5.0
SPACE_USDT_013260	mad_fail_both_high	SKIP high MAD SPACE_USDT_013260: stored_mad=11.473 > 5.0
TRIA_USDT_SWAP_000330	short_history	SKIP short history TRIA_USDT_SWAP_000330: pad_start=-1 cut_global=198 n=15495
UNI_USDT_SWAP_000330	short_history	SKIP short history UNI_USDT_SWAP_000330: pad_start=-14 cut_global=185 n=39270
XAUT_USDT_000460	other	process_returned_none
XAUT_USDT_001460	other	process_returned_none
XAUT_USDT_001560	other	process_returned_none
XAUT_USDT_001760	other	process_returned_none
XAUT_USDT_002160	other	process_returned_none
XAUT_USDT_002360	other	process_returned_none
XAUT_USDT_002460	other	process_returned_none
XAUT_USDT_003460	other	process_returned_none
XAUT_USDT_003560	other	process_returned_none
XAUT_USDT_003860	other	process_returned_none
XAUT_USDT_004260	other	process_returned_none
XAUT_USDT_004560	other	process_returned_none
XAUT_USDT_004860	other	process_returned_none
XAUT_USDT_005160	other	process_returned_none
XAUT_USDT_005560	other	process_returned_none
XAUT_USDT_005860	other	process_returned_none
XAUT_USDT_006360	other	process_returned_none
XAUT_USDT_006460	other	process_returned_none
XAUT_USDT_006960	other	process_returned_none
XAUT_USDT_007160	other	process_returned_none
XAUT_USDT_007460	other	process_returned_none
XAUT_USDT_007560	other	process_returned_none
XAUT_USDT_007660	other	process_returned_none
XAUT_USDT_007760	other	process_returned_none
XAUT_USDT_007860	other	process_returned_none
XAUT_USDT_008060	other	process_returned_none
XAUT_USDT_008160	other	process_returned_none
XAUT_USDT_008260	other	process_returned_none
XAUT_USDT_008760	other	process_returned_none
XAUT_USDT_009160	other	process_returned_none
XAUT_USDT_009560	other	process_returned_none
XAUT_USDT_009660	other	process_returned_none
XAUT_USDT_009760	other	process_returned_none
XAUT_USDT_009860	other	process_returned_none
XAUT_USDT_010660	other	process_returned_none
XAUT_USDT_010760	other	process_returned_none
XAUT_USDT_011360	other	process_returned_none
XAUT_USDT_011660	other	process_returned_none
XAUT_USDT_012260	other	process_returned_none
XAUT_USDT_012660	other	process_returned_none
XAUT_USDT_012860	other	process_returned_none
XAUT_USDT_013360	other	process_returned_none
XAUT_USDT_013460	other	process_returned_none
XAUT_USDT_013960	other	process_returned_none
XAUT_USDT_014660	other	process_returned_none
XAUT_USDT_014760	other	process_returned_none
XAUT_USDT_015160	other	process_returned_none
XAUT_USDT_016260	other	process_returned_none
XAUT_USDT_016360	other	process_returned_none
XAUT_USDT_017160	other	process_returned_none
XAUT_USDT_017260	other	process_returned_none
okx_2Z_USDT_SWAP_021360	holdout	end_time=2026-05-14 08:15:00+00:00 >= 2026-05-04
okx_2Z_USDT_SWAP_021460	holdout	end_time=2026-05-15 02:00:00+00:00 >= 2026-05-04
okx_2Z_USDT_SWAP_023960	holdout	end_time=2026-06-10 01:30:00+00:00 >= 2026-05-04
okx_2Z_USDT_SWAP_024760	holdout	end_time=2026-06-18 12:15:00+00:00 >= 2026-05-04
okx_AAPL_USDT_SWAP_004460	other	process_returned_none
okx_AAPL_USDT_SWAP_005060	other	process_returned_none
okx_AAPL_USDT_SWAP_009060	other	process_returned_none
okx_ACH_USDT_SWAP_033860	holdout	end_time=2026-05-22 09:30:00+00:00 >= 2026-05-04
okx_ADA_USDT_SWAP_032360	holdout	end_time=2026-05-07 15:30:00+00:00 >= 2026-05-04
okx_AGLD_USDT_SWAP_035460	holdout	end_time=2026-06-09 00:30:00+00:00 >= 2026-05-04
okx_ALLO_USDT_SWAP_016760	holdout	end_time=2026-05-06 17:30:00+00:00 >= 2026-05-04
okx_APE_USDT_SWAP_032560	holdout	end_time=2026-05-09 14:15:00+00:00 >= 2026-05-04
okx_API3_USDT_SWAP_034260	holdout	end_time=2026-05-27 22:00:00+00:00 >= 2026-05-04
okx_API3_USDT_SWAP_035760	holdout	end_time=2026-06-13 01:15:00+00:00 >= 2026-05-04
okx_API3_USDT_SWAP_037660	holdout	end_time=2026-07-01 14:00:00+00:00 >= 2026-05-04
okx_ARB_USDT_SWAP_034660	holdout	end_time=2026-05-31 07:15:00+00:00 >= 2026-05-04
okx_AVNT_USDT_SWAP_021660	holdout	end_time=2026-05-07 09:30:00+00:00 >= 2026-05-04
okx_AVNT_USDT_SWAP_026260	holdout	end_time=2026-06-24 01:00:00+00:00 >= 2026-05-04
okx_CFX_USDT_SWAP_034260	holdout	end_time=2026-05-26 16:30:00+00:00 >= 2026-05-04
okx_CFX_USDT_SWAP_034860	holdout	end_time=2026-06-02 14:15:00+00:00 >= 2026-05-04
okx_DYDX_USDT_SWAP_033260	holdout	end_time=2026-05-17 23:15:00+00:00 >= 2026-05-04
okx_EDEN_USDT_SWAP_021460	holdout	end_time=2026-05-13 13:30:00+00:00 >= 2026-05-04
okx_EDEN_USDT_SWAP_026360	holdout	end_time=2026-07-03 11:30:00+00:00 >= 2026-05-04
okx_ENJ_USDT_SWAP_037760	holdout	end_time=2026-07-03 07:15:00+00:00 >= 2026-05-04
okx_ENJ_USDT_SWAP_037860	holdout	end_time=2026-07-03 07:15:00+00:00 >= 2026-05-04
okx_EWY_USDT_SWAP_003460	other	process_returned_none
okx_EWY_USDT_SWAP_009660	other	process_returned_none
okx_FLOW_USDT_SWAP_033760	holdout	end_time=2026-05-22 19:45:00+00:00 >= 2026-05-04
okx_FLOW_USDT_SWAP_035360	holdout	end_time=2026-06-08 10:30:00+00:00 >= 2026-05-04
okx_HBAR_USDT_SWAP_033160	holdout	end_time=2026-05-14 13:45:00+00:00 >= 2026-05-04
okx_IOST_USDT_SWAP_034560	holdout	end_time=2026-05-31 14:15:00+00:00 >= 2026-05-04
okx_IOST_USDT_SWAP_035960	holdout	end_time=2026-06-14 04:45:00+00:00 >= 2026-05-04
okx_IOST_USDT_SWAP_037660	holdout	end_time=2026-07-01 14:15:00+00:00 >= 2026-05-04
okx_KGEN_USDT_SWAP_024660	holdout	end_time=2026-07-03 06:30:00+00:00 >= 2026-05-04
okx_LRC_USDT_SWAP_037860	holdout	end_time=2026-07-04 07:00:00+00:00 >= 2026-05-04
okx_MAGIC_USDT_SWAP_032360	holdout	end_time=2026-05-08 14:45:00+00:00 >= 2026-05-04
okx_MAGIC_USDT_SWAP_037360	holdout	end_time=2026-06-28 15:30:00+00:00 >= 2026-05-04
okx_MANA_USDT_SWAP_033760	holdout	end_time=2026-05-22 18:30:00+00:00 >= 2026-05-04
okx_MANA_USDT_SWAP_036360	holdout	end_time=2026-06-20 01:30:00+00:00 >= 2026-05-04
okx_MANA_USDT_SWAP_038160	holdout	end_time=2026-07-08 15:15:00+00:00 >= 2026-05-04
okx_MEW_USDT_SWAP_034260	holdout	end_time=2026-05-27 22:15:00+00:00 >= 2026-05-04
okx_MEW_USDT_SWAP_034360	holdout	end_time=2026-05-27 22:00:00+00:00 >= 2026-05-04
okx_NG_USDT_SWAP_006860	holdout	end_time=2026-05-22 12:45:00+00:00 >= 2026-05-04
okx_ONT_USDT_SWAP_033760	holdout	end_time=2026-05-22 02:00:00+00:00 >= 2026-05-04
okx_ONT_USDT_SWAP_036060	holdout	end_time=2026-06-14 23:30:00+00:00 >= 2026-05-04
okx_ORDI_USDT_SWAP_035960	holdout	end_time=2026-06-14 00:45:00+00:00 >= 2026-05-04
okx_ORDI_USDT_SWAP_038460	holdout	end_time=2026-07-09 23:15:00+00:00 >= 2026-05-04
okx_PENGU_USDT_SWAP_036360	holdout	end_time=2026-06-17 20:45:00+00:00 >= 2026-05-04
okx_RAVE_USDT_SWAP_014460	holdout	end_time=2026-05-15 13:45:00+00:00 >= 2026-05-04
okx_SAND_USDT_SWAP_036560	holdout	end_time=2026-06-20 01:30:00+00:00 >= 2026-05-04
okx_SAND_USDT_SWAP_036860	holdout	end_time=2026-06-22 20:30:00+00:00 >= 2026-05-04
okx_SSV_USDT_SWAP_037560	holdout	end_time=2026-07-01 14:45:00+00:00 >= 2026-05-04
okx_STX_USDT_SWAP_036660	holdout	end_time=2026-06-21 21:15:00+00:00 >= 2026-05-04
okx_STX_USDT_SWAP_037460	holdout	end_time=2026-06-30 00:30:00+00:00 >= 2026-05-04
okx_SUI_USDT_SWAP_036060	holdout	end_time=2026-06-14 22:45:00+00:00 >= 2026-05-04
okx_TRUST_USDT_SWAP_021560	holdout	end_time=2026-06-19 00:30:00+00:00 >= 2026-05-04
okx_TRUST_USDT_SWAP_022360	holdout	end_time=2026-06-26 14:00:00+00:00 >= 2026-05-04
okx_UNI_USDT_SWAP_032460	holdout	end_time=2026-05-08 09:15:00+00:00 >= 2026-05-04
okx_UNI_USDT_SWAP_032960	holdout	end_time=2026-05-13 12:00:00+00:00 >= 2026-05-04
okx_UNI_USDT_SWAP_037260	holdout	end_time=2026-06-26 15:30:00+00:00 >= 2026-05-04
okx_WIF_USDT_SWAP_035160	holdout	end_time=2026-06-07 01:30:00+00:00 >= 2026-05-04
okx_WLFI_USDT_SWAP_026160	holdout	end_time=2026-05-24 14:45:00+00:00 >= 2026-05-04
okx_WLFI_USDT_SWAP_028260	holdout	end_time=2026-06-14 23:00:00+00:00 >= 2026-05-04
okx_XLM_USDT_SWAP_032860	holdout	end_time=2026-05-12 02:00:00+00:00 >= 2026-05-04
okx_XTZ_USDT_SWAP_033860	holdout	end_time=2026-05-22 19:15:00+00:00 >= 2026-05-04
okx_YGG_USDT_SWAP_033760	holdout	end_time=2026-05-22 20:15:00+00:00 >= 2026-05-04
okx_ZAMA_USDT_SWAP_011360	holdout	end_time=2026-05-08 17:45:00+00:00 >= 2026-05-04
okx_ZAMA_USDT_SWAP_014360	holdout	end_time=2026-06-08 07:30:00+00:00 >= 2026-05-04
okx_ZAMA_USDT_SWAP_015060	holdout	end_time=2026-06-17 03:15:00+00:00 >= 2026-05-04
okx_ZKP_USDT_SWAP_015860	holdout	end_time=2026-06-23 07:45:00+00:00 >= 2026-05-04
