=== 等待训练结束 17:14 ===
=== 训练结束 18:00,取权重 ===
-rw----r-x@ 1 zhangzc  staff  19185818 Jul 29 02:00 runs/detect/runs/detect/owner_short_star_v10/weights/best.pt
=== A 验收:召回 vs 开火密度(生产 conf 0.30)===
① 量 v9 在你的空头金标上的置信度…
   金标 241 个

② 量 v9 的自由开火率(12 币 x 2000 bar)…
  0G_USDT_SWAP: 扫 2000 bar, 开火 33
  1INCH_USDT_SWAP: 扫 2000 bar, 开火 71
  2Z_USDT_SWAP: 扫 2000 bar, 开火 117
  AAVE_USDT_SWAP: 扫 2000 bar, 开火 145
  ACH_USDT_SWAP: 扫 2000 bar, 开火 181
  ACT_USDT_SWAP: 扫 2000 bar, 开火 219
  ACU_USDT_SWAP: 扫 2000 bar, 开火 256
  ADA_USDT_SWAP: 扫 2000 bar, 开火 292
  AERO_USDT_SWAP: 扫 2000 bar, 开火 329
  AEVO_USDT_SWAP: 扫 2000 bar, 开火 367
  AGLD_USDT_SWAP: 扫 2000 bar, 开火 406
  AIXBT_USDT_SWAP: 扫 2000 bar, 开火 450
   扫描 24000 bar / 12 币 = 0.68 币·月,开火 450

=== 门槛扫描:召回 vs 开火密度 ===
    门槛       金标召回      开火数       每币每月          对比你的密度
  0.01      80.5%      450     657.5          1826x
  0.05      77.2%      206     301.0           836x
  0.10      76.8%      151     220.6           613x
  0.20      74.3%       97     141.7           394x
  0.30      72.2%       79     115.4           321x
  0.40      68.0%       65      95.0           264x
  0.50      64.7%       44      64.3           179x
  0.60      57.3%       25      36.5           101x
  0.70      43.2%       17      24.8            69x
  0.80      14.5%        7      10.2            28x
  0.90       0.4%        1       1.5             4x
  你的标注                     0.18~0.36

=== 两个分布分得开吗 ===
  金标置信度   p10=0.000 p50=0.644 p90=0.821
  自由开火     p10=0.012 p50=0.041 p90=0.495
  区分度 AUC   0.7395   (0.5 = 完全分不开)

判读: 没有可用工作点。要把密度压到你的量级需门槛 ≥0.90,那时召回只剩 0.4%;区分度 AUC 0.740 说明 v9 给金标和给垃圾的置信度有差异但不够 —— 问题在训练集构造(负样本不足),调门槛救不了,必须重训。
注:门槛与 promote 属 owner 决策,本脚本只测不改。
=== A 完成 18:18 ===
