2026-07-28 12:47 UTC  100 币 x 4 数据源
  [10/100] ARB_USDT_SWAP        fund+100 long+720 open+720 take+720
  [20/100] BNB_USDT_SWAP        fund+100 long+720 open+720 take+720
  [30/100] DOOD_USDT_SWAP       fund+100 long+720 open+720 take+720
  [40/100] GPS_USDT_SWAP        fund+100 long+720 open+720 take+720
  [50/100] JELLYJELLY_USDT_SWAP fund+100 long+720 open+720 take+720
  [60/100] MINA_USDT_SWAP       fund+100 long+720 open+720 take+720
  [70/100] PARTI_USDT_SWAP      fund+100 long+720 open+720 take+720
  [80/100] RVN_USDT_SWAP        fund+100 long+720 open+720 take+720
  [90/100] TRX_USDT_SWAP        fund+100 long+720 open+720 take+720
  [100/100] ZK_USDT_SWAP         fund+100 long+720 open+720 take+720

新增行数:
  funding            +9700    覆盖 99 币
  long_short_ratio   +69840   覆盖 99 币
  open_interest      +69840   覆盖 99 币
  taker_volume       +69840   覆盖 99 币

错误(按出现次数):
  x3  Token does not exist
  x1  Instrument ID, Instrument ID code, or Spread ID doesn't exist.

注:另类数据的历史深度由交易所决定(资金费率 ~3 月,其余 ~30 天),
    判断层训练池始于 2025-11 —— 现在只能开始积累,无法回补。
