v10 池 18379 行   P1 池 18103 行
目标:v10 net_barrier_taker  ·  P1 net_ret_swap_taker(均已含 10bp taker)

级    隔离的变量                        顶档提升       顶档绝对   折     轮
S0   — 我 07-30 的配置             +22.56bp    +30.76bp  15   250
S0b  alpha 因子(19 个)            +13.16bp    +13.68bp  15   250
S1   数据 + 特征语义                 +20.83bp    +19.48bp  15   250
S2   切分方案                       +8.85bp     -2.45bp   5   250
S3   成本口径 +5bp                  +8.85bp     -7.45bp   5   250
S4   模型配置 + 早停                  +0.71bp    -13.48bp   5     2

从    到    变量                            顶档绝对增量
S0   S0b  alpha 因子(19 个)               -17.08bp
S0b  S1   数据 + 特征语义                     +5.80bp
S1   S2   切分方案                         -21.93bp
S2   S3   成本口径 +5bp                     -5.00bp
S3   S4   模型配置 + 早停                     -6.03bp

S0→S4 总差 -44.24bp   四级之和 -44.24bp   残差 -0.00bp
P2 报告的逐折 exact-top 为 -15.91bp;本阶梯 S4 顶档绝对 -13.48bp
最大单级:切分方案 -21.93bp
符号翻转发生在:切分方案

注:pre-holdout 双方,未读 holdout,未 promote,未写 models/,不改 P2 rejected 结论。
