{
  "pool_mode": "expanded",
  "side": "short",
  "bar": "15m",
  "horizon_bars": 72,
  "series_scanned": 419,
  "candidates": 39063,
  "symbols_with_candidates": 373,
  "time_range": [
    "2025-06-04 12:45:00+00:00",
    "2026-07-21 21:00:00+00:00"
  ],
  "label_counts": {
    "0": 24168,
    "1": 14895
  },
  "outcome_counts": {
    "sl": 23052,
    "tp": 14895,
    "timeout": 1068,
    "sl_ambiguous": 48
  },
  "positive_rate": 0.3813,
  "mean_realized_ret": 0.00173,
  "feature_count": 28,
  "output": "/Users/zhangzc/fable-trading/data/judgment_dataset_v2_expanded_short.csv"
}
