{
  "pool_mode": "strict",
  "side": "short",
  "bar": "15m",
  "horizon_bars": 72,
  "series_scanned": 419,
  "candidates": 9729,
  "symbols_with_candidates": 342,
  "time_range": [
    "2025-06-04 14:45:00+00:00",
    "2026-07-19 07:00:00+00:00"
  ],
  "label_counts": {
    "0": 6074,
    "1": 3655
  },
  "outcome_counts": {
    "sl": 5859,
    "tp": 3655,
    "timeout": 202,
    "sl_ambiguous": 13
  },
  "positive_rate": 0.3757,
  "mean_realized_ret": 0.0012,
  "feature_count": 28,
  "output": "/Users/zhangzc/fable-trading/data/judgment_dataset_v2_strict_short.csv"
}
