① 量 v9 在你的空头金标上的置信度…
   金标 241 个

② 量 v9 的自由开火率(12 币 x 2000 bar)…
  0G_USDT_SWAP: 扫 2000 bar, 开火 94
  1INCH_USDT_SWAP: 扫 2000 bar, 开火 185
  2Z_USDT_SWAP: 扫 2000 bar, 开火 283
  AAVE_USDT_SWAP: 扫 2000 bar, 开火 375
  ACH_USDT_SWAP: 扫 2000 bar, 开火 467
  ACT_USDT_SWAP: 扫 2000 bar, 开火 559
  ACU_USDT_SWAP: 扫 2000 bar, 开火 655
  ADA_USDT_SWAP: 扫 2000 bar, 开火 755
  AERO_USDT_SWAP: 扫 2000 bar, 开火 851
  AEVO_USDT_SWAP: 扫 2000 bar, 开火 943
  AGLD_USDT_SWAP: 扫 2000 bar, 开火 1037
  AIXBT_USDT_SWAP: 扫 2000 bar, 开火 1129
   扫描 24000 bar / 12 币 = 0.68 币·月,开火 1129

=== 门槛扫描:召回 vs 开火密度 ===
    门槛       金标召回      开火数       每币每月          对比你的密度
  0.01      96.3%     1129    1649.6          4582x
  0.05      86.3%      497     726.2          2017x
  0.10      79.3%      355     518.7          1441x
  0.20      59.3%      207     302.5           840x
  0.30      19.5%      104     152.0           422x
  0.40       0.0%        2       2.9             8x
  0.50       0.0%        0       0.0             0x
  0.60       0.0%        0       0.0             0x
  0.70       0.0%        0       0.0             0x
  0.80       0.0%        0       0.0             0x
  0.90       0.0%        0       0.0             0x
  你的标注                     0.18~0.36

=== 两个分布分得开吗 ===
  金标置信度   p10=0.028 p50=0.235 p90=0.325
  自由开火     p10=0.011 p50=0.040 p90=0.292
  区分度 AUC   0.7575   (0.5 = 完全分不开)

判读: 没有可用工作点。要把密度压到你的量级需门槛 ≥0.50,那时召回只剩 0.0%;区分度 AUC 0.757 说明 v9 给金标和给垃圾的置信度有差异但不够 —— 问题在训练集构造(负样本不足),调门槛救不了,必须重训。
注:门槛与 promote 属 owner 决策,本脚本只测不改。
