① 定位 owner 空头金标 tip(与 v10 同一套口径:MAD 达标 + 方向取较大位移)…
   空头金标 tip 244 个,覆盖 152 币

② 采负样本(随机 / 机械密集)…
   随机负 968 · 密集负 968 · 同门负(密集+跌破) 968

③ 在 tip 上计算因果特征…
   正 244 · 随机负 968 · 密集负 968 · 同门负 968

=== 下限对照:金标 vs 随机 bar ===
  训练 819 → 测试 393(正类率 0.158)
  AUC 0.9886   95%CI [0.9699, 1.0073]
  最重要特征: af_boll_pos, spread_mean24, spread_chg8, order_score, af_vwap_dev

=== 中间对照:金标 vs 机械密集 bar ===
  训练 748 → 测试 464(正类率 0.134)
  AUC 0.9989   95%CI [0.9931, 1.0047]
  最重要特征: ma_spread_pct, spread_chg8, full_spread, close_vs_ema55, spread_pos96

=== 真问题:金标 vs 同门 bar(密集+跌破) ===
  训练 731 → 测试 481(正类率 0.129)
  AUC 0.9938   95%CI [0.9801, 1.0076]
  最重要特征: ma_spread_pct, spread_chg8, full_spread, spread_pos96, af_ma_bandwidth_pct

判读: AUC 0.994,CI [0.980, 1.008] —— 因果窗口里确实有可学信息,继续修检测器是对的方向
注:训练池内时间切分,未碰 holdout;这测的是「标注能否被因果学习」,不是「学了能不能赚钱」。
