① 定位空头金标 tip…
   242 个,覆盖 152 币

② 对这些币的每一根 bar 计算因果特征(负样本 = 其余所有 bar)…
   [20/152]
   [40/152]
   [60/152]
   [80/152]
   [100/152]
   [120/152]
   [140/152]

   总 bar 4,392,738   金标 1685   基础率 0.0384%
   训练 3,052,102(金标 1254) → 测试 1,340,636(金标 431,= 458.8 币·月)

=== 在不同「开火密度」下的精度 ===
       密度(条/币·月)      取前 N      命中金标        精度       召回     vs 基础率
            0.2        92         0     0.00%    0.00%       0.0x  ← 你的标注密度
            0.3       138         0     0.00%    0.00%       0.0x  ← 你的标注密度
            0.5       229         0     0.00%    0.00%       0.0x
            1.0       459         0     0.00%    0.00%       0.0x
            3.0     1,376         0     0.00%    0.00%       0.0x
           10.0     4,588        12     0.26%    2.78%       6.8x
           48.8    22,388        51     0.23%   11.83%       5.9x  ← v9 的密度
            基础率                       0.0384%

判读: 在你的标注密度(0.3 条/币·月,取前 138 根)下,模型挑中的金标数为 0 —— 因果特征无法在这个密度上定位你的标注。
注:负样本是「其余所有 bar」,不是挑出来的,所以这个数不随采样口径变化。
    这测的是「标注能否被因果定位」,不是「定位了能不能赚钱」。
