池 25602 行,计算 alpha 因子…
特征 47   全池每笔净 +0.1691%

  折  1  全池  +0.0524%  分类  -0.2123%  回归  +0.3730%  差  +0.5853%
  折  2  全池  +0.0519%  分类  -0.0795%  回归  +0.2966%  差  +0.3762%
  折  3  全池  +0.1605%  分类  -0.2015%  回归  -0.5131%  差  -0.3116%
  折  4  全池  +0.0041%  分类  +0.1095%  回归  +0.2699%  差  +0.1604%
  折  5  全池  -0.0605%  分类  -0.0936%  回归  +0.1641%  差  +0.2576%
  折  6  全池  +0.2536%  分类  +0.0993%  回归  +0.4103%  差  +0.3109%
  折  7  全池  +0.3623%  分类  +0.5265%  回归  +0.6506%  差  +0.1241%
  折  8  全池  +0.2059%  分类  +0.1509%  回归  +0.5893%  差  +0.4384%
  折  9  全池  +0.1413%  分类  -0.1036%  回归  +0.4101%  差  +0.5137%
  折 10  全池  +0.3618%  分类  +0.4031%  回归  +0.5866%  差  +0.1835%
  折 11  全池  +0.2054%  分类  +0.0663%  回归  +0.3247%  差  +0.2585%
  折 12  全池  +0.1408%  分类  -0.0486%  回归  +0.0293%  差  +0.0778%
  折 13  全池  +0.3141%  分类  +0.1618%  回归  +0.1945%  差  +0.0327%
  折 14  全池  +0.2494%  分类  +0.1833%  回归  -0.0686%  差  -0.2519%
  折 15  全池  +0.0930%  分类  -0.1123%  回归  +0.3508%  差  +0.4631%

=== 配对检验(15 折,同折同数据)===
  回归 − 分类 的平均差   +21.46 bp   标准误 6.68 bp
  t = +3.21                 |t|>2.58 对应 p<0.01
  符号检验 13/15 折回归更好   双侧 p = 0.0074

=== 置换检验(200 次,打乱目标后重训)===
  真实回归顶档提升 +10.21 bp
  打乱后提升 中位 +3.44 bp  p90 +21.34 bp
  p(打乱能达到真实值) = 0.3200

判读: 回归目标比分类目标平均高 +21.46bp(t=+3.21),13/15 折更优(p=0.0074),置换 p=0.3200 —— 未达显著性标准。注:CPCV 折之间有重叠,以上 p 值偏乐观。
注:训练池内,未碰 holdout;是否改判断层目标属 owner 决策。
