10:43:33 RUN btc regime rows: 39272
10:45:34 RUN [3/297] BEAT_USDT_SWAP: fires=1 rows=1
10:47:34 RUN [5/297] ATOM_USDT_SWAP: fires=89 rows=89
10:49:35 RUN [7/297] BABY_USDT_SWAP: fires=52 rows=52
10:51:36 RUN [9/297] POL_USDT_SWAP: fires=79 rows=79
10:53:36 RUN [12/297] ARB_USDT_SWAP: fires=39 rows=39
10:55:37 RUN [15/297] SOPH_USDT_SWAP: fires=69 rows=69
10:57:38 RUN [17/297] OP_USDT_SWAP: fires=52 rows=52
10:59:38 RUN [21/297] KITE_USDT_SWAP: fires=2 rows=2
11:01:39 RUN [24/297] WAL_USDT_SWAP: fires=52 rows=52
11:03:40 RUN [25/297] ORDER_USDT_SWAP: fires=24 rows=24
11:05:40 RUN [26/297] BCH_USDT_SWAP: fires=145 rows=143
11:07:41 RUN [27/297] NG_USDT_SWAP: fires=21 rows=20
11:09:42 RUN [27/297] NG_USDT_SWAP: fires=21 rows=20
11:11:42 RUN [30/297] MOODENG_USDT_SWAP: fires=45 rows=45
11:13:43 RUN [32/297] PARTI_USDT_SWAP: fires=40 rows=40
11:15:44 RUN [33/297] DOT_USDT_SWAP: fires=69 rows=69
11:17:44 RUN [35/297] HOME_USDT_SWAP: fires=62 rows=62
11:19:45 RUN [37/297] WIF_USDT_SWAP: fires=39 rows=39
11:21:46 RUN [39/297] SYRUP_USDT_SWAP: fires=32 rows=31
11:23:46 RUN [41/297] SUSHI_USDT_SWAP: fires=52 rows=52
11:25:47 RUN [44/297] APR_USDT_SWAP: fires=12 rows=12
11:27:48 RUN [48/297] EGLD_USDT_SWAP: fires=57 rows=57
11:29:48 RUN [48/297] EGLD_USDT_SWAP: fires=57 rows=57
11:31:49 RUN [50/297] ALGO_USDT_SWAP: fires=67 rows=67
11:33:50 RUN [52/297] GLM_USDT_SWAP: fires=97 rows=97
11:35:50 RUN [54/297] AVNT_USDT_SWAP: fires=21 rows=21
11:37:51 RUN [57/297] APT_USDT_SWAP: fires=68 rows=68
11:39:52 RUN [60/297] MEME_USDT_SWAP: fires=49 rows=49
11:41:52 RUN [64/297] IWM_USDT_SWAP: fires=12 rows=6
11:43:53 RUN [67/297] IOTA_USDT_SWAP: fires=70 rows=70
11:45:53 RUN [72/297] AIXBT_USDT_SWAP: fires=17 rows=17
11:47:54 RUN [76/297] THETA_USDT_SWAP: fires=36 rows=36
11:49:55 RUN [78/297] MORPHO_USDT_SWAP: fires=69 rows=69
11:51:55 RUN [79/297] SHIB_USDT_SWAP: fires=121 rows=121
11:53:56 RUN [88/297] LAB_USDT_SWAP: fires=2 rows=2
11:55:57 RUN [90/297] AGLD_USDT_SWAP: fires=54 rows=54
11:57:57 RUN [92/297] SAHARA_USDT_SWAP: fires=87 rows=87
11:59:58 RUN [96/297] TAO_USDT_SWAP: fires=50 rows=50
12:01:59 RUN [99/297] WET_USDT_SWAP: fires=22 rows=22
12:03:59 RUN [101/297] AEVO_USDT_SWAP: fires=47 rows=47
12:06:00 RUN [104/297] FOGO_USDT_SWAP: fires=6 rows=6
12:08:00 RUN [107/297] MEW_USDT_SWAP: fires=40 rows=40
12:10:01 RUN [112/297] INJ_USDT_SWAP: fires=57 rows=57
12:12:02 RUN [118/297] XPL_USDT_SWAP: fires=9 rows=9
12:14:02 RUN [121/297] ARM_USDT_SWAP: fires=1 rows=1
12:16:03 RUN [124/297] ARKM_USDT_SWAP: fires=43 rows=43
12:18:04 RUN [129/297] BLEND_USDT_SWAP: fires=0
12:20:04 RUN [130/297] AT_USDT_SWAP: fires=90 rows=89
12:22:05 RUN [133/297] CRWV_USDT_SWAP: fires=8 rows=8
12:24:05 RUN [134/297] ACH_USDT_SWAP: fires=62 rows=62
12:26:06 RUN [134/297] ACH_USDT_SWAP: fires=62 rows=62
12:28:07 RUN [134/297] ACH_USDT_SWAP: fires=62 rows=62
12:30:07 RUN [134/297] ACH_USDT_SWAP: fires=62 rows=62
12:32:08 RUN [134/297] ACH_USDT_SWAP: fires=62 rows=62
12:34:09 RUN [134/297] ACH_USDT_SWAP: fires=62 rows=62
12:36:09 RUN [136/297] TRX_USDT_SWAP: fires=280 rows=179
12:38:10 RUN [137/297] TURBO_USDT_SWAP: fires=41 rows=41
12:40:10 RUN [141/297] ZAMA_USDT_SWAP: fires=9 rows=9
12:42:11 RUN [141/297] ZAMA_USDT_SWAP: fires=9 rows=9
12:44:12 RUN [144/297] SPK_USDT_SWAP: fires=34 rows=34
12:46:12 RUN [147/297] HYPE_USDT_SWAP: fires=46 rows=46
12:48:13 RUN [150/297] SKY_USDT_SWAP: fires=71 rows=71
12:50:14 RUN [152/297] COMP_USDT_SWAP: fires=76 rows=76
12:52:14 RUN [153/297] LINK_USDT_SWAP: fires=80 rows=80
12:54:15 RUN [154/297] CORE_USDT_SWAP: fires=73 rows=72
12:56:16 RUN [160/297] STABLE_USDT_SWAP: fires=14 rows=14
12:58:17 RUN [164/297] PENDLE_USDT_SWAP: fires=26 rows=26
13:00:17 RUN [165/297] CHZ_USDT_SWAP: fires=80 rows=80
13:02:18 RUN [169/297] LQTY_USDT_SWAP: fires=67 rows=67
13:04:18 RUN [173/297] LIGHT_USDT_SWAP: fires=21 rows=21
13:06:19 RUN [173/297] LIGHT_USDT_SWAP: fires=21 rows=21
13:08:20 RUN [174/297] CRO_USDT_SWAP: fires=146 rows=143
13:10:20 RUN [177/297] HBAR_USDT_SWAP: fires=78 rows=78
13:12:21 RUN [182/297] USAR_USDT_SWAP: fires=0
13:14:22 RUN [185/297] NEO_USDT_SWAP: fires=83 rows=83
13:16:22 RUN [188/297] BASED_USDT_SWAP: fires=0
13:18:23 RUN [188/297] BASED_USDT_SWAP: fires=0
13:20:33 SSH_FAIL
13:39:25 SSH_FAIL
13:41:35 SSH_FAIL
13:43:45 SSH_FAIL
13:45:55 SSH_FAIL
13:48:05 SSH_FAIL
13:50:15 SSH_FAIL
13:52:25 SSH_FAIL
13:54:36 SSH_FAIL
13:56:46 SSH_FAIL
13:58:56 SSH_FAIL
14:01:06 SSH_FAIL
14:03:06 SSH_FAIL
14:05:06 SSH_FAIL
14:07:06 SSH_FAIL
