=== tip-smoke mode=tip symbols=27 tip_conf=None ===
  smoke BONK_USDT_SWAP: fired=False tipish=[] n_hits=0
  smoke CAP_USDT_SWAP: fired=True tipish=[2511] n_hits=1
  smoke DOOD_USDT_SWAP: fired=True tipish=[39749] n_hits=1
  smoke EDEN_USDT_SWAP: fired=True tipish=[28339] n_hits=1
  smoke GPS_USDT_SWAP: fired=False tipish=[] n_hits=0
  smoke HOME_USDT_SWAP: fired=True tipish=[38808] n_hits=1
  smoke KAITO_USDT_SWAP: fired=True tipish=[39745] n_hits=1
  smoke KGEN_USDT_SWAP: fired=True tipish=[26639] n_hits=1
  smoke KITE_USDT_SWAP: fired=True tipish=[10037] n_hits=1
  smoke KORU_USDT_SWAP: fired=True tipish=[2716] n_hits=1
  smoke LIGHT_USDT_SWAP: fired=False tipish=[] n_hits=0
  smoke MMT_USDT_SWAP: fired=False tipish=[] n_hits=0
  smoke MUU_USDT_SWAP: fired=True tipish=[1947] n_hits=1
  smoke MVLL_USDT_SWAP: fired=False tipish=[] n_hits=0
  smoke OL_USDT_SWAP: fired=True tipish=[24987] n_hits=1
  smoke OPG_USDT_SWAP: fired=True tipish=[8669] n_hits=1
  smoke PARTI_USDT_SWAP: fired=True tipish=[39742] n_hits=1
  smoke PEPE_USDT_SWAP: fired=True tipish=[39842] n_hits=1
  smoke PIEVERSE_USDT_SWAP: fired=True tipish=[23859] n_hits=1
  smoke RAM_USDT_SWAP: fired=True tipish=[1946] n_hits=1
  smoke RECALL_USDT_SWAP: fired=True tipish=[25464] n_hits=1
  smoke ROBO_USDT_SWAP: fired=False tipish=[] n_hits=0
  smoke SOON_USDT_SWAP: fired=False tipish=[] n_hits=0
  smoke SPX_USDT_SWAP: fired=True tipish=[35565] n_hits=1
  smoke UB_USDT_SWAP: fired=True tipish=[8171] n_hits=1
  smoke XPL_USDT_SWAP: fired=False tipish=[] n_hits=0
  smoke YB_USDT_SWAP: fired=True tipish=[27205] n_hits=1
=== tip-smoke mode=live (control) ===
  smoke BONK_USDT_SWAP: fired=False tipish=[] n_hits=0
  smoke CAP_USDT_SWAP: fired=True tipish=[2511] n_hits=1
  smoke DOOD_USDT_SWAP: fired=False tipish=[] n_hits=1
  smoke EDEN_USDT_SWAP: fired=False tipish=[] n_hits=1
  smoke GPS_USDT_SWAP: fired=False tipish=[] n_hits=0
  smoke HOME_USDT_SWAP: fired=True tipish=[38808] n_hits=1
  smoke KAITO_USDT_SWAP: fired=True tipish=[39744] n_hits=1
  smoke KGEN_USDT_SWAP: fired=False tipish=[] n_hits=1
  smoke KITE_USDT_SWAP: fired=False tipish=[] n_hits=1
  smoke KORU_USDT_SWAP: fired=False tipish=[] n_hits=1
  smoke LIGHT_USDT_SWAP: fired=False tipish=[] n_hits=0
  smoke MMT_USDT_SWAP: fired=False tipish=[] n_hits=0
  smoke MUU_USDT_SWAP: fired=False tipish=[] n_hits=1
  smoke MVLL_USDT_SWAP: fired=False tipish=[] n_hits=1
  smoke OL_USDT_SWAP: fired=False tipish=[] n_hits=1
  smoke OPG_USDT_SWAP: fired=False tipish=[] n_hits=1
  smoke PARTI_USDT_SWAP: fired=False tipish=[] n_hits=1
  smoke PEPE_USDT_SWAP: fired=True tipish=[39842] n_hits=1
  smoke PIEVERSE_USDT_SWAP: fired=False tipish=[] n_hits=1
  smoke RAM_USDT_SWAP: fired=False tipish=[] n_hits=1
  smoke RECALL_USDT_SWAP: fired=False tipish=[] n_hits=1
  smoke ROBO_USDT_SWAP: fired=False tipish=[] n_hits=1
  smoke SOON_USDT_SWAP: fired=False tipish=[] n_hits=1
  smoke SPX_USDT_SWAP: fired=False tipish=[] n_hits=1
  smoke UB_USDT_SWAP: fired=False tipish=[] n_hits=1
  smoke XPL_USDT_SWAP: fired=False tipish=[] n_hits=1
  smoke YB_USDT_SWAP: fired=False tipish=[] n_hits=1
smoke tip fired=19/27 live fired=4/27
wrote analysis/output/diag_tip_smoke_owner_side_short_tip_v1b.json
