/Users/zhangzc/fable-trading/.venv/lib/python3.9/site-packages/sklearn/linear_model/_linear_loss.py:330: RuntimeWarning: divide by zero encountered in matmul
  grad[:n_features] = X.T @ grad_pointwise + l2_reg_strength * weights
/Users/zhangzc/fable-trading/.venv/lib/python3.9/site-packages/sklearn/linear_model/_linear_loss.py:330: RuntimeWarning: overflow encountered in matmul
  grad[:n_features] = X.T @ grad_pointwise + l2_reg_strength * weights
/Users/zhangzc/fable-trading/.venv/lib/python3.9/site-packages/sklearn/linear_model/_linear_loss.py:330: RuntimeWarning: invalid value encountered in matmul
  grad[:n_features] = X.T @ grad_pointwise + l2_reg_strength * weights
{
  "dataset": "data/judgment_dataset_v2_expanded_short.csv",
  "bar": "15m",
  "horizon_bars": 72,
  "purge_window": "0 days 18:15:00",
  "holdout_start": "2026-05-04 00:00:00+00:00",
  "splits": {
    "train": {
      "n": 23477,
      "range": [
        "2025-06-04 12:45:00+00:00",
        "2026-03-23 10:30:00+00:00"
      ]
    },
    "val": {
      "n": 5896,
      "range": [
        "2026-03-24 06:30:00+00:00",
        "2026-05-03 05:30:00+00:00"
      ]
    },
    "holdout": {
      "n": 9349,
      "range": [
        "2026-05-04 00:00:00+00:00",
        "2026-07-21 21:00:00+00:00"
      ]
    }
  },
  "best_iteration": 40,
  "val": {
    "n": 5896,
    "positive_rate": 0.3468,
    "roc_auc": 0.5986,
    "pr_auc": 0.4275,
    "thresholds": {
      "0.4": {
        "n_signals": 3007,
        "precision": 0.411,
        "recall": 0.6044
      },
      "0.5": {
        "n_signals": 370,
        "precision": 0.4946,
        "recall": 0.0895
      },
      "0.6": {
        "n_signals": 0,
        "precision": 0.0,
        "recall": 0.0
      },
      "0.7": {
        "n_signals": 0,
        "precision": 0.0,
        "recall": 0.0
      }
    },
    "top_decile": {
      "n": 589,
      "mean_realized_ret": 0.00263,
      "mean_net_ret": 0.00063,
      "win_rate": 0.4618
    },
    "all_mean_net_ret": -0.00115
  },
  "val_permutation_p": 0.000999000999000999,
  "val_baseline_ma_spread_logreg": {
    "n": 5896,
    "positive_rate": 0.3468,
    "roc_auc": 0.5845,
    "pr_auc": 0.4199,
    "thresholds": {
      "0.4": {
        "n_signals": 1985,
        "precision": 0.4282,
        "recall": 0.4156
      },
      "0.5": {
        "n_signals": 0,
        "precision": 0.0,
        "recall": 0.0
      },
      "0.6": {
        "n_signals": 0,
        "precision": 0.0,
        "recall": 0.0
      },
      "0.7": {
        "n_signals": 0,
        "precision": 0.0,
        "recall": 0.0
      }
    },
    "top_decile": {
      "n": 589,
      "mean_realized_ret": 0.00345,
      "mean_net_ret": 0.00145,
      "win_rate": 0.472
    },
    "all_mean_net_ret": -0.00115
  },
  "feature_importance_top10": [
    {
      "feature": "ext_up",
      "gain": 1802.4539022445679
    },
    {
      "feature": "close_vs_ema200",
      "gain": 1605.191795349121
    },
    {
      "feature": "ret_4",
      "gain": 1367.1648807525635
    },
    {
      "feature": "atr_pct_ratio96",
      "gain": 1294.4649000167847
    },
    {
      "feature": "close_vs_ema55",
      "gain": 1165.0718927383423
    },
    {
      "feature": "atr_pct",
      "gain": 705.5131893157959
    },
    {
      "feature": "ret_12",
      "gain": 649.819504737854
    },
    {
      "feature": "dense_frac48",
      "gain": 545.936201095581
    },
    {
      "feature": "spread_chg24",
      "gain": 507.74720191955566
    },
    {
      "feature": "spread_chg8",
      "gain": 502.0013017654419
    }
  ]
}
