权重 best.pt   扫描窗口 最近 20 小时   conf 0.3

BTC_USDT_SWAP 15m: 扫 81 根, 开火 3
/Users/zhangzc/fable-trading/scripts/scan_recent_multi_tf.py:202: UserWarning: This figure includes Axes that are not compatible with tight_layout, so results might be incorrect.
  fig.tight_layout()
/Users/zhangzc/fable-trading/scripts/scan_recent_multi_tf.py:202: UserWarning: This figure includes Axes that are not compatible with tight_layout, so results might be incorrect.
  fig.tight_layout()
/Users/zhangzc/fable-trading/scripts/scan_recent_multi_tf.py:202: UserWarning: This figure includes Axes that are not compatible with tight_layout, so results might be incorrect.
  fig.tight_layout()
BTC_USDT_SWAP 3m: 扫 401 根, 开火 4
/Users/zhangzc/fable-trading/scripts/scan_recent_multi_tf.py:202: UserWarning: This figure includes Axes that are not compatible with tight_layout, so results might be incorrect.
  fig.tight_layout()
/Users/zhangzc/fable-trading/scripts/scan_recent_multi_tf.py:202: UserWarning: This figure includes Axes that are not compatible with tight_layout, so results might be incorrect.
  fig.tight_layout()
/Users/zhangzc/fable-trading/scripts/scan_recent_multi_tf.py:202: UserWarning: This figure includes Axes that are not compatible with tight_layout, so results might be incorrect.
  fig.tight_layout()
/Users/zhangzc/fable-trading/scripts/scan_recent_multi_tf.py:202: UserWarning: This figure includes Axes that are not compatible with tight_layout, so results might be incorrect.
  fig.tight_layout()
BTC_USDT_SWAP 5m: 扫 241 根, 开火 4
/Users/zhangzc/fable-trading/scripts/scan_recent_multi_tf.py:202: UserWarning: This figure includes Axes that are not compatible with tight_layout, so results might be incorrect.
  fig.tight_layout()
/Users/zhangzc/fable-trading/scripts/scan_recent_multi_tf.py:202: UserWarning: This figure includes Axes that are not compatible with tight_layout, so results might be incorrect.
  fig.tight_layout()
/Users/zhangzc/fable-trading/scripts/scan_recent_multi_tf.py:202: UserWarning: This figure includes Axes that are not compatible with tight_layout, so results might be incorrect.
  fig.tight_layout()
/Users/zhangzc/fable-trading/scripts/scan_recent_multi_tf.py:202: UserWarning: This figure includes Axes that are not compatible with tight_layout, so results might be incorrect.
  fig.tight_layout()
ETH_USDT_SWAP 15m: 扫 81 根, 开火 2
/Users/zhangzc/fable-trading/scripts/scan_recent_multi_tf.py:202: UserWarning: This figure includes Axes that are not compatible with tight_layout, so results might be incorrect.
  fig.tight_layout()
/Users/zhangzc/fable-trading/scripts/scan_recent_multi_tf.py:202: UserWarning: This figure includes Axes that are not compatible with tight_layout, so results might be incorrect.
  fig.tight_layout()
ETH_USDT_SWAP 3m: 扫 401 根, 开火 4
/Users/zhangzc/fable-trading/scripts/scan_recent_multi_tf.py:202: UserWarning: This figure includes Axes that are not compatible with tight_layout, so results might be incorrect.
  fig.tight_layout()
/Users/zhangzc/fable-trading/scripts/scan_recent_multi_tf.py:202: UserWarning: This figure includes Axes that are not compatible with tight_layout, so results might be incorrect.
  fig.tight_layout()
/Users/zhangzc/fable-trading/scripts/scan_recent_multi_tf.py:202: UserWarning: This figure includes Axes that are not compatible with tight_layout, so results might be incorrect.
  fig.tight_layout()
/Users/zhangzc/fable-trading/scripts/scan_recent_multi_tf.py:202: UserWarning: This figure includes Axes that are not compatible with tight_layout, so results might be incorrect.
  fig.tight_layout()
ETH_USDT_SWAP 5m: 扫 241 根, 开火 4
/Users/zhangzc/fable-trading/scripts/scan_recent_multi_tf.py:202: UserWarning: This figure includes Axes that are not compatible with tight_layout, so results might be incorrect.
  fig.tight_layout()
/Users/zhangzc/fable-trading/scripts/scan_recent_multi_tf.py:202: UserWarning: This figure includes Axes that are not compatible with tight_layout, so results might be incorrect.
  fig.tight_layout()
/Users/zhangzc/fable-trading/scripts/scan_recent_multi_tf.py:202: UserWarning: This figure includes Axes that are not compatible with tight_layout, so results might be incorrect.
  fig.tight_layout()
/Users/zhangzc/fable-trading/scripts/scan_recent_multi_tf.py:202: UserWarning: This figure includes Axes that are not compatible with tight_layout, so results might be incorrect.
  fig.tight_layout()

   周期    信号     已了结   TP   SL    超时     净@taker均值  说明
  15m     5       3    3    0     0       +1.567%  
   5m     8       7    2    5     0       -0.247%  ← 分布外,不构成验证
   3m     8       8    4    3     1       +0.085%  ← 分布外,不构成验证

图 21 张 -> /Users/zhangzc/fable-trading/analysis/output/btc_eth_signals_v10
