pos train=2230 val=405
neg existing={'train': 0, 'val': 0} need={'train': 2230, 'val': 405}
  train neg 100/2230
  train neg 200/2230
  train neg 300/2230
  train neg 400/2230
  train neg 500/2230
  train neg 600/2230
  train neg 700/2230
  train neg 800/2230
  train neg 900/2230
  train neg 1000/2230
  train neg 1100/2230
  train neg 1200/2230
  train neg 1300/2230
  train neg 1400/2230
  train neg 1500/2230
  train neg 1600/2230
  train neg 1700/2230
  train neg 1800/2230
  train neg 1900/2230
  train neg 2000/2230
  train neg 2100/2230
  train neg 2200/2230
  val neg 100/405
  val neg 200/405
  val neg 300/405
  val neg 400/405
{
  "generated_at": "2026-08-06T17:01:28.638944+00:00",
  "protocol": "empty_bg_same_render_pipeline_W20_30",
  "dataset": "/Users/zhangzc/fable-trading/datasets/dense_owner_w20_midbox",
  "ratio": 1.0,
  "margin_bars": 15,
  "made": {
    "train": 2230,
    "val": 405
  },
  "need": {
    "train": 2230,
    "val": 405
  },
  "train": {
    "images": 4460,
    "pos": 2230,
    "neg": 2230
  },
  "val": {
    "images": 810,
    "pos": 405,
    "neg": 405
  },
  "n_neg_manifest": 2635
}
