... 100 ok  skips={}
... 200 ok  skips={}
... 300 ok  skips={}
... 400 ok  skips={}
... 500 ok  skips={}
... 600 ok  skips={}
... 700 ok  skips={}
... 800 ok  skips={}
... 900 ok  skips={}
... 1000 ok  skips={}
... 1100 ok  skips={}
... 1200 ok  skips={}
... 1300 ok  skips={}
... 1400 ok  skips={}
... 1500 ok  skips={}
... 1600 ok  skips={}
... 1700 ok  skips={}
... 1800 ok  skips={}
... 1900 ok  skips={}
... 2000 ok  skips={}
... 2100 ok  skips={}
... 2200 ok  skips={}
... 2300 ok  skips={}
... 2400 ok  skips={}
... 2500 ok  skips={}
... 2600 ok  skips={}
{
  "generated_at": "2026-08-06T16:57:05.348688+00:00",
  "protocol": "mid_bar_pm_2_3_random_window_20_30",
  "src": "/Users/zhangzc/fable-trading/datasets/dense_owner_v14_pad200",
  "out": "/Users/zhangzc/fable-trading/datasets/dense_owner_w20_midbox",
  "seed": 20260807,
  "augs": 1,
  "counts": {
    "train": 2635,
    "val": 0
  },
  "skip_reasons": {},
  "n_manifest": 2635,
  "win_min": 20,
  "win_max": 30,
  "half_choices": [
    2,
    3
  ]
}
