scan_launch=2026-07-24T08:15:00Z
[2026-07-24T08:15:00Z] driver start chunk=1 device=cpu weights=runs/detect/runs/detect/owner_side_short_tip_v1b/weights/best.pt out=data/judgment_yolo_owner_side_short_30_6m.csv symbols_file=analysis/output/yolo_short_30_6m_symbols.txt months=6 end_before=2026-05-04 start_time=none
[2026-07-24T08:15:00Z] chunk=1 done=0/30
swap series to scan: 1  workers=1  side=short  resume=True  signal_window=[2025-11-04 00:00:00+00:00, 2026-05-04 00:00:00+00:00)
  AAVE_USDT_SWAP: 253 YOLO候选 (short)
  … progress 1/1
{
  "side": "short",
  "weights": "/Users/zhangzc/fable-trading/runs/detect/runs/detect/owner_side_short_tip_v1b/weights/best.pt",
  "series_this_chunk": 1,
  "candidates_so_far": 253,
  "symbols_so_far": 1,
  "pos_rate": 0.3004,
  "out": "data/judgment_yolo_owner_side_short_30_6m.csv",
  "workers": 1,
  "checkpoint": true,
  "signal_time_lo": "2025-11-04 00:00:00+00:00",
  "signal_time_hi": "2026-05-04 00:00:00+00:00",
  "symbols_filter": [
    "AAVE_USDT_SWAP",
    "ADA_USDT_SWAP",
    "APT_USDT_SWAP",
    "ARB_USDT_SWAP",
    "ATOM_USDT_SWAP",
    "AVAX_USDT_SWAP",
    "BCH_USDT_SWAP",
    "BNB_USDT_SWAP",
    "BTC_USDT_SWAP",
    "DOGE_USDT_SWAP",
    "DOT_USDT_SWAP",
    "ETC_USDT_SWAP",
    "ETH_USDT_SWAP",
    "FIL_USDT_SWAP",
    "ICP_USDT_SWAP",
    "INJ_USDT_SWAP",
    "LINK_USDT_SWAP",
    "LTC_USDT_SWAP",
    "NEAR_USDT_SWAP",
    "OP_USDT_SWAP",
    "PEPE_USDT_SWAP",
    "POL_USDT_SWAP",
    "SHIB_USDT_SWAP",
    "SOL_USDT_SWAP",
    "SUI_USDT_SWAP",
    "TIA_USDT_SWAP",
    "TRX_USDT_SWAP",
    "UNI_USDT_SWAP",
    "WIF_USDT_SWAP",
    "XRP_USDT_SWAP"
  ]
}
[2026-07-24T08:15:22Z] chunk=1 exit=0 done_after=1
[2026-07-24T08:15:22Z] chunk=2 done=1/30
resume: skip 1 done symbols (1 marked); remain 29
swap series to scan: 1  workers=1  side=short  resume=True  signal_window=[2025-11-04 00:00:00+00:00, 2026-05-04 00:00:00+00:00)
  ADA_USDT_SWAP: 259 YOLO候选 (short)
  … progress 1/1
{
  "side": "short",
  "weights": "/Users/zhangzc/fable-trading/runs/detect/runs/detect/owner_side_short_tip_v1b/weights/best.pt",
  "series_this_chunk": 1,
  "candidates_so_far": 512,
  "symbols_so_far": 2,
  "pos_rate": 0.2988,
  "out": "data/judgment_yolo_owner_side_short_30_6m.csv",
  "workers": 1,
  "checkpoint": true,
  "signal_time_lo": "2025-11-04 00:00:00+00:00",
  "signal_time_hi": "2026-05-04 00:00:00+00:00",
  "symbols_filter": [
    "AAVE_USDT_SWAP",
    "ADA_USDT_SWAP",
    "APT_USDT_SWAP",
    "ARB_USDT_SWAP",
    "ATOM_USDT_SWAP",
    "AVAX_USDT_SWAP",
    "BCH_USDT_SWAP",
    "BNB_USDT_SWAP",
    "BTC_USDT_SWAP",
    "DOGE_USDT_SWAP",
    "DOT_USDT_SWAP",
    "ETC_USDT_SWAP",
    "ETH_USDT_SWAP",
    "FIL_USDT_SWAP",
    "ICP_USDT_SWAP",
    "INJ_USDT_SWAP",
    "LINK_USDT_SWAP",
    "LTC_USDT_SWAP",
    "NEAR_USDT_SWAP",
    "OP_USDT_SWAP",
    "PEPE_USDT_SWAP",
    "POL_USDT_SWAP",
    "SHIB_USDT_SWAP",
    "SOL_USDT_SWAP",
    "SUI_USDT_SWAP",
    "TIA_USDT_SWAP",
    "TRX_USDT_SWAP",
    "UNI_USDT_SWAP",
    "WIF_USDT_SWAP",
    "XRP_USDT_SWAP"
  ]
}
[2026-07-24T08:15:42Z] chunk=2 exit=0 done_after=2
[2026-07-24T08:15:42Z] chunk=3 done=2/30
resume: skip 2 done symbols (2 marked); remain 28
swap series to scan: 1  workers=1  side=short  resume=True  signal_window=[2025-11-04 00:00:00+00:00, 2026-05-04 00:00:00+00:00)
  APT_USDT_SWAP: 260 YOLO候选 (short)
  … progress 1/1
{
  "side": "short",
  "weights": "/Users/zhangzc/fable-trading/runs/detect/runs/detect/owner_side_short_tip_v1b/weights/best.pt",
  "series_this_chunk": 1,
  "candidates_so_far": 772,
  "symbols_so_far": 3,
  "pos_rate": 0.2889,
  "out": "data/judgment_yolo_owner_side_short_30_6m.csv",
  "workers": 1,
  "checkpoint": true,
  "signal_time_lo": "2025-11-04 00:00:00+00:00",
  "signal_time_hi": "2026-05-04 00:00:00+00:00",
  "symbols_filter": [
    "AAVE_USDT_SWAP",
    "ADA_USDT_SWAP",
    "APT_USDT_SWAP",
    "ARB_USDT_SWAP",
    "ATOM_USDT_SWAP",
    "AVAX_USDT_SWAP",
    "BCH_USDT_SWAP",
    "BNB_USDT_SWAP",
    "BTC_USDT_SWAP",
    "DOGE_USDT_SWAP",
    "DOT_USDT_SWAP",
    "ETC_USDT_SWAP",
    "ETH_USDT_SWAP",
    "FIL_USDT_SWAP",
    "ICP_USDT_SWAP",
    "INJ_USDT_SWAP",
    "LINK_USDT_SWAP",
    "LTC_USDT_SWAP",
    "NEAR_USDT_SWAP",
    "OP_USDT_SWAP",
    "PEPE_USDT_SWAP",
    "POL_USDT_SWAP",
    "SHIB_USDT_SWAP",
    "SOL_USDT_SWAP",
    "SUI_USDT_SWAP",
    "TIA_USDT_SWAP",
    "TRX_USDT_SWAP",
    "UNI_USDT_SWAP",
    "WIF_USDT_SWAP",
    "XRP_USDT_SWAP"
  ]
}
[2026-07-24T08:16:03Z] chunk=3 exit=0 done_after=3
[2026-07-24T08:16:03Z] chunk=4 done=3/30
resume: skip 3 done symbols (3 marked); remain 27
swap series to scan: 1  workers=1  side=short  resume=True  signal_window=[2025-11-04 00:00:00+00:00, 2026-05-04 00:00:00+00:00)
  ARB_USDT_SWAP: 262 YOLO候选 (short)
  … progress 1/1
{
  "side": "short",
  "weights": "/Users/zhangzc/fable-trading/runs/detect/runs/detect/owner_side_short_tip_v1b/weights/best.pt",
  "series_this_chunk": 1,
  "candidates_so_far": 1034,
  "symbols_so_far": 4,
  "pos_rate": 0.2892,
  "out": "data/judgment_yolo_owner_side_short_30_6m.csv",
  "workers": 1,
  "checkpoint": true,
  "signal_time_lo": "2025-11-04 00:00:00+00:00",
  "signal_time_hi": "2026-05-04 00:00:00+00:00",
  "symbols_filter": [
    "AAVE_USDT_SWAP",
    "ADA_USDT_SWAP",
    "APT_USDT_SWAP",
    "ARB_USDT_SWAP",
    "ATOM_USDT_SWAP",
    "AVAX_USDT_SWAP",
    "BCH_USDT_SWAP",
    "BNB_USDT_SWAP",
    "BTC_USDT_SWAP",
    "DOGE_USDT_SWAP",
    "DOT_USDT_SWAP",
    "ETC_USDT_SWAP",
    "ETH_USDT_SWAP",
    "FIL_USDT_SWAP",
    "ICP_USDT_SWAP",
    "INJ_USDT_SWAP",
    "LINK_USDT_SWAP",
    "LTC_USDT_SWAP",
    "NEAR_USDT_SWAP",
    "OP_USDT_SWAP",
    "PEPE_USDT_SWAP",
    "POL_USDT_SWAP",
    "SHIB_USDT_SWAP",
    "SOL_USDT_SWAP",
    "SUI_USDT_SWAP",
    "TIA_USDT_SWAP",
    "TRX_USDT_SWAP",
    "UNI_USDT_SWAP",
    "WIF_USDT_SWAP",
    "XRP_USDT_SWAP"
  ]
}
[2026-07-24T08:16:24Z] chunk=4 exit=0 done_after=4
[2026-07-24T08:16:24Z] chunk=5 done=4/30
resume: skip 4 done symbols (4 marked); remain 26
swap series to scan: 1  workers=1  side=short  resume=True  signal_window=[2025-11-04 00:00:00+00:00, 2026-05-04 00:00:00+00:00)
  ATOM_USDT_SWAP: 239 YOLO候选 (short)
  … progress 1/1
{
  "side": "short",
  "weights": "/Users/zhangzc/fable-trading/runs/detect/runs/detect/owner_side_short_tip_v1b/weights/best.pt",
  "series_this_chunk": 1,
  "candidates_so_far": 1273,
  "symbols_so_far": 5,
  "pos_rate": 0.2883,
  "out": "data/judgment_yolo_owner_side_short_30_6m.csv",
  "workers": 1,
  "checkpoint": true,
  "signal_time_lo": "2025-11-04 00:00:00+00:00",
  "signal_time_hi": "2026-05-04 00:00:00+00:00",
  "symbols_filter": [
    "AAVE_USDT_SWAP",
    "ADA_USDT_SWAP",
    "APT_USDT_SWAP",
    "ARB_USDT_SWAP",
    "ATOM_USDT_SWAP",
    "AVAX_USDT_SWAP",
    "BCH_USDT_SWAP",
    "BNB_USDT_SWAP",
    "BTC_USDT_SWAP",
    "DOGE_USDT_SWAP",
    "DOT_USDT_SWAP",
    "ETC_USDT_SWAP",
    "ETH_USDT_SWAP",
    "FIL_USDT_SWAP",
    "ICP_USDT_SWAP",
    "INJ_USDT_SWAP",
    "LINK_USDT_SWAP",
    "LTC_USDT_SWAP",
    "NEAR_USDT_SWAP",
    "OP_USDT_SWAP",
    "PEPE_USDT_SWAP",
    "POL_USDT_SWAP",
    "SHIB_USDT_SWAP",
    "SOL_USDT_SWAP",
    "SUI_USDT_SWAP",
    "TIA_USDT_SWAP",
    "TRX_USDT_SWAP",
    "UNI_USDT_SWAP",
    "WIF_USDT_SWAP",
    "XRP_USDT_SWAP"
  ]
}
[2026-07-24T08:16:47Z] chunk=5 exit=0 done_after=5
[2026-07-24T08:16:47Z] chunk=6 done=5/30
resume: skip 5 done symbols (5 marked); remain 25
swap series to scan: 1  workers=1  side=short  resume=True  signal_window=[2025-11-04 00:00:00+00:00, 2026-05-04 00:00:00+00:00)
  AVAX_USDT_SWAP: 256 YOLO候选 (short)
  … progress 1/1
{
  "side": "short",
  "weights": "/Users/zhangzc/fable-trading/runs/detect/runs/detect/owner_side_short_tip_v1b/weights/best.pt",
  "series_this_chunk": 1,
  "candidates_so_far": 1529,
  "symbols_so_far": 6,
  "pos_rate": 0.2865,
  "out": "data/judgment_yolo_owner_side_short_30_6m.csv",
  "workers": 1,
  "checkpoint": true,
  "signal_time_lo": "2025-11-04 00:00:00+00:00",
  "signal_time_hi": "2026-05-04 00:00:00+00:00",
  "symbols_filter": [
    "AAVE_USDT_SWAP",
    "ADA_USDT_SWAP",
    "APT_USDT_SWAP",
    "ARB_USDT_SWAP",
    "ATOM_USDT_SWAP",
    "AVAX_USDT_SWAP",
    "BCH_USDT_SWAP",
    "BNB_USDT_SWAP",
    "BTC_USDT_SWAP",
    "DOGE_USDT_SWAP",
    "DOT_USDT_SWAP",
    "ETC_USDT_SWAP",
    "ETH_USDT_SWAP",
    "FIL_USDT_SWAP",
    "ICP_USDT_SWAP",
    "INJ_USDT_SWAP",
    "LINK_USDT_SWAP",
    "LTC_USDT_SWAP",
    "NEAR_USDT_SWAP",
    "OP_USDT_SWAP",
    "PEPE_USDT_SWAP",
    "POL_USDT_SWAP",
    "SHIB_USDT_SWAP",
    "SOL_USDT_SWAP",
    "SUI_USDT_SWAP",
    "TIA_USDT_SWAP",
    "TRX_USDT_SWAP",
    "UNI_USDT_SWAP",
    "WIF_USDT_SWAP",
    "XRP_USDT_SWAP"
  ]
}
[2026-07-24T08:17:11Z] chunk=6 exit=0 done_after=6
[2026-07-24T08:17:11Z] chunk=7 done=6/30
resume: skip 6 done symbols (6 marked); remain 24
swap series to scan: 1  workers=1  side=short  resume=True  signal_window=[2025-11-04 00:00:00+00:00, 2026-05-04 00:00:00+00:00)
  BCH_USDT_SWAP: 252 YOLO候选 (short)
  … progress 1/1
{
  "side": "short",
  "weights": "/Users/zhangzc/fable-trading/runs/detect/runs/detect/owner_side_short_tip_v1b/weights/best.pt",
  "series_this_chunk": 1,
  "candidates_so_far": 1781,
  "symbols_so_far": 7,
  "pos_rate": 0.2897,
  "out": "data/judgment_yolo_owner_side_short_30_6m.csv",
  "workers": 1,
  "checkpoint": true,
  "signal_time_lo": "2025-11-04 00:00:00+00:00",
  "signal_time_hi": "2026-05-04 00:00:00+00:00",
  "symbols_filter": [
    "AAVE_USDT_SWAP",
    "ADA_USDT_SWAP",
    "APT_USDT_SWAP",
    "ARB_USDT_SWAP",
    "ATOM_USDT_SWAP",
    "AVAX_USDT_SWAP",
    "BCH_USDT_SWAP",
    "BNB_USDT_SWAP",
    "BTC_USDT_SWAP",
    "DOGE_USDT_SWAP",
    "DOT_USDT_SWAP",
    "ETC_USDT_SWAP",
    "ETH_USDT_SWAP",
    "FIL_USDT_SWAP",
    "ICP_USDT_SWAP",
    "INJ_USDT_SWAP",
    "LINK_USDT_SWAP",
    "LTC_USDT_SWAP",
    "NEAR_USDT_SWAP",
    "OP_USDT_SWAP",
    "PEPE_USDT_SWAP",
    "POL_USDT_SWAP",
    "SHIB_USDT_SWAP",
    "SOL_USDT_SWAP",
    "SUI_USDT_SWAP",
    "TIA_USDT_SWAP",
    "TRX_USDT_SWAP",
    "UNI_USDT_SWAP",
    "WIF_USDT_SWAP",
    "XRP_USDT_SWAP"
  ]
}
[2026-07-24T08:17:39Z] chunk=7 exit=0 done_after=7
[2026-07-24T08:17:39Z] chunk=8 done=7/30
resume: skip 7 done symbols (7 marked); remain 23
swap series to scan: 1  workers=1  side=short  resume=True  signal_window=[2025-11-04 00:00:00+00:00, 2026-05-04 00:00:00+00:00)
  BNB_USDT_SWAP: 237 YOLO候选 (short)
  … progress 1/1
{
  "side": "short",
  "weights": "/Users/zhangzc/fable-trading/runs/detect/runs/detect/owner_side_short_tip_v1b/weights/best.pt",
  "series_this_chunk": 1,
  "candidates_so_far": 2018,
  "symbols_so_far": 8,
  "pos_rate": 0.2929,
  "out": "data/judgment_yolo_owner_side_short_30_6m.csv",
  "workers": 1,
  "checkpoint": true,
  "signal_time_lo": "2025-11-04 00:00:00+00:00",
  "signal_time_hi": "2026-05-04 00:00:00+00:00",
  "symbols_filter": [
    "AAVE_USDT_SWAP",
    "ADA_USDT_SWAP",
    "APT_USDT_SWAP",
    "ARB_USDT_SWAP",
    "ATOM_USDT_SWAP",
    "AVAX_USDT_SWAP",
    "BCH_USDT_SWAP",
    "BNB_USDT_SWAP",
    "BTC_USDT_SWAP",
    "DOGE_USDT_SWAP",
    "DOT_USDT_SWAP",
    "ETC_USDT_SWAP",
    "ETH_USDT_SWAP",
    "FIL_USDT_SWAP",
    "ICP_USDT_SWAP",
    "INJ_USDT_SWAP",
    "LINK_USDT_SWAP",
    "LTC_USDT_SWAP",
    "NEAR_USDT_SWAP",
    "OP_USDT_SWAP",
    "PEPE_USDT_SWAP",
    "POL_USDT_SWAP",
    "SHIB_USDT_SWAP",
    "SOL_USDT_SWAP",
    "SUI_USDT_SWAP",
    "TIA_USDT_SWAP",
    "TRX_USDT_SWAP",
    "UNI_USDT_SWAP",
    "WIF_USDT_SWAP",
    "XRP_USDT_SWAP"
  ]
}
[2026-07-24T08:18:13Z] chunk=8 exit=0 done_after=8
[2026-07-24T08:18:13Z] chunk=9 done=8/30
resume: skip 8 done symbols (8 marked); remain 22
swap series to scan: 1  workers=1  side=short  resume=True  signal_window=[2025-11-04 00:00:00+00:00, 2026-05-04 00:00:00+00:00)
  BTC_USDT_SWAP: 224 YOLO候选 (short)
  … progress 1/1
{
  "side": "short",
  "weights": "/Users/zhangzc/fable-trading/runs/detect/runs/detect/owner_side_short_tip_v1b/weights/best.pt",
  "series_this_chunk": 1,
  "candidates_so_far": 2242,
  "symbols_so_far": 9,
  "pos_rate": 0.2944,
  "out": "data/judgment_yolo_owner_side_short_30_6m.csv",
  "workers": 1,
  "checkpoint": true,
  "signal_time_lo": "2025-11-04 00:00:00+00:00",
  "signal_time_hi": "2026-05-04 00:00:00+00:00",
  "symbols_filter": [
    "AAVE_USDT_SWAP",
    "ADA_USDT_SWAP",
    "APT_USDT_SWAP",
    "ARB_USDT_SWAP",
    "ATOM_USDT_SWAP",
    "AVAX_USDT_SWAP",
    "BCH_USDT_SWAP",
    "BNB_USDT_SWAP",
    "BTC_USDT_SWAP",
    "DOGE_USDT_SWAP",
    "DOT_USDT_SWAP",
    "ETC_USDT_SWAP",
    "ETH_USDT_SWAP",
    "FIL_USDT_SWAP",
    "ICP_USDT_SWAP",
    "INJ_USDT_SWAP",
    "LINK_USDT_SWAP",
    "LTC_USDT_SWAP",
    "NEAR_USDT_SWAP",
    "OP_USDT_SWAP",
    "PEPE_USDT_SWAP",
    "POL_USDT_SWAP",
    "SHIB_USDT_SWAP",
    "SOL_USDT_SWAP",
    "SUI_USDT_SWAP",
    "TIA_USDT_SWAP",
    "TRX_USDT_SWAP",
    "UNI_USDT_SWAP",
    "WIF_USDT_SWAP",
    "XRP_USDT_SWAP"
  ]
}
[2026-07-24T08:18:48Z] chunk=9 exit=0 done_after=9
[2026-07-24T08:18:48Z] chunk=10 done=9/30
resume: skip 9 done symbols (9 marked); remain 21
swap series to scan: 1  workers=1  side=short  resume=True  signal_window=[2025-11-04 00:00:00+00:00, 2026-05-04 00:00:00+00:00)
  DOGE_USDT_SWAP: 259 YOLO候选 (short)
  … progress 1/1
{
  "side": "short",
  "weights": "/Users/zhangzc/fable-trading/runs/detect/runs/detect/owner_side_short_tip_v1b/weights/best.pt",
  "series_this_chunk": 1,
  "candidates_so_far": 2501,
  "symbols_so_far": 10,
  "pos_rate": 0.2959,
  "out": "data/judgment_yolo_owner_side_short_30_6m.csv",
  "workers": 1,
  "checkpoint": true,
  "signal_time_lo": "2025-11-04 00:00:00+00:00",
  "signal_time_hi": "2026-05-04 00:00:00+00:00",
  "symbols_filter": [
    "AAVE_USDT_SWAP",
    "ADA_USDT_SWAP",
    "APT_USDT_SWAP",
    "ARB_USDT_SWAP",
    "ATOM_USDT_SWAP",
    "AVAX_USDT_SWAP",
    "BCH_USDT_SWAP",
    "BNB_USDT_SWAP",
    "BTC_USDT_SWAP",
    "DOGE_USDT_SWAP",
    "DOT_USDT_SWAP",
    "ETC_USDT_SWAP",
    "ETH_USDT_SWAP",
    "FIL_USDT_SWAP",
    "ICP_USDT_SWAP",
    "INJ_USDT_SWAP",
    "LINK_USDT_SWAP",
    "LTC_USDT_SWAP",
    "NEAR_USDT_SWAP",
    "OP_USDT_SWAP",
    "PEPE_USDT_SWAP",
    "POL_USDT_SWAP",
    "SHIB_USDT_SWAP",
    "SOL_USDT_SWAP",
    "SUI_USDT_SWAP",
    "TIA_USDT_SWAP",
    "TRX_USDT_SWAP",
    "UNI_USDT_SWAP",
    "WIF_USDT_SWAP",
    "XRP_USDT_SWAP"
  ]
}
[2026-07-24T08:19:24Z] chunk=10 exit=0 done_after=10
[2026-07-24T08:19:24Z] chunk=11 done=10/30
resume: skip 10 done symbols (10 marked); remain 20
swap series to scan: 1  workers=1  side=short  resume=True  signal_window=[2025-11-04 00:00:00+00:00, 2026-05-04 00:00:00+00:00)
  DOT_USDT_SWAP: 273 YOLO候选 (short)
  … progress 1/1
{
  "side": "short",
  "weights": "/Users/zhangzc/fable-trading/runs/detect/runs/detect/owner_side_short_tip_v1b/weights/best.pt",
  "series_this_chunk": 1,
  "candidates_so_far": 2774,
  "symbols_so_far": 11,
  "pos_rate": 0.296,
  "out": "data/judgment_yolo_owner_side_short_30_6m.csv",
  "workers": 1,
  "checkpoint": true,
  "signal_time_lo": "2025-11-04 00:00:00+00:00",
  "signal_time_hi": "2026-05-04 00:00:00+00:00",
  "symbols_filter": [
    "AAVE_USDT_SWAP",
    "ADA_USDT_SWAP",
    "APT_USDT_SWAP",
    "ARB_USDT_SWAP",
    "ATOM_USDT_SWAP",
    "AVAX_USDT_SWAP",
    "BCH_USDT_SWAP",
    "BNB_USDT_SWAP",
    "BTC_USDT_SWAP",
    "DOGE_USDT_SWAP",
    "DOT_USDT_SWAP",
    "ETC_USDT_SWAP",
    "ETH_USDT_SWAP",
    "FIL_USDT_SWAP",
    "ICP_USDT_SWAP",
    "INJ_USDT_SWAP",
    "LINK_USDT_SWAP",
    "LTC_USDT_SWAP",
    "NEAR_USDT_SWAP",
    "OP_USDT_SWAP",
    "PEPE_USDT_SWAP",
    "POL_USDT_SWAP",
    "SHIB_USDT_SWAP",
    "SOL_USDT_SWAP",
    "SUI_USDT_SWAP",
    "TIA_USDT_SWAP",
    "TRX_USDT_SWAP",
    "UNI_USDT_SWAP",
    "WIF_USDT_SWAP",
    "XRP_USDT_SWAP"
  ]
}
[2026-07-24T08:20:01Z] chunk=11 exit=0 done_after=11
[2026-07-24T08:20:01Z] chunk=12 done=11/30
resume: skip 11 done symbols (11 marked); remain 19
swap series to scan: 1  workers=1  side=short  resume=True  signal_window=[2025-11-04 00:00:00+00:00, 2026-05-04 00:00:00+00:00)
  ETC_USDT_SWAP: 267 YOLO候选 (short)
  … progress 1/1
{
  "side": "short",
  "weights": "/Users/zhangzc/fable-trading/runs/detect/runs/detect/owner_side_short_tip_v1b/weights/best.pt",
  "series_this_chunk": 1,
  "candidates_so_far": 3041,
  "symbols_so_far": 12,
  "pos_rate": 0.2973,
  "out": "data/judgment_yolo_owner_side_short_30_6m.csv",
  "workers": 1,
  "checkpoint": true,
  "signal_time_lo": "2025-11-04 00:00:00+00:00",
  "signal_time_hi": "2026-05-04 00:00:00+00:00",
  "symbols_filter": [
    "AAVE_USDT_SWAP",
    "ADA_USDT_SWAP",
    "APT_USDT_SWAP",
    "ARB_USDT_SWAP",
    "ATOM_USDT_SWAP",
    "AVAX_USDT_SWAP",
    "BCH_USDT_SWAP",
    "BNB_USDT_SWAP",
    "BTC_USDT_SWAP",
    "DOGE_USDT_SWAP",
    "DOT_USDT_SWAP",
    "ETC_USDT_SWAP",
    "ETH_USDT_SWAP",
    "FIL_USDT_SWAP",
    "ICP_USDT_SWAP",
    "INJ_USDT_SWAP",
    "LINK_USDT_SWAP",
    "LTC_USDT_SWAP",
    "NEAR_USDT_SWAP",
    "OP_USDT_SWAP",
    "PEPE_USDT_SWAP",
    "POL_USDT_SWAP",
    "SHIB_USDT_SWAP",
    "SOL_USDT_SWAP",
    "SUI_USDT_SWAP",
    "TIA_USDT_SWAP",
    "TRX_USDT_SWAP",
    "UNI_USDT_SWAP",
    "WIF_USDT_SWAP",
    "XRP_USDT_SWAP"
  ]
}
[2026-07-24T08:20:36Z] chunk=12 exit=0 done_after=12
[2026-07-24T08:20:36Z] chunk=13 done=12/30
resume: skip 12 done symbols (12 marked); remain 18
swap series to scan: 1  workers=1  side=short  resume=True  signal_window=[2025-11-04 00:00:00+00:00, 2026-05-04 00:00:00+00:00)
  ETH_USDT_SWAP: 236 YOLO候选 (short)
  … progress 1/1
{
  "side": "short",
  "weights": "/Users/zhangzc/fable-trading/runs/detect/runs/detect/owner_side_short_tip_v1b/weights/best.pt",
  "series_this_chunk": 1,
  "candidates_so_far": 3277,
  "symbols_so_far": 13,
  "pos_rate": 0.2972,
  "out": "data/judgment_yolo_owner_side_short_30_6m.csv",
  "workers": 1,
  "checkpoint": true,
  "signal_time_lo": "2025-11-04 00:00:00+00:00",
  "signal_time_hi": "2026-05-04 00:00:00+00:00",
  "symbols_filter": [
    "AAVE_USDT_SWAP",
    "ADA_USDT_SWAP",
    "APT_USDT_SWAP",
    "ARB_USDT_SWAP",
    "ATOM_USDT_SWAP",
    "AVAX_USDT_SWAP",
    "BCH_USDT_SWAP",
    "BNB_USDT_SWAP",
    "BTC_USDT_SWAP",
    "DOGE_USDT_SWAP",
    "DOT_USDT_SWAP",
    "ETC_USDT_SWAP",
    "ETH_USDT_SWAP",
    "FIL_USDT_SWAP",
    "ICP_USDT_SWAP",
    "INJ_USDT_SWAP",
    "LINK_USDT_SWAP",
    "LTC_USDT_SWAP",
    "NEAR_USDT_SWAP",
    "OP_USDT_SWAP",
    "PEPE_USDT_SWAP",
    "POL_USDT_SWAP",
    "SHIB_USDT_SWAP",
    "SOL_USDT_SWAP",
    "SUI_USDT_SWAP",
    "TIA_USDT_SWAP",
    "TRX_USDT_SWAP",
    "UNI_USDT_SWAP",
    "WIF_USDT_SWAP",
    "XRP_USDT_SWAP"
  ]
}
[2026-07-24T08:21:11Z] chunk=13 exit=0 done_after=13
[2026-07-24T08:21:11Z] chunk=14 done=13/30
resume: skip 13 done symbols (13 marked); remain 17
swap series to scan: 1  workers=1  side=short  resume=True  signal_window=[2025-11-04 00:00:00+00:00, 2026-05-04 00:00:00+00:00)
  FIL_USDT_SWAP: 266 YOLO候选 (short)
  … progress 1/1
{
  "side": "short",
  "weights": "/Users/zhangzc/fable-trading/runs/detect/runs/detect/owner_side_short_tip_v1b/weights/best.pt",
  "series_this_chunk": 1,
  "candidates_so_far": 3543,
  "symbols_so_far": 14,
  "pos_rate": 0.2966,
  "out": "data/judgment_yolo_owner_side_short_30_6m.csv",
  "workers": 1,
  "checkpoint": true,
  "signal_time_lo": "2025-11-04 00:00:00+00:00",
  "signal_time_hi": "2026-05-04 00:00:00+00:00",
  "symbols_filter": [
    "AAVE_USDT_SWAP",
    "ADA_USDT_SWAP",
    "APT_USDT_SWAP",
    "ARB_USDT_SWAP",
    "ATOM_USDT_SWAP",
    "AVAX_USDT_SWAP",
    "BCH_USDT_SWAP",
    "BNB_USDT_SWAP",
    "BTC_USDT_SWAP",
    "DOGE_USDT_SWAP",
    "DOT_USDT_SWAP",
    "ETC_USDT_SWAP",
    "ETH_USDT_SWAP",
    "FIL_USDT_SWAP",
    "ICP_USDT_SWAP",
    "INJ_USDT_SWAP",
    "LINK_USDT_SWAP",
    "LTC_USDT_SWAP",
    "NEAR_USDT_SWAP",
    "OP_USDT_SWAP",
    "PEPE_USDT_SWAP",
    "POL_USDT_SWAP",
    "SHIB_USDT_SWAP",
    "SOL_USDT_SWAP",
    "SUI_USDT_SWAP",
    "TIA_USDT_SWAP",
    "TRX_USDT_SWAP",
    "UNI_USDT_SWAP",
    "WIF_USDT_SWAP",
    "XRP_USDT_SWAP"
  ]
}
[2026-07-24T08:21:46Z] chunk=14 exit=0 done_after=14
[2026-07-24T08:21:46Z] chunk=15 done=14/30
resume: skip 14 done symbols (14 marked); remain 16
swap series to scan: 1  workers=1  side=short  resume=True  signal_window=[2025-11-04 00:00:00+00:00, 2026-05-04 00:00:00+00:00)
  ICP_USDT_SWAP: 259 YOLO候选 (short)
  … progress 1/1
{
  "side": "short",
  "weights": "/Users/zhangzc/fable-trading/runs/detect/runs/detect/owner_side_short_tip_v1b/weights/best.pt",
  "series_this_chunk": 1,
  "candidates_so_far": 3802,
  "symbols_so_far": 15,
  "pos_rate": 0.2941,
  "out": "data/judgment_yolo_owner_side_short_30_6m.csv",
  "workers": 1,
  "checkpoint": true,
  "signal_time_lo": "2025-11-04 00:00:00+00:00",
  "signal_time_hi": "2026-05-04 00:00:00+00:00",
  "symbols_filter": [
    "AAVE_USDT_SWAP",
    "ADA_USDT_SWAP",
    "APT_USDT_SWAP",
    "ARB_USDT_SWAP",
    "ATOM_USDT_SWAP",
    "AVAX_USDT_SWAP",
    "BCH_USDT_SWAP",
    "BNB_USDT_SWAP",
    "BTC_USDT_SWAP",
    "DOGE_USDT_SWAP",
    "DOT_USDT_SWAP",
    "ETC_USDT_SWAP",
    "ETH_USDT_SWAP",
    "FIL_USDT_SWAP",
    "ICP_USDT_SWAP",
    "INJ_USDT_SWAP",
    "LINK_USDT_SWAP",
    "LTC_USDT_SWAP",
    "NEAR_USDT_SWAP",
    "OP_USDT_SWAP",
    "PEPE_USDT_SWAP",
    "POL_USDT_SWAP",
    "SHIB_USDT_SWAP",
    "SOL_USDT_SWAP",
    "SUI_USDT_SWAP",
    "TIA_USDT_SWAP",
    "TRX_USDT_SWAP",
    "UNI_USDT_SWAP",
    "WIF_USDT_SWAP",
    "XRP_USDT_SWAP"
  ]
}
[2026-07-24T08:22:21Z] chunk=15 exit=0 done_after=15
[2026-07-24T08:22:21Z] chunk=16 done=15/30
resume: skip 15 done symbols (15 marked); remain 15
swap series to scan: 1  workers=1  side=short  resume=True  signal_window=[2025-11-04 00:00:00+00:00, 2026-05-04 00:00:00+00:00)
  INJ_USDT_SWAP: 257 YOLO候选 (short)
  … progress 1/1
{
  "side": "short",
  "weights": "/Users/zhangzc/fable-trading/runs/detect/runs/detect/owner_side_short_tip_v1b/weights/best.pt",
  "series_this_chunk": 1,
  "candidates_so_far": 4059,
  "symbols_so_far": 16,
  "pos_rate": 0.2917,
  "out": "data/judgment_yolo_owner_side_short_30_6m.csv",
  "workers": 1,
  "checkpoint": true,
  "signal_time_lo": "2025-11-04 00:00:00+00:00",
  "signal_time_hi": "2026-05-04 00:00:00+00:00",
  "symbols_filter": [
    "AAVE_USDT_SWAP",
    "ADA_USDT_SWAP",
    "APT_USDT_SWAP",
    "ARB_USDT_SWAP",
    "ATOM_USDT_SWAP",
    "AVAX_USDT_SWAP",
    "BCH_USDT_SWAP",
    "BNB_USDT_SWAP",
    "BTC_USDT_SWAP",
    "DOGE_USDT_SWAP",
    "DOT_USDT_SWAP",
    "ETC_USDT_SWAP",
    "ETH_USDT_SWAP",
    "FIL_USDT_SWAP",
    "ICP_USDT_SWAP",
    "INJ_USDT_SWAP",
    "LINK_USDT_SWAP",
    "LTC_USDT_SWAP",
    "NEAR_USDT_SWAP",
    "OP_USDT_SWAP",
    "PEPE_USDT_SWAP",
    "POL_USDT_SWAP",
    "SHIB_USDT_SWAP",
    "SOL_USDT_SWAP",
    "SUI_USDT_SWAP",
    "TIA_USDT_SWAP",
    "TRX_USDT_SWAP",
    "UNI_USDT_SWAP",
    "WIF_USDT_SWAP",
    "XRP_USDT_SWAP"
  ]
}
[2026-07-24T08:22:56Z] chunk=16 exit=0 done_after=16
[2026-07-24T08:22:56Z] chunk=17 done=16/30
resume: skip 16 done symbols (16 marked); remain 14
swap series to scan: 1  workers=1  side=short  resume=True  signal_window=[2025-11-04 00:00:00+00:00, 2026-05-04 00:00:00+00:00)
  LINK_USDT_SWAP: 259 YOLO候选 (short)
  … progress 1/1
{
  "side": "short",
  "weights": "/Users/zhangzc/fable-trading/runs/detect/runs/detect/owner_side_short_tip_v1b/weights/best.pt",
  "series_this_chunk": 1,
  "candidates_so_far": 4318,
  "symbols_so_far": 17,
  "pos_rate": 0.2925,
  "out": "data/judgment_yolo_owner_side_short_30_6m.csv",
  "workers": 1,
  "checkpoint": true,
  "signal_time_lo": "2025-11-04 00:00:00+00:00",
  "signal_time_hi": "2026-05-04 00:00:00+00:00",
  "symbols_filter": [
    "AAVE_USDT_SWAP",
    "ADA_USDT_SWAP",
    "APT_USDT_SWAP",
    "ARB_USDT_SWAP",
    "ATOM_USDT_SWAP",
    "AVAX_USDT_SWAP",
    "BCH_USDT_SWAP",
    "BNB_USDT_SWAP",
    "BTC_USDT_SWAP",
    "DOGE_USDT_SWAP",
    "DOT_USDT_SWAP",
    "ETC_USDT_SWAP",
    "ETH_USDT_SWAP",
    "FIL_USDT_SWAP",
    "ICP_USDT_SWAP",
    "INJ_USDT_SWAP",
    "LINK_USDT_SWAP",
    "LTC_USDT_SWAP",
    "NEAR_USDT_SWAP",
    "OP_USDT_SWAP",
    "PEPE_USDT_SWAP",
    "POL_USDT_SWAP",
    "SHIB_USDT_SWAP",
    "SOL_USDT_SWAP",
    "SUI_USDT_SWAP",
    "TIA_USDT_SWAP",
    "TRX_USDT_SWAP",
    "UNI_USDT_SWAP",
    "WIF_USDT_SWAP",
    "XRP_USDT_SWAP"
  ]
}
[2026-07-24T08:23:30Z] chunk=17 exit=0 done_after=17
[2026-07-24T08:23:30Z] chunk=18 done=17/30
resume: skip 17 done symbols (17 marked); remain 13
swap series to scan: 1  workers=1  side=short  resume=True  signal_window=[2025-11-04 00:00:00+00:00, 2026-05-04 00:00:00+00:00)
  LTC_USDT_SWAP: 262 YOLO候选 (short)
  … progress 1/1
{
  "side": "short",
  "weights": "/Users/zhangzc/fable-trading/runs/detect/runs/detect/owner_side_short_tip_v1b/weights/best.pt",
  "series_this_chunk": 1,
  "candidates_so_far": 4580,
  "symbols_so_far": 18,
  "pos_rate": 0.293,
  "out": "data/judgment_yolo_owner_side_short_30_6m.csv",
  "workers": 1,
  "checkpoint": true,
  "signal_time_lo": "2025-11-04 00:00:00+00:00",
  "signal_time_hi": "2026-05-04 00:00:00+00:00",
  "symbols_filter": [
    "AAVE_USDT_SWAP",
    "ADA_USDT_SWAP",
    "APT_USDT_SWAP",
    "ARB_USDT_SWAP",
    "ATOM_USDT_SWAP",
    "AVAX_USDT_SWAP",
    "BCH_USDT_SWAP",
    "BNB_USDT_SWAP",
    "BTC_USDT_SWAP",
    "DOGE_USDT_SWAP",
    "DOT_USDT_SWAP",
    "ETC_USDT_SWAP",
    "ETH_USDT_SWAP",
    "FIL_USDT_SWAP",
    "ICP_USDT_SWAP",
    "INJ_USDT_SWAP",
    "LINK_USDT_SWAP",
    "LTC_USDT_SWAP",
    "NEAR_USDT_SWAP",
    "OP_USDT_SWAP",
    "PEPE_USDT_SWAP",
    "POL_USDT_SWAP",
    "SHIB_USDT_SWAP",
    "SOL_USDT_SWAP",
    "SUI_USDT_SWAP",
    "TIA_USDT_SWAP",
    "TRX_USDT_SWAP",
    "UNI_USDT_SWAP",
    "WIF_USDT_SWAP",
    "XRP_USDT_SWAP"
  ]
}
[2026-07-24T08:24:05Z] chunk=18 exit=0 done_after=18
[2026-07-24T08:24:05Z] chunk=19 done=18/30
resume: skip 18 done symbols (18 marked); remain 12
swap series to scan: 1  workers=1  side=short  resume=True  signal_window=[2025-11-04 00:00:00+00:00, 2026-05-04 00:00:00+00:00)
  NEAR_USDT_SWAP: 262 YOLO候选 (short)
  … progress 1/1
{
  "side": "short",
  "weights": "/Users/zhangzc/fable-trading/runs/detect/runs/detect/owner_side_short_tip_v1b/weights/best.pt",
  "series_this_chunk": 1,
  "candidates_so_far": 4842,
  "symbols_so_far": 19,
  "pos_rate": 0.2908,
  "out": "data/judgment_yolo_owner_side_short_30_6m.csv",
  "workers": 1,
  "checkpoint": true,
  "signal_time_lo": "2025-11-04 00:00:00+00:00",
  "signal_time_hi": "2026-05-04 00:00:00+00:00",
  "symbols_filter": [
    "AAVE_USDT_SWAP",
    "ADA_USDT_SWAP",
    "APT_USDT_SWAP",
    "ARB_USDT_SWAP",
    "ATOM_USDT_SWAP",
    "AVAX_USDT_SWAP",
    "BCH_USDT_SWAP",
    "BNB_USDT_SWAP",
    "BTC_USDT_SWAP",
    "DOGE_USDT_SWAP",
    "DOT_USDT_SWAP",
    "ETC_USDT_SWAP",
    "ETH_USDT_SWAP",
    "FIL_USDT_SWAP",
    "ICP_USDT_SWAP",
    "INJ_USDT_SWAP",
    "LINK_USDT_SWAP",
    "LTC_USDT_SWAP",
    "NEAR_USDT_SWAP",
    "OP_USDT_SWAP",
    "PEPE_USDT_SWAP",
    "POL_USDT_SWAP",
    "SHIB_USDT_SWAP",
    "SOL_USDT_SWAP",
    "SUI_USDT_SWAP",
    "TIA_USDT_SWAP",
    "TRX_USDT_SWAP",
    "UNI_USDT_SWAP",
    "WIF_USDT_SWAP",
    "XRP_USDT_SWAP"
  ]
}
[2026-07-24T08:24:40Z] chunk=19 exit=0 done_after=19
[2026-07-24T08:24:40Z] chunk=20 done=19/30
resume: skip 19 done symbols (19 marked); remain 11
swap series to scan: 1  workers=1  side=short  resume=True  signal_window=[2025-11-04 00:00:00+00:00, 2026-05-04 00:00:00+00:00)
  OP_USDT_SWAP: 253 YOLO候选 (short)
  … progress 1/1
{
  "side": "short",
  "weights": "/Users/zhangzc/fable-trading/runs/detect/runs/detect/owner_side_short_tip_v1b/weights/best.pt",
  "series_this_chunk": 1,
  "candidates_so_far": 5095,
  "symbols_so_far": 20,
  "pos_rate": 0.2899,
  "out": "data/judgment_yolo_owner_side_short_30_6m.csv",
  "workers": 1,
  "checkpoint": true,
  "signal_time_lo": "2025-11-04 00:00:00+00:00",
  "signal_time_hi": "2026-05-04 00:00:00+00:00",
  "symbols_filter": [
    "AAVE_USDT_SWAP",
    "ADA_USDT_SWAP",
    "APT_USDT_SWAP",
    "ARB_USDT_SWAP",
    "ATOM_USDT_SWAP",
    "AVAX_USDT_SWAP",
    "BCH_USDT_SWAP",
    "BNB_USDT_SWAP",
    "BTC_USDT_SWAP",
    "DOGE_USDT_SWAP",
    "DOT_USDT_SWAP",
    "ETC_USDT_SWAP",
    "ETH_USDT_SWAP",
    "FIL_USDT_SWAP",
    "ICP_USDT_SWAP",
    "INJ_USDT_SWAP",
    "LINK_USDT_SWAP",
    "LTC_USDT_SWAP",
    "NEAR_USDT_SWAP",
    "OP_USDT_SWAP",
    "PEPE_USDT_SWAP",
    "POL_USDT_SWAP",
    "SHIB_USDT_SWAP",
    "SOL_USDT_SWAP",
    "SUI_USDT_SWAP",
    "TIA_USDT_SWAP",
    "TRX_USDT_SWAP",
    "UNI_USDT_SWAP",
    "WIF_USDT_SWAP",
    "XRP_USDT_SWAP"
  ]
}
[2026-07-24T08:25:15Z] chunk=20 exit=0 done_after=20
[2026-07-24T08:25:15Z] chunk=21 done=20/30
resume: skip 20 done symbols (20 marked); remain 10
swap series to scan: 1  workers=1  side=short  resume=True  signal_window=[2025-11-04 00:00:00+00:00, 2026-05-04 00:00:00+00:00)
  PEPE_USDT_SWAP: 249 YOLO候选 (short)
  … progress 1/1
{
  "side": "short",
  "weights": "/Users/zhangzc/fable-trading/runs/detect/runs/detect/owner_side_short_tip_v1b/weights/best.pt",
  "series_this_chunk": 1,
  "candidates_so_far": 5344,
  "symbols_so_far": 21,
  "pos_rate": 0.2895,
  "out": "data/judgment_yolo_owner_side_short_30_6m.csv",
  "workers": 1,
  "checkpoint": true,
  "signal_time_lo": "2025-11-04 00:00:00+00:00",
  "signal_time_hi": "2026-05-04 00:00:00+00:00",
  "symbols_filter": [
    "AAVE_USDT_SWAP",
    "ADA_USDT_SWAP",
    "APT_USDT_SWAP",
    "ARB_USDT_SWAP",
    "ATOM_USDT_SWAP",
    "AVAX_USDT_SWAP",
    "BCH_USDT_SWAP",
    "BNB_USDT_SWAP",
    "BTC_USDT_SWAP",
    "DOGE_USDT_SWAP",
    "DOT_USDT_SWAP",
    "ETC_USDT_SWAP",
    "ETH_USDT_SWAP",
    "FIL_USDT_SWAP",
    "ICP_USDT_SWAP",
    "INJ_USDT_SWAP",
    "LINK_USDT_SWAP",
    "LTC_USDT_SWAP",
    "NEAR_USDT_SWAP",
    "OP_USDT_SWAP",
    "PEPE_USDT_SWAP",
    "POL_USDT_SWAP",
    "SHIB_USDT_SWAP",
    "SOL_USDT_SWAP",
    "SUI_USDT_SWAP",
    "TIA_USDT_SWAP",
    "TRX_USDT_SWAP",
    "UNI_USDT_SWAP",
    "WIF_USDT_SWAP",
    "XRP_USDT_SWAP"
  ]
}
[2026-07-24T08:25:49Z] chunk=21 exit=0 done_after=21
[2026-07-24T08:25:50Z] chunk=22 done=21/30
resume: skip 21 done symbols (21 marked); remain 9
swap series to scan: 1  workers=1  side=short  resume=True  signal_window=[2025-11-04 00:00:00+00:00, 2026-05-04 00:00:00+00:00)
  POL_USDT_SWAP: 253 YOLO候选 (short)
  … progress 1/1
{
  "side": "short",
  "weights": "/Users/zhangzc/fable-trading/runs/detect/runs/detect/owner_side_short_tip_v1b/weights/best.pt",
  "series_this_chunk": 1,
  "candidates_so_far": 5597,
  "symbols_so_far": 22,
  "pos_rate": 0.2903,
  "out": "data/judgment_yolo_owner_side_short_30_6m.csv",
  "workers": 1,
  "checkpoint": true,
  "signal_time_lo": "2025-11-04 00:00:00+00:00",
  "signal_time_hi": "2026-05-04 00:00:00+00:00",
  "symbols_filter": [
    "AAVE_USDT_SWAP",
    "ADA_USDT_SWAP",
    "APT_USDT_SWAP",
    "ARB_USDT_SWAP",
    "ATOM_USDT_SWAP",
    "AVAX_USDT_SWAP",
    "BCH_USDT_SWAP",
    "BNB_USDT_SWAP",
    "BTC_USDT_SWAP",
    "DOGE_USDT_SWAP",
    "DOT_USDT_SWAP",
    "ETC_USDT_SWAP",
    "ETH_USDT_SWAP",
    "FIL_USDT_SWAP",
    "ICP_USDT_SWAP",
    "INJ_USDT_SWAP",
    "LINK_USDT_SWAP",
    "LTC_USDT_SWAP",
    "NEAR_USDT_SWAP",
    "OP_USDT_SWAP",
    "PEPE_USDT_SWAP",
    "POL_USDT_SWAP",
    "SHIB_USDT_SWAP",
    "SOL_USDT_SWAP",
    "SUI_USDT_SWAP",
    "TIA_USDT_SWAP",
    "TRX_USDT_SWAP",
    "UNI_USDT_SWAP",
    "WIF_USDT_SWAP",
    "XRP_USDT_SWAP"
  ]
}
[2026-07-24T08:26:24Z] chunk=22 exit=0 done_after=22
[2026-07-24T08:26:24Z] chunk=23 done=22/30
resume: skip 22 done symbols (22 marked); remain 8
swap series to scan: 1  workers=1  side=short  resume=True  signal_window=[2025-11-04 00:00:00+00:00, 2026-05-04 00:00:00+00:00)
  SHIB_USDT_SWAP: 264 YOLO候选 (short)
  … progress 1/1
{
  "side": "short",
  "weights": "/Users/zhangzc/fable-trading/runs/detect/runs/detect/owner_side_short_tip_v1b/weights/best.pt",
  "series_this_chunk": 1,
  "candidates_so_far": 5861,
  "symbols_so_far": 23,
  "pos_rate": 0.2901,
  "out": "data/judgment_yolo_owner_side_short_30_6m.csv",
  "workers": 1,
  "checkpoint": true,
  "signal_time_lo": "2025-11-04 00:00:00+00:00",
  "signal_time_hi": "2026-05-04 00:00:00+00:00",
  "symbols_filter": [
    "AAVE_USDT_SWAP",
    "ADA_USDT_SWAP",
    "APT_USDT_SWAP",
    "ARB_USDT_SWAP",
    "ATOM_USDT_SWAP",
    "AVAX_USDT_SWAP",
    "BCH_USDT_SWAP",
    "BNB_USDT_SWAP",
    "BTC_USDT_SWAP",
    "DOGE_USDT_SWAP",
    "DOT_USDT_SWAP",
    "ETC_USDT_SWAP",
    "ETH_USDT_SWAP",
    "FIL_USDT_SWAP",
    "ICP_USDT_SWAP",
    "INJ_USDT_SWAP",
    "LINK_USDT_SWAP",
    "LTC_USDT_SWAP",
    "NEAR_USDT_SWAP",
    "OP_USDT_SWAP",
    "PEPE_USDT_SWAP",
    "POL_USDT_SWAP",
    "SHIB_USDT_SWAP",
    "SOL_USDT_SWAP",
    "SUI_USDT_SWAP",
    "TIA_USDT_SWAP",
    "TRX_USDT_SWAP",
    "UNI_USDT_SWAP",
    "WIF_USDT_SWAP",
    "XRP_USDT_SWAP"
  ]
}
[2026-07-24T08:26:58Z] chunk=23 exit=0 done_after=23
[2026-07-24T08:26:58Z] chunk=24 done=23/30
resume: skip 23 done symbols (23 marked); remain 7
swap series to scan: 1  workers=1  side=short  resume=True  signal_window=[2025-11-04 00:00:00+00:00, 2026-05-04 00:00:00+00:00)
  SOL_USDT_SWAP: 263 YOLO候选 (short)
  … progress 1/1
{
  "side": "short",
  "weights": "/Users/zhangzc/fable-trading/runs/detect/runs/detect/owner_side_short_tip_v1b/weights/best.pt",
  "series_this_chunk": 1,
  "candidates_so_far": 6124,
  "symbols_so_far": 24,
  "pos_rate": 0.2897,
  "out": "data/judgment_yolo_owner_side_short_30_6m.csv",
  "workers": 1,
  "checkpoint": true,
  "signal_time_lo": "2025-11-04 00:00:00+00:00",
  "signal_time_hi": "2026-05-04 00:00:00+00:00",
  "symbols_filter": [
    "AAVE_USDT_SWAP",
    "ADA_USDT_SWAP",
    "APT_USDT_SWAP",
    "ARB_USDT_SWAP",
    "ATOM_USDT_SWAP",
    "AVAX_USDT_SWAP",
    "BCH_USDT_SWAP",
    "BNB_USDT_SWAP",
    "BTC_USDT_SWAP",
    "DOGE_USDT_SWAP",
    "DOT_USDT_SWAP",
    "ETC_USDT_SWAP",
    "ETH_USDT_SWAP",
    "FIL_USDT_SWAP",
    "ICP_USDT_SWAP",
    "INJ_USDT_SWAP",
    "LINK_USDT_SWAP",
    "LTC_USDT_SWAP",
    "NEAR_USDT_SWAP",
    "OP_USDT_SWAP",
    "PEPE_USDT_SWAP",
    "POL_USDT_SWAP",
    "SHIB_USDT_SWAP",
    "SOL_USDT_SWAP",
    "SUI_USDT_SWAP",
    "TIA_USDT_SWAP",
    "TRX_USDT_SWAP",
    "UNI_USDT_SWAP",
    "WIF_USDT_SWAP",
    "XRP_USDT_SWAP"
  ]
}
[2026-07-24T08:27:33Z] chunk=24 exit=0 done_after=24
[2026-07-24T08:27:33Z] chunk=25 done=24/30
resume: skip 24 done symbols (24 marked); remain 6
swap series to scan: 1  workers=1  side=short  resume=True  signal_window=[2025-11-04 00:00:00+00:00, 2026-05-04 00:00:00+00:00)
  SUI_USDT_SWAP: 256 YOLO候选 (short)
  … progress 1/1
{
  "side": "short",
  "weights": "/Users/zhangzc/fable-trading/runs/detect/runs/detect/owner_side_short_tip_v1b/weights/best.pt",
  "series_this_chunk": 1,
  "candidates_so_far": 6380,
  "symbols_so_far": 25,
  "pos_rate": 0.2884,
  "out": "data/judgment_yolo_owner_side_short_30_6m.csv",
  "workers": 1,
  "checkpoint": true,
  "signal_time_lo": "2025-11-04 00:00:00+00:00",
  "signal_time_hi": "2026-05-04 00:00:00+00:00",
  "symbols_filter": [
    "AAVE_USDT_SWAP",
    "ADA_USDT_SWAP",
    "APT_USDT_SWAP",
    "ARB_USDT_SWAP",
    "ATOM_USDT_SWAP",
    "AVAX_USDT_SWAP",
    "BCH_USDT_SWAP",
    "BNB_USDT_SWAP",
    "BTC_USDT_SWAP",
    "DOGE_USDT_SWAP",
    "DOT_USDT_SWAP",
    "ETC_USDT_SWAP",
    "ETH_USDT_SWAP",
    "FIL_USDT_SWAP",
    "ICP_USDT_SWAP",
    "INJ_USDT_SWAP",
    "LINK_USDT_SWAP",
    "LTC_USDT_SWAP",
    "NEAR_USDT_SWAP",
    "OP_USDT_SWAP",
    "PEPE_USDT_SWAP",
    "POL_USDT_SWAP",
    "SHIB_USDT_SWAP",
    "SOL_USDT_SWAP",
    "SUI_USDT_SWAP",
    "TIA_USDT_SWAP",
    "TRX_USDT_SWAP",
    "UNI_USDT_SWAP",
    "WIF_USDT_SWAP",
    "XRP_USDT_SWAP"
  ]
}
[2026-07-24T08:28:08Z] chunk=25 exit=0 done_after=25
[2026-07-24T08:28:08Z] chunk=26 done=25/30
resume: skip 25 done symbols (25 marked); remain 5
swap series to scan: 1  workers=1  side=short  resume=True  signal_window=[2025-11-04 00:00:00+00:00, 2026-05-04 00:00:00+00:00)
  TIA_USDT_SWAP: 253 YOLO候选 (short)
  … progress 1/1
{
  "side": "short",
  "weights": "/Users/zhangzc/fable-trading/runs/detect/runs/detect/owner_side_short_tip_v1b/weights/best.pt",
  "series_this_chunk": 1,
  "candidates_so_far": 6633,
  "symbols_so_far": 26,
  "pos_rate": 0.2874,
  "out": "data/judgment_yolo_owner_side_short_30_6m.csv",
  "workers": 1,
  "checkpoint": true,
  "signal_time_lo": "2025-11-04 00:00:00+00:00",
  "signal_time_hi": "2026-05-04 00:00:00+00:00",
  "symbols_filter": [
    "AAVE_USDT_SWAP",
    "ADA_USDT_SWAP",
    "APT_USDT_SWAP",
    "ARB_USDT_SWAP",
    "ATOM_USDT_SWAP",
    "AVAX_USDT_SWAP",
    "BCH_USDT_SWAP",
    "BNB_USDT_SWAP",
    "BTC_USDT_SWAP",
    "DOGE_USDT_SWAP",
    "DOT_USDT_SWAP",
    "ETC_USDT_SWAP",
    "ETH_USDT_SWAP",
    "FIL_USDT_SWAP",
    "ICP_USDT_SWAP",
    "INJ_USDT_SWAP",
    "LINK_USDT_SWAP",
    "LTC_USDT_SWAP",
    "NEAR_USDT_SWAP",
    "OP_USDT_SWAP",
    "PEPE_USDT_SWAP",
    "POL_USDT_SWAP",
    "SHIB_USDT_SWAP",
    "SOL_USDT_SWAP",
    "SUI_USDT_SWAP",
    "TIA_USDT_SWAP",
    "TRX_USDT_SWAP",
    "UNI_USDT_SWAP",
    "WIF_USDT_SWAP",
    "XRP_USDT_SWAP"
  ]
}
[2026-07-24T08:28:43Z] chunk=26 exit=0 done_after=26
[2026-07-24T08:28:43Z] chunk=27 done=26/30
resume: skip 26 done symbols (26 marked); remain 4
swap series to scan: 1  workers=1  side=short  resume=True  signal_window=[2025-11-04 00:00:00+00:00, 2026-05-04 00:00:00+00:00)
  TRX_USDT_SWAP: 107 YOLO候选 (short)
  … progress 1/1
{
  "side": "short",
  "weights": "/Users/zhangzc/fable-trading/runs/detect/runs/detect/owner_side_short_tip_v1b/weights/best.pt",
  "series_this_chunk": 1,
  "candidates_so_far": 6740,
  "symbols_so_far": 27,
  "pos_rate": 0.2874,
  "out": "data/judgment_yolo_owner_side_short_30_6m.csv",
  "workers": 1,
  "checkpoint": true,
  "signal_time_lo": "2025-11-04 00:00:00+00:00",
  "signal_time_hi": "2026-05-04 00:00:00+00:00",
  "symbols_filter": [
    "AAVE_USDT_SWAP",
    "ADA_USDT_SWAP",
    "APT_USDT_SWAP",
    "ARB_USDT_SWAP",
    "ATOM_USDT_SWAP",
    "AVAX_USDT_SWAP",
    "BCH_USDT_SWAP",
    "BNB_USDT_SWAP",
    "BTC_USDT_SWAP",
    "DOGE_USDT_SWAP",
    "DOT_USDT_SWAP",
    "ETC_USDT_SWAP",
    "ETH_USDT_SWAP",
    "FIL_USDT_SWAP",
    "ICP_USDT_SWAP",
    "INJ_USDT_SWAP",
    "LINK_USDT_SWAP",
    "LTC_USDT_SWAP",
    "NEAR_USDT_SWAP",
    "OP_USDT_SWAP",
    "PEPE_USDT_SWAP",
    "POL_USDT_SWAP",
    "SHIB_USDT_SWAP",
    "SOL_USDT_SWAP",
    "SUI_USDT_SWAP",
    "TIA_USDT_SWAP",
    "TRX_USDT_SWAP",
    "UNI_USDT_SWAP",
    "WIF_USDT_SWAP",
    "XRP_USDT_SWAP"
  ]
}
[2026-07-24T08:29:17Z] chunk=27 exit=0 done_after=27
[2026-07-24T08:29:17Z] chunk=28 done=27/30
resume: skip 27 done symbols (27 marked); remain 3
swap series to scan: 1  workers=1  side=short  resume=True  signal_window=[2025-11-04 00:00:00+00:00, 2026-05-04 00:00:00+00:00)
  UNI_USDT_SWAP: 261 YOLO候选 (short)
  … progress 1/1
{
  "side": "short",
  "weights": "/Users/zhangzc/fable-trading/runs/detect/runs/detect/owner_side_short_tip_v1b/weights/best.pt",
  "series_this_chunk": 1,
  "candidates_so_far": 7001,
  "symbols_so_far": 28,
  "pos_rate": 0.2887,
  "out": "data/judgment_yolo_owner_side_short_30_6m.csv",
  "workers": 1,
  "checkpoint": true,
  "signal_time_lo": "2025-11-04 00:00:00+00:00",
  "signal_time_hi": "2026-05-04 00:00:00+00:00",
  "symbols_filter": [
    "AAVE_USDT_SWAP",
    "ADA_USDT_SWAP",
    "APT_USDT_SWAP",
    "ARB_USDT_SWAP",
    "ATOM_USDT_SWAP",
    "AVAX_USDT_SWAP",
    "BCH_USDT_SWAP",
    "BNB_USDT_SWAP",
    "BTC_USDT_SWAP",
    "DOGE_USDT_SWAP",
    "DOT_USDT_SWAP",
    "ETC_USDT_SWAP",
    "ETH_USDT_SWAP",
    "FIL_USDT_SWAP",
    "ICP_USDT_SWAP",
    "INJ_USDT_SWAP",
    "LINK_USDT_SWAP",
    "LTC_USDT_SWAP",
    "NEAR_USDT_SWAP",
    "OP_USDT_SWAP",
    "PEPE_USDT_SWAP",
    "POL_USDT_SWAP",
    "SHIB_USDT_SWAP",
    "SOL_USDT_SWAP",
    "SUI_USDT_SWAP",
    "TIA_USDT_SWAP",
    "TRX_USDT_SWAP",
    "UNI_USDT_SWAP",
    "WIF_USDT_SWAP",
    "XRP_USDT_SWAP"
  ]
}
[2026-07-24T08:29:52Z] chunk=28 exit=0 done_after=28
[2026-07-24T08:29:52Z] chunk=29 done=28/30
resume: skip 28 done symbols (28 marked); remain 2
swap series to scan: 1  workers=1  side=short  resume=True  signal_window=[2025-11-04 00:00:00+00:00, 2026-05-04 00:00:00+00:00)
  WIF_USDT_SWAP: 260 YOLO候选 (short)
  … progress 1/1
{
  "side": "short",
  "weights": "/Users/zhangzc/fable-trading/runs/detect/runs/detect/owner_side_short_tip_v1b/weights/best.pt",
  "series_this_chunk": 1,
  "candidates_so_far": 7261,
  "symbols_so_far": 29,
  "pos_rate": 0.2884,
  "out": "data/judgment_yolo_owner_side_short_30_6m.csv",
  "workers": 1,
  "checkpoint": true,
  "signal_time_lo": "2025-11-04 00:00:00+00:00",
  "signal_time_hi": "2026-05-04 00:00:00+00:00",
  "symbols_filter": [
    "AAVE_USDT_SWAP",
    "ADA_USDT_SWAP",
    "APT_USDT_SWAP",
    "ARB_USDT_SWAP",
    "ATOM_USDT_SWAP",
    "AVAX_USDT_SWAP",
    "BCH_USDT_SWAP",
    "BNB_USDT_SWAP",
    "BTC_USDT_SWAP",
    "DOGE_USDT_SWAP",
    "DOT_USDT_SWAP",
    "ETC_USDT_SWAP",
    "ETH_USDT_SWAP",
    "FIL_USDT_SWAP",
    "ICP_USDT_SWAP",
    "INJ_USDT_SWAP",
    "LINK_USDT_SWAP",
    "LTC_USDT_SWAP",
    "NEAR_USDT_SWAP",
    "OP_USDT_SWAP",
    "PEPE_USDT_SWAP",
    "POL_USDT_SWAP",
    "SHIB_USDT_SWAP",
    "SOL_USDT_SWAP",
    "SUI_USDT_SWAP",
    "TIA_USDT_SWAP",
    "TRX_USDT_SWAP",
    "UNI_USDT_SWAP",
    "WIF_USDT_SWAP",
    "XRP_USDT_SWAP"
  ]
}
[2026-07-24T08:30:26Z] chunk=29 exit=0 done_after=29
[2026-07-24T08:30:26Z] chunk=30 done=29/30
resume: skip 29 done symbols (29 marked); remain 1
swap series to scan: 1  workers=1  side=short  resume=True  signal_window=[2025-11-04 00:00:00+00:00, 2026-05-04 00:00:00+00:00)
  XRP_USDT_SWAP: 258 YOLO候选 (short)
  … progress 1/1
{
  "side": "short",
  "weights": "/Users/zhangzc/fable-trading/runs/detect/runs/detect/owner_side_short_tip_v1b/weights/best.pt",
  "series_this_chunk": 1,
  "candidates_so_far": 7519,
  "symbols_so_far": 30,
  "pos_rate": 0.2883,
  "out": "data/judgment_yolo_owner_side_short_30_6m.csv",
  "workers": 1,
  "checkpoint": true,
  "signal_time_lo": "2025-11-04 00:00:00+00:00",
  "signal_time_hi": "2026-05-04 00:00:00+00:00",
  "symbols_filter": [
    "AAVE_USDT_SWAP",
    "ADA_USDT_SWAP",
    "APT_USDT_SWAP",
    "ARB_USDT_SWAP",
    "ATOM_USDT_SWAP",
    "AVAX_USDT_SWAP",
    "BCH_USDT_SWAP",
    "BNB_USDT_SWAP",
    "BTC_USDT_SWAP",
    "DOGE_USDT_SWAP",
    "DOT_USDT_SWAP",
    "ETC_USDT_SWAP",
    "ETH_USDT_SWAP",
    "FIL_USDT_SWAP",
    "ICP_USDT_SWAP",
    "INJ_USDT_SWAP",
    "LINK_USDT_SWAP",
    "LTC_USDT_SWAP",
    "NEAR_USDT_SWAP",
    "OP_USDT_SWAP",
    "PEPE_USDT_SWAP",
    "POL_USDT_SWAP",
    "SHIB_USDT_SWAP",
    "SOL_USDT_SWAP",
    "SUI_USDT_SWAP",
    "TIA_USDT_SWAP",
    "TRX_USDT_SWAP",
    "UNI_USDT_SWAP",
    "WIF_USDT_SWAP",
    "XRP_USDT_SWAP"
  ]
}
[2026-07-24T08:31:01Z] chunk=30 exit=0 done_after=30
[2026-07-24T08:31:01Z] complete: done=30 / 30
{
  "side": "short",
  "weights": "/Users/zhangzc/fable-trading/runs/detect/runs/detect/owner_side_short_tip_v1b/weights/best.pt",
  "candidates": 7519,
  "symbols": 30,
  "pos_rate": 0.2883,
  "out": "data/judgment_yolo_owner_side_short_30_6m.csv",
  "features": [
    "ma_spread_pct",
    "full_spread",
    "fast_slow_gap",
    "full_ratio_min48",
    "spread_mean8",
    "spread_mean24",
    "spread_chg8",
    "spread_chg24",
    "spread_pos96",
    "dense_run_len",
    "dense_frac48",
    "ext_up",
    "close_vs_ema55",
    "close_vs_ema200",
    "order_score",
    "slow_slope_12",
    "volume_ratio",
    "volume_z",
    "vol_ratio_mean8",
    "atr_pct",
    "atr_pct_ratio96",
    "pre_range48",
    "pre_range168",
    "drawdown24",
    "ret_4",
    "ret_12",
    "ret_24",
    "ret_48"
  ],
  "finalize": true,
  "signal_time_lo": "2025-11-04 00:00:00+00:00",
  "signal_time_hi": "2026-05-04 00:00:00+00:00"
}
[2026-07-24T08:31:02Z] driver done
