[2026-07-24T08:41:11Z] driver start chunk=1 device=cpu weights=runs/detect/runs/detect/owner_side_short_tip_v1b/weights/best.pt out=data/judgment_yolo_owner_side_short_100_6m.csv symbols_file=analysis/output/yolo_short_100_6m_symbols.txt months=6 end_before=2026-05-04 start_time=none
[2026-07-24T08:41:11Z] chunk=1 done=0/100
[2026-07-24T08:41:31Z] chunk=1 exit=0 done_after=1
[2026-07-24T08:41:31Z] chunk=2 done=1/100
[2026-07-24T08:41:52Z] chunk=2 exit=0 done_after=2
[2026-07-24T08:41:52Z] chunk=3 done=2/100
[2026-07-24T08:42:13Z] chunk=3 exit=0 done_after=3
[2026-07-24T08:42:13Z] chunk=4 done=3/100
[2026-07-24T08:42:34Z] chunk=4 exit=0 done_after=4
[2026-07-24T08:42:34Z] chunk=5 done=4/100
[2026-07-24T08:42:58Z] chunk=5 exit=0 done_after=5
[2026-07-24T08:42:58Z] chunk=6 done=5/100
[2026-07-24T08:43:23Z] chunk=6 exit=0 done_after=6
[2026-07-24T08:43:23Z] chunk=7 done=6/100
[2026-07-24T08:43:52Z] chunk=7 exit=0 done_after=7
[2026-07-24T08:43:52Z] chunk=8 done=7/100
[2026-07-24T08:44:24Z] chunk=8 exit=0 done_after=8
[2026-07-24T08:44:24Z] chunk=9 done=8/100
[2026-07-24T08:44:58Z] chunk=9 exit=0 done_after=9
[2026-07-24T08:44:58Z] chunk=10 done=9/100
[2026-07-24T08:45:33Z] chunk=10 exit=0 done_after=10
[2026-07-24T08:45:33Z] chunk=11 done=10/100
[2026-07-24T08:46:08Z] chunk=11 exit=0 done_after=11
[2026-07-24T08:46:08Z] chunk=12 done=11/100
[2026-07-24T08:46:44Z] chunk=12 exit=0 done_after=12
[2026-07-24T08:46:44Z] chunk=13 done=12/100
[2026-07-24T08:47:19Z] chunk=13 exit=0 done_after=13
[2026-07-24T08:47:19Z] chunk=14 done=13/100
[2026-07-24T08:47:54Z] chunk=14 exit=0 done_after=14
[2026-07-24T08:47:54Z] chunk=15 done=14/100
[2026-07-24T08:48:27Z] chunk=15 exit=0 done_after=15
[2026-07-24T08:48:27Z] chunk=16 done=15/100
[2026-07-24T08:49:02Z] chunk=16 exit=0 done_after=16
[2026-07-24T08:49:02Z] chunk=17 done=16/100
[2026-07-24T08:49:36Z] chunk=17 exit=0 done_after=17
[2026-07-24T08:49:36Z] chunk=18 done=17/100
[2026-07-24T08:50:09Z] chunk=18 exit=0 done_after=18
[2026-07-24T08:50:09Z] chunk=19 done=18/100
[2026-07-24T08:50:43Z] chunk=19 exit=0 done_after=19
[2026-07-24T08:50:43Z] chunk=20 done=19/100
[2026-07-24T08:51:16Z] chunk=20 exit=0 done_after=20
[2026-07-24T08:51:16Z] chunk=21 done=20/100
[2026-07-24T08:51:50Z] chunk=21 exit=0 done_after=21
[2026-07-24T08:51:50Z] chunk=22 done=21/100
[2026-07-24T08:52:23Z] chunk=22 exit=0 done_after=22
[2026-07-24T08:52:23Z] chunk=23 done=22/100
[2026-07-24T08:52:56Z] chunk=23 exit=0 done_after=23
[2026-07-24T08:52:56Z] chunk=24 done=23/100
[2026-07-24T08:53:29Z] chunk=24 exit=0 done_after=24
[2026-07-24T08:53:29Z] chunk=25 done=24/100
[2026-07-24T08:54:01Z] chunk=25 exit=0 done_after=25
[2026-07-24T08:54:01Z] chunk=26 done=25/100
[2026-07-24T08:54:34Z] chunk=26 exit=0 done_after=26
[2026-07-24T08:54:34Z] chunk=27 done=26/100
[2026-07-24T08:55:06Z] chunk=27 exit=0 done_after=27
[2026-07-24T08:55:06Z] chunk=28 done=27/100
[2026-07-24T08:55:39Z] chunk=28 exit=0 done_after=28
[2026-07-24T08:55:39Z] chunk=29 done=28/100
[2026-07-24T08:56:11Z] chunk=29 exit=0 done_after=29
[2026-07-24T08:56:11Z] chunk=30 done=29/100
[2026-07-24T08:56:45Z] chunk=30 exit=0 done_after=30
[2026-07-24T08:56:45Z] chunk=31 done=30/100
[2026-07-24T08:57:19Z] chunk=31 exit=0 done_after=31
[2026-07-24T08:57:19Z] chunk=32 done=31/100
[2026-07-24T08:57:59Z] chunk=32 exit=0 done_after=32
[2026-07-24T08:57:59Z] chunk=33 done=32/100
[2026-07-24T08:58:34Z] chunk=33 exit=0 done_after=33
[2026-07-24T08:58:34Z] chunk=34 done=33/100
[2026-07-24T08:59:09Z] chunk=34 exit=0 done_after=34
[2026-07-24T08:59:09Z] chunk=35 done=34/100
[2026-07-24T08:59:45Z] chunk=35 exit=0 done_after=35
[2026-07-24T08:59:45Z] chunk=36 done=35/100
[2026-07-24T09:00:20Z] chunk=36 exit=0 done_after=36
[2026-07-24T09:00:20Z] chunk=37 done=36/100
[2026-07-24T09:00:59Z] chunk=37 exit=0 done_after=37
[2026-07-24T09:00:59Z] chunk=38 done=37/100
[2026-07-24T09:01:37Z] chunk=38 exit=0 done_after=38
[2026-07-24T09:01:37Z] chunk=39 done=38/100
[2026-07-24T09:02:14Z] chunk=39 exit=0 done_after=39
[2026-07-24T09:02:14Z] chunk=40 done=39/100
[2026-07-24T09:02:49Z] chunk=40 exit=0 done_after=40
[2026-07-24T09:02:49Z] chunk=41 done=40/100
[2026-07-24T09:03:24Z] chunk=41 exit=0 done_after=41
[2026-07-24T09:03:24Z] chunk=42 done=41/100
[2026-07-24T09:03:58Z] chunk=42 exit=0 done_after=42
[2026-07-24T09:03:58Z] chunk=43 done=42/100
[2026-07-24T09:04:33Z] chunk=43 exit=0 done_after=43
[2026-07-24T09:04:33Z] chunk=44 done=43/100
[2026-07-24T09:05:07Z] chunk=44 exit=0 done_after=44
[2026-07-24T09:05:07Z] chunk=45 done=44/100
[2026-07-24T09:05:43Z] chunk=45 exit=0 done_after=45
[2026-07-24T09:05:43Z] chunk=46 done=45/100
[2026-07-24T09:06:18Z] chunk=46 exit=0 done_after=46
[2026-07-24T09:06:18Z] chunk=47 done=46/100
[2026-07-24T09:06:54Z] chunk=47 exit=0 done_after=47
[2026-07-24T09:06:54Z] chunk=48 done=47/100
[2026-07-24T09:07:28Z] chunk=48 exit=0 done_after=48
[2026-07-24T09:07:28Z] chunk=49 done=48/100
[2026-07-24T09:08:03Z] chunk=49 exit=0 done_after=49
[2026-07-24T09:08:03Z] chunk=50 done=49/100
[2026-07-24T09:08:40Z] chunk=50 exit=0 done_after=50
[2026-07-24T09:08:40Z] chunk=51 done=50/100
[2026-07-24T09:09:18Z] chunk=51 exit=0 done_after=51
[2026-07-24T09:09:18Z] chunk=52 done=51/100
[2026-07-24T09:09:54Z] chunk=52 exit=0 done_after=52
[2026-07-24T09:09:54Z] chunk=53 done=52/100
[2026-07-24T09:10:31Z] chunk=53 exit=0 done_after=53
[2026-07-24T09:10:31Z] chunk=54 done=53/100
[2026-07-24T09:11:07Z] chunk=54 exit=0 done_after=54
[2026-07-24T09:11:07Z] chunk=55 done=54/100
[2026-07-24T09:11:44Z] chunk=55 exit=0 done_after=55
[2026-07-24T09:11:44Z] chunk=56 done=55/100
[2026-07-24T09:12:19Z] chunk=56 exit=0 done_after=56
[2026-07-24T09:12:19Z] chunk=57 done=56/100
[2026-07-24T09:12:55Z] chunk=57 exit=0 done_after=57
[2026-07-24T09:12:55Z] chunk=58 done=57/100
[2026-07-24T09:13:31Z] chunk=58 exit=0 done_after=58
[2026-07-24T09:13:31Z] chunk=59 done=58/100
[2026-07-24T09:14:08Z] chunk=59 exit=0 done_after=59
[2026-07-24T09:14:08Z] chunk=60 done=59/100
[2026-07-24T09:14:45Z] chunk=60 exit=0 done_after=60
[2026-07-24T09:14:45Z] chunk=61 done=60/100
[2026-07-24T09:15:21Z] chunk=61 exit=0 done_after=61
[2026-07-24T09:15:21Z] chunk=62 done=61/100
[2026-07-24T09:15:57Z] chunk=62 exit=0 done_after=62
[2026-07-24T09:15:57Z] chunk=63 done=62/100
[2026-07-24T09:16:33Z] chunk=63 exit=0 done_after=63
[2026-07-24T09:16:33Z] chunk=64 done=63/100
[2026-07-24T09:17:10Z] chunk=64 exit=0 done_after=64
[2026-07-24T09:17:10Z] chunk=65 done=64/100
[2026-07-24T09:17:45Z] chunk=65 exit=0 done_after=65
[2026-07-24T09:17:45Z] chunk=66 done=65/100
[2026-07-24T09:18:21Z] chunk=66 exit=0 done_after=66
[2026-07-24T09:18:21Z] chunk=67 done=66/100
[2026-07-24T09:18:58Z] chunk=67 exit=0 done_after=67
[2026-07-24T09:18:58Z] chunk=68 done=67/100
[2026-07-24T09:19:33Z] chunk=68 exit=0 done_after=68
[2026-07-24T09:19:33Z] chunk=69 done=68/100
[2026-07-24T09:20:10Z] chunk=69 exit=0 done_after=69
[2026-07-24T09:20:10Z] chunk=70 done=69/100
[2026-07-24T09:20:46Z] chunk=70 exit=0 done_after=70
[2026-07-24T09:20:46Z] chunk=71 done=70/100
[2026-07-24T09:21:23Z] chunk=71 exit=0 done_after=71
[2026-07-24T09:21:23Z] chunk=72 done=71/100
[2026-07-24T09:21:59Z] chunk=72 exit=0 done_after=72
[2026-07-24T09:21:59Z] chunk=73 done=72/100
[2026-07-24T09:22:35Z] chunk=73 exit=0 done_after=73
[2026-07-24T09:22:35Z] chunk=74 done=73/100
[2026-07-24T09:23:12Z] chunk=74 exit=0 done_after=74
[2026-07-24T09:23:12Z] chunk=75 done=74/100
[2026-07-24T09:23:48Z] chunk=75 exit=0 done_after=75
[2026-07-24T09:23:48Z] chunk=76 done=75/100
[2026-07-24T09:24:24Z] chunk=76 exit=0 done_after=76
[2026-07-24T09:24:24Z] chunk=77 done=76/100
[2026-07-24T09:25:00Z] chunk=77 exit=0 done_after=77
[2026-07-24T09:25:00Z] chunk=78 done=77/100
[2026-07-24T09:25:36Z] chunk=78 exit=0 done_after=78
[2026-07-24T09:25:36Z] chunk=79 done=78/100
[2026-07-24T09:26:12Z] chunk=79 exit=0 done_after=79
[2026-07-24T09:26:12Z] chunk=80 done=79/100
[2026-07-24T09:26:49Z] chunk=80 exit=0 done_after=80
[2026-07-24T09:26:49Z] chunk=81 done=80/100
[2026-07-24T09:27:26Z] chunk=81 exit=0 done_after=81
[2026-07-24T09:27:26Z] chunk=82 done=81/100
[2026-07-24T09:28:01Z] chunk=82 exit=0 done_after=82
[2026-07-24T09:28:01Z] chunk=83 done=82/100
[2026-07-24T09:28:36Z] chunk=83 exit=0 done_after=83
[2026-07-24T09:28:36Z] chunk=84 done=83/100
[2026-07-24T09:29:11Z] chunk=84 exit=0 done_after=84
[2026-07-24T09:29:11Z] chunk=85 done=84/100
[2026-07-24T09:29:45Z] chunk=85 exit=0 done_after=85
[2026-07-24T09:29:45Z] chunk=86 done=85/100
[2026-07-24T09:30:20Z] chunk=86 exit=0 done_after=86
[2026-07-24T09:30:20Z] chunk=87 done=86/100
[2026-07-24T09:30:55Z] chunk=87 exit=0 done_after=87
[2026-07-24T09:30:55Z] chunk=88 done=87/100
[2026-07-24T09:31:30Z] chunk=88 exit=0 done_after=88
[2026-07-24T09:31:30Z] chunk=89 done=88/100
[2026-07-24T09:32:05Z] chunk=89 exit=0 done_after=89
[2026-07-24T09:32:05Z] chunk=90 done=89/100
[2026-07-24T09:32:39Z] chunk=90 exit=0 done_after=90
[2026-07-24T09:32:39Z] chunk=91 done=90/100
[2026-07-24T09:33:13Z] chunk=91 exit=0 done_after=91
[2026-07-24T09:33:13Z] chunk=92 done=91/100
[2026-07-24T09:33:48Z] chunk=92 exit=0 done_after=92
[2026-07-24T09:33:48Z] chunk=93 done=92/100
[2026-07-24T09:34:24Z] chunk=93 exit=0 done_after=93
[2026-07-24T09:34:24Z] chunk=94 done=93/100
[2026-07-24T09:35:00Z] chunk=94 exit=0 done_after=94
[2026-07-24T09:35:00Z] chunk=95 done=94/100
[2026-07-24T09:35:35Z] chunk=95 exit=0 done_after=95
[2026-07-24T09:35:35Z] chunk=96 done=95/100
[2026-07-24T09:36:11Z] chunk=96 exit=0 done_after=96
[2026-07-24T09:36:11Z] chunk=97 done=96/100
[2026-07-24T09:36:46Z] chunk=97 exit=0 done_after=97
[2026-07-24T09:36:46Z] chunk=98 done=97/100
[2026-07-24T09:37:22Z] chunk=98 exit=0 done_after=98
[2026-07-24T09:37:22Z] chunk=99 done=98/100
[2026-07-24T09:37:57Z] chunk=99 exit=0 done_after=99
[2026-07-24T09:37:57Z] chunk=100 done=99/100
[2026-07-24T09:38:33Z] chunk=100 exit=0 done_after=100
[2026-07-24T09:38:33Z] complete: done=100 / 100
[2026-07-24T09:38:34Z] driver done
[2026-08-13T15:21:05Z] driver start chunk=1 device=cpu weights=runs/detect/runs/detect/owner_side_short_tip_v1b/weights/best.pt out=data/judgment_yolo_owner_side_short_100_6m.csv symbols_file=analysis/output/yolo_short_100_6m_symbols.txt months=6 end_before=2026-05-04 start_time=none
[2026-08-13T15:21:06Z] complete: done=100 / 100
[2026-08-13T15:21:09Z] driver done
