[2026-07-24T08:15:00Z] driver start chunk=1 device=cpu weights=runs/detect/runs/detect/owner_side_short_tip_v1b/weights/best.pt out=data/judgment_yolo_owner_side_short_30_6m.csv symbols_file=analysis/output/yolo_short_30_6m_symbols.txt months=6 end_before=2026-05-04 start_time=none
[2026-07-24T08:15:00Z] chunk=1 done=0/30
[2026-07-24T08:15:22Z] chunk=1 exit=0 done_after=1
[2026-07-24T08:15:22Z] chunk=2 done=1/30
[2026-07-24T08:15:42Z] chunk=2 exit=0 done_after=2
[2026-07-24T08:15:42Z] chunk=3 done=2/30
[2026-07-24T08:16:03Z] chunk=3 exit=0 done_after=3
[2026-07-24T08:16:03Z] chunk=4 done=3/30
[2026-07-24T08:16:24Z] chunk=4 exit=0 done_after=4
[2026-07-24T08:16:24Z] chunk=5 done=4/30
[2026-07-24T08:16:47Z] chunk=5 exit=0 done_after=5
[2026-07-24T08:16:47Z] chunk=6 done=5/30
[2026-07-24T08:17:11Z] chunk=6 exit=0 done_after=6
[2026-07-24T08:17:11Z] chunk=7 done=6/30
[2026-07-24T08:17:39Z] chunk=7 exit=0 done_after=7
[2026-07-24T08:17:39Z] chunk=8 done=7/30
[2026-07-24T08:18:13Z] chunk=8 exit=0 done_after=8
[2026-07-24T08:18:13Z] chunk=9 done=8/30
[2026-07-24T08:18:48Z] chunk=9 exit=0 done_after=9
[2026-07-24T08:18:48Z] chunk=10 done=9/30
[2026-07-24T08:19:24Z] chunk=10 exit=0 done_after=10
[2026-07-24T08:19:24Z] chunk=11 done=10/30
[2026-07-24T08:20:01Z] chunk=11 exit=0 done_after=11
[2026-07-24T08:20:01Z] chunk=12 done=11/30
[2026-07-24T08:20:36Z] chunk=12 exit=0 done_after=12
[2026-07-24T08:20:36Z] chunk=13 done=12/30
[2026-07-24T08:21:11Z] chunk=13 exit=0 done_after=13
[2026-07-24T08:21:11Z] chunk=14 done=13/30
[2026-07-24T08:21:46Z] chunk=14 exit=0 done_after=14
[2026-07-24T08:21:46Z] chunk=15 done=14/30
[2026-07-24T08:22:21Z] chunk=15 exit=0 done_after=15
[2026-07-24T08:22:21Z] chunk=16 done=15/30
[2026-07-24T08:22:56Z] chunk=16 exit=0 done_after=16
[2026-07-24T08:22:56Z] chunk=17 done=16/30
[2026-07-24T08:23:30Z] chunk=17 exit=0 done_after=17
[2026-07-24T08:23:30Z] chunk=18 done=17/30
[2026-07-24T08:24:05Z] chunk=18 exit=0 done_after=18
[2026-07-24T08:24:05Z] chunk=19 done=18/30
[2026-07-24T08:24:40Z] chunk=19 exit=0 done_after=19
[2026-07-24T08:24:40Z] chunk=20 done=19/30
[2026-07-24T08:25:15Z] chunk=20 exit=0 done_after=20
[2026-07-24T08:25:15Z] chunk=21 done=20/30
[2026-07-24T08:25:49Z] chunk=21 exit=0 done_after=21
[2026-07-24T08:25:50Z] chunk=22 done=21/30
[2026-07-24T08:26:24Z] chunk=22 exit=0 done_after=22
[2026-07-24T08:26:24Z] chunk=23 done=22/30
[2026-07-24T08:26:58Z] chunk=23 exit=0 done_after=23
[2026-07-24T08:26:58Z] chunk=24 done=23/30
[2026-07-24T08:27:33Z] chunk=24 exit=0 done_after=24
[2026-07-24T08:27:33Z] chunk=25 done=24/30
[2026-07-24T08:28:08Z] chunk=25 exit=0 done_after=25
[2026-07-24T08:28:08Z] chunk=26 done=25/30
[2026-07-24T08:28:43Z] chunk=26 exit=0 done_after=26
[2026-07-24T08:28:43Z] chunk=27 done=26/30
[2026-07-24T08:29:17Z] chunk=27 exit=0 done_after=27
[2026-07-24T08:29:17Z] chunk=28 done=27/30
[2026-07-24T08:29:52Z] chunk=28 exit=0 done_after=28
[2026-07-24T08:29:52Z] chunk=29 done=28/30
[2026-07-24T08:30:26Z] chunk=29 exit=0 done_after=29
[2026-07-24T08:30:26Z] chunk=30 done=29/30
[2026-07-24T08:31:01Z] chunk=30 exit=0 done_after=30
[2026-07-24T08:31:01Z] complete: done=30 / 30
[2026-07-24T08:31:02Z] driver done
