==== launchd_start 2026-07-24T08:02:05Z ====
resume: skip 4 done symbols (4 marked); remain 1
swap series to scan: 1  workers=1  side=short  resume=True  signal_window=[2025-11-04 00:00:00+00:00, 2026-05-04 00:00:00+00:00)
  XRP_USDT_SWAP: 258 YOLO候选 (short)
  … progress 1/1
{
  "side": "short",
  "weights": "/Users/zhangzc/fable-trading/runs/detect/runs/detect/owner_side_short_tip_v1b/weights/best.pt",
  "series_this_chunk": 1,
  "candidates_so_far": 1240,
  "symbols_so_far": 5,
  "pos_rate": 0.296,
  "out": "data/judgment_yolo_owner_side_short_5_6m.csv",
  "workers": 1,
  "checkpoint": true,
  "signal_time_lo": "2025-11-04 00:00:00+00:00",
  "signal_time_hi": "2026-05-04 00:00:00+00:00",
  "symbols_filter": [
    "BTC_USDT_SWAP",
    "DOGE_USDT_SWAP",
    "ETH_USDT_SWAP",
    "SOL_USDT_SWAP",
    "XRP_USDT_SWAP"
  ]
}
