swap series to scan: 1  workers=1  side=short  resume=False
  0G_USDT_SWAP: 425 YOLO候选 (short)
  … progress 1/1
{
  "side": "short",
  "weights": "/Users/zhangzc/fable-trading/runs/detect/runs/detect/owner_side_short_tip_v1b/weights/best.pt",
  "series": 1,
  "candidates": 425,
  "symbols": 1,
  "pos_rate": 0.3176,
  "out": "data/judgment_yolo_owner_side_short_10.csv",
  "workers": 1,
  "features": [
    "ma_spread_pct",
    "full_spread",
    "fast_slow_gap",
    "full_ratio_min48",
    "spread_mean8",
    "spread_mean24",
    "spread_chg8",
    "spread_chg24",
    "spread_pos96",
    "dense_run_len",
    "dense_frac48",
    "ext_up",
    "close_vs_ema55",
    "close_vs_ema200",
    "order_score",
    "slow_slope_12",
    "volume_ratio",
    "volume_z",
    "vol_ratio_mean8",
    "atr_pct",
    "atr_pct_ratio96",
    "pre_range48",
    "pre_range168",
    "drawdown24",
    "ret_4",
    "ret_12",
    "ret_24",
    "ret_48"
  ]
}
