{"completed": 1, "target": 3531, "stream_key": "binance_240m_026766676690a0de", "elapsed_seconds": 0.49}
{"completed": 250, "target": 3531, "stream_key": "binance_240m_612b31dc3d11630a", "elapsed_seconds": 4.59}
{"completed": 500, "target": 3531, "stream_key": "binance_240m_c4b07ed585a1fd92", "elapsed_seconds": 8.96}
{"completed": 750, "target": 3531, "stream_key": "binance_30m_23d7ca03ff25f515", "elapsed_seconds": 18.67}
{"completed": 1000, "target": 3531, "stream_key": "binance_30m_8b594df93701346b", "elapsed_seconds": 37.24}
{"completed": 1250, "target": 3531, "stream_key": "binance_30m_e70a798127bb3064", "elapsed_seconds": 55.65}
{"completed": 1500, "target": 3531, "stream_key": "binance_60m_507fca00bfd2ab68", "elapsed_seconds": 68.08}
{"completed": 1750, "target": 3531, "stream_key": "binance_60m_b1c018ddd935d2c9", "elapsed_seconds": 79.04}
{"completed": 2000, "target": 3531, "stream_key": "gate_240m_46878778efd1b4bf", "elapsed_seconds": 88.75}
{"completed": 2250, "target": 3531, "stream_key": "gate_60m_d9585e1468157d87", "elapsed_seconds": 93.84}
{"completed": 2500, "target": 3531, "stream_key": "okx_240m_9709f925d99d6b6e", "elapsed_seconds": 97.61}
{"completed": 2750, "target": 3531, "stream_key": "okx_30m_37e51ea6d9749d2c", "elapsed_seconds": 105.85}
{"completed": 3000, "target": 3531, "stream_key": "okx_30m_c5087460f54c1a85", "elapsed_seconds": 120.43}
{"completed": 3250, "target": 3531, "stream_key": "okx_60m_5e52d56927fa26ac", "elapsed_seconds": 130.86}
{"completed": 3500, "target": 3531, "stream_key": "okx_60m_f3dece065fbf0a68", "elapsed_seconds": 139.02}
{"completed": 3531, "target": 3531, "stream_key": "okx_60m_ff5dcd281c8cb6d9", "elapsed_seconds": 139.99}
/Users/zhangzc/fable-trading/yoyo/evaluation/spike_10r_dataset.py:342: FutureWarning: The behavior of DataFrame concatenation with empty or all-NA entries is deprecated. In a future version, this will no longer exclude empty or all-NA columns when determining the result dtypes. To retain the old behavior, exclude the relevant entries before the concat operation.
  features = pd.concat([pd.read_csv(output / "streams" / key / "features.csv.gz") for key in keys], ignore_index=True)
/Users/zhangzc/fable-trading/yoyo/evaluation/spike_10r_dataset.py:343: FutureWarning: The behavior of DataFrame concatenation with empty or all-NA entries is deprecated. In a future version, this will no longer exclude empty or all-NA columns when determining the result dtypes. To retain the old behavior, exclude the relevant entries before the concat operation.
  outcomes = pd.concat([pd.read_csv(output / "streams" / key / "outcomes.csv.gz") for key in keys], ignore_index=True)
