{"completed": 1, "target": 638, "last": "0GUSDT", "wall": 4.08, "elapsed_seconds": 4.5}
{"completed": 25, "target": 638, "last": "AAVEUSDT", "wall": 11.73, "elapsed_seconds": 36.7}
{"completed": 50, "target": 638, "last": "ALPACAUSDT", "wall": 9.84, "elapsed_seconds": 61.4}
{"completed": 75, "target": 638, "last": "AVNTUSDT", "wall": 4.9, "elapsed_seconds": 92.4}
{"completed": 100, "target": 638, "last": "BBUSDT", "wall": 12.51, "elapsed_seconds": 122.4}
{"completed": 125, "target": 638, "last": "BRETTUSDT", "wall": 12.13, "elapsed_seconds": 147.7}
{"completed": 150, "target": 638, "last": "COLLECTUSDT", "wall": 2.76, "elapsed_seconds": 175.6}
{"completed": 175, "target": 638, "last": "DEFIUSDT", "wall": 11.18, "elapsed_seconds": 205.8}
{"completed": 200, "target": 638, "last": "EDUUSDT", "wall": 12.13, "elapsed_seconds": 234.5}
{"completed": 225, "target": 638, "last": "FIDAUSDT", "wall": 11.87, "elapsed_seconds": 261.7}
{"completed": 250, "target": 638, "last": "GMXUSDT", "wall": 12.25, "elapsed_seconds": 287.1}
{"completed": 275, "target": 638, "last": "HYPEUSDT", "wall": 6.53, "elapsed_seconds": 316.0}
{"completed": 300, "target": 638, "last": "JASMYUSDT", "wall": 12.1, "elapsed_seconds": 342.8}
{"completed": 325, "target": 638, "last": "LITUSDT", "wall": 3.07, "elapsed_seconds": 368.5}
{"completed": 350, "target": 638, "last": "MAVUSDT", "wall": 11.65, "elapsed_seconds": 397.1}
{"completed": 375, "target": 638, "last": "MTLUSDT", "wall": 12.0, "elapsed_seconds": 423.0}
{"completed": 400, "target": 638, "last": "OMNIUSDT", "wall": 11.54, "elapsed_seconds": 454.9}
{"completed": 425, "target": 638, "last": "PLAYUSDT", "wall": 5.74, "elapsed_seconds": 480.6}
{"completed": 450, "target": 638, "last": "PYTHUSDT", "wall": 12.37, "elapsed_seconds": 510.0}
{"completed": 475, "target": 638, "last": "RSRUSDT", "wall": 12.64, "elapsed_seconds": 538.4}
{"completed": 500, "target": 638, "last": "SLERFUSDT", "wall": 10.11, "elapsed_seconds": 566.3}
{"completed": 525, "target": 638, "last": "SUSDT", "wall": 9.54, "elapsed_seconds": 596.2}
{"completed": 550, "target": 638, "last": "TLMUSDT", "wall": 12.52, "elapsed_seconds": 622.7}
{"completed": 575, "target": 638, "last": "USDCUSDT", "wall": 8.92, "elapsed_seconds": 649.7}
{"completed": 600, "target": 638, "last": "XANUSDT", "wall": 4.7, "elapsed_seconds": 679.2}
{"completed": 625, "target": 638, "last": "ZKPUSDT", "wall": 2.9, "elapsed_seconds": 707.1}
{"completed": 638, "target": 638, "last": "ZRXUSDT", "wall": 8.76, "elapsed_seconds": 717.0}
