{"completed": 1, "target": 638, "last": "0GUSDT", "wall": 3.9, "elapsed_seconds": 4.3}
{"completed": 25, "target": 638, "last": "ACXUSDT", "wall": 8.02, "elapsed_seconds": 28.4}
{"completed": 50, "target": 638, "last": "ALPACAUSDT", "wall": 8.59, "elapsed_seconds": 49.9}
{"completed": 75, "target": 638, "last": "AVNTUSDT", "wall": 4.3, "elapsed_seconds": 76.2}
{"completed": 100, "target": 638, "last": "BBUSDT", "wall": 10.61, "elapsed_seconds": 103.3}
{"completed": 125, "target": 638, "last": "BRUSDT", "wall": 7.32, "elapsed_seconds": 124.5}
{"completed": 150, "target": 638, "last": "CHILLGUYUSDT", "wall": 8.82, "elapsed_seconds": 147.9}
{"completed": 175, "target": 638, "last": "DASHUSDT", "wall": 11.37, "elapsed_seconds": 175.1}
{"completed": 200, "target": 638, "last": "ENSOUSDT", "wall": 3.81, "elapsed_seconds": 200.7}
{"completed": 225, "target": 638, "last": "FIDAUSDT", "wall": 12.06, "elapsed_seconds": 226.5}
{"completed": 250, "target": 638, "last": "GMXUSDT", "wall": 12.13, "elapsed_seconds": 252.0}
{"completed": 275, "target": 638, "last": "HYPERUSDT", "wall": 7.26, "elapsed_seconds": 278.6}
{"completed": 300, "target": 638, "last": "JASMYUSDT", "wall": 12.13, "elapsed_seconds": 306.2}
{"completed": 325, "target": 638, "last": "LITUSDT", "wall": 2.91, "elapsed_seconds": 331.1}
{"completed": 350, "target": 638, "last": "MAVUSDT", "wall": 11.05, "elapsed_seconds": 357.9}
{"completed": 375, "target": 638, "last": "MYXUSDT", "wall": 5.92, "elapsed_seconds": 383.0}
{"completed": 400, "target": 638, "last": "OMNIUSDT", "wall": 10.06, "elapsed_seconds": 410.1}
{"completed": 425, "target": 638, "last": "PLAYUSDT", "wall": 5.19, "elapsed_seconds": 433.5}
{"completed": 450, "target": 638, "last": "PYTHUSDT", "wall": 11.27, "elapsed_seconds": 460.2}
{"completed": 475, "target": 638, "last": "RSRUSDT", "wall": 11.24, "elapsed_seconds": 484.9}
{"completed": 500, "target": 638, "last": "SLERFUSDT", "wall": 8.83, "elapsed_seconds": 509.6}
{"completed": 525, "target": 638, "last": "STRKUSDT", "wall": 10.7, "elapsed_seconds": 535.6}
{"completed": 550, "target": 638, "last": "TNSRUSDT", "wall": 10.88, "elapsed_seconds": 559.4}
{"completed": 575, "target": 638, "last": "UMAUSDT", "wall": 10.73, "elapsed_seconds": 583.5}
{"completed": 600, "target": 638, "last": "XANUSDT", "wall": 4.08, "elapsed_seconds": 610.1}
{"completed": 625, "target": 638, "last": "ZECUSDT", "wall": 11.47, "elapsed_seconds": 636.5}
{"completed": 638, "target": 638, "last": "ZRXUSDT", "wall": 8.19, "elapsed_seconds": 645.6}
