
== summary ==
timeframe     arm  period  signals_taken  closed  censored  win_rate  mean_net_r  median_net_r  mean_gross_r      pf  total_net_r  mean_net_bp  cost_r_median  ge_10r  event_drawdown_r  matched_pairs  control_mean_r  paired_excess_r  paired_excess_bp  excess_ci_low  excess_ci_high  p_month_signflip  month_blocks
       5m   joint    full          13171   13165         6    0.2731     -0.2401       -1.1073       -0.0409  0.7011   -3161.5710     -28.1228         0.1706      62         3233.7312          13148         -0.3327           0.0922           -1.9566         0.0022          0.1674            0.0325            20
       5m   joint earlier           6625    6625         0    0.2802     -0.2209       -1.1062       -0.0310  0.7210   -1463.4668     -26.4119         0.1650      34         1530.6968           6622         -0.2961           0.0757           -3.1528        -0.0655          0.2120            0.1434            13
       5m   joint   later           6546    6540         6    0.2661     -0.2596       -1.1089       -0.0510  0.6815   -1698.1041     -29.8559         0.1782      28         1758.6150           6526         -0.3697           0.1090           -0.7428         0.0159          0.1839            0.0550             8
       5m v9_long    full          78130   78095        35    0.2617     -0.2761       -1.1137       -0.0652  0.6638  -21558.7183     -30.0590         0.1798     348        21562.5864          77982         -0.3213           0.0450           -7.2759        -0.0066          0.0910            0.0545            20
       5m v9_long earlier          39901   39901         0    0.2731     -0.2423       -1.1105       -0.0415  0.6989   -9666.0370     -27.3779         0.1721     165         9963.0188          39872         -0.2816           0.0392           -6.2961        -0.0285          0.1057            0.1399            13
       5m v9_long   later          38229   38194        35    0.2497     -0.3114       -1.1180       -0.0899  0.6287  -11892.6813     -32.8600         0.1891     183        11895.2325          38110         -0.3629           0.0511           -8.3009        -0.0231          0.1102            0.1209             8
      15m   joint    full           4711    4708         3    0.3076     -0.0560       -1.0550        0.0522  0.9207    -263.4763     -10.0296         0.0944      30          670.9584           4704         -0.1764           0.1203           18.1068        -0.0041          0.2702            0.0450            20
      15m   joint earlier           2501    2501         0    0.3551      0.1160       -1.0475        0.2218  1.1770     290.0107      23.2673         0.0936      22          321.5235           2501         -0.1836           0.2996           56.5770         0.1471          0.4541            0.0035            13
      15m   joint   later           2210    2207         3    0.2537     -0.2508       -1.0614       -0.1401  0.6715    -553.4870     -47.7621         0.0955       8          609.7922           2203         -0.1681          -0.0832          -25.5673        -0.1689          0.0110            0.9395             8
      15m v9_long    full          23223   23205        18    0.2852     -0.0999       -1.0595        0.0097  0.8626   -2317.9228     -22.1669         0.0954     143         2969.0776          23170         -0.1480           0.0487           -0.7692        -0.0595          0.1646            0.2064            20
      15m v9_long earlier          12351   12348         3    0.3217      0.0178       -1.0540        0.1244  1.0259     220.0644      -4.9332         0.0933      82         1341.9369          12345         -0.1220           0.1401           12.5271        -0.0065          0.2986            0.0625            13
      15m v9_long   later          10872   10857        15    0.2436     -0.2338       -1.0648       -0.1207  0.6972   -2537.9872     -41.7674         0.0983      61         2586.2305          10825         -0.1777          -0.0556          -15.9326        -0.1886          0.0918            0.7586             8
      30m   joint    full           2709    2703         6    0.3008      0.1242       -1.0388        0.2010  1.1819     335.5847      14.9759         0.0682      22          443.1186           2700         -0.0994           0.2241           52.0718        -0.0345          0.4897            0.0530            20
      30m   joint earlier           1356    1356         0    0.3333      0.2897       -1.0342        0.3658  1.4466     392.7894      35.7313         0.0685      13          262.0480           1356         -0.0113           0.3010           55.7955        -0.1448          0.7272            0.1089            13
      30m   joint   later           1353    1347         6    0.2680     -0.0425       -1.0447        0.0351  0.9407     -57.2047      -5.9182         0.0677       9          362.9069           1344         -0.1884           0.1465           48.3150        -0.1076          0.3838            0.1939             8
      30m v9_long    full          12174   12152        22    0.2855      0.0385       -1.0415        0.1149  1.0549     468.1631     -10.2755         0.0672      98         1571.7393          12126         -0.0909           0.1274            8.0122        -0.0376          0.3313            0.0980            20
      30m v9_long earlier           6340    6340         0    0.3189      0.2136       -1.0373        0.2881  1.3209    1354.4815      31.5712         0.0654      62          998.4313           6340         -0.0321           0.2457           44.2153        -0.0677          0.5713            0.0750            13
      30m v9_long   later           5834    5812        22    0.2491     -0.1525       -1.0461       -0.0741  0.7938    -886.3184     -55.9238         0.0694      36         1338.4279           5786         -0.1553          -0.0023          -31.6573        -0.0852          0.0887            0.5297             8
       1h   joint    full           1476    1476         0    0.3279      0.0878       -1.0283        0.1442  1.1353     129.5986      17.6688         0.0500      11          197.7246           1473         -0.1550           0.2436           69.9048         0.0577          0.4903            0.0090            20
       1h   joint earlier            747     747         0    0.3949      0.2490       -1.0150        0.3061  1.4255     185.9783      72.4565         0.0506       3           93.0940            747         -0.0615           0.3105          113.1149        -0.0795          0.7577            0.0815            13
       1h   joint   later            729     729         0    0.2593     -0.0773       -1.0338       -0.0217  0.8917     -56.3797     -38.4716         0.0497       8          197.7246            726         -0.2511           0.1748           25.4448         0.0330          0.3542            0.0325             8
       1h v9_long    full           6565    6551        14    0.2972     -0.0051       -1.0288        0.0507  0.9924     -33.5884     -34.3070         0.0495      52          707.8660           6520         -0.0850           0.0816            3.7043        -0.0355          0.2341            0.1394            20
       1h v9_long earlier           3625    3625         0    0.3327      0.1193       -1.0235        0.1744  1.1879     432.3934      -3.6254         0.0487      30          527.0412           3624          0.0016           0.1180           21.3322        -0.0932          0.3751            0.2029            13
       1h v9_long   later           2940    2926        14    0.2532     -0.1593       -1.0332       -0.1025  0.7779    -465.9818     -72.3182         0.0504      22          709.6102           2896         -0.1933           0.0360          -18.3548        -0.0464          0.1173            0.2314             8
       4h   joint    full            341     330        11    0.3091      0.0233       -1.0166        0.0510  1.0352       7.7048     -17.4136         0.0247       2          111.0793            327          0.2288          -0.1958          -72.5193        -0.4736          0.1294            0.8466            18
       4h   joint earlier            160     160         0    0.4688      0.6378       -0.3563        0.6644  2.2911     102.0411     406.8600         0.0225       1           17.9631            160          0.7056          -0.0678          145.2104        -0.5445          0.2812            0.6052            11
       4h   joint   later            181     170        11    0.1588     -0.5549       -1.0232       -0.5263  0.3255     -94.3363    -416.7299         0.0269       1          103.4410            167         -0.2281          -0.3184         -281.1226        -0.6338          0.1144            0.8601             8
       4h v9_long    full           1619    1578        41    0.2763      0.0049       -1.0176        0.0332  1.0070       7.7334      -0.0192         0.0252      15          538.0641           1566          0.1696          -0.1672          -71.8829        -0.3683          0.0852            0.8996            20
       4h v9_long earlier            837     837         0    0.3823      0.4631       -1.0113        0.4898  1.7847     387.6313     356.1585         0.0233      10          105.5140            837          0.5315          -0.0684           99.2113        -0.3807          0.3206            0.6417            13
       4h v9_long   later            782     741        41    0.1565     -0.5127       -1.0228       -0.4825  0.3757    -379.8979    -402.3414         0.0277       5          438.8765            729         -0.2459          -0.2805         -268.3244        -0.4499         -0.0851            0.9785             8
       1d   joint    full              8       8         0    0.5000      6.4563        1.4168        6.4671 13.7785      51.6506   12100.5059         0.0099       2            3.0320              8         11.4318          -4.9755        -2609.7126       -15.7018          0.0009            0.8826             3
       1d   joint earlier              7       7         0    0.5714      7.5225        3.8404        7.5338 18.3491      52.6574   14251.8063         0.0099       2            2.0252              7         13.1080          -5.5855        -2641.3086       -30.6984          0.0009            0.8826             3
       1d   joint   later              1       1         0    0.0000     -1.0068       -1.0068       -1.0000  0.0000      -1.0068   -2958.5965         0.0068       0            1.0068              1         -0.3016          -0.7052        -2388.5402            NaN             NaN               NaN             1
       1d v9_long    full             41      41         0    0.2927      1.3766       -1.0078        1.3876  2.9713      56.4411    2030.6818         0.0097       3           14.4959             40          2.1803          -0.7441         -573.2851        -1.3212         -0.2852            0.8796             8
       1d v9_long earlier             25      25         0    0.4800      2.8775       -1.0062        2.8888  6.4772      71.9379    4678.8585         0.0100       3            4.0462             25          3.9639          -1.0864         -631.8440        -4.2460         -0.4544            0.9050             5
       1d v9_long   later             16      16         0    0.0000     -0.9686       -1.0083       -0.9581  0.0000     -15.4968   -2107.0943         0.0083       0           15.4968             15         -0.7924          -0.1736         -475.6869        -0.3401          0.0010            0.7526             4

== verdict ==
timeframe  full_mean_positive  later_mean_positive  excess_positive  p_below_0_01  passed
       5m               False                False             True         False   False
      15m               False                False             True         False   False
      30m                True                False             True         False   False
       1h                True                False             True          True   False
       4h                True                False            False         False   False
       1d                True                False            False         False   False

== by_order ==
timeframe joint_order  closed  win_rate  mean_net_r      pf  total_net_r  paired_excess_r  p_month_signflip
      15m break_first    2157    0.2967     -0.1055  0.8538    -227.6486           0.0407            0.3088
      15m    same_bar    1561    0.3133     -0.0108  0.9843     -16.8696           0.1475            0.0620
      15m spike_first     990    0.3222     -0.0191  0.9727     -18.9581           0.2510            0.0120
       1d break_first       4    0.7500      8.6773 35.1835      34.7091          -7.1905            0.7431
       1d    same_bar       3    0.3333      5.9838  9.9011      17.9513          -3.6816            1.0000
       1d spike_first       1    0.0000     -1.0098  0.0000      -1.0098           0.0027               NaN
       1h break_first     689    0.3411      0.1694  1.2587     116.7495           0.4345            0.0045
       1h    same_bar     493    0.3002     -0.0268  0.9593     -13.2234          -0.0163            0.5527
       1h spike_first     294    0.3435      0.0887  1.1433      26.0725           0.2319            0.0335
      30m break_first    1184    0.2965      0.2726  1.3903     322.7190           0.3223            0.0665
      30m    same_bar     882    0.3095     -0.0192  0.9703     -16.9511           0.1189            0.1729
      30m spike_first     637    0.2967      0.0468  1.0667      29.8167           0.1869            0.1849
       4h break_first     149    0.2886     -0.0288  0.9585      -4.2924          -0.2281            0.8536
       4h    same_bar     110    0.3273     -0.0045  0.9930      -0.4944          -0.1785            0.7706
       4h spike_first      71    0.3239      0.1759  1.2793      12.4916          -0.1554            0.6687
       5m break_first    5821    0.2713     -0.2603  0.6825   -1515.0545           0.0711            0.1069
       5m    same_bar    4349    0.2736     -0.2188  0.7172    -951.5798           0.1262            0.0195
       5m spike_first    2995    0.2761     -0.2320  0.7152    -694.9367           0.0841            0.1394

== by_half ==
timeframe     arm   half  closed  mean_net_r  total_net_r
      15m   joint 2024H2     541      0.3175     171.7614
      15m   joint 2025H1    1489      0.0035       5.2467
      15m   joint 2025H2    1364     -0.1108    -151.0971
      15m   joint 2026H1    1314     -0.2202    -289.3873
      15m v9_long 2024H2    3030      0.1423     431.1204
      15m v9_long 2025H1    6675     -0.1033    -689.2986
      15m v9_long 2025H2    7236     -0.1157    -837.2999
      15m v9_long 2026H1    6264     -0.1952   -1222.4448
       1d   joint 2024H2       4      6.8829      27.5315
       1d   joint 2025H2       4      6.0298      24.1191
       1d v9_long 2024H2      18      2.3691      42.6436
       1d v9_long 2025H2      21      0.7537      15.8272
       1d v9_long 2026H1       2     -1.0149      -2.0298
       1h   joint 2024H2     163      0.0893      14.5626
       1h   joint 2025H1     366      0.2364      86.5181
       1h   joint 2025H2     540     -0.0438     -23.6293
       1h   joint 2026H1     407      0.1281      52.1472
       1h v9_long 2024H2     758     -0.0491     -37.2124
       1h v9_long 2025H1    1719     -0.0646    -111.0638
       1h v9_long 2025H2    2363      0.0939     221.8767
       1h v9_long 2026H1    1711     -0.0626    -107.1889
      30m   joint 2024H2     224     -0.4251     -95.2312
      30m   joint 2025H1     693      0.2194     152.0653
      30m   joint 2025H2    1041      0.0705      73.4017
      30m   joint 2026H1     745      0.2756     205.3489
      30m v9_long 2024H2    1441     -0.1279    -184.2530
      30m v9_long 2025H1    3095      0.0399     123.4544
      30m v9_long 2025H2    4371      0.1320     576.7903
      30m v9_long 2026H1    3245     -0.0147     -47.8286
       4h   joint 2024H2      43      0.9482      40.7726
       4h   joint 2025H1      47      0.0072       0.3387
       4h   joint 2025H2      95      0.6058      57.5554
       4h   joint 2026H1     145     -0.6273     -90.9619
       4h v9_long 2024H2     270      1.1348     306.3882
       4h v9_long 2025H1     192     -0.0329      -6.3158
       4h v9_long 2025H2     627     -0.1177     -73.8155
       4h v9_long 2026H1     489     -0.4469    -218.5235
       5m   joint 2024H2    1586     -0.2049    -324.9552
       5m   joint 2025H1    3517     -0.2803    -985.7767
       5m   joint 2025H2    4659     -0.2762   -1287.0398
       5m   joint 2026H1    3403     -0.1657    -563.7992
       5m v9_long 2024H2    9208     -0.2551   -2348.6698
       5m v9_long 2025H1   21235     -0.2708   -5750.4623
       5m v9_long 2025H2   27448     -0.3084   -8463.9106
       5m v9_long 2026H1   20204     -0.2473   -4995.6756

== overlap ==
timeframe  joint_taken  v9_long_taken  joint_on_a_v9_bar  joint_per_v9_long
       5m        13171          78130              10175             0.1686
      15m         4711          23223               3721             0.2029
      30m         2709          12174               2069             0.2225
       1h         1476           6565               1182             0.2248
       4h          341           1619                268             0.2106
       1d            8             41                  7             0.1951

== coverage ==
timeframe  streams  skipped  bars_in_window  streams_ready_in_window  v9_long_signals  lines_born  line_breaks  joint_signals  streams_with_joint  pivot_ties  partial_buckets  gaps
       5m      638        0        82622997                      624            92432      205646       212030          13533                 619    17878164                0     8
      15m      638        0        27540770                      623            26939       78870        81302           4867                 609     5674549                4     8
      30m      638        0        13770253                      623            14259       42037        43438           2809                 577     2786918               87     8
       1h      638        0         6885049                      622             7757       22641        23291           1528                 519     1388723              247     8
       4h      638        0         1721128                      624             1834        6086         6177            354                 247      351085              382     8
       1d      638        0          286708                      453               43         436          427              8                   8       57208              604    92
