
== summary ==
timeframe     arm  period  signals_taken  closed  censored  win_rate  mean_net_r  median_net_r  mean_gross_r      pf  total_net_r  mean_net_bp  cost_r_median  ge_10r  event_drawdown_r  matched_pairs  control_mean_r  paired_excess_r  paired_excess_bp  excess_ci_low  excess_ci_high  p_month_signflip  month_blocks
       5m   joint    full          16268   16257        11    0.2735     -0.2493       -1.1114       -0.0447  0.6906   -4052.9400     -28.4325         0.1762      72         4066.4832          16234         -0.3409           0.0914           -2.0622         0.0223          0.1487            0.0100            20
       5m   joint earlier           7894    7894         0    0.2812     -0.2247       -1.1094       -0.0308  0.7167   -1773.4272     -26.8286         0.1690      39         1846.2830           7890         -0.3049           0.0807           -2.9412        -0.0301          0.1880            0.0775            13
       5m   joint   later           8374    8363        11    0.2663     -0.2726       -1.1130       -0.0577  0.6668   -2279.5128     -29.9464         0.1846      33         2293.0560           8344         -0.3749           0.1016           -1.2309         0.0316          0.1607            0.0190             8
       5m v9_long    full          78130   78095        35    0.2617     -0.2761       -1.1137       -0.0652  0.6638  -21558.7183     -30.0590         0.1798     348        21562.5864          77982         -0.3213           0.0450           -7.2759        -0.0066          0.0910            0.0545            20
       5m v9_long earlier          39901   39901         0    0.2731     -0.2423       -1.1105       -0.0415  0.6989   -9666.0370     -27.3779         0.1721     165         9963.0188          39872         -0.2816           0.0392           -6.2961        -0.0285          0.1057            0.1399            13
       5m v9_long   later          38229   38194        35    0.2497     -0.3114       -1.1180       -0.0899  0.6287  -11892.6813     -32.8600         0.1891     183        11895.2325          38110         -0.3629           0.0511           -8.3009        -0.0231          0.1102            0.1209             8
      15m   joint    full           5339    5335         4    0.3072     -0.0352       -1.0557        0.0746  0.9501    -188.0001      -5.4526         0.0959      38          764.8138           5331         -0.1798           0.1446           22.8670         0.0215          0.2913            0.0225            20
      15m   joint earlier           2803    2803         0    0.3578      0.1378       -1.0472        0.2449  1.2111     386.3925      28.8342         0.0950      27          350.0730           2803         -0.1809           0.3187           62.4640         0.1561          0.4767            0.0025            13
      15m   joint   later           2536    2532         4    0.2512     -0.2269       -1.0626       -0.1138  0.7037    -574.3925     -43.4090         0.0976      11          699.6467           2528         -0.1787          -0.0485          -21.0374        -0.1581          0.0495            0.8206             8
      15m v9_long    full          23223   23205        18    0.2852     -0.0999       -1.0595        0.0097  0.8626   -2317.9228     -22.1669         0.0954     143         2969.0776          23170         -0.1480           0.0487           -0.7692        -0.0595          0.1646            0.2064            20
      15m v9_long earlier          12351   12348         3    0.3217      0.0178       -1.0540        0.1244  1.0259     220.0644      -4.9332         0.0933      82         1341.9369          12345         -0.1220           0.1401           12.5271        -0.0065          0.2986            0.0625            13
      15m v9_long   later          10872   10857        15    0.2436     -0.2338       -1.0648       -0.1207  0.6972   -2537.9872     -41.7674         0.0983      61         2586.2305          10825         -0.1777          -0.0556          -15.9326        -0.1886          0.0918            0.7586             8
      30m   joint    full           2971    2963         8    0.3037      0.1346       -1.0393        0.2122  1.1974     398.8128      15.9407         0.0686      26          444.3398           2960         -0.1168           0.2518           53.6639        -0.0101          0.5344            0.0380            20
      30m   joint earlier           1462    1462         0    0.3393      0.3234       -1.0338        0.4006  1.5017     472.7862      43.4920         0.0692      15          275.4496           1462         -0.0348           0.3582           68.7003        -0.1217          0.8099            0.0860            13
      30m   joint   later           1509    1501         8    0.2692     -0.0493       -1.0461        0.0287  0.9314     -73.9734     -10.8947         0.0684      11          360.0234           1498         -0.1968           0.1481           38.9888        -0.1148          0.3710            0.1604             8
      30m v9_long    full          12174   12152        22    0.2855      0.0385       -1.0415        0.1149  1.0549     468.1631     -10.2755         0.0672      98         1571.7393          12126         -0.0909           0.1274            8.0122        -0.0376          0.3313            0.0980            20
      30m v9_long earlier           6340    6340         0    0.3189      0.2136       -1.0373        0.2881  1.3209    1354.4815      31.5712         0.0654      62          998.4313           6340         -0.0321           0.2457           44.2153        -0.0677          0.5713            0.0750            13
      30m v9_long   later           5834    5812        22    0.2491     -0.1525       -1.0461       -0.0741  0.7938    -886.3184     -55.9238         0.0694      36         1338.4279           5786         -0.1553          -0.0023          -31.6573        -0.0852          0.0887            0.5297             8
       1h   joint    full           1594    1594         0    0.3287      0.0926       -1.0284        0.1496  1.1429     147.5622      14.9305         0.0511      12          220.1892           1590         -0.1365           0.2292           62.2696         0.0561          0.4613            0.0090            20
       1h   joint earlier            807     807         0    0.3978      0.2743       -0.9309        0.3320  1.4754     221.3362      71.1202         0.0516       4          104.4037            807         -0.0411           0.3153          110.1997        -0.0331          0.7189            0.0590            13
       1h   joint   later            787     787         0    0.2579     -0.0937       -1.0356       -0.0374  0.8699     -73.7740     -42.6871         0.0509       8          220.1892            783         -0.2348           0.1405           12.8702         0.0164          0.3163            0.0425             8
       1h v9_long    full           6565    6551        14    0.2972     -0.0051       -1.0288        0.0507  0.9924     -33.5884     -34.3070         0.0495      52          707.8660           6520         -0.0850           0.0816            3.7043        -0.0355          0.2341            0.1394            20
       1h v9_long earlier           3625    3625         0    0.3327      0.1193       -1.0235        0.1744  1.1879     432.3934      -3.6254         0.0487      30          527.0412           3624          0.0016           0.1180           21.3322        -0.0932          0.3751            0.2029            13
       1h v9_long   later           2940    2926        14    0.2532     -0.1593       -1.0332       -0.1025  0.7779    -465.9818     -72.3182         0.0504      22          709.6102           2896         -0.1933           0.0360          -18.3548        -0.0464          0.1173            0.2314             8
       4h   joint    full            353     342        11    0.3099      0.0394       -1.0166        0.0671  1.0592      13.4846     -14.9612         0.0250       2          116.7180            339          0.2680          -0.2191          -85.8569        -0.4935          0.1022            0.8786            18
       4h   joint earlier            169     169         0    0.4675      0.6592       -0.3885        0.6860  2.3234     111.4110     409.1419         0.0229       1           18.9913            169          0.7486          -0.0893          133.8050        -0.5496          0.2690            0.6512            11
       4h   joint   later            184     173        11    0.1561     -0.5660       -1.0235       -0.5375  0.3174     -97.9264    -429.2584         0.0268       1          106.0064            170         -0.2098          -0.3482         -304.2267        -0.6571          0.0819            0.8941             8
       4h v9_long    full           1619    1578        41    0.2763      0.0049       -1.0176        0.0332  1.0070       7.7334      -0.0192         0.0252      15          538.0641           1566          0.1696          -0.1672          -71.8829        -0.3683          0.0852            0.8996            20
       4h v9_long earlier            837     837         0    0.3823      0.4631       -1.0113        0.4898  1.7847     387.6313     356.1585         0.0233      10          105.5140            837          0.5315          -0.0684           99.2113        -0.3807          0.3206            0.6417            13
       4h v9_long   later            782     741        41    0.1565     -0.5127       -1.0228       -0.4825  0.3757    -379.8979    -402.3414         0.0277       5          438.8765            729         -0.2459          -0.2805         -268.3244        -0.4499         -0.0851            0.9785             8
       1d   joint    full              8       8         0    0.5000      6.4563        1.4168        6.4671 13.7785      51.6506   12100.5059         0.0099       2            3.0320              8         11.4318          -4.9755        -2609.7126       -15.7018          0.0009            0.8826             3
       1d   joint earlier              7       7         0    0.5714      7.5225        3.8404        7.5338 18.3491      52.6574   14251.8063         0.0099       2            2.0252              7         13.1080          -5.5855        -2641.3086       -30.6984          0.0009            0.8826             3
       1d   joint   later              1       1         0    0.0000     -1.0068       -1.0068       -1.0000  0.0000      -1.0068   -2958.5965         0.0068       0            1.0068              1         -0.3016          -0.7052        -2388.5402            NaN             NaN               NaN             1
       1d v9_long    full             41      41         0    0.2927      1.3766       -1.0078        1.3876  2.9713      56.4411    2030.6818         0.0097       3           14.4959             40          2.1803          -0.7441         -573.2851        -1.3212         -0.2852            0.8796             8
       1d v9_long earlier             25      25         0    0.4800      2.8775       -1.0062        2.8888  6.4772      71.9379    4678.8585         0.0100       3            4.0462             25          3.9639          -1.0864         -631.8440        -4.2460         -0.4544            0.9050             5
       1d v9_long   later             16      16         0    0.0000     -0.9686       -1.0083       -0.9581  0.0000     -15.4968   -2107.0943         0.0083       0           15.4968             15         -0.7924          -0.1736         -475.6869        -0.3401          0.0010            0.7526             4

== verdict ==
timeframe  full_mean_positive  later_mean_positive  excess_positive  p_below_0_01  passed
       5m               False                False             True          True   False
      15m               False                False             True         False   False
      30m                True                False             True         False   False
       1h                True                False             True          True   False
       4h                True                False            False         False   False
       1d                True                False            False         False   False

== by_order ==
timeframe joint_order  closed  win_rate  mean_net_r      pf  total_net_r  paired_excess_r  p_month_signflip
      15m break_first    2448    0.2994     -0.0421  0.9414    -103.1429           0.1102            0.0805
      15m    same_bar    1756    0.3121     -0.0282  0.9590     -49.5409           0.1432            0.0730
      15m spike_first    1131    0.3165     -0.0312  0.9559     -35.3163           0.2211            0.0145
       1d break_first       4    0.7500      8.6773 35.1835      34.7091          -7.1905            0.7431
       1d    same_bar       3    0.3333      5.9838  9.9011      17.9513          -3.6816            1.0000
       1d spike_first       1    0.0000     -1.0098  0.0000      -1.0098           0.0027               NaN
       1h break_first     753    0.3386      0.1380  1.2099     103.9289           0.4159            0.0055
       1h    same_bar     530    0.3057      0.0001  1.0002       0.0614          -0.0152            0.5637
       1h spike_first     311    0.3441      0.1401  1.2258      43.5720           0.1934            0.0620
      30m break_first    1305    0.2966      0.2571  1.3672     335.5199           0.3371            0.0535
      30m    same_bar     962    0.3212      0.0429  1.0674      41.3078           0.1884            0.0660
      30m spike_first     696    0.2931      0.0316  1.0446      21.9851           0.1794            0.1829
       4h break_first     154    0.2857     -0.0425  0.9394      -6.5454          -0.2941            0.9050
       4h    same_bar     116    0.3362      0.0713  1.1121       8.2719          -0.1170            0.6892
       4h spike_first      72    0.3194      0.1633  1.2570      11.7580          -0.2255            0.7311
       5m break_first    7247    0.2725     -0.2672  0.6744   -1936.5832           0.0739            0.0620
       5m    same_bar    5325    0.2744     -0.2296  0.7052   -1222.8238           0.1338            0.0070
       5m spike_first    3685    0.2744     -0.2425  0.7027    -893.5330           0.0646            0.1444

== by_half ==
timeframe     arm   half  closed  mean_net_r  total_net_r
      15m   joint 2024H2     595      0.3866     230.0323
      15m   joint 2025H1    1650     -0.0050      -8.2836
      15m   joint 2025H2    1577     -0.0961    -151.5589
      15m   joint 2026H1    1513     -0.1706    -258.1899
      15m v9_long 2024H2    3030      0.1423     431.1204
      15m v9_long 2025H1    6675     -0.1033    -689.2986
      15m v9_long 2025H2    7236     -0.1157    -837.2999
      15m v9_long 2026H1    6264     -0.1952   -1222.4448
       1d   joint 2024H2       4      6.8829      27.5315
       1d   joint 2025H2       4      6.0298      24.1191
       1d v9_long 2024H2      18      2.3691      42.6436
       1d v9_long 2025H2      21      0.7537      15.8272
       1d v9_long 2026H1       2     -1.0149      -2.0298
       1h   joint 2024H2     171      0.0647      11.0709
       1h   joint 2025H1     392      0.2189      85.8059
       1h   joint 2025H2     584      0.0068       3.9830
       1h   joint 2026H1     447      0.1045      46.7024
       1h v9_long 2024H2     758     -0.0491     -37.2124
       1h v9_long 2025H1    1719     -0.0646    -111.0638
       1h v9_long 2025H2    2363      0.0939     221.8767
       1h v9_long 2026H1    1711     -0.0626    -107.1889
      30m   joint 2024H2     237     -0.4115     -97.5309
      30m   joint 2025H1     752      0.2433     182.9782
      30m   joint 2025H2    1132      0.1167     132.0885
      30m   joint 2026H1     842      0.2153     181.2771
      30m v9_long 2024H2    1441     -0.1279    -184.2530
      30m v9_long 2025H1    3095      0.0399     123.4544
      30m v9_long 2025H2    4371      0.1320     576.7903
      30m v9_long 2026H1    3245     -0.0147     -47.8286
       4h   joint 2024H2      45      0.8976      40.3922
       4h   joint 2025H1      47      0.0072       0.3387
       4h   joint 2025H2     102      0.6549      66.7951
       4h   joint 2026H1     148     -0.6354     -94.0415
       4h v9_long 2024H2     270      1.1348     306.3882
       4h v9_long 2025H1     192     -0.0329      -6.3158
       4h v9_long 2025H2     627     -0.1177     -73.8155
       4h v9_long 2026H1     489     -0.4469    -218.5235
       5m   joint 2024H2    1832     -0.2112    -386.8777
       5m   joint 2025H1    4168     -0.2784   -1160.5515
       5m   joint 2025H2    5811     -0.2936   -1706.0435
       5m   joint 2026H1    4446     -0.1798    -799.4673
       5m v9_long 2024H2    9208     -0.2551   -2348.6698
       5m v9_long 2025H1   21235     -0.2708   -5750.4623
       5m v9_long 2025H2   27448     -0.3084   -8463.9106
       5m v9_long 2026H1   20204     -0.2473   -4995.6756

== overlap ==
timeframe  joint_taken  v9_long_taken  joint_on_a_v9_bar  joint_per_v9_long
       5m        16268          78130              12582             0.2082
      15m         5339          23223               4208             0.2299
      30m         2971          12174               2271             0.2440
       1h         1594           6565               1283             0.2428
       4h          353           1619                279             0.2180
       1d            8             41                  7             0.1951

== coverage ==
timeframe  streams  skipped  bars_in_window  streams_ready_in_window  v9_long_signals  lines_born  line_breaks  joint_signals  streams_with_joint  pivot_ties  partial_buckets  gaps
       5m      638        0        82622997                      624            92432      260191       265424          16758                 621    17878164                0     8
      15m      638        0        27540770                      623            26939       92179        94288           5519                 614     5674549                4     8
      30m      638        0        13770253                      623            14259       47010        48342           3084                 581     2786918               87     8
       1h      638        0         6885049                      622             7757       24628        25226           1651                 528     1388723              247     8
       4h      638        0         1721128                      624             1834        6353         6445            367                 254      351085              382     8
       1d      638        0          286708                      453               43         440          429              8                   8       57208              604    92
