{"completed": 1, "total": 638, "symbol": "0GUSDT", "candidates": {"baseline": 17, "held_age_8": 13}, "seconds": 5.0}
{"completed": 2, "total": 638, "symbol": "1000000BOBUSDT", "candidates": {"baseline": 25, "held_age_8": 21}, "seconds": 6.96}
{"completed": 3, "total": 638, "symbol": "1000CATUSDT", "candidates": {"baseline": 43, "held_age_8": 37}, "seconds": 10.42}
{"completed": 4, "total": 638, "symbol": "1000CHEEMSUSDT", "candidates": {"baseline": 49, "held_age_8": 33}, "seconds": 11.27}
{"completed": 5, "total": 638, "symbol": "1000000MOGUSDT", "candidates": {"baseline": 44, "held_age_8": 35}, "seconds": 11.45}
{"completed": 6, "total": 638, "symbol": "1000LUNCUSDT", "candidates": {"baseline": 49, "held_age_8": 36}, "seconds": 12.92}
{"completed": 7, "total": 638, "symbol": "1000FLOKIUSDT", "candidates": {"baseline": 48, "held_age_8": 35}, "seconds": 13.21}
{"completed": 8, "total": 638, "symbol": "1000BONKUSDT", "candidates": {"baseline": 54, "held_age_8": 41}, "seconds": 13.47}
{"completed": 9, "total": 638, "symbol": "1000PEPEUSDT", "candidates": {"baseline": 45, "held_age_8": 29}, "seconds": 14.06}
{"completed": 10, "total": 638, "symbol": "1000SATSUSDT", "candidates": {"baseline": 28, "held_age_8": 21}, "seconds": 7.38}
{"completed": 11, "total": 638, "symbol": "1000WHYUSDT", "candidates": {"baseline": 19, "held_age_8": 14}, "seconds": 5.01}
{"completed": 12, "total": 638, "symbol": "42USDT", "candidates": {"baseline": 3, "held_age_8": 0}, "seconds": 2.45}
{"completed": 13, "total": 638, "symbol": "1000RATSUSDT", "candidates": {"baseline": 54, "held_age_8": 36}, "seconds": 11.98}
{"completed": 14, "total": 638, "symbol": "2ZUSDT", "candidates": {"baseline": 15, "held_age_8": 13}, "seconds": 3.78}
{"completed": 15, "total": 638, "symbol": "4USDT", "candidates": {"baseline": 21, "held_age_8": 18}, "seconds": 3.87}
{"completed": 16, "total": 638, "symbol": "1000XECUSDT", "candidates": {"baseline": 39, "held_age_8": 26}, "seconds": 8.84}
{"completed": 17, "total": 638, "symbol": "A2ZUSDT", "candidates": {"baseline": 15, "held_age_8": 10}, "seconds": 4.24}
{"completed": 18, "total": 638, "symbol": "1000XUSDT", "candidates": {"baseline": 39, "held_age_8": 32}, "seconds": 8.08}
{"completed": 19, "total": 638, "symbol": "1INCHUSDT", "candidates": {"baseline": 47, "held_age_8": 32}, "seconds": 8.85}
{"completed": 20, "total": 638, "symbol": "1000SHIBUSDT", "candidates": {"baseline": 50, "held_age_8": 39}, "seconds": 11.72}
{"completed": 21, "total": 638, "symbol": "ACUUSDT", "candidates": {"baseline": 10, "held_age_8": 10}, "seconds": 1.91}
{"completed": 22, "total": 638, "symbol": "1MBABYDOGEUSDT", "candidates": {"baseline": 49, "held_age_8": 35}, "seconds": 11.02}
{"completed": 23, "total": 638, "symbol": "AGIXUSDT", "candidates": {"baseline": 0, "held_age_8": 0}, "seconds": 2.0}
{"completed": 24, "total": 638, "symbol": "AAVEUSDT", "candidates": {"baseline": 50, "held_age_8": 34}, "seconds": 11.69}
{"completed": 25, "total": 638, "symbol": "ACEUSDT", "candidates": {"baseline": 48, "held_age_8": 33}, "seconds": 10.86}
{"completed": 26, "total": 638, "symbol": "ACXUSDT", "candidates": {"baseline": 29, "held_age_8": 20}, "seconds": 8.87}
{"completed": 27, "total": 638, "symbol": "ACTUSDT", "candidates": {"baseline": 40, "held_age_8": 33}, "seconds": 9.88}
{"completed": 28, "total": 638, "symbol": "AIGENSYNUSDT", "candidates": {"baseline": 0, "held_age_8": 0}, "seconds": 0.13}
{"completed": 29, "total": 638, "symbol": "AEROUSDT", "candidates": {"baseline": 37, "held_age_8": 26}, "seconds": 8.85}
{"completed": 30, "total": 638, "symbol": "AIAUSDT", "candidates": {"baseline": 5, "held_age_8": 4}, "seconds": 2.38}
{"completed": 31, "total": 638, "symbol": "ACHUSDT", "candidates": {"baseline": 46, "held_age_8": 32}, "seconds": 12.58}
{"completed": 32, "total": 638, "symbol": "AEVOUSDT", "candidates": {"baseline": 44, "held_age_8": 36}, "seconds": 10.47}
{"completed": 33, "total": 638, "symbol": "ADAUSDT", "candidates": {"baseline": 48, "held_age_8": 34}, "seconds": 12.16}
{"completed": 34, "total": 638, "symbol": "AI16ZUSDT", "candidates": {"baseline": 17, "held_age_8": 13}, "seconds": 5.94}
{"completed": 35, "total": 638, "symbol": "AGTUSDT", "candidates": {"baseline": 26, "held_age_8": 20}, "seconds": 7.38}
{"completed": 36, "total": 638, "symbol": "AINUSDT", "candidates": {"baseline": 24, "held_age_8": 16}, "seconds": 6.46}
{"completed": 37, "total": 638, "symbol": "AIOTUSDT", "candidates": {"baseline": 27, "held_age_8": 19}, "seconds": 6.65}
{"completed": 38, "total": 638, "symbol": "AIOUSDT", "candidates": {"baseline": 26, "held_age_8": 17}, "seconds": 5.53}
{"completed": 39, "total": 638, "symbol": "AGLDUSDT", "candidates": {"baseline": 41, "held_age_8": 27}, "seconds": 11.98}
{"completed": 40, "total": 638, "symbol": "AKEUSDT", "candidates": {"baseline": 13, "held_age_8": 11}, "seconds": 4.86}
{"completed": 41, "total": 638, "symbol": "ALLOUSDT", "candidates": {"baseline": 11, "held_age_8": 9}, "seconds": 3.89}
{"completed": 42, "total": 638, "symbol": "AIXBTUSDT", "candidates": {"baseline": 31, "held_age_8": 23}, "seconds": 10.87}
{"completed": 43, "total": 638, "symbol": "AKTUSDT", "candidates": {"baseline": 33, "held_age_8": 25}, "seconds": 9.72}
{"completed": 44, "total": 638, "symbol": "ALLUSDT", "candidates": {"baseline": 17, "held_age_8": 8}, "seconds": 6.05}
{"completed": 45, "total": 638, "symbol": "ALICEUSDT", "candidates": {"baseline": 30, "held_age_8": 18}, "seconds": 7.24}
{"completed": 46, "total": 638, "symbol": "ALPACAUSDT", "candidates": {"baseline": 19, "held_age_8": 10}, "seconds": 7.77}
{"completed": 47, "total": 638, "symbol": "AIUSDT", "candidates": {"baseline": 44, "held_age_8": 35}, "seconds": 15.21}
{"completed": 48, "total": 638, "symbol": "ALCHUSDT", "candidates": {"baseline": 40, "held_age_8": 30}, "seconds": 12.33}
{"completed": 49, "total": 638, "symbol": "ALGOUSDT", "candidates": {"baseline": 38, "held_age_8": 22}, "seconds": 11.61}
{"completed": 50, "total": 638, "symbol": "AMBUSDT", "candidates": {"baseline": 12, "held_age_8": 9}, "seconds": 7.29}
{"completed": 51, "total": 638, "symbol": "ALPHAUSDT", "candidates": {"baseline": 27, "held_age_8": 20}, "seconds": 10.71}
{"completed": 52, "total": 638, "symbol": "APRUSDT", "candidates": {"baseline": 22, "held_age_8": 20}, "seconds": 4.42}
{"completed": 53, "total": 638, "symbol": "ALPINEUSDT", "candidates": {"baseline": 29, "held_age_8": 21}, "seconds": 9.5}
{"completed": 54, "total": 638, "symbol": "ANIMEUSDT", "candidates": {"baseline": 27, "held_age_8": 18}, "seconds": 9.01}
{"completed": 55, "total": 638, "symbol": "ALTUSDT", "candidates": {"baseline": 48, "held_age_8": 37}, "seconds": 14.41}
{"completed": 56, "total": 638, "symbol": "ANKRUSDT", "candidates": {"baseline": 41, "held_age_8": 27}, "seconds": 13.16}
{"completed": 57, "total": 638, "symbol": "ARIAUSDT", "candidates": {"baseline": 33, "held_age_8": 29}, "seconds": 6.56}
{"completed": 58, "total": 638, "symbol": "APEUSDT", "candidates": {"baseline": 43, "held_age_8": 28}, "seconds": 14.26}
{"completed": 59, "total": 638, "symbol": "ARCUSDT", "candidates": {"baseline": 40, "held_age_8": 27}, "seconds": 11.45}
{"completed": 60, "total": 638, "symbol": "API3USDT", "candidates": {"baseline": 39, "held_age_8": 32}, "seconds": 16.09}
{"completed": 61, "total": 638, "symbol": "ARBUSDT", "candidates": {"baseline": 41, "held_age_8": 30}, "seconds": 14.89}
{"completed": 62, "total": 638, "symbol": "APTUSDT", "candidates": {"baseline": 51, "held_age_8": 38}, "seconds": 17.48}
{"completed": 63, "total": 638, "symbol": "ARKMUSDT", "candidates": {"baseline": 42, "held_age_8": 29}, "seconds": 16.31}
{"completed": 64, "total": 638, "symbol": "ASTERUSDT", "candidates": {"baseline": 27, "held_age_8": 21}, "seconds": 7.14}
{"completed": 65, "total": 638, "symbol": "ASRUSDT", "candidates": {"baseline": 29, "held_age_8": 22}, "seconds": 9.88}
{"completed": 66, "total": 638, "symbol": "ARKUSDT", "candidates": {"baseline": 40, "held_age_8": 28}, "seconds": 15.95}
{"completed": 67, "total": 638, "symbol": "ATAUSDT", "candidates": {"baseline": 18, "held_age_8": 9}, "seconds": 8.42}
{"completed": 68, "total": 638, "symbol": "ARPAUSDT", "candidates": {"baseline": 50, "held_age_8": 35}, "seconds": 15.71}
{"completed": 69, "total": 638, "symbol": "ATUSDT", "candidates": {"baseline": 18, "held_age_8": 17}, "seconds": 6.81}
{"completed": 70, "total": 638, "symbol": "ARUSDT", "candidates": {"baseline": 42, "held_age_8": 27}, "seconds": 18.06}
{"completed": 71, "total": 638, "symbol": "ATHUSDT", "candidates": {"baseline": 23, "held_age_8": 14}, "seconds": 10.32}
{"completed": 72, "total": 638, "symbol": "ASTRUSDT", "candidates": {"baseline": 33, "held_age_8": 24}, "seconds": 18.18}
{"completed": 73, "total": 638, "symbol": "AUSDT", "candidates": {"baseline": 29, "held_age_8": 23}, "seconds": 8.91}
{"completed": 74, "total": 638, "symbol": "AVNTUSDT", "candidates": {"baseline": 12, "held_age_8": 10}, "seconds": 5.9}
{"completed": 75, "total": 638, "symbol": "ATOMUSDT", "candidates": {"baseline": 31, "held_age_8": 21}, "seconds": 14.96}
{"completed": 76, "total": 638, "symbol": "AZTECUSDT", "candidates": {"baseline": 9, "held_age_8": 5}, "seconds": 1.67}
{"completed": 77, "total": 638, "symbol": "AVAAIUSDT", "candidates": {"baseline": 32, "held_age_8": 27}, "seconds": 11.98}
{"completed": 78, "total": 638, "symbol": "AWEUSDT", "candidates": {"baseline": 18, "held_age_8": 13}, "seconds": 8.24}
{"completed": 79, "total": 638, "symbol": "AVAUSDT", "candidates": {"baseline": 46, "held_age_8": 36}, "seconds": 12.41}
{"completed": 80, "total": 638, "symbol": "AUCTIONUSDT", "candidates": {"baseline": 45, "held_age_8": 35}, "seconds": 17.96}
{"completed": 81, "total": 638, "symbol": "B2USDT", "candidates": {"baseline": 26, "held_age_8": 23}, "seconds": 9.81}
{"completed": 82, "total": 638, "symbol": "AVAXUSDT", "candidates": {"baseline": 44, "held_age_8": 35}, "seconds": 16.88}
{"completed": 83, "total": 638, "symbol": "B3USDT", "candidates": {"baseline": 22, "held_age_8": 12}, "seconds": 9.97}
{"completed": 84, "total": 638, "symbol": "BABYUSDT", "candidates": {"baseline": 31, "held_age_8": 21}, "seconds": 9.03}
{"completed": 85, "total": 638, "symbol": "BADGERUSDT", "candidates": {"baseline": 19, "held_age_8": 15}, "seconds": 9.12}
{"completed": 86, "total": 638, "symbol": "AXLUSDT", "candidates": {"baseline": 46, "held_age_8": 32}, "seconds": 14.6}
{"completed": 87, "total": 638, "symbol": "AXSUSDT", "candidates": {"baseline": 44, "held_age_8": 27}, "seconds": 14.22}
{"completed": 88, "total": 638, "symbol": "BALUSDT", "candidates": {"baseline": 13, "held_age_8": 10}, "seconds": 8.31}
{"completed": 89, "total": 638, "symbol": "BAKEUSDT", "candidates": {"baseline": 31, "held_age_8": 19}, "seconds": 10.78}
{"completed": 90, "total": 638, "symbol": "BASEDUSDT", "candidates": {"baseline": 2, "held_age_8": 2}, "seconds": 1.16}
{"completed": 91, "total": 638, "symbol": "BARDUSDT", "candidates": {"baseline": 16, "held_age_8": 13}, "seconds": 7.4}
{"completed": 92, "total": 638, "symbol": "BASUSDT", "candidates": {"baseline": 23, "held_age_8": 18}, "seconds": 7.7}
{"completed": 93, "total": 638, "symbol": "BANANAS31USDT", "candidates": {"baseline": 33, "held_age_8": 19}, "seconds": 12.55}
{"completed": 94, "total": 638, "symbol": "BANKUSDT", "candidates": {"baseline": 31, "held_age_8": 20}, "seconds": 14.26}
{"completed": 95, "total": 638, "symbol": "BEATUSDT", "candidates": {"baseline": 12, "held_age_8": 9}, "seconds": 8.87}
{"completed": 96, "total": 638, "symbol": "BANUSDT", "candidates": {"baseline": 40, "held_age_8": 27}, "seconds": 19.42}
{"completed": 97, "total": 638, "symbol": "BATUSDT", "candidates": {"baseline": 32, "held_age_8": 20}, "seconds": 18.34}
{"completed": 98, "total": 638, "symbol": "BANDUSDT", "candidates": {"baseline": 43, "held_age_8": 33}, "seconds": 23.77}
{"completed": 99, "total": 638, "symbol": "BANANAUSDT", "candidates": {"baseline": 44, "held_age_8": 27}, "seconds": 26.7}
{"completed": 100, "total": 638, "symbol": "BBUSDT", "candidates": {"baseline": 45, "held_age_8": 34}, "seconds": 27.01}
{"completed": 101, "total": 638, "symbol": "BIRBUSDT", "candidates": {"baseline": 8, "held_age_8": 8}, "seconds": 5.44}
{"completed": 102, "total": 638, "symbol": "BIDUSDT", "candidates": {"baseline": 22, "held_age_8": 16}, "seconds": 17.56}
{"completed": 103, "total": 638, "symbol": "BERAUSDT", "candidates": {"baseline": 30, "held_age_8": 19}, "seconds": 19.02}
{"completed": 104, "total": 638, "symbol": "BEAMXUSDT", "candidates": {"baseline": 40, "held_age_8": 33}, "seconds": 29.72}
{"completed": 105, "total": 638, "symbol": "BCHUSDT", "candidates": {"baseline": 49, "held_age_8": 38}, "seconds": 32.93}
{"completed": 106, "total": 638, "symbol": "BELUSDT", "candidates": {"baseline": 39, "held_age_8": 30}, "seconds": 27.94}
{"completed": 107, "total": 638, "symbol": "BICOUSDT", "candidates": {"baseline": 41, "held_age_8": 28}, "seconds": 24.29}
{"completed": 108, "total": 638, "symbol": "BLESSUSDT", "candidates": {"baseline": 20, "held_age_8": 16}, "seconds": 9.41}
{"completed": 109, "total": 638, "symbol": "BLUAIUSDT", "candidates": {"baseline": 16, "held_age_8": 11}, "seconds": 7.67}
{"completed": 110, "total": 638, "symbol": "BIOUSDT", "candidates": {"baseline": 43, "held_age_8": 34}, "seconds": 20.75}
{"completed": 111, "total": 638, "symbol": "BIGTIMEUSDT", "candidates": {"baseline": 47, "held_age_8": 36}, "seconds": 24.92}
{"completed": 112, "total": 638, "symbol": "BLZUSDT", "candidates": {"baseline": 8, "held_age_8": 3}, "seconds": 8.9}
{"completed": 113, "total": 638, "symbol": "BOBUSDT", "candidates": {"baseline": 6, "held_age_8": 5}, "seconds": 5.76}
{"completed": 114, "total": 638, "symbol": "BMTUSDT", "candidates": {"baseline": 25, "held_age_8": 17}, "seconds": 13.17}
{"completed": 115, "total": 638, "symbol": "BNXUSDT", "candidates": {"baseline": 16, "held_age_8": 10}, "seconds": 10.1}
{"completed": 116, "total": 638, "symbol": "BREVUSDT", "candidates": {"baseline": 9, "held_age_8": 8}, "seconds": 3.17}
{"completed": 117, "total": 638, "symbol": "BONDUSDT", "candidates": {"baseline": 10, "held_age_8": 8}, "seconds": 6.94}
{"completed": 118, "total": 638, "symbol": "BSBUSDT", "candidates": {"baseline": 3, "held_age_8": 2}, "seconds": 1.25}
{"completed": 119, "total": 638, "symbol": "BLURUSDT", "candidates": {"baseline": 46, "held_age_8": 35}, "seconds": 21.26}
{"completed": 120, "total": 638, "symbol": "BNBUSDT", "candidates": {"baseline": 51, "held_age_8": 33}, "seconds": 22.98}
{"completed": 121, "total": 638, "symbol": "BOMEUSDT", "candidates": {"baseline": 45, "held_age_8": 35}, "seconds": 19.91}
{"completed": 122, "total": 638, "symbol": "BNTUSDT", "candidates": {"baseline": 36, "held_age_8": 24}, "seconds": 21.93}
{"completed": 123, "total": 638, "symbol": "BROCCOLI714USDT", "candidates": {"baseline": 34, "held_age_8": 26}, "seconds": 15.25}
{"completed": 124, "total": 638, "symbol": "BRETTUSDT", "candidates": {"baseline": 51, "held_age_8": 37}, "seconds": 22.59}
{"completed": 125, "total": 638, "symbol": "BROCCOLIF3BUSDT", "candidates": {"baseline": 29, "held_age_8": 23}, "seconds": 16.81}
{"completed": 126, "total": 638, "symbol": "BRUSDT", "candidates": {"baseline": 32, "held_age_8": 22}, "seconds": 16.69}
{"completed": 127, "total": 638, "symbol": "BSWUSDT", "candidates": {"baseline": 32, "held_age_8": 24}, "seconds": 16.34}
{"completed": 128, "total": 638, "symbol": "BTRUSDT", "candidates": {"baseline": 23, "held_age_8": 19}, "seconds": 11.06}
{"completed": 129, "total": 638, "symbol": "BSVUSDT", "candidates": {"baseline": 37, "held_age_8": 28}, "seconds": 21.31}
{"completed": 130, "total": 638, "symbol": "BULLAUSDT", "candidates": {"baseline": 23, "held_age_8": 18}, "seconds": 10.35}
{"completed": 131, "total": 638, "symbol": "BUSDT", "candidates": {"baseline": 28, "held_age_8": 23}, "seconds": 11.48}
{"completed": 132, "total": 638, "symbol": "C98USDT", "candidates": {"baseline": 26, "held_age_8": 15}, "seconds": 12.3}
{"completed": 133, "total": 638, "symbol": "CARVUSDT", "candidates": {"baseline": 16, "held_age_8": 8}, "seconds": 7.48}
{"completed": 134, "total": 638, "symbol": "CCUSDT", "candidates": {"baseline": 19, "held_age_8": 17}, "seconds": 7.1}
{"completed": 135, "total": 638, "symbol": "CFGUSDT", "candidates": {"baseline": 2, "held_age_8": 1}, "seconds": 1.31}
{"completed": 136, "total": 638, "symbol": "BTCDOMUSDT", "candidates": {"baseline": 42, "held_age_8": 26}, "seconds": 22.2}
{"completed": 137, "total": 638, "symbol": "CELOUSDT", "candidates": {"baseline": 22, "held_age_8": 15}, "seconds": 10.04}
{"completed": 138, "total": 638, "symbol": "BTCUSDT", "candidates": {"baseline": 31, "held_age_8": 22}, "seconds": 25.63}
{"completed": 139, "total": 638, "symbol": "CHIPUSDT", "candidates": {"baseline": 2, "held_age_8": 2}, "seconds": 0.6}
{"completed": 140, "total": 638, "symbol": "CAKEUSDT", "candidates": {"baseline": 43, "held_age_8": 33}, "seconds": 23.08}
{"completed": 141, "total": 638, "symbol": "CELRUSDT", "candidates": {"baseline": 32, "held_age_8": 25}, "seconds": 12.93}
{"completed": 142, "total": 638, "symbol": "CATIUSDT", "candidates": {"baseline": 45, "held_age_8": 37}, "seconds": 20.64}
{"completed": 143, "total": 638, "symbol": "CGPTUSDT", "candidates": {"baseline": 31, "held_age_8": 22}, "seconds": 16.2}
{"completed": 144, "total": 638, "symbol": "CETUSUSDT", "candidates": {"baseline": 46, "held_age_8": 30}, "seconds": 18.57}
{"completed": 145, "total": 638, "symbol": "CLANKERUSDT", "candidates": {"baseline": 10, "held_age_8": 9}, "seconds": 5.5}
{"completed": 146, "total": 638, "symbol": "CHESSUSDT", "candidates": {"baseline": 37, "held_age_8": 29}, "seconds": 16.65}
{"completed": 147, "total": 638, "symbol": "CHRUSDT", "candidates": {"baseline": 35, "held_age_8": 21}, "seconds": 12.52}
{"completed": 148, "total": 638, "symbol": "CHILLGUYUSDT", "candidates": {"baseline": 34, "held_age_8": 27}, "seconds": 14.93}
{"completed": 149, "total": 638, "symbol": "CFXUSDT", "candidates": {"baseline": 52, "held_age_8": 33}, "seconds": 22.07}
{"completed": 150, "total": 638, "symbol": "CLOUSDT", "candidates": {"baseline": 19, "held_age_8": 16}, "seconds": 5.83}
{"completed": 151, "total": 638, "symbol": "COLLECTUSDT", "candidates": {"baseline": 12, "held_age_8": 8}, "seconds": 4.28}
{"completed": 152, "total": 638, "symbol": "COMMONUSDT", "candidates": {"baseline": 9, "held_age_8": 6}, "seconds": 3.99}
{"completed": 153, "total": 638, "symbol": "COAIUSDT", "candidates": {"baseline": 14, "held_age_8": 11}, "seconds": 7.39}
{"completed": 154, "total": 638, "symbol": "CHZUSDT", "candidates": {"baseline": 45, "held_age_8": 32}, "seconds": 18.83}
{"completed": 155, "total": 638, "symbol": "COMBOUSDT", "candidates": {"baseline": 11, "held_age_8": 9}, "seconds": 9.71}
{"completed": 156, "total": 638, "symbol": "CKBUSDT", "candidates": {"baseline": 39, "held_age_8": 31}, "seconds": 18.97}
{"completed": 157, "total": 638, "symbol": "COOKIEUSDT", "candidates": {"baseline": 33, "held_age_8": 27}, "seconds": 12.15}
{"completed": 158, "total": 638, "symbol": "CROSSUSDT", "candidates": {"baseline": 24, "held_age_8": 16}, "seconds": 9.36}
{"completed": 159, "total": 638, "symbol": "COSUSDT", "candidates": {"baseline": 39, "held_age_8": 23}, "seconds": 14.6}
{"completed": 160, "total": 638, "symbol": "COMPUSDT", "candidates": {"baseline": 47, "held_age_8": 32}, "seconds": 17.48}
{"completed": 161, "total": 638, "symbol": "COWUSDT", "candidates": {"baseline": 41, "held_age_8": 35}, "seconds": 13.96}
{"completed": 162, "total": 638, "symbol": "CRVUSDT", "candidates": {"baseline": 21, "held_age_8": 18}, "seconds": 9.3}
{"completed": 163, "total": 638, "symbol": "CTKUSDT", "candidates": {"baseline": 29, "held_age_8": 23}, "seconds": 9.11}
{"completed": 164, "total": 638, "symbol": "CTSIUSDT", "candidates": {"baseline": 37, "held_age_8": 26}, "seconds": 10.21}
{"completed": 165, "total": 638, "symbol": "CUDISUSDT", "candidates": {"baseline": 12, "held_age_8": 9}, "seconds": 5.67}
{"completed": 166, "total": 638, "symbol": "COTIUSDT", "candidates": {"baseline": 43, "held_age_8": 29}, "seconds": 17.91}
{"completed": 167, "total": 638, "symbol": "CYSUSDT", "candidates": {"baseline": 12, "held_age_8": 9}, "seconds": 3.82}
{"completed": 168, "total": 638, "symbol": "CUSDT", "candidates": {"baseline": 34, "held_age_8": 24}, "seconds": 9.6}
{"completed": 169, "total": 638, "symbol": "CVXUSDT", "candidates": {"baseline": 15, "held_age_8": 13}, "seconds": 7.56}
{"completed": 170, "total": 638, "symbol": "DAMUSDT", "candidates": {"baseline": 18, "held_age_8": 14}, "seconds": 7.42}
{"completed": 171, "total": 638, "symbol": "DARUSDT", "candidates": {"baseline": 7, "held_age_8": 5}, "seconds": 6.13}
{"completed": 172, "total": 638, "symbol": "CVCUSDT", "candidates": {"baseline": 19, "held_age_8": 17}, "seconds": 9.82}
{"completed": 173, "total": 638, "symbol": "DEEPUSDT", "candidates": {"baseline": 24, "held_age_8": 19}, "seconds": 10.32}
{"completed": 174, "total": 638, "symbol": "DEFIUSDT", "candidates": {"baseline": 27, "held_age_8": 18}, "seconds": 10.82}
{"completed": 175, "total": 638, "symbol": "CYBERUSDT", "candidates": {"baseline": 44, "held_age_8": 30}, "seconds": 15.09}
{"completed": 176, "total": 638, "symbol": "DGBUSDT", "candidates": {"baseline": 0, "held_age_8": 0}, "seconds": 3.01}
{"completed": 177, "total": 638, "symbol": "DENTUSDT", "candidates": {"baseline": 27, "held_age_8": 15}, "seconds": 9.29}
{"completed": 178, "total": 638, "symbol": "DASHUSDT", "candidates": {"baseline": 44, "held_age_8": 26}, "seconds": 16.41}
{"completed": 179, "total": 638, "symbol": "DEGENUSDT", "candidates": {"baseline": 35, "held_age_8": 26}, "seconds": 14.32}
{"completed": 180, "total": 638, "symbol": "DFUSDT", "candidates": {"baseline": 20, "held_age_8": 16}, "seconds": 11.74}
{"completed": 181, "total": 638, "symbol": "DMCUSDT", "candidates": {"baseline": 18, "held_age_8": 15}, "seconds": 8.61}
{"completed": 182, "total": 638, "symbol": "DEXEUSDT", "candidates": {"baseline": 41, "held_age_8": 28}, "seconds": 15.89}
{"completed": 183, "total": 638, "symbol": "DEGOUSDT", "candidates": {"baseline": 35, "held_age_8": 25}, "seconds": 16.64}
{"completed": 184, "total": 638, "symbol": "DOODUSDT", "candidates": {"baseline": 28, "held_age_8": 16}, "seconds": 11.77}
{"completed": 185, "total": 638, "symbol": "DOLOUSDT", "candidates": {"baseline": 26, "held_age_8": 18}, "seconds": 12.68}
{"completed": 186, "total": 638, "symbol": "DIAUSDT", "candidates": {"baseline": 36, "held_age_8": 27}, "seconds": 18.64}
{"completed": 187, "total": 638, "symbol": "DOGSUSDT", "candidates": {"baseline": 31, "held_age_8": 23}, "seconds": 15.94}
{"completed": 188, "total": 638, "symbol": "DODOXUSDT", "candidates": {"baseline": 48, "held_age_8": 37}, "seconds": 23.67}
{"completed": 189, "total": 638, "symbol": "DRIFTUSDT", "candidates": {"baseline": 38, "held_age_8": 30}, "seconds": 16.46}
{"completed": 190, "total": 638, "symbol": "DUSDT", "candidates": {"baseline": 31, "held_age_8": 24}, "seconds": 16.37}
{"completed": 191, "total": 638, "symbol": "EDGEUSDT", "candidates": {"baseline": 3, "held_age_8": 1}, "seconds": 1.31}
{"completed": 192, "total": 638, "symbol": "DOGEUSDT", "candidates": {"baseline": 50, "held_age_8": 39}, "seconds": 24.21}
{"completed": 193, "total": 638, "symbol": "EDENUSDT", "candidates": {"baseline": 25, "held_age_8": 19}, "seconds": 8.05}
{"completed": 194, "total": 638, "symbol": "DOTUSDT", "candidates": {"baseline": 39, "held_age_8": 31}, "seconds": 19.3}
{"completed": 195, "total": 638, "symbol": "DYDXUSDT", "candidates": {"baseline": 23, "held_age_8": 14}, "seconds": 12.09}
{"completed": 196, "total": 638, "symbol": "ELSAUSDT", "candidates": {"baseline": 9, "held_age_8": 7}, "seconds": 4.15}
{"completed": 197, "total": 638, "symbol": "ENSOUSDT", "candidates": {"baseline": 16, "held_age_8": 10}, "seconds": 6.65}
{"completed": 198, "total": 638, "symbol": "DUSKUSDT", "candidates": {"baseline": 48, "held_age_8": 30}, "seconds": 20.49}
{"completed": 199, "total": 638, "symbol": "DYMUSDT", "candidates": {"baseline": 31, "held_age_8": 18}, "seconds": 19.87}
{"completed": 200, "total": 638, "symbol": "EDUUSDT", "candidates": {"baseline": 43, "held_age_8": 39}, "seconds": 17.72}
{"completed": 201, "total": 638, "symbol": "EIGENUSDT", "candidates": {"baseline": 49, "held_age_8": 33}, "seconds": 18.41}
{"completed": 202, "total": 638, "symbol": "EGLDUSDT", "candidates": {"baseline": 47, "held_age_8": 32}, "seconds": 20.77}
{"completed": 203, "total": 638, "symbol": "ENAUSDT", "candidates": {"baseline": 39, "held_age_8": 25}, "seconds": 18.98}
{"completed": 204, "total": 638, "symbol": "ERAUSDT", "candidates": {"baseline": 20, "held_age_8": 13}, "seconds": 8.73}
{"completed": 205, "total": 638, "symbol": "ESPUSDT", "candidates": {"baseline": 6, "held_age_8": 5}, "seconds": 3.18}
{"completed": 206, "total": 638, "symbol": "ENJUSDT", "candidates": {"baseline": 44, "held_age_8": 30}, "seconds": 20.87}
{"completed": 207, "total": 638, "symbol": "EPTUSDT", "candidates": {"baseline": 21, "held_age_8": 20}, "seconds": 11.22}
{"completed": 208, "total": 638, "symbol": "EPICUSDT", "candidates": {"baseline": 30, "held_age_8": 27}, "seconds": 14.5}
{"completed": 209, "total": 638, "symbol": "ENSUSDT", "candidates": {"baseline": 40, "held_age_8": 28}, "seconds": 21.84}
{"completed": 210, "total": 638, "symbol": "ESPORTSUSDT", "candidates": {"baseline": 23, "held_age_8": 15}, "seconds": 10.33}
{"completed": 211, "total": 638, "symbol": "EULUSDT", "candidates": {"baseline": 17, "held_age_8": 13}, "seconds": 6.08}
{"completed": 212, "total": 638, "symbol": "EVAAUSDT", "candidates": {"baseline": 11, "held_age_8": 9}, "seconds": 6.63}
{"completed": 213, "total": 638, "symbol": "FFUSDT", "candidates": {"baseline": 15, "held_age_8": 11}, "seconds": 8.56}
{"completed": 214, "total": 638, "symbol": "FIGHTUSDT", "candidates": {"baseline": 9, "held_age_8": 4}, "seconds": 4.4}
{"completed": 215, "total": 638, "symbol": "ETHFIUSDT", "candidates": {"baseline": 44, "held_age_8": 28}, "seconds": 22.77}
{"completed": 216, "total": 638, "symbol": "FARTCOINUSDT", "candidates": {"baseline": 37, "held_age_8": 23}, "seconds": 18.45}
{"completed": 217, "total": 638, "symbol": "ETCUSDT", "candidates": {"baseline": 54, "held_age_8": 37}, "seconds": 24.09}
{"completed": 218, "total": 638, "symbol": "FHEUSDT", "candidates": {"baseline": 37, "held_age_8": 23}, "seconds": 15.23}
{"completed": 219, "total": 638, "symbol": "ETHUSDT", "candidates": {"baseline": 39, "held_age_8": 30}, "seconds": 25.96}
{"completed": 220, "total": 638, "symbol": "ETHWUSDT", "candidates": {"baseline": 44, "held_age_8": 34}, "seconds": 25.39}
{"completed": 221, "total": 638, "symbol": "FETUSDT", "candidates": {"baseline": 47, "held_age_8": 35}, "seconds": 24.36}
{"completed": 222, "total": 638, "symbol": "FLOCKUSDT", "candidates": {"baseline": 13, "held_age_8": 11}, "seconds": 9.58}
{"completed": 223, "total": 638, "symbol": "FIDAUSDT", "candidates": {"baseline": 48, "held_age_8": 30}, "seconds": 24.12}
{"completed": 224, "total": 638, "symbol": "FLMUSDT", "candidates": {"baseline": 21, "held_age_8": 14}, "seconds": 10.09}
{"completed": 225, "total": 638, "symbol": "FLUIDUSDT", "candidates": {"baseline": 19, "held_age_8": 14}, "seconds": 7.74}
{"completed": 226, "total": 638, "symbol": "FISUSDT", "candidates": {"baseline": 24, "held_age_8": 19}, "seconds": 12.2}
{"completed": 227, "total": 638, "symbol": "FOGOUSDT", "candidates": {"baseline": 12, "held_age_8": 12}, "seconds": 3.96}
{"completed": 228, "total": 638, "symbol": "FLOWUSDT", "candidates": {"baseline": 22, "held_age_8": 11}, "seconds": 11.39}
{"completed": 229, "total": 638, "symbol": "FRAXUSDT", "candidates": {"baseline": 9, "held_age_8": 9}, "seconds": 3.54}
{"completed": 230, "total": 638, "symbol": "FOLKSUSDT", "candidates": {"baseline": 13, "held_age_8": 11}, "seconds": 6.74}
{"completed": 231, "total": 638, "symbol": "FILUSDT", "candidates": {"baseline": 43, "held_age_8": 33}, "seconds": 21.23}
{"completed": 232, "total": 638, "symbol": "FIOUSDT", "candidates": {"baseline": 29, "held_age_8": 21}, "seconds": 19.23}
{"completed": 233, "total": 638, "symbol": "FTTUSDT", "candidates": {"baseline": 0, "held_age_8": 0}, "seconds": 4.28}
{"completed": 234, "total": 638, "symbol": "FTMUSDT", "candidates": {"baseline": 7, "held_age_8": 5}, "seconds": 9.25}
{"completed": 235, "total": 638, "symbol": "FORTHUSDT", "candidates": {"baseline": 20, "held_age_8": 17}, "seconds": 12.16}
{"completed": 236, "total": 638, "symbol": "GENIUSUSDT", "candidates": {"baseline": 0, "held_age_8": 0}, "seconds": 0.56}
{"completed": 237, "total": 638, "symbol": "FLUXUSDT", "candidates": {"baseline": 45, "held_age_8": 27}, "seconds": 19.57}
{"completed": 238, "total": 638, "symbol": "FORMUSDT", "candidates": {"baseline": 36, "held_age_8": 31}, "seconds": 16.27}
{"completed": 239, "total": 638, "symbol": "FUNUSDT", "candidates": {"baseline": 24, "held_age_8": 17}, "seconds": 13.33}
{"completed": 240, "total": 638, "symbol": "GLMRUSDT", "candidates": {"baseline": 0, "held_age_8": 0}, "seconds": 3.22}
{"completed": 241, "total": 638, "symbol": "FUSDT", "candidates": {"baseline": 27, "held_age_8": 19}, "seconds": 12.77}
{"completed": 242, "total": 638, "symbol": "GIGGLEUSDT", "candidates": {"baseline": 24, "held_age_8": 18}, "seconds": 7.13}
{"completed": 243, "total": 638, "symbol": "GALAUSDT", "candidates": {"baseline": 45, "held_age_8": 29}, "seconds": 15.88}
{"completed": 244, "total": 638, "symbol": "FXSUSDT", "candidates": {"baseline": 36, "held_age_8": 23}, "seconds": 18.73}
{"completed": 245, "total": 638, "symbol": "GASUSDT", "candidates": {"baseline": 38, "held_age_8": 28}, "seconds": 18.95}
{"completed": 246, "total": 638, "symbol": "GHSTUSDT", "candidates": {"baseline": 28, "held_age_8": 20}, "seconds": 17.38}
{"completed": 247, "total": 638, "symbol": "GPSUSDT", "candidates": {"baseline": 34, "held_age_8": 20}, "seconds": 14.9}
{"completed": 248, "total": 638, "symbol": "GMTUSDT", "candidates": {"baseline": 45, "held_age_8": 33}, "seconds": 19.85}
{"completed": 249, "total": 638, "symbol": "GLMUSDT", "candidates": {"baseline": 33, "held_age_8": 21}, "seconds": 22.1}
{"completed": 250, "total": 638, "symbol": "GTCUSDT", "candidates": {"baseline": 23, "held_age_8": 14}, "seconds": 8.6}
{"completed": 251, "total": 638, "symbol": "GOATUSDT", "candidates": {"baseline": 52, "held_age_8": 39}, "seconds": 19.56}
{"completed": 252, "total": 638, "symbol": "GUAUSDT", "candidates": {"baseline": 19, "held_age_8": 17}, "seconds": 4.08}
{"completed": 253, "total": 638, "symbol": "GWEIUSDT", "candidates": {"baseline": 8, "held_age_8": 7}, "seconds": 3.25}
{"completed": 254, "total": 638, "symbol": "GRIFFAINUSDT", "candidates": {"baseline": 39, "held_age_8": 29}, "seconds": 16.34}
{"completed": 255, "total": 638, "symbol": "GRASSUSDT", "candidates": {"baseline": 35, "held_age_8": 23}, "seconds": 19.0}
{"completed": 256, "total": 638, "symbol": "GMXUSDT", "candidates": {"baseline": 38, "held_age_8": 25}, "seconds": 23.95}
{"completed": 257, "total": 638, "symbol": "HANAUSDT", "candidates": {"baseline": 23, "held_age_8": 18}, "seconds": 8.89}
{"completed": 258, "total": 638, "symbol": "GRTUSDT", "candidates": {"baseline": 32, "held_age_8": 22}, "seconds": 21.84}
{"completed": 259, "total": 638, "symbol": "GUNUSDT", "candidates": {"baseline": 24, "held_age_8": 17}, "seconds": 13.12}
{"completed": 260, "total": 638, "symbol": "HEMIUSDT", "candidates": {"baseline": 20, "held_age_8": 16}, "seconds": 8.78}
{"completed": 261, "total": 638, "symbol": "HAEDALUSDT", "candidates": {"baseline": 22, "held_age_8": 20}, "seconds": 13.99}
{"completed": 262, "total": 638, "symbol": "GUSDT", "candidates": {"baseline": 41, "held_age_8": 27}, "seconds": 17.14}
{"completed": 263, "total": 638, "symbol": "HEIUSDT", "candidates": {"baseline": 37, "held_age_8": 22}, "seconds": 16.14}
{"completed": 264, "total": 638, "symbol": "HIFIUSDT", "candidates": {"baseline": 32, "held_age_8": 21}, "seconds": 15.38}
{"completed": 265, "total": 638, "symbol": "HOLOUSDT", "candidates": {"baseline": 14, "held_age_8": 13}, "seconds": 8.99}
{"completed": 266, "total": 638, "symbol": "HBARUSDT", "candidates": {"baseline": 39, "held_age_8": 26}, "seconds": 24.09}
{"completed": 267, "total": 638, "symbol": "HFTUSDT", "candidates": {"baseline": 40, "held_age_8": 30}, "seconds": 22.97}
{"completed": 268, "total": 638, "symbol": "HIPPOUSDT", "candidates": {"baseline": 36, "held_age_8": 27}, "seconds": 17.63}
{"completed": 269, "total": 638, "symbol": "HOMEUSDT", "candidates": {"baseline": 21, "held_age_8": 14}, "seconds": 12.88}
{"completed": 270, "total": 638, "symbol": "HIGHUSDT", "candidates": {"baseline": 45, "held_age_8": 31}, "seconds": 22.34}
{"completed": 271, "total": 638, "symbol": "HIVEUSDT", "candidates": {"baseline": 36, "held_age_8": 25}, "seconds": 20.12}
{"completed": 272, "total": 638, "symbol": "HMSTRUSDT", "candidates": {"baseline": 44, "held_age_8": 34}, "seconds": 19.77}
{"completed": 273, "total": 638, "symbol": "HUSDT", "candidates": {"baseline": 36, "held_age_8": 27}, "seconds": 10.4}
{"completed": 274, "total": 638, "symbol": "HUMAUSDT", "candidates": {"baseline": 37, "held_age_8": 27}, "seconds": 11.27}
{"completed": 275, "total": 638, "symbol": "HOTUSDT", "candidates": {"baseline": 39, "held_age_8": 26}, "seconds": 13.56}
{"completed": 276, "total": 638, "symbol": "HYPERUSDT", "candidates": {"baseline": 26, "held_age_8": 20}, "seconds": 9.61}
{"completed": 277, "total": 638, "symbol": "IDEXUSDT", "candidates": {"baseline": 0, "held_age_8": 0}, "seconds": 2.89}
{"completed": 278, "total": 638, "symbol": "ICNTUSDT", "candidates": {"baseline": 26, "held_age_8": 18}, "seconds": 8.78}
{"completed": 279, "total": 638, "symbol": "HOOKUSDT", "candidates": {"baseline": 39, "held_age_8": 24}, "seconds": 17.42}
{"completed": 280, "total": 638, "symbol": "HYPEUSDT", "candidates": {"baseline": 25, "held_age_8": 20}, "seconds": 10.91}
{"completed": 281, "total": 638, "symbol": "ICXUSDT", "candidates": {"baseline": 35, "held_age_8": 22}, "seconds": 11.55}
{"completed": 282, "total": 638, "symbol": "IDOLUSDT", "candidates": {"baseline": 27, "held_age_8": 20}, "seconds": 9.49}
{"completed": 283, "total": 638, "symbol": "INXUSDT", "candidates": {"baseline": 4, "held_age_8": 4}, "seconds": 2.81}
{"completed": 284, "total": 638, "symbol": "ICPUSDT", "candidates": {"baseline": 35, "held_age_8": 25}, "seconds": 22.92}
{"completed": 285, "total": 638, "symbol": "INUSDT", "candidates": {"baseline": 27, "held_age_8": 20}, "seconds": 12.9}
{"completed": 286, "total": 638, "symbol": "INITUSDT", "candidates": {"baseline": 32, "held_age_8": 27}, "seconds": 15.31}
{"completed": 287, "total": 638, "symbol": "IMXUSDT", "candidates": {"baseline": 36, "held_age_8": 30}, "seconds": 22.59}
{"completed": 288, "total": 638, "symbol": "IDUSDT", "candidates": {"baseline": 39, "held_age_8": 32}, "seconds": 24.06}
{"completed": 289, "total": 638, "symbol": "ILVUSDT", "candidates": {"baseline": 36, "held_age_8": 23}, "seconds": 23.69}
{"completed": 290, "total": 638, "symbol": "IOTAUSDT", "candidates": {"baseline": 45, "held_age_8": 31}, "seconds": 17.6}
{"completed": 291, "total": 638, "symbol": "INJUSDT", "candidates": {"baseline": 39, "held_age_8": 27}, "seconds": 24.06}
{"completed": 292, "total": 638, "symbol": "IRUSDT", "candidates": {"baseline": 11, "held_age_8": 10}, "seconds": 5.08}
{"completed": 293, "total": 638, "symbol": "IRYSUSDT", "candidates": {"baseline": 12, "held_age_8": 5}, "seconds": 5.28}
{"completed": 294, "total": 638, "symbol": "IOSTUSDT", "candidates": {"baseline": 32, "held_age_8": 18}, "seconds": 21.18}
{"completed": 295, "total": 638, "symbol": "IOTXUSDT", "candidates": {"baseline": 38, "held_age_8": 25}, "seconds": 16.23}
{"completed": 296, "total": 638, "symbol": "IPUSDT", "candidates": {"baseline": 30, "held_age_8": 21}, "seconds": 15.62}
{"completed": 297, "total": 638, "symbol": "JCTUSDT", "candidates": {"baseline": 17, "held_age_8": 11}, "seconds": 7.61}
{"completed": 298, "total": 638, "symbol": "IOUSDT", "candidates": {"baseline": 45, "held_age_8": 36}, "seconds": 21.48}
{"completed": 299, "total": 638, "symbol": "JSTUSDT", "candidates": {"baseline": 20, "held_age_8": 13}, "seconds": 12.01}
{"completed": 300, "total": 638, "symbol": "JELLYJELLYUSDT", "candidates": {"baseline": 27, "held_age_8": 19}, "seconds": 15.61}
{"completed": 301, "total": 638, "symbol": "KATUSDT", "candidates": {"baseline": 5, "held_age_8": 5}, "seconds": 1.64}
{"completed": 302, "total": 638, "symbol": "KAIAUSDT", "candidates": {"baseline": 34, "held_age_8": 25}, "seconds": 14.54}
{"completed": 303, "total": 638, "symbol": "JASMYUSDT", "candidates": {"baseline": 43, "held_age_8": 34}, "seconds": 23.96}
{"completed": 304, "total": 638, "symbol": "KAITOUSDT", "candidates": {"baseline": 28, "held_age_8": 19}, "seconds": 14.64}
{"completed": 305, "total": 638, "symbol": "JTOUSDT", "candidates": {"baseline": 46, "held_age_8": 35}, "seconds": 20.85}
{"completed": 306, "total": 638, "symbol": "JOEUSDT", "candidates": {"baseline": 40, "held_age_8": 32}, "seconds": 21.92}
{"completed": 307, "total": 638, "symbol": "JUPUSDT", "candidates": {"baseline": 31, "held_age_8": 22}, "seconds": 19.1}
{"completed": 308, "total": 638, "symbol": "KEYUSDT", "candidates": {"baseline": 8, "held_age_8": 4}, "seconds": 7.72}
{"completed": 309, "total": 638, "symbol": "KGENUSDT", "candidates": {"baseline": 23, "held_age_8": 17}, "seconds": 7.17}
{"completed": 310, "total": 638, "symbol": "KLAYUSDT", "candidates": {"baseline": 3, "held_age_8": 1}, "seconds": 5.4}
{"completed": 311, "total": 638, "symbol": "KITEUSDT", "candidates": {"baseline": 20, "held_age_8": 16}, "seconds": 5.6}
{"completed": 312, "total": 638, "symbol": "KDAUSDT", "candidates": {"baseline": 32, "held_age_8": 22}, "seconds": 14.09}
{"completed": 313, "total": 638, "symbol": "KERNELUSDT", "candidates": {"baseline": 29, "held_age_8": 23}, "seconds": 10.45}
{"completed": 314, "total": 638, "symbol": "KASUSDT", "candidates": {"baseline": 47, "held_age_8": 32}, "seconds": 20.07}
{"completed": 315, "total": 638, "symbol": "KAVAUSDT", "candidates": {"baseline": 41, "held_age_8": 29}, "seconds": 16.16}
{"completed": 316, "total": 638, "symbol": "LABUSDT", "candidates": {"baseline": 18, "held_age_8": 10}, "seconds": 5.74}
{"completed": 317, "total": 638, "symbol": "LAUSDT", "candidates": {"baseline": 21, "held_age_8": 14}, "seconds": 8.0}
{"completed": 318, "total": 638, "symbol": "KMNOUSDT", "candidates": {"baseline": 35, "held_age_8": 24}, "seconds": 13.74}
{"completed": 319, "total": 638, "symbol": "LIGHTUSDT", "candidates": {"baseline": 16, "held_age_8": 11}, "seconds": 6.66}
{"completed": 320, "total": 638, "symbol": "KOMAUSDT", "candidates": {"baseline": 45, "held_age_8": 31}, "seconds": 13.47}
{"completed": 321, "total": 638, "symbol": "LAYERUSDT", "candidates": {"baseline": 22, "held_age_8": 10}, "seconds": 11.46}
{"completed": 322, "total": 638, "symbol": "LINAUSDT", "candidates": {"baseline": 10, "held_age_8": 7}, "seconds": 5.69}
{"completed": 323, "total": 638, "symbol": "KNCUSDT", "candidates": {"baseline": 47, "held_age_8": 37}, "seconds": 15.19}
{"completed": 324, "total": 638, "symbol": "LEVERUSDT", "candidates": {"baseline": 24, "held_age_8": 17}, "seconds": 12.3}
{"completed": 325, "total": 638, "symbol": "LINEAUSDT", "candidates": {"baseline": 16, "held_age_8": 10}, "seconds": 5.81}
{"completed": 326, "total": 638, "symbol": "LITUSDT", "candidates": {"baseline": 12, "held_age_8": 7}, "seconds": 3.49}
{"completed": 327, "total": 638, "symbol": "KSMUSDT", "candidates": {"baseline": 36, "held_age_8": 23}, "seconds": 17.81}
{"completed": 328, "total": 638, "symbol": "LDOUSDT", "candidates": {"baseline": 36, "held_age_8": 29}, "seconds": 17.35}
{"completed": 329, "total": 638, "symbol": "LOOMUSDT", "candidates": {"baseline": 4, "held_age_8": 2}, "seconds": 6.51}
{"completed": 330, "total": 638, "symbol": "LOKAUSDT", "candidates": {"baseline": 18, "held_age_8": 14}, "seconds": 8.59}
{"completed": 331, "total": 638, "symbol": "LISTAUSDT", "candidates": {"baseline": 45, "held_age_8": 30}, "seconds": 16.73}
{"completed": 332, "total": 638, "symbol": "LINKUSDT", "candidates": {"baseline": 45, "held_age_8": 36}, "seconds": 18.62}
{"completed": 333, "total": 638, "symbol": "LUMIAUSDT", "candidates": {"baseline": 33, "held_age_8": 19}, "seconds": 11.23}
{"completed": 334, "total": 638, "symbol": "LQTYUSDT", "candidates": {"baseline": 48, "held_age_8": 34}, "seconds": 17.48}
{"completed": 335, "total": 638, "symbol": "LSKUSDT", "candidates": {"baseline": 45, "held_age_8": 32}, "seconds": 15.11}
{"completed": 336, "total": 638, "symbol": "LPTUSDT", "candidates": {"baseline": 42, "held_age_8": 33}, "seconds": 18.6}
{"completed": 337, "total": 638, "symbol": "LRCUSDT", "candidates": {"baseline": 50, "held_age_8": 46}, "seconds": 18.05}
{"completed": 338, "total": 638, "symbol": "MANTRAUSDT", "candidates": {"baseline": 4, "held_age_8": 3}, "seconds": 1.5}
{"completed": 339, "total": 638, "symbol": "LYNUSDT", "candidates": {"baseline": 24, "held_age_8": 21}, "seconds": 5.55}
{"completed": 340, "total": 638, "symbol": "MAGMAUSDT", "candidates": {"baseline": 10, "held_age_8": 9}, "seconds": 3.39}
{"completed": 341, "total": 638, "symbol": "LTCUSDT", "candidates": {"baseline": 47, "held_age_8": 38}, "seconds": 18.04}
{"completed": 342, "total": 638, "symbol": "MDTUSDT", "candidates": {"baseline": 0, "held_age_8": 0}, "seconds": 3.09}
{"completed": 343, "total": 638, "symbol": "LUNA2USDT", "candidates": {"baseline": 45, "held_age_8": 34}, "seconds": 17.81}
{"completed": 344, "total": 638, "symbol": "MEGAUSDT", "candidates": {"baseline": 13, "held_age_8": 9}, "seconds": 2.1}
{"completed": 345, "total": 638, "symbol": "MEMEFIUSDT", "candidates": {"baseline": 5, "held_age_8": 4}, "seconds": 4.2}
{"completed": 346, "total": 638, "symbol": "MANAUSDT", "candidates": {"baseline": 39, "held_age_8": 33}, "seconds": 14.72}
{"completed": 347, "total": 638, "symbol": "MAGICUSDT", "candidates": {"baseline": 39, "held_age_8": 27}, "seconds": 16.34}
{"completed": 348, "total": 638, "symbol": "MAVIAUSDT", "candidates": {"baseline": 31, "held_age_8": 24}, "seconds": 12.58}
{"completed": 349, "total": 638, "symbol": "MANTAUSDT", "candidates": {"baseline": 54, "held_age_8": 40}, "seconds": 16.8}
{"completed": 350, "total": 638, "symbol": "MBOXUSDT", "candidates": {"baseline": 52, "held_age_8": 36}, "seconds": 15.79}
{"completed": 351, "total": 638, "symbol": "MAVUSDT", "candidates": {"baseline": 45, "held_age_8": 32}, "seconds": 16.42}
{"completed": 352, "total": 638, "symbol": "METUSDT", "candidates": {"baseline": 16, "held_age_8": 13}, "seconds": 4.8}
{"completed": 353, "total": 638, "symbol": "MELANIAUSDT", "candidates": {"baseline": 33, "held_age_8": 27}, "seconds": 11.53}
{"completed": 354, "total": 638, "symbol": "MASKUSDT", "candidates": {"baseline": 39, "held_age_8": 26}, "seconds": 18.1}
{"completed": 355, "total": 638, "symbol": "MERLUSDT", "candidates": {"baseline": 27, "held_age_8": 17}, "seconds": 9.05}
{"completed": 356, "total": 638, "symbol": "MIRAUSDT", "candidates": {"baseline": 19, "held_age_8": 13}, "seconds": 6.11}
{"completed": 357, "total": 638, "symbol": "MILKUSDT", "candidates": {"baseline": 11, "held_age_8": 10}, "seconds": 7.51}
{"completed": 358, "total": 638, "symbol": "MITOUSDT", "candidates": {"baseline": 16, "held_age_8": 11}, "seconds": 8.24}
{"completed": 359, "total": 638, "symbol": "MEUSDT", "candidates": {"baseline": 37, "held_age_8": 27}, "seconds": 13.4}
{"completed": 360, "total": 638, "symbol": "MEMEUSDT", "candidates": {"baseline": 52, "held_age_8": 40}, "seconds": 16.61}
{"completed": 361, "total": 638, "symbol": "MMTUSDT", "candidates": {"baseline": 10, "held_age_8": 8}, "seconds": 4.59}
{"completed": 362, "total": 638, "symbol": "METISUSDT", "candidates": {"baseline": 47, "held_age_8": 29}, "seconds": 16.45}
{"completed": 363, "total": 638, "symbol": "MINAUSDT", "candidates": {"baseline": 38, "held_age_8": 28}, "seconds": 14.97}
{"completed": 364, "total": 638, "symbol": "MEWUSDT", "candidates": {"baseline": 40, "held_age_8": 27}, "seconds": 15.8}
{"completed": 365, "total": 638, "symbol": "MONUSDT", "candidates": {"baseline": 12, "held_age_8": 9}, "seconds": 5.35}
{"completed": 366, "total": 638, "symbol": "MKRUSDT", "candidates": {"baseline": 29, "held_age_8": 19}, "seconds": 13.11}
{"completed": 367, "total": 638, "symbol": "MLNUSDT", "candidates": {"baseline": 32, "held_age_8": 25}, "seconds": 11.78}
{"completed": 368, "total": 638, "symbol": "MOCAUSDT", "candidates": {"baseline": 40, "held_age_8": 29}, "seconds": 11.92}
{"completed": 369, "total": 638, "symbol": "MOVEUSDT", "candidates": {"baseline": 32, "held_age_8": 20}, "seconds": 13.29}
{"completed": 370, "total": 638, "symbol": "MORPHOUSDT", "candidates": {"baseline": 47, "held_age_8": 31}, "seconds": 14.32}
{"completed": 371, "total": 638, "symbol": "MUSDT", "candidates": {"baseline": 28, "held_age_8": 24}, "seconds": 8.98}
{"completed": 372, "total": 638, "symbol": "MUBARAKUSDT", "candidates": {"baseline": 35, "held_age_8": 27}, "seconds": 11.54}
{"completed": 373, "total": 638, "symbol": "MOODENGUSDT", "candidates": {"baseline": 41, "held_age_8": 33}, "seconds": 16.9}
{"completed": 374, "total": 638, "symbol": "MYXUSDT", "candidates": {"baseline": 28, "held_age_8": 22}, "seconds": 8.46}
{"completed": 375, "total": 638, "symbol": "MYROUSDT", "candidates": {"baseline": 37, "held_age_8": 24}, "seconds": 13.95}
{"completed": 376, "total": 638, "symbol": "MOVRUSDT", "candidates": {"baseline": 40, "held_age_8": 33}, "seconds": 17.22}
{"completed": 377, "total": 638, "symbol": "MTLUSDT", "candidates": {"baseline": 40, "held_age_8": 32}, "seconds": 17.03}
{"completed": 378, "total": 638, "symbol": "NAORISUSDT", "candidates": {"baseline": 21, "held_age_8": 17}, "seconds": 9.15}
{"completed": 379, "total": 638, "symbol": "NIGHTUSDT", "candidates": {"baseline": 12, "held_age_8": 12}, "seconds": 4.43}
{"completed": 380, "total": 638, "symbol": "NEWTUSDT", "candidates": {"baseline": 23, "held_age_8": 17}, "seconds": 8.72}
{"completed": 381, "total": 638, "symbol": "NEIROETHUSDT", "candidates": {"baseline": 29, "held_age_8": 23}, "seconds": 13.33}
{"completed": 382, "total": 638, "symbol": "NEARUSDT", "candidates": {"baseline": 42, "held_age_8": 23}, "seconds": 16.34}
{"completed": 383, "total": 638, "symbol": "NILUSDT", "candidates": {"baseline": 30, "held_age_8": 22}, "seconds": 12.03}
{"completed": 384, "total": 638, "symbol": "NOMUSDT", "candidates": {"baseline": 22, "held_age_8": 13}, "seconds": 7.14}
{"completed": 385, "total": 638, "symbol": "NEIROUSDT", "candidates": {"baseline": 46, "held_age_8": 30}, "seconds": 18.6}
{"completed": 386, "total": 638, "symbol": "NEOUSDT", "candidates": {"baseline": 45, "held_age_8": 35}, "seconds": 19.92}
{"completed": 387, "total": 638, "symbol": "NFPUSDT", "candidates": {"baseline": 40, "held_age_8": 28}, "seconds": 18.4}
{"completed": 388, "total": 638, "symbol": "NKNUSDT", "candidates": {"baseline": 35, "held_age_8": 29}, "seconds": 17.27}
{"completed": 389, "total": 638, "symbol": "OCEANUSDT", "candidates": {"baseline": 0, "held_age_8": 0}, "seconds": 4.25}
{"completed": 390, "total": 638, "symbol": "NULSUSDT", "candidates": {"baseline": 14, "held_age_8": 11}, "seconds": 10.07}
{"completed": 391, "total": 638, "symbol": "OBOLUSDT", "candidates": {"baseline": 11, "held_age_8": 10}, "seconds": 10.8}
{"completed": 392, "total": 638, "symbol": "NXPCUSDT", "candidates": {"baseline": 24, "held_age_8": 14}, "seconds": 12.5}
{"completed": 393, "total": 638, "symbol": "NTRNUSDT", "candidates": {"baseline": 39, "held_age_8": 30}, "seconds": 18.67}
{"completed": 394, "total": 638, "symbol": "NMRUSDT", "candidates": {"baseline": 59, "held_age_8": 45}, "seconds": 24.78}
{"completed": 395, "total": 638, "symbol": "NOTUSDT", "candidates": {"baseline": 46, "held_age_8": 31}, "seconds": 21.92}
{"completed": 396, "total": 638, "symbol": "OLUSDT", "candidates": {"baseline": 23, "held_age_8": 13}, "seconds": 10.29}
{"completed": 397, "total": 638, "symbol": "OGNUSDT", "candidates": {"baseline": 29, "held_age_8": 22}, "seconds": 12.48}
{"completed": 398, "total": 638, "symbol": "OMGUSDT", "candidates": {"baseline": 14, "held_age_8": 10}, "seconds": 9.99}
{"completed": 399, "total": 638, "symbol": "OGUSDT", "candidates": {"baseline": 36, "held_age_8": 23}, "seconds": 14.43}
{"completed": 400, "total": 638, "symbol": "OPGUSDT", "candidates": {"baseline": 0, "held_age_8": 0}, "seconds": 0.4}
{"completed": 401, "total": 638, "symbol": "OPNUSDT", "candidates": {"baseline": 2, "held_age_8": 2}, "seconds": 3.01}
{"completed": 402, "total": 638, "symbol": "ONUSDT", "candidates": {"baseline": 13, "held_age_8": 10}, "seconds": 7.51}
{"completed": 403, "total": 638, "symbol": "OPENUSDT", "candidates": {"baseline": 12, "held_age_8": 8}, "seconds": 8.3}
{"completed": 404, "total": 638, "symbol": "OMNIUSDT", "candidates": {"baseline": 24, "held_age_8": 20}, "seconds": 15.51}
{"completed": 405, "total": 638, "symbol": "ONEUSDT", "candidates": {"baseline": 47, "held_age_8": 29}, "seconds": 14.02}
{"completed": 406, "total": 638, "symbol": "ORBSUSDT", "candidates": {"baseline": 7, "held_age_8": 6}, "seconds": 6.71}
{"completed": 407, "total": 638, "symbol": "ONTUSDT", "candidates": {"baseline": 46, "held_age_8": 32}, "seconds": 14.54}
{"completed": 408, "total": 638, "symbol": "ORDERUSDT", "candidates": {"baseline": 16, "held_age_8": 9}, "seconds": 7.01}
{"completed": 409, "total": 638, "symbol": "OMUSDT", "candidates": {"baseline": 34, "held_age_8": 25}, "seconds": 23.34}
{"completed": 410, "total": 638, "symbol": "ONDOUSDT", "candidates": {"baseline": 36, "held_age_8": 25}, "seconds": 20.44}
{"completed": 411, "total": 638, "symbol": "ONGUSDT", "candidates": {"baseline": 49, "held_age_8": 31}, "seconds": 21.66}
{"completed": 412, "total": 638, "symbol": "ORCAUSDT", "candidates": {"baseline": 40, "held_age_8": 24}, "seconds": 12.4}
{"completed": 413, "total": 638, "symbol": "OPUSDT", "candidates": {"baseline": 37, "held_age_8": 23}, "seconds": 18.02}
{"completed": 414, "total": 638, "symbol": "PARTIUSDT", "candidates": {"baseline": 20, "held_age_8": 15}, "seconds": 11.86}
{"completed": 415, "total": 638, "symbol": "PAXGUSDT", "candidates": {"baseline": 16, "held_age_8": 10}, "seconds": 10.24}
{"completed": 416, "total": 638, "symbol": "ORDIUSDT", "candidates": {"baseline": 52, "held_age_8": 41}, "seconds": 18.67}
{"completed": 417, "total": 638, "symbol": "OXTUSDT", "candidates": {"baseline": 30, "held_age_8": 25}, "seconds": 17.36}
{"completed": 418, "total": 638, "symbol": "PIEVERSEUSDT", "candidates": {"baseline": 14, "held_age_8": 12}, "seconds": 4.84}
{"completed": 419, "total": 638, "symbol": "PENGUUSDT", "candidates": {"baseline": 35, "held_age_8": 24}, "seconds": 15.52}
{"completed": 420, "total": 638, "symbol": "PERPUSDT", "candidates": {"baseline": 41, "held_age_8": 28}, "seconds": 13.53}
{"completed": 421, "total": 638, "symbol": "PEOPLEUSDT", "candidates": {"baseline": 42, "held_age_8": 24}, "seconds": 16.07}
{"completed": 422, "total": 638, "symbol": "PENDLEUSDT", "candidates": {"baseline": 44, "held_age_8": 29}, "seconds": 19.21}
{"completed": 423, "total": 638, "symbol": "PHAUSDT", "candidates": {"baseline": 42, "held_age_8": 34}, "seconds": 16.14}
{"completed": 424, "total": 638, "symbol": "PLAYUSDT", "candidates": {"baseline": 23, "held_age_8": 19}, "seconds": 9.85}
{"completed": 425, "total": 638, "symbol": "PHBUSDT", "candidates": {"baseline": 46, "held_age_8": 30}, "seconds": 19.51}
{"completed": 426, "total": 638, "symbol": "PLUMEUSDT", "candidates": {"baseline": 32, "held_age_8": 21}, "seconds": 12.26}
{"completed": 427, "total": 638, "symbol": "PIPPINUSDT", "candidates": {"baseline": 40, "held_age_8": 29}, "seconds": 16.03}
{"completed": 428, "total": 638, "symbol": "PIXELUSDT", "candidates": {"baseline": 39, "held_age_8": 22}, "seconds": 19.03}
{"completed": 429, "total": 638, "symbol": "POWERUSDT", "candidates": {"baseline": 9, "held_age_8": 6}, "seconds": 5.07}
{"completed": 430, "total": 638, "symbol": "PORT3USDT", "candidates": {"baseline": 16, "held_age_8": 11}, "seconds": 7.53}
{"completed": 431, "total": 638, "symbol": "PRLUSDT", "candidates": {"baseline": 4, "held_age_8": 2}, "seconds": 1.05}
{"completed": 432, "total": 638, "symbol": "PNUTUSDT", "candidates": {"baseline": 44, "held_age_8": 33}, "seconds": 19.54}
{"completed": 433, "total": 638, "symbol": "PONKEUSDT", "candidates": {"baseline": 25, "held_age_8": 20}, "seconds": 15.48}
{"completed": 434, "total": 638, "symbol": "POLUSDT", "candidates": {"baseline": 47, "held_age_8": 39}, "seconds": 23.2}
{"completed": 435, "total": 638, "symbol": "POLYXUSDT", "candidates": {"baseline": 41, "held_age_8": 31}, "seconds": 22.61}
{"completed": 436, "total": 638, "symbol": "POPCATUSDT", "candidates": {"baseline": 44, "held_age_8": 25}, "seconds": 21.97}
{"completed": 437, "total": 638, "symbol": "PROVEUSDT", "candidates": {"baseline": 17, "held_age_8": 17}, "seconds": 10.94}
{"completed": 438, "total": 638, "symbol": "PTBUSDT", "candidates": {"baseline": 22, "held_age_8": 13}, "seconds": 10.31}
{"completed": 439, "total": 638, "symbol": "PORTALUSDT", "candidates": {"baseline": 40, "held_age_8": 27}, "seconds": 21.74}
{"completed": 440, "total": 638, "symbol": "PROMPTUSDT", "candidates": {"baseline": 31, "held_age_8": 22}, "seconds": 15.48}
{"completed": 441, "total": 638, "symbol": "POWRUSDT", "candidates": {"baseline": 42, "held_age_8": 25}, "seconds": 19.62}
{"completed": 442, "total": 638, "symbol": "PUFFERUSDT", "candidates": {"baseline": 20, "held_age_8": 12}, "seconds": 12.42}
{"completed": 443, "total": 638, "symbol": "PROMUSDT", "candidates": {"baseline": 37, "held_age_8": 28}, "seconds": 19.37}
{"completed": 444, "total": 638, "symbol": "PUMPBTCUSDT", "candidates": {"baseline": 25, "held_age_8": 19}, "seconds": 12.86}
{"completed": 445, "total": 638, "symbol": "PUMPUSDT", "candidates": {"baseline": 22, "held_age_8": 17}, "seconds": 10.71}
{"completed": 446, "total": 638, "symbol": "RADUSDT", "candidates": {"baseline": 0, "held_age_8": 0}, "seconds": 4.35}
{"completed": 447, "total": 638, "symbol": "PUNDIXUSDT", "candidates": {"baseline": 25, "held_age_8": 13}, "seconds": 11.73}
{"completed": 448, "total": 638, "symbol": "RAVEUSDT", "candidates": {"baseline": 9, "held_age_8": 6}, "seconds": 5.17}
{"completed": 449, "total": 638, "symbol": "RAYUSDT", "candidates": {"baseline": 0, "held_age_8": 0}, "seconds": 3.33}
{"completed": 450, "total": 638, "symbol": "QUSDT", "candidates": {"baseline": 20, "held_age_8": 14}, "seconds": 9.42}
{"completed": 451, "total": 638, "symbol": "QUICKUSDT", "candidates": {"baseline": 23, "held_age_8": 16}, "seconds": 14.88}
{"completed": 452, "total": 638, "symbol": "QTUMUSDT", "candidates": {"baseline": 39, "held_age_8": 28}, "seconds": 16.41}
{"completed": 453, "total": 638, "symbol": "RECALLUSDT", "candidates": {"baseline": 22, "held_age_8": 16}, "seconds": 5.78}
{"completed": 454, "total": 638, "symbol": "PYTHUSDT", "candidates": {"baseline": 41, "held_age_8": 28}, "seconds": 21.0}
{"completed": 455, "total": 638, "symbol": "QNTUSDT", "candidates": {"baseline": 45, "held_age_8": 30}, "seconds": 21.88}
{"completed": 456, "total": 638, "symbol": "REEFUSDT", "candidates": {"baseline": 14, "held_age_8": 12}, "seconds": 7.67}
{"completed": 457, "total": 638, "symbol": "RAYSOLUSDT", "candidates": {"baseline": 38, "held_age_8": 26}, "seconds": 16.06}
{"completed": 458, "total": 638, "symbol": "RAREUSDT", "candidates": {"baseline": 42, "held_age_8": 29}, "seconds": 20.8}
{"completed": 459, "total": 638, "symbol": "RENUSDT", "candidates": {"baseline": 5, "held_age_8": 3}, "seconds": 6.34}
{"completed": 460, "total": 638, "symbol": "REDUSDT", "candidates": {"baseline": 31, "held_age_8": 23}, "seconds": 12.44}
{"completed": 461, "total": 638, "symbol": "RDNTUSDT", "candidates": {"baseline": 34, "held_age_8": 24}, "seconds": 15.98}
{"completed": 462, "total": 638, "symbol": "ROBOUSDT", "candidates": {"baseline": 6, "held_age_8": 4}, "seconds": 1.91}
{"completed": 463, "total": 638, "symbol": "RLSUSDT", "candidates": {"baseline": 10, "held_age_8": 8}, "seconds": 4.19}
{"completed": 464, "total": 638, "symbol": "REIUSDT", "candidates": {"baseline": 30, "held_age_8": 25}, "seconds": 13.39}
{"completed": 465, "total": 638, "symbol": "RIVERUSDT", "candidates": {"baseline": 20, "held_age_8": 12}, "seconds": 6.15}
{"completed": 466, "total": 638, "symbol": "RESOLVUSDT", "candidates": {"baseline": 29, "held_age_8": 23}, "seconds": 10.6}
{"completed": 467, "total": 638, "symbol": "RENDERUSDT", "candidates": {"baseline": 36, "held_age_8": 23}, "seconds": 18.27}
{"completed": 468, "total": 638, "symbol": "REZUSDT", "candidates": {"baseline": 47, "held_age_8": 35}, "seconds": 17.93}
{"completed": 469, "total": 638, "symbol": "RIFUSDT", "candidates": {"baseline": 56, "held_age_8": 35}, "seconds": 17.8}
{"completed": 470, "total": 638, "symbol": "RLCUSDT", "candidates": {"baseline": 50, "held_age_8": 37}, "seconds": 20.57}
{"completed": 471, "total": 638, "symbol": "RONINUSDT", "candidates": {"baseline": 42, "held_age_8": 26}, "seconds": 17.45}
{"completed": 472, "total": 638, "symbol": "RVVUSDT", "candidates": {"baseline": 7, "held_age_8": 6}, "seconds": 4.36}
{"completed": 473, "total": 638, "symbol": "RPLUSDT", "candidates": {"baseline": 37, "held_age_8": 23}, "seconds": 18.42}
{"completed": 474, "total": 638, "symbol": "ROSEUSDT", "candidates": {"baseline": 43, "held_age_8": 31}, "seconds": 19.02}
{"completed": 475, "total": 638, "symbol": "RUNEUSDT", "candidates": {"baseline": 42, "held_age_8": 32}, "seconds": 17.15}
{"completed": 476, "total": 638, "symbol": "RVNUSDT", "candidates": {"baseline": 47, "held_age_8": 30}, "seconds": 13.08}
{"completed": 477, "total": 638, "symbol": "RSRUSDT", "candidates": {"baseline": 40, "held_age_8": 29}, "seconds": 18.69}
{"completed": 478, "total": 638, "symbol": "SCUSDT", "candidates": {"baseline": 0, "held_age_8": 0}, "seconds": 3.86}
{"completed": 479, "total": 638, "symbol": "SAHARAUSDT", "candidates": {"baseline": 23, "held_age_8": 17}, "seconds": 11.78}
{"completed": 480, "total": 638, "symbol": "SAPIENUSDT", "candidates": {"baseline": 25, "held_age_8": 16}, "seconds": 9.94}
{"completed": 481, "total": 638, "symbol": "SAFEUSDT", "candidates": {"baseline": 41, "held_age_8": 26}, "seconds": 17.14}
{"completed": 482, "total": 638, "symbol": "SENTUSDT", "candidates": {"baseline": 21, "held_age_8": 17}, "seconds": 6.16}
{"completed": 483, "total": 638, "symbol": "SCRTUSDT", "candidates": {"baseline": 43, "held_age_8": 27}, "seconds": 16.55}
{"completed": 484, "total": 638, "symbol": "SANTOSUSDT", "candidates": {"baseline": 49, "held_age_8": 38}, "seconds": 21.12}
{"completed": 485, "total": 638, "symbol": "SAGAUSDT", "candidates": {"baseline": 49, "held_age_8": 34}, "seconds": 25.03}
{"completed": 486, "total": 638, "symbol": "SCRUSDT", "candidates": {"baseline": 35, "held_age_8": 24}, "seconds": 22.09}
{"completed": 487, "total": 638, "symbol": "SANDUSDT", "candidates": {"baseline": 49, "held_age_8": 33}, "seconds": 27.44}
{"completed": 488, "total": 638, "symbol": "SEIUSDT", "candidates": {"baseline": 28, "held_age_8": 21}, "seconds": 22.68}
{"completed": 489, "total": 638, "symbol": "SKRUSDT", "candidates": {"baseline": 15, "held_age_8": 11}, "seconds": 5.46}
{"completed": 490, "total": 638, "symbol": "SHELLUSDT", "candidates": {"baseline": 28, "held_age_8": 21}, "seconds": 18.93}
{"completed": 491, "total": 638, "symbol": "SIGNUSDT", "candidates": {"baseline": 24, "held_age_8": 15}, "seconds": 16.47}
{"completed": 492, "total": 638, "symbol": "SKATEUSDT", "candidates": {"baseline": 14, "held_age_8": 11}, "seconds": 11.86}
{"completed": 493, "total": 638, "symbol": "SFPUSDT", "candidates": {"baseline": 43, "held_age_8": 37}, "seconds": 24.45}
{"completed": 494, "total": 638, "symbol": "SNTUSDT", "candidates": {"baseline": 0, "held_age_8": 0}, "seconds": 3.72}
{"completed": 495, "total": 638, "symbol": "SKYUSDT", "candidates": {"baseline": 10, "held_age_8": 8}, "seconds": 8.39}
{"completed": 496, "total": 638, "symbol": "SIRENUSDT", "candidates": {"baseline": 35, "held_age_8": 31}, "seconds": 19.35}
{"completed": 497, "total": 638, "symbol": "SKYAIUSDT", "candidates": {"baseline": 21, "held_age_8": 14}, "seconds": 13.52}
{"completed": 498, "total": 638, "symbol": "SLPUSDT", "candidates": {"baseline": 18, "held_age_8": 10}, "seconds": 9.52}
{"completed": 499, "total": 638, "symbol": "SLERFUSDT", "candidates": {"baseline": 24, "held_age_8": 15}, "seconds": 11.72}
{"completed": 500, "total": 638, "symbol": "SPACEUSDT", "candidates": {"baseline": 12, "held_age_8": 11}, "seconds": 3.56}
{"completed": 501, "total": 638, "symbol": "SKLUSDT", "candidates": {"baseline": 42, "held_age_8": 28}, "seconds": 22.73}
{"completed": 502, "total": 638, "symbol": "SOMIUSDT", "candidates": {"baseline": 16, "held_age_8": 10}, "seconds": 9.42}
{"completed": 503, "total": 638, "symbol": "SNXUSDT", "candidates": {"baseline": 37, "held_age_8": 26}, "seconds": 14.06}
{"completed": 504, "total": 638, "symbol": "SPORTFUNUSDT", "candidates": {"baseline": 8, "held_age_8": 7}, "seconds": 3.08}
{"completed": 505, "total": 638, "symbol": "SOLVUSDT", "candidates": {"baseline": 37, "held_age_8": 24}, "seconds": 14.29}
{"completed": 506, "total": 638, "symbol": "SOONUSDT", "candidates": {"baseline": 21, "held_age_8": 17}, "seconds": 12.21}
{"completed": 507, "total": 638, "symbol": "SONICUSDT", "candidates": {"baseline": 39, "held_age_8": 27}, "seconds": 15.07}
{"completed": 508, "total": 638, "symbol": "SOPHUSDT", "candidates": {"baseline": 28, "held_age_8": 20}, "seconds": 12.42}
{"completed": 509, "total": 638, "symbol": "SPKUSDT", "candidates": {"baseline": 29, "held_age_8": 18}, "seconds": 10.67}
{"completed": 510, "total": 638, "symbol": "SOLUSDT", "candidates": {"baseline": 42, "held_age_8": 30}, "seconds": 22.11}
{"completed": 511, "total": 638, "symbol": "STABLEUSDT", "candidates": {"baseline": 20, "held_age_8": 16}, "seconds": 5.95}
{"completed": 512, "total": 638, "symbol": "STBLUSDT", "candidates": {"baseline": 22, "held_age_8": 18}, "seconds": 9.56}
{"completed": 513, "total": 638, "symbol": "SQDUSDT", "candidates": {"baseline": 25, "held_age_8": 14}, "seconds": 13.49}
{"completed": 514, "total": 638, "symbol": "STMXUSDT", "candidates": {"baseline": 8, "held_age_8": 4}, "seconds": 8.4}
{"completed": 515, "total": 638, "symbol": "SPXUSDT", "candidates": {"baseline": 40, "held_age_8": 30}, "seconds": 18.45}
{"completed": 516, "total": 638, "symbol": "STPTUSDT", "candidates": {"baseline": 0, "held_age_8": 0}, "seconds": 4.55}
{"completed": 517, "total": 638, "symbol": "SPELLUSDT", "candidates": {"baseline": 39, "held_age_8": 27}, "seconds": 23.23}
{"completed": 518, "total": 638, "symbol": "STRAXUSDT", "candidates": {"baseline": 0, "held_age_8": 0}, "seconds": 5.12}
{"completed": 519, "total": 638, "symbol": "STGUSDT", "candidates": {"baseline": 47, "held_age_8": 28}, "seconds": 19.12}
{"completed": 520, "total": 638, "symbol": "SSVUSDT", "candidates": {"baseline": 54, "held_age_8": 42}, "seconds": 25.25}
{"completed": 521, "total": 638, "symbol": "STOUSDT", "candidates": {"baseline": 32, "held_age_8": 23}, "seconds": 15.86}
{"completed": 522, "total": 638, "symbol": "STEEMUSDT", "candidates": {"baseline": 39, "held_age_8": 28}, "seconds": 25.96}
{"completed": 523, "total": 638, "symbol": "STORJUSDT", "candidates": {"baseline": 48, "held_age_8": 27}, "seconds": 22.43}
{"completed": 524, "total": 638, "symbol": "STRKUSDT", "candidates": {"baseline": 43, "held_age_8": 28}, "seconds": 18.92}
{"completed": 525, "total": 638, "symbol": "STXUSDT", "candidates": {"baseline": 37, "held_age_8": 25}, "seconds": 21.55}
{"completed": 526, "total": 638, "symbol": "SUSDT", "candidates": {"baseline": 42, "held_age_8": 34}, "seconds": 13.33}
{"completed": 527, "total": 638, "symbol": "SUIUSDT", "candidates": {"baseline": 37, "held_age_8": 28}, "seconds": 22.91}
{"completed": 528, "total": 638, "symbol": "SUNUSDT", "candidates": {"baseline": 49, "held_age_8": 35}, "seconds": 21.15}
{"completed": 529, "total": 638, "symbol": "SWARMSUSDT", "candidates": {"baseline": 35, "held_age_8": 23}, "seconds": 13.46}
{"completed": 530, "total": 638, "symbol": "SWELLUSDT", "candidates": {"baseline": 25, "held_age_8": 19}, "seconds": 12.14}
{"completed": 531, "total": 638, "symbol": "SUPERUSDT", "candidates": {"baseline": 48, "held_age_8": 36}, "seconds": 17.77}
{"completed": 532, "total": 638, "symbol": "SXTUSDT", "candidates": {"baseline": 26, "held_age_8": 21}, "seconds": 11.69}
{"completed": 533, "total": 638, "symbol": "SUSHIUSDT", "candidates": {"baseline": 40, "held_age_8": 30}, "seconds": 19.18}
{"completed": 534, "total": 638, "symbol": "TAIKOUSDT", "candidates": {"baseline": 28, "held_age_8": 17}, "seconds": 7.99}
{"completed": 535, "total": 638, "symbol": "TACUSDT", "candidates": {"baseline": 26, "held_age_8": 22}, "seconds": 8.42}
{"completed": 536, "total": 638, "symbol": "SYRUPUSDT", "candidates": {"baseline": 20, "held_age_8": 18}, "seconds": 10.95}
{"completed": 537, "total": 638, "symbol": "TAKEUSDT", "candidates": {"baseline": 23, "held_age_8": 17}, "seconds": 7.69}
{"completed": 538, "total": 638, "symbol": "TAGUSDT", "candidates": {"baseline": 24, "held_age_8": 17}, "seconds": 9.39}
{"completed": 539, "total": 638, "symbol": "TANSSIUSDT", "candidates": {"baseline": 9, "held_age_8": 9}, "seconds": 6.72}
{"completed": 540, "total": 638, "symbol": "SYNUSDT", "candidates": {"baseline": 45, "held_age_8": 36}, "seconds": 16.18}
{"completed": 541, "total": 638, "symbol": "SYSUSDT", "candidates": {"baseline": 44, "held_age_8": 35}, "seconds": 16.8}
{"completed": 542, "total": 638, "symbol": "TAUSDT", "candidates": {"baseline": 31, "held_age_8": 24}, "seconds": 9.15}
{"completed": 543, "total": 638, "symbol": "THEUSDT", "candidates": {"baseline": 41, "held_age_8": 25}, "seconds": 13.57}
{"completed": 544, "total": 638, "symbol": "TOSHIUSDT", "candidates": {"baseline": 15, "held_age_8": 11}, "seconds": 6.73}
{"completed": 545, "total": 638, "symbol": "TAOUSDT", "candidates": {"baseline": 39, "held_age_8": 28}, "seconds": 19.77}
{"completed": 546, "total": 638, "symbol": "THETAUSDT", "candidates": {"baseline": 48, "held_age_8": 36}, "seconds": 19.18}
{"completed": 547, "total": 638, "symbol": "TOKENUSDT", "candidates": {"baseline": 26, "held_age_8": 18}, "seconds": 14.85}
{"completed": 548, "total": 638, "symbol": "TLMUSDT", "candidates": {"baseline": 50, "held_age_8": 37}, "seconds": 20.32}
{"completed": 549, "total": 638, "symbol": "TNSRUSDT", "candidates": {"baseline": 42, "held_age_8": 29}, "seconds": 18.36}
{"completed": 550, "total": 638, "symbol": "TIAUSDT", "candidates": {"baseline": 38, "held_age_8": 28}, "seconds": 21.09}
{"completed": 551, "total": 638, "symbol": "TOWNSUSDT", "candidates": {"baseline": 21, "held_age_8": 15}, "seconds": 8.84}
{"completed": 552, "total": 638, "symbol": "TRADOORUSDT", "candidates": {"baseline": 16, "held_age_8": 12}, "seconds": 7.0}
{"completed": 553, "total": 638, "symbol": "TRIAUSDT", "candidates": {"baseline": 8, "held_age_8": 6}, "seconds": 3.34}
{"completed": 554, "total": 638, "symbol": "TRUSTUSDT", "candidates": {"baseline": 11, "held_age_8": 9}, "seconds": 6.88}
{"completed": 555, "total": 638, "symbol": "TREEUSDT", "candidates": {"baseline": 18, "held_age_8": 14}, "seconds": 10.2}
{"completed": 556, "total": 638, "symbol": "TROYUSDT", "candidates": {"baseline": 11, "held_age_8": 10}, "seconds": 8.72}
{"completed": 557, "total": 638, "symbol": "TONUSDT", "candidates": {"baseline": 39, "held_age_8": 28}, "seconds": 23.2}
{"completed": 558, "total": 638, "symbol": "TRUTHUSDT", "candidates": {"baseline": 23, "held_age_8": 18}, "seconds": 8.2}
{"completed": 559, "total": 638, "symbol": "TURTLEUSDT", "candidates": {"baseline": 14, "held_age_8": 12}, "seconds": 6.82}
{"completed": 560, "total": 638, "symbol": "TRUMPUSDT", "candidates": {"baseline": 28, "held_age_8": 23}, "seconds": 18.17}
{"completed": 561, "total": 638, "symbol": "TRBUSDT", "candidates": {"baseline": 47, "held_age_8": 39}, "seconds": 24.82}
{"completed": 562, "total": 638, "symbol": "TSTUSDT", "candidates": {"baseline": 22, "held_age_8": 15}, "seconds": 13.94}
{"completed": 563, "total": 638, "symbol": "TRUUSDT", "candidates": {"baseline": 32, "held_age_8": 27}, "seconds": 21.4}
{"completed": 564, "total": 638, "symbol": "TRXUSDT", "candidates": {"baseline": 42, "held_age_8": 32}, "seconds": 21.28}
{"completed": 565, "total": 638, "symbol": "TUTUSDT", "candidates": {"baseline": 40, "held_age_8": 30}, "seconds": 14.63}
{"completed": 566, "total": 638, "symbol": "UAIUSDT", "candidates": {"baseline": 24, "held_age_8": 20}, "seconds": 7.56}
{"completed": 567, "total": 638, "symbol": "TUSDT", "candidates": {"baseline": 49, "held_age_8": 38}, "seconds": 18.24}
{"completed": 568, "total": 638, "symbol": "UBUSDT", "candidates": {"baseline": 21, "held_age_8": 14}, "seconds": 10.22}
{"completed": 569, "total": 638, "symbol": "UNFIUSDT", "candidates": {"baseline": 5, "held_age_8": 4}, "seconds": 7.42}
{"completed": 570, "total": 638, "symbol": "USDCUSDT", "candidates": {"baseline": 0, "held_age_8": 0}, "seconds": 7.28}
{"completed": 571, "total": 638, "symbol": "TURBOUSDT", "candidates": {"baseline": 46, "held_age_8": 42}, "seconds": 25.52}
{"completed": 572, "total": 638, "symbol": "USUSDT", "candidates": {"baseline": 12, "held_age_8": 11}, "seconds": 4.34}
{"completed": 573, "total": 638, "symbol": "USELESSUSDT", "candidates": {"baseline": 27, "held_age_8": 21}, "seconds": 8.9}
{"completed": 574, "total": 638, "symbol": "TWTUSDT", "candidates": {"baseline": 48, "held_age_8": 36}, "seconds": 24.4}
{"completed": 575, "total": 638, "symbol": "UMAUSDT", "candidates": {"baseline": 41, "held_age_8": 24}, "seconds": 19.68}
{"completed": 576, "total": 638, "symbol": "USUALUSDT", "candidates": {"baseline": 40, "held_age_8": 31}, "seconds": 14.72}
{"completed": 577, "total": 638, "symbol": "UNIUSDT", "candidates": {"baseline": 53, "held_age_8": 41}, "seconds": 21.97}
{"completed": 578, "total": 638, "symbol": "UXLINKUSDT", "candidates": {"baseline": 22, "held_age_8": 12}, "seconds": 14.12}
{"completed": 579, "total": 638, "symbol": "VANAUSDT", "candidates": {"baseline": 45, "held_age_8": 38}, "seconds": 15.63}
{"completed": 580, "total": 638, "symbol": "USTCUSDT", "candidates": {"baseline": 53, "held_age_8": 41}, "seconds": 22.07}
{"completed": 581, "total": 638, "symbol": "VELODROMEUSDT", "candidates": {"baseline": 42, "held_age_8": 29}, "seconds": 15.28}
{"completed": 582, "total": 638, "symbol": "VFYUSDT", "candidates": {"baseline": 12, "held_age_8": 11}, "seconds": 5.99}
{"completed": 583, "total": 638, "symbol": "VELVETUSDT", "candidates": {"baseline": 31, "held_age_8": 20}, "seconds": 11.59}
{"completed": 584, "total": 638, "symbol": "VANRYUSDT", "candidates": {"baseline": 48, "held_age_8": 38}, "seconds": 20.87}
{"completed": 585, "total": 638, "symbol": "VIDTUSDT", "candidates": {"baseline": 20, "held_age_8": 17}, "seconds": 10.75}
{"completed": 586, "total": 638, "symbol": "VICUSDT", "candidates": {"baseline": 26, "held_age_8": 14}, "seconds": 14.05}
{"completed": 587, "total": 638, "symbol": "WAVESUSDT", "candidates": {"baseline": 0, "held_age_8": 0}, "seconds": 5.18}
{"completed": 588, "total": 638, "symbol": "VETUSDT", "candidates": {"baseline": 50, "held_age_8": 40}, "seconds": 25.2}
{"completed": 589, "total": 638, "symbol": "VTHOUSDT", "candidates": {"baseline": 32, "held_age_8": 24}, "seconds": 16.79}
{"completed": 590, "total": 638, "symbol": "VVVUSDT", "candidates": {"baseline": 39, "held_age_8": 28}, "seconds": 16.81}
{"completed": 591, "total": 638, "symbol": "VINEUSDT", "candidates": {"baseline": 31, "held_age_8": 24}, "seconds": 20.04}
{"completed": 592, "total": 638, "symbol": "VOXELUSDT", "candidates": {"baseline": 30, "held_age_8": 24}, "seconds": 19.93}
{"completed": 593, "total": 638, "symbol": "WALUSDT", "candidates": {"baseline": 23, "held_age_8": 19}, "seconds": 15.52}
{"completed": 594, "total": 638, "symbol": "VIRTUALUSDT", "candidates": {"baseline": 37, "held_age_8": 28}, "seconds": 21.89}
{"completed": 595, "total": 638, "symbol": "WETUSDT", "candidates": {"baseline": 9, "held_age_8": 7}, "seconds": 7.46}
{"completed": 596, "total": 638, "symbol": "WCTUSDT", "candidates": {"baseline": 29, "held_age_8": 21}, "seconds": 16.15}
{"completed": 597, "total": 638, "symbol": "XAUTUSDT", "candidates": {"baseline": 2, "held_age_8": 1}, "seconds": 1.45}
{"completed": 598, "total": 638, "symbol": "WLFIUSDT", "candidates": {"baseline": 20, "held_age_8": 14}, "seconds": 10.34}
{"completed": 599, "total": 638, "symbol": "WAXPUSDT", "candidates": {"baseline": 43, "held_age_8": 29}, "seconds": 22.65}
{"completed": 600, "total": 638, "symbol": "XANUSDT", "candidates": {"baseline": 16, "held_age_8": 16}, "seconds": 8.93}
{"completed": 601, "total": 638, "symbol": "XEMUSDT", "candidates": {"baseline": 3, "held_age_8": 0}, "seconds": 6.72}
{"completed": 602, "total": 638, "symbol": "XCNUSDT", "candidates": {"baseline": 20, "held_age_8": 20}, "seconds": 10.44}
{"completed": 603, "total": 638, "symbol": "WIFUSDT", "candidates": {"baseline": 44, "held_age_8": 34}, "seconds": 26.51}
{"completed": 604, "total": 638, "symbol": "WOOUSDT", "candidates": {"baseline": 47, "held_age_8": 33}, "seconds": 24.93}
{"completed": 605, "total": 638, "symbol": "XNYUSDT", "candidates": {"baseline": 27, "held_age_8": 18}, "seconds": 8.69}
{"completed": 606, "total": 638, "symbol": "WUSDT", "candidates": {"baseline": 53, "held_age_8": 36}, "seconds": 24.06}
{"completed": 607, "total": 638, "symbol": "XAIUSDT", "candidates": {"baseline": 47, "held_age_8": 34}, "seconds": 24.18}
{"completed": 608, "total": 638, "symbol": "WLDUSDT", "candidates": {"baseline": 43, "held_age_8": 33}, "seconds": 27.85}
{"completed": 609, "total": 638, "symbol": "XPINUSDT", "candidates": {"baseline": 16, "held_age_8": 13}, "seconds": 9.03}
{"completed": 610, "total": 638, "symbol": "XPLUSDT", "candidates": {"baseline": 17, "held_age_8": 11}, "seconds": 7.83}
{"completed": 611, "total": 638, "symbol": "YALAUSDT", "candidates": {"baseline": 14, "held_age_8": 11}, "seconds": 7.47}
{"completed": 612, "total": 638, "symbol": "YBUSDT", "candidates": {"baseline": 18, "held_age_8": 14}, "seconds": 6.53}
{"completed": 613, "total": 638, "symbol": "XMRUSDT", "candidates": {"baseline": 54, "held_age_8": 39}, "seconds": 22.88}
{"completed": 614, "total": 638, "symbol": "XTZUSDT", "candidates": {"baseline": 31, "held_age_8": 19}, "seconds": 11.21}
{"completed": 615, "total": 638, "symbol": "XLMUSDT", "candidates": {"baseline": 44, "held_age_8": 30}, "seconds": 24.81}
{"completed": 616, "total": 638, "symbol": "ZAMAUSDT", "candidates": {"baseline": 9, "held_age_8": 7}, "seconds": 3.4}
{"completed": 617, "total": 638, "symbol": "ZBTUSDT", "candidates": {"baseline": 12, "held_age_8": 7}, "seconds": 5.64}
{"completed": 618, "total": 638, "symbol": "XVSUSDT", "candidates": {"baseline": 47, "held_age_8": 37}, "seconds": 18.6}
{"completed": 619, "total": 638, "symbol": "XVGUSDT", "candidates": {"baseline": 42, "held_age_8": 24}, "seconds": 20.11}
{"completed": 620, "total": 638, "symbol": "XRPUSDT", "candidates": {"baseline": 45, "held_age_8": 32}, "seconds": 21.37}
{"completed": 621, "total": 638, "symbol": "YGGUSDT", "candidates": {"baseline": 41, "held_age_8": 26}, "seconds": 16.28}
{"completed": 622, "total": 638, "symbol": "YFIUSDT", "candidates": {"baseline": 58, "held_age_8": 48}, "seconds": 18.55}
{"completed": 623, "total": 638, "symbol": "ZKCUSDT", "candidates": {"baseline": 18, "held_age_8": 13}, "seconds": 6.61}
{"completed": 624, "total": 638, "symbol": "ZEREBROUSDT", "candidates": {"baseline": 39, "held_age_8": 33}, "seconds": 13.42}
{"completed": 625, "total": 638, "symbol": "ZECUSDT", "candidates": {"baseline": 44, "held_age_8": 32}, "seconds": 17.55}
{"completed": 626, "total": 638, "symbol": "ZKPUSDT", "candidates": {"baseline": 11, "held_age_8": 7}, "seconds": 4.29}
{"completed": 627, "total": 638, "symbol": "ZILUSDT", "candidates": {"baseline": 35, "held_age_8": 22}, "seconds": 11.0}
{"completed": 628, "total": 638, "symbol": "ZENUSDT", "candidates": {"baseline": 53, "held_age_8": 38}, "seconds": 19.42}
{"completed": 629, "total": 638, "symbol": "ZETAUSDT", "candidates": {"baseline": 47, "held_age_8": 34}, "seconds": 15.72}
{"completed": 630, "total": 638, "symbol": "ZKJUSDT", "candidates": {"baseline": 14, "held_age_8": 12}, "seconds": 11.13}
{"completed": 631, "total": 638, "symbol": "ZRCUSDT", "candidates": {"baseline": 12, "held_age_8": 7}, "seconds": 6.15}
{"completed": 632, "total": 638, "symbol": "\u9f99\u867eUSDT", "candidates": {"baseline": 2, "held_age_8": 2}, "seconds": 1.75}
{"completed": 633, "total": 638, "symbol": "\u6211\u8e0f\u9a6c\u6765\u4e86USDT", "candidates": {"baseline": 11, "held_age_8": 9}, "seconds": 3.04}
{"completed": 634, "total": 638, "symbol": "ZORAUSDT", "candidates": {"baseline": 26, "held_age_8": 17}, "seconds": 7.94}
{"completed": 635, "total": 638, "symbol": "\u5e01\u5b89\u4eba\u751fUSDT", "candidates": {"baseline": 23, "held_age_8": 20}, "seconds": 5.2}
{"completed": 636, "total": 638, "symbol": "ZKUSDT", "candidates": {"baseline": 41, "held_age_8": 31}, "seconds": 13.66}
{"completed": 637, "total": 638, "symbol": "ZRXUSDT", "candidates": {"baseline": 40, "held_age_8": 28}, "seconds": 10.4}
{"completed": 638, "total": 638, "symbol": "ZROUSDT", "candidates": {"baseline": 44, "held_age_8": 34}, "seconds": 12.31}
exit=0
