
== reproduction ==
timeframe  original  rerun  unmatched  exit_diff  r_diff
      15m     23223  23223          0          0       0
       1h      6565   6565          0          0       0

== summary ==
 tf          arm period     n    win  mean_r     pf      total        dd    diff      lo     hi  no_break_exits
15m       v9_add   full 23205 0.2852 -0.0999 0.8626 -2317.9228 2969.0776  0.0000     NaN    NaN               0
15m       v9_add  later 10857 0.2436 -0.2338 0.6972 -2537.9872 2586.2305  0.0000     NaN    NaN               0
15m     v9_exit3   full 26190 0.3458 -0.0998 0.6842 -2614.0164 2666.4847  0.0001 -0.0969 0.0813           21258
15m     v9_exit3  later 12236 0.3205 -0.1424 0.5789 -1742.3852 1747.2448  0.0914  0.0374 0.1562            9892
15m     v9_exit6   full 25897 0.3606 -0.1027 0.7377 -2660.3272 2766.2312 -0.0028 -0.0878 0.0674           18384
15m     v9_exit6  later 12090 0.3332 -0.1485 0.6427 -1794.9824 1804.9352  0.0853  0.0388 0.1393            8536
15m    v9_exit12   full 25285 0.3671 -0.1069 0.7763 -2704.1078 2956.3982 -0.0071 -0.0850 0.0570           14612
15m    v9_exit12  later 11804 0.3379 -0.1631 0.6789 -1925.2471 1971.0232  0.0707  0.0118 0.1340            6688
15m    v9_exit24   full 24286 0.3520 -0.1042 0.8167 -2531.3284 2796.6392 -0.0043 -0.0728 0.0478           10338
15m    v9_exit24  later 11383 0.3168 -0.1774 0.7055 -2019.7242 2054.8749  0.0563  0.0173 0.0995            4706
15m    v9_exit48   full 23634 0.3255 -0.1135 0.8273 -2683.5612 3017.5083 -0.0137 -0.0686 0.0275            6088
15m    v9_exit48  later 11082 0.2794 -0.2236 0.6811 -2477.5090 2515.7929  0.0102 -0.0107 0.0325            2635
15m v9_exit6_add   full 25897 0.3606 -0.1027 0.7377 -2660.3272 2766.2312 -0.0028 -0.0878 0.0674           18384
15m v9_exit6_add  later 12090 0.3332 -0.1485 0.6427 -1794.9824 1804.9352  0.0853  0.0388 0.1393            8536
 1h       v9_add   full  6551 0.2972 -0.0051 0.9924   -33.5884  707.8660  0.0000     NaN    NaN               0
 1h       v9_add  later  2926 0.2532 -0.1593 0.7779  -465.9818  709.6102  0.0000     NaN    NaN               0
 1h     v9_exit3   full  7524 0.4103 -0.0243 0.9070  -182.5548  312.9410 -0.0191 -0.2211 0.1620            6105
 1h     v9_exit3  later  3321 0.3586 -0.0731 0.7552  -242.8453  303.7047  0.0861 -0.0341 0.2257            2604
 1h     v9_exit6   full  7448 0.4194 -0.0174 0.9477  -129.7814  380.2984 -0.0123 -0.1916 0.1496            5388
 1h     v9_exit6  later  3291 0.3658 -0.0875 0.7696  -287.9119  382.8034  0.0718 -0.0352 0.1917            2270
 1h    v9_exit12   full  7240 0.4279  0.0170 1.0417   122.7886  436.9287  0.0221 -0.1275 0.1620            4385
 1h    v9_exit12  later  3210 0.3570 -0.0894 0.8069  -286.9017  436.9287  0.0699 -0.0187 0.1735            1821
 1h    v9_exit24   full  6920 0.3916  0.0426 1.0842   295.0143  483.8341  0.0478 -0.0695 0.1544            3090
 1h    v9_exit24  later  3070 0.3355 -0.0704 0.8753  -216.2272  483.8341  0.0888  0.0131 0.1753            1207
 1h    v9_exit48   full  6680 0.3602  0.0628 1.1073   419.5229  548.7204  0.0679 -0.0208 0.1461            1819
 1h    v9_exit48  later  2982 0.2968 -0.0952 0.8540  -283.8526  548.8493  0.0641  0.0117 0.1073             660
 1h v9_exit6_add   full  7448 0.4194 -0.0174 0.9477  -129.7814  380.2984 -0.0123 -0.1916 0.1496            5388
 1h v9_exit6_add  later  3291 0.3658 -0.0875 0.7696  -287.9119  382.8034  0.0718 -0.0352 0.1917            2270

== adds ==
 tf          arm period  adds  trades  add_mean_r  add_win  add_total_r  add_mean_bp  add_price_in_r_median  combined_mean_r  base_mean_r
15m       v9_add   full  7089   23205     -0.0518   0.3343    -367.3034     -12.3863                 0.2079          -0.1157      -0.0999
15m       v9_add  later  3314   10857     -0.2760   0.2713    -914.5467     -54.3403                 0.2000          -0.3180      -0.2338
15m v9_exit6_add   full  4331   25897     -0.0121   0.3293     -52.5854      -5.0155                 0.0000          -0.1048      -0.1027
15m v9_exit6_add  later  2025   12090     -0.2302   0.2726    -466.1550     -44.3109                 0.0000          -0.1870      -0.1485
 1h       v9_add   full  2198    6551     -0.0644   0.3271    -141.6498     -64.9921                 0.2172          -0.0267      -0.0051
 1h       v9_add  later  1045    2926     -0.1727   0.2756    -180.4430     -80.2225                 0.1714          -0.2209      -0.1593
 1h v9_exit6_add   full  1293    7448      0.0071   0.3287       9.2198     -29.9971                 0.0000          -0.0162      -0.0174
 1h v9_exit6_add  later   641    3291     -0.2000   0.2559    -128.2070     -96.2235                 0.0000          -0.1264      -0.0875
