/Users/zhangzc/fable-trading/yoyo/evaluation/spike_v126_htf_report.py:82: FutureWarning: The behavior of DataFrame concatenation with empty or all-NA entries is deprecated. In a future version, this will no longer exclude empty or all-NA columns when determining the result dtypes. To retain the old behavior, exclude the relevant entries before the concat operation.
  return identity, {name: pd.concat(parts, ignore_index=True) if parts else pd.DataFrame() for name, parts in frames.items()}
/Users/zhangzc/fable-trading/yoyo/evaluation/spike_v126_htf_report.py:82: FutureWarning: The behavior of DataFrame concatenation with empty or all-NA entries is deprecated. In a future version, this will no longer exclude empty or all-NA columns when determining the result dtypes. To retain the old behavior, exclude the relevant entries before the concat operation.
  return identity, {name: pd.concat(parts, ignore_index=True) if parts else pd.DataFrame() for name, parts in frames.items()}
Traceback (most recent call last):
  File "/Library/Developer/CommandLineTools/Library/Frameworks/Python3.framework/Versions/3.9/lib/python3.9/runpy.py", line 197, in _run_module_as_main
    return _run_code(code, main_globals, None,
  File "/Library/Developer/CommandLineTools/Library/Frameworks/Python3.framework/Versions/3.9/lib/python3.9/runpy.py", line 87, in _run_code
    exec(code, run_globals)
  File "/Users/zhangzc/fable-trading/yoyo/evaluation/spike_v126_audit.py", line 118, in <module>
    audit(args.input,args.output)
  File "/Users/zhangzc/fable-trading/yoyo/evaluation/spike_v126_audit.py", line 89, in audit
    np.testing.assert_allclose(a.loc[shared,cols],b.loc[shared,cols],atol=1e-12,equal_nan=True)
  File "/Users/zhangzc/fable-trading/.venv/lib/python3.9/site-packages/numpy/testing/_private/utils.py", line 1684, in assert_allclose
    assert_array_compare(compare, actual, desired, err_msg=str(err_msg),
  File "/Library/Developer/CommandLineTools/Library/Frameworks/Python3.framework/Versions/3.9/lib/python3.9/contextlib.py", line 79, in inner
    return func(*args, **kwds)
  File "/Users/zhangzc/fable-trading/.venv/lib/python3.9/site-packages/numpy/testing/_private/utils.py", line 815, in assert_array_compare
    val = comparison(x, y)
  File "/Users/zhangzc/fable-trading/.venv/lib/python3.9/site-packages/numpy/testing/_private/utils.py", line 1679, in compare
    return np._core.numeric.isclose(x, y, rtol=rtol, atol=atol,
  File "/Users/zhangzc/fable-trading/.venv/lib/python3.9/site-packages/numpy/_core/numeric.py", line 2418, in isclose
    & isfinite(y)
TypeError: ufunc 'isfinite' not supported for the input types, and the inputs could not be safely coerced to any supported types according to the casting rule ''safe''
