{"completed": 1, "total": 638, "symbol": "0GUSDT", "candidates": 17, "seconds": 17.6}
{"completed": 2, "total": 638, "symbol": "1000000BOBUSDT", "candidates": 25, "seconds": 23.79}
{"completed": 3, "total": 638, "symbol": "1000CATUSDT", "candidates": 43, "seconds": 36.96}
{"completed": 4, "total": 638, "symbol": "1000CHEEMSUSDT", "candidates": 49, "seconds": 38.38}
{"completed": 5, "total": 638, "symbol": "1000000MOGUSDT", "candidates": 44, "seconds": 39.22}
{"completed": 6, "total": 638, "symbol": "1000FLOKIUSDT", "candidates": 48, "seconds": 45.13}
{"completed": 7, "total": 638, "symbol": "1000LUNCUSDT", "candidates": 49, "seconds": 46.27}
{"completed": 8, "total": 638, "symbol": "1000BONKUSDT", "candidates": 54, "seconds": 48.68}
{"completed": 9, "total": 638, "symbol": "1000WHYUSDT", "candidates": 19, "seconds": 22.25}
{"completed": 10, "total": 638, "symbol": "1000SATSUSDT", "candidates": 28, "seconds": 27.18}
{"completed": 11, "total": 638, "symbol": "1000RATSUSDT", "candidates": 54, "seconds": 45.03}
{"completed": 12, "total": 638, "symbol": "1000PEPEUSDT", "candidates": 45, "seconds": 53.19}
{"completed": 13, "total": 638, "symbol": "2ZUSDT", "candidates": 15, "seconds": 15.85}
{"completed": 14, "total": 638, "symbol": "42USDT", "candidates": 3, "seconds": 11.3}
{"completed": 15, "total": 638, "symbol": "1000XUSDT", "candidates": 39, "seconds": 35.58}
{"completed": 16, "total": 638, "symbol": "1000XECUSDT", "candidates": 39, "seconds": 37.2}
{"completed": 17, "total": 638, "symbol": "1INCHUSDT", "candidates": 47, "seconds": 37.91}
{"completed": 18, "total": 638, "symbol": "4USDT", "candidates": 21, "seconds": 15.93}
{"completed": 19, "total": 638, "symbol": "1000SHIBUSDT", "candidates": 50, "seconds": 50.67}
{"completed": 20, "total": 638, "symbol": "ACUUSDT", "candidates": 10, "seconds": 7.03}
{"completed": 21, "total": 638, "symbol": "A2ZUSDT", "candidates": 15, "seconds": 17.39}
{"completed": 22, "total": 638, "symbol": "1MBABYDOGEUSDT", "candidates": 49, "seconds": 45.61}
{"completed": 23, "total": 638, "symbol": "ACXUSDT", "candidates": 29, "seconds": 31.65}
{"completed": 24, "total": 638, "symbol": "ACTUSDT", "candidates": 40, "seconds": 35.53}
{"completed": 25, "total": 638, "symbol": "ACEUSDT", "candidates": 48, "seconds": 41.28}
{"completed": 26, "total": 638, "symbol": "AAVEUSDT", "candidates": 50, "seconds": 44.28}
{"completed": 27, "total": 638, "symbol": "AGIXUSDT", "candidates": 0, "seconds": 6.59}
{"completed": 28, "total": 638, "symbol": "ACHUSDT", "candidates": 46, "seconds": 45.22}
{"completed": 29, "total": 638, "symbol": "AIGENSYNUSDT", "candidates": 0, "seconds": 0.52}
{"completed": 30, "total": 638, "symbol": "AEROUSDT", "candidates": 37, "seconds": 32.26}
{"completed": 31, "total": 638, "symbol": "AIAUSDT", "candidates": 5, "seconds": 7.68}
{"completed": 32, "total": 638, "symbol": "ADAUSDT", "candidates": 48, "seconds": 43.39}
{"completed": 33, "total": 638, "symbol": "AEVOUSDT", "candidates": 44, "seconds": 35.35}
{"completed": 34, "total": 638, "symbol": "AI16ZUSDT", "candidates": 17, "seconds": 19.21}
{"completed": 35, "total": 638, "symbol": "AGTUSDT", "candidates": 26, "seconds": 24.18}
{"completed": 36, "total": 638, "symbol": "AINUSDT", "candidates": 24, "seconds": 21.56}
{"completed": 37, "total": 638, "symbol": "AIOTUSDT", "candidates": 27, "seconds": 23.36}
{"completed": 38, "total": 638, "symbol": "AIOUSDT", "candidates": 26, "seconds": 18.6}
{"completed": 39, "total": 638, "symbol": "AKEUSDT", "candidates": 13, "seconds": 18.47}
{"completed": 40, "total": 638, "symbol": "AGLDUSDT", "candidates": 41, "seconds": 40.51}
{"completed": 41, "total": 638, "symbol": "ALLOUSDT", "candidates": 11, "seconds": 13.61}
{"completed": 42, "total": 638, "symbol": "ALICEUSDT", "candidates": 30, "seconds": 26.01}
{"completed": 43, "total": 638, "symbol": "AKTUSDT", "candidates": 33, "seconds": 35.32}
{"completed": 44, "total": 638, "symbol": "AIXBTUSDT", "candidates": 31, "seconds": 40.98}
{"completed": 45, "total": 638, "symbol": "ALLUSDT", "candidates": 17, "seconds": 21.32}
{"completed": 46, "total": 638, "symbol": "AIUSDT", "candidates": 44, "seconds": 50.3}
{"completed": 47, "total": 638, "symbol": "ALCHUSDT", "candidates": 40, "seconds": 44.02}
{"completed": 48, "total": 638, "symbol": "ALGOUSDT", "candidates": 38, "seconds": 41.1}
{"completed": 49, "total": 638, "symbol": "ALPACAUSDT", "candidates": 19, "seconds": 27.02}
{"completed": 50, "total": 638, "symbol": "AMBUSDT", "candidates": 12, "seconds": 20.6}
{"completed": 51, "total": 638, "symbol": "ALPINEUSDT", "candidates": 29, "seconds": 31.16}
{"completed": 52, "total": 638, "symbol": "ALPHAUSDT", "candidates": 27, "seconds": 34.32}
{"completed": 53, "total": 638, "symbol": "ANIMEUSDT", "candidates": 27, "seconds": 30.07}
{"completed": 54, "total": 638, "symbol": "APRUSDT", "candidates": 22, "seconds": 17.21}
{"completed": 55, "total": 638, "symbol": "ALTUSDT", "candidates": 48, "seconds": 47.15}
{"completed": 56, "total": 638, "symbol": "ANKRUSDT", "candidates": 41, "seconds": 41.31}
{"completed": 57, "total": 638, "symbol": "APEUSDT", "candidates": 43, "seconds": 44.02}
{"completed": 58, "total": 638, "symbol": "ARIAUSDT", "candidates": 33, "seconds": 18.71}
{"completed": 59, "total": 638, "symbol": "ARCUSDT", "candidates": 40, "seconds": 29.55}
{"completed": 60, "total": 638, "symbol": "API3USDT", "candidates": 39, "seconds": 46.66}
{"completed": 61, "total": 638, "symbol": "ARBUSDT", "candidates": 41, "seconds": 38.62}
{"completed": 62, "total": 638, "symbol": "APTUSDT", "candidates": 51, "seconds": 44.85}
{"completed": 63, "total": 638, "symbol": "ASTERUSDT", "candidates": 27, "seconds": 18.02}
{"completed": 64, "total": 638, "symbol": "ASRUSDT", "candidates": 29, "seconds": 23.26}
{"completed": 65, "total": 638, "symbol": "ARKMUSDT", "candidates": 42, "seconds": 40.03}
{"completed": 66, "total": 638, "symbol": "ARKUSDT", "candidates": 40, "seconds": 37.57}
{"completed": 67, "total": 638, "symbol": "ARPAUSDT", "candidates": 50, "seconds": 34.72}
{"completed": 68, "total": 638, "symbol": "ATAUSDT", "candidates": 18, "seconds": 20.22}
{"completed": 69, "total": 638, "symbol": "ARUSDT", "candidates": 42, "seconds": 40.88}
{"completed": 70, "total": 638, "symbol": "ATUSDT", "candidates": 18, "seconds": 15.07}
{"completed": 71, "total": 638, "symbol": "ATHUSDT", "candidates": 23, "seconds": 21.54}
{"completed": 72, "total": 638, "symbol": "ASTRUSDT", "candidates": 33, "seconds": 41.27}
{"completed": 73, "total": 638, "symbol": "AUSDT", "candidates": 29, "seconds": 21.16}
{"completed": 74, "total": 638, "symbol": "AVNTUSDT", "candidates": 12, "seconds": 15.93}
{"completed": 75, "total": 638, "symbol": "ATOMUSDT", "candidates": 31, "seconds": 35.0}
{"completed": 76, "total": 638, "symbol": "AVAAIUSDT", "candidates": 32, "seconds": 31.1}
{"completed": 77, "total": 638, "symbol": "AZTECUSDT", "candidates": 9, "seconds": 5.66}
{"completed": 78, "total": 638, "symbol": "AVAUSDT", "candidates": 46, "seconds": 33.05}
{"completed": 79, "total": 638, "symbol": "AWEUSDT", "candidates": 18, "seconds": 24.28}
{"completed": 80, "total": 638, "symbol": "AUCTIONUSDT", "candidates": 45, "seconds": 45.74}
{"completed": 81, "total": 638, "symbol": "AVAXUSDT", "candidates": 44, "seconds": 46.97}
{"completed": 82, "total": 638, "symbol": "AXLUSDT", "candidates": 46, "seconds": 42.05}
{"completed": 83, "total": 638, "symbol": "B2USDT", "candidates": 26, "seconds": 29.33}
{"completed": 84, "total": 638, "symbol": "BABYUSDT", "candidates": 31, "seconds": 26.91}
{"completed": 85, "total": 638, "symbol": "B3USDT", "candidates": 22, "seconds": 30.59}
{"completed": 86, "total": 638, "symbol": "BADGERUSDT", "candidates": 19, "seconds": 26.68}
{"completed": 87, "total": 638, "symbol": "AXSUSDT", "candidates": 44, "seconds": 40.85}
{"completed": 88, "total": 638, "symbol": "BAKEUSDT", "candidates": 31, "seconds": 30.62}
{"completed": 89, "total": 638, "symbol": "BASEDUSDT", "candidates": 2, "seconds": 2.27}
{"completed": 90, "total": 638, "symbol": "BALUSDT", "candidates": 13, "seconds": 23.07}
{"completed": 91, "total": 638, "symbol": "BARDUSDT", "candidates": 16, "seconds": 19.95}
{"completed": 92, "total": 638, "symbol": "BANANAS31USDT", "candidates": 33, "seconds": 33.36}
{"completed": 93, "total": 638, "symbol": "BASUSDT", "candidates": 23, "seconds": 20.0}
{"completed": 94, "total": 638, "symbol": "BANKUSDT", "candidates": 31, "seconds": 30.28}
{"completed": 95, "total": 638, "symbol": "BANUSDT", "candidates": 40, "seconds": 33.04}
{"completed": 96, "total": 638, "symbol": "BEATUSDT", "candidates": 12, "seconds": 7.16}
{"completed": 97, "total": 638, "symbol": "BANDUSDT", "candidates": 43, "seconds": 38.47}
{"completed": 98, "total": 638, "symbol": "BATUSDT", "candidates": 32, "seconds": 25.82}
{"completed": 99, "total": 638, "symbol": "BANANAUSDT", "candidates": 44, "seconds": 43.16}
{"completed": 100, "total": 638, "symbol": "BBUSDT", "candidates": 45, "seconds": 30.36}
{"completed": 101, "total": 638, "symbol": "BERAUSDT", "candidates": 30, "seconds": 18.11}
{"completed": 102, "total": 638, "symbol": "BEAMXUSDT", "candidates": 40, "seconds": 27.01}
{"completed": 103, "total": 638, "symbol": "BIDUSDT", "candidates": 22, "seconds": 17.17}
{"completed": 104, "total": 638, "symbol": "BCHUSDT", "candidates": 49, "seconds": 31.91}
{"completed": 105, "total": 638, "symbol": "BIRBUSDT", "candidates": 8, "seconds": 4.83}
{"completed": 106, "total": 638, "symbol": "BICOUSDT", "candidates": 41, "seconds": 23.46}
{"completed": 107, "total": 638, "symbol": "BELUSDT", "candidates": 39, "seconds": 25.83}
{"completed": 108, "total": 638, "symbol": "BLUAIUSDT", "candidates": 16, "seconds": 7.71}
{"completed": 109, "total": 638, "symbol": "BLESSUSDT", "candidates": 20, "seconds": 9.21}
{"completed": 110, "total": 638, "symbol": "BIGTIMEUSDT", "candidates": 47, "seconds": 25.21}
{"completed": 111, "total": 638, "symbol": "BLZUSDT", "candidates": 8, "seconds": 9.26}
{"completed": 112, "total": 638, "symbol": "BOBUSDT", "candidates": 6, "seconds": 7.56}
{"completed": 113, "total": 638, "symbol": "BIOUSDT", "candidates": 43, "seconds": 19.69}
{"completed": 114, "total": 638, "symbol": "BMTUSDT", "candidates": 25, "seconds": 15.62}
{"completed": 115, "total": 638, "symbol": "BNXUSDT", "candidates": 16, "seconds": 12.28}
{"completed": 116, "total": 638, "symbol": "BREVUSDT", "candidates": 9, "seconds": 4.31}
{"completed": 117, "total": 638, "symbol": "BONDUSDT", "candidates": 10, "seconds": 8.8}
{"completed": 118, "total": 638, "symbol": "BLURUSDT", "candidates": 46, "seconds": 24.21}
{"completed": 119, "total": 638, "symbol": "BSBUSDT", "candidates": 3, "seconds": 1.43}
{"completed": 120, "total": 638, "symbol": "BNBUSDT", "candidates": 51, "seconds": 26.62}
{"completed": 121, "total": 638, "symbol": "BNTUSDT", "candidates": 36, "seconds": 25.77}
{"completed": 122, "total": 638, "symbol": "BOMEUSDT", "candidates": 45, "seconds": 23.07}
{"completed": 123, "total": 638, "symbol": "BROCCOLI714USDT", "candidates": 34, "seconds": 16.05}
{"completed": 124, "total": 638, "symbol": "BRETTUSDT", "candidates": 51, "seconds": 24.37}
{"completed": 125, "total": 638, "symbol": "BROCCOLIF3BUSDT", "candidates": 29, "seconds": 16.98}
{"completed": 126, "total": 638, "symbol": "BRUSDT", "candidates": 32, "seconds": 16.41}
{"completed": 127, "total": 638, "symbol": "BSWUSDT", "candidates": 32, "seconds": 15.42}
{"completed": 128, "total": 638, "symbol": "BTRUSDT", "candidates": 23, "seconds": 10.16}
{"completed": 129, "total": 638, "symbol": "BSVUSDT", "candidates": 37, "seconds": 21.42}
{"completed": 130, "total": 638, "symbol": "BULLAUSDT", "candidates": 23, "seconds": 10.5}
{"completed": 131, "total": 638, "symbol": "BUSDT", "candidates": 28, "seconds": 12.08}
{"completed": 132, "total": 638, "symbol": "C98USDT", "candidates": 26, "seconds": 11.7}
{"completed": 133, "total": 638, "symbol": "BTCDOMUSDT", "candidates": 42, "seconds": 21.87}
{"completed": 134, "total": 638, "symbol": "CARVUSDT", "candidates": 16, "seconds": 8.22}
{"completed": 135, "total": 638, "symbol": "CFGUSDT", "candidates": 2, "seconds": 1.35}
{"completed": 136, "total": 638, "symbol": "CCUSDT", "candidates": 19, "seconds": 8.05}
{"completed": 137, "total": 638, "symbol": "BTCUSDT", "candidates": 31, "seconds": 25.03}
{"completed": 138, "total": 638, "symbol": "CELOUSDT", "candidates": 22, "seconds": 10.53}
{"completed": 139, "total": 638, "symbol": "CELRUSDT", "candidates": 32, "seconds": 14.29}
{"completed": 140, "total": 638, "symbol": "CHIPUSDT", "candidates": 2, "seconds": 0.68}
{"completed": 141, "total": 638, "symbol": "CAKEUSDT", "candidates": 43, "seconds": 24.55}
{"completed": 142, "total": 638, "symbol": "CATIUSDT", "candidates": 45, "seconds": 22.48}
{"completed": 143, "total": 638, "symbol": "CETUSUSDT", "candidates": 46, "seconds": 20.75}
{"completed": 144, "total": 638, "symbol": "CGPTUSDT", "candidates": 31, "seconds": 19.46}
{"completed": 145, "total": 638, "symbol": "CHESSUSDT", "candidates": 37, "seconds": 19.58}
{"completed": 146, "total": 638, "symbol": "CHILLGUYUSDT", "candidates": 34, "seconds": 18.04}
{"completed": 147, "total": 638, "symbol": "CFXUSDT", "candidates": 52, "seconds": 26.26}
{"completed": 148, "total": 638, "symbol": "CLANKERUSDT", "candidates": 10, "seconds": 7.32}
{"completed": 149, "total": 638, "symbol": "CHRUSDT", "candidates": 35, "seconds": 15.32}
{"completed": 150, "total": 638, "symbol": "CLOUSDT", "candidates": 19, "seconds": 7.79}
{"completed": 151, "total": 638, "symbol": "COLLECTUSDT", "candidates": 12, "seconds": 5.33}
{"completed": 152, "total": 638, "symbol": "COMMONUSDT", "candidates": 9, "seconds": 4.95}
{"completed": 153, "total": 638, "symbol": "COAIUSDT", "candidates": 14, "seconds": 8.91}
{"completed": 154, "total": 638, "symbol": "COMBOUSDT", "candidates": 11, "seconds": 12.02}
{"completed": 155, "total": 638, "symbol": "CHZUSDT", "candidates": 45, "seconds": 23.56}
{"completed": 156, "total": 638, "symbol": "CKBUSDT", "candidates": 39, "seconds": 22.94}
{"completed": 157, "total": 638, "symbol": "COOKIEUSDT", "candidates": 33, "seconds": 15.1}
{"completed": 158, "total": 638, "symbol": "COMPUSDT", "candidates": 47, "seconds": 21.15}
{"completed": 159, "total": 638, "symbol": "COSUSDT", "candidates": 39, "seconds": 17.81}
{"completed": 160, "total": 638, "symbol": "COWUSDT", "candidates": 41, "seconds": 17.48}
{"completed": 161, "total": 638, "symbol": "CTKUSDT", "candidates": 29, "seconds": 11.64}
{"completed": 162, "total": 638, "symbol": "CRVUSDT", "candidates": 21, "seconds": 11.89}
{"completed": 163, "total": 638, "symbol": "CROSSUSDT", "candidates": 24, "seconds": 12.53}
{"completed": 164, "total": 638, "symbol": "COTIUSDT", "candidates": 43, "seconds": 22.42}
{"completed": 165, "total": 638, "symbol": "CUDISUSDT", "candidates": 12, "seconds": 6.95}
{"completed": 166, "total": 638, "symbol": "CYSUSDT", "candidates": 12, "seconds": 4.79}
{"completed": 167, "total": 638, "symbol": "CTSIUSDT", "candidates": 37, "seconds": 13.87}
{"completed": 168, "total": 638, "symbol": "CVXUSDT", "candidates": 15, "seconds": 9.67}
{"completed": 169, "total": 638, "symbol": "CUSDT", "candidates": 34, "seconds": 11.8}
{"completed": 170, "total": 638, "symbol": "CVCUSDT", "candidates": 19, "seconds": 12.8}
{"completed": 171, "total": 638, "symbol": "DARUSDT", "candidates": 7, "seconds": 7.76}
{"completed": 172, "total": 638, "symbol": "DAMUSDT", "candidates": 18, "seconds": 9.69}
{"completed": 173, "total": 638, "symbol": "CYBERUSDT", "candidates": 44, "seconds": 20.1}
{"completed": 174, "total": 638, "symbol": "DEEPUSDT", "candidates": 24, "seconds": 13.37}
{"completed": 175, "total": 638, "symbol": "DEFIUSDT", "candidates": 27, "seconds": 14.08}
{"completed": 176, "total": 638, "symbol": "DENTUSDT", "candidates": 27, "seconds": 11.58}
{"completed": 177, "total": 638, "symbol": "DASHUSDT", "candidates": 44, "seconds": 20.32}
{"completed": 178, "total": 638, "symbol": "DGBUSDT", "candidates": 0, "seconds": 4.61}
{"completed": 179, "total": 638, "symbol": "DEGENUSDT", "candidates": 35, "seconds": 18.2}
{"completed": 180, "total": 638, "symbol": "DEGOUSDT", "candidates": 35, "seconds": 20.28}
{"completed": 181, "total": 638, "symbol": "DEXEUSDT", "candidates": 41, "seconds": 19.93}
{"completed": 182, "total": 638, "symbol": "DMCUSDT", "candidates": 18, "seconds": 9.92}
{"completed": 183, "total": 638, "symbol": "DFUSDT", "candidates": 20, "seconds": 15.53}
{"completed": 184, "total": 638, "symbol": "DIAUSDT", "candidates": 36, "seconds": 21.68}
{"completed": 185, "total": 638, "symbol": "DOGSUSDT", "candidates": 31, "seconds": 17.73}
{"completed": 186, "total": 638, "symbol": "DOLOUSDT", "candidates": 26, "seconds": 13.6}
{"completed": 187, "total": 638, "symbol": "DOODUSDT", "candidates": 28, "seconds": 12.94}
{"completed": 188, "total": 638, "symbol": "DODOXUSDT", "candidates": 48, "seconds": 25.21}
{"completed": 189, "total": 638, "symbol": "DRIFTUSDT", "candidates": 38, "seconds": 16.6}
{"completed": 190, "total": 638, "symbol": "DOGEUSDT", "candidates": 50, "seconds": 25.3}
{"completed": 191, "total": 638, "symbol": "DOTUSDT", "candidates": 39, "seconds": 19.14}
{"completed": 192, "total": 638, "symbol": "EDGEUSDT", "candidates": 3, "seconds": 1.34}
{"completed": 193, "total": 638, "symbol": "DYDXUSDT", "candidates": 23, "seconds": 10.95}
{"completed": 194, "total": 638, "symbol": "EDENUSDT", "candidates": 25, "seconds": 7.43}
{"completed": 195, "total": 638, "symbol": "ELSAUSDT", "candidates": 9, "seconds": 3.26}
{"completed": 196, "total": 638, "symbol": "DUSDT", "candidates": 31, "seconds": 16.25}
{"completed": 197, "total": 638, "symbol": "DUSKUSDT", "candidates": 48, "seconds": 20.06}
{"completed": 198, "total": 638, "symbol": "DYMUSDT", "candidates": 31, "seconds": 19.71}
{"completed": 199, "total": 638, "symbol": "ENSOUSDT", "candidates": 16, "seconds": 6.3}
{"completed": 200, "total": 638, "symbol": "EDUUSDT", "candidates": 43, "seconds": 18.36}
{"completed": 201, "total": 638, "symbol": "EIGENUSDT", "candidates": 49, "seconds": 19.47}
{"completed": 202, "total": 638, "symbol": "EGLDUSDT", "candidates": 47, "seconds": 22.84}
{"completed": 203, "total": 638, "symbol": "ESPUSDT", "candidates": 6, "seconds": 2.52}
{"completed": 204, "total": 638, "symbol": "ENAUSDT", "candidates": 39, "seconds": 20.69}
{"completed": 205, "total": 638, "symbol": "EPTUSDT", "candidates": 21, "seconds": 12.36}
{"completed": 206, "total": 638, "symbol": "ERAUSDT", "candidates": 20, "seconds": 9.92}
{"completed": 207, "total": 638, "symbol": "EPICUSDT", "candidates": 30, "seconds": 15.58}
{"completed": 208, "total": 638, "symbol": "ENJUSDT", "candidates": 44, "seconds": 21.54}
{"completed": 209, "total": 638, "symbol": "ESPORTSUSDT", "candidates": 23, "seconds": 10.23}
{"completed": 210, "total": 638, "symbol": "EULUSDT", "candidates": 17, "seconds": 5.77}
{"completed": 211, "total": 638, "symbol": "ENSUSDT", "candidates": 40, "seconds": 22.38}
{"completed": 212, "total": 638, "symbol": "EVAAUSDT", "candidates": 11, "seconds": 6.57}
{"completed": 213, "total": 638, "symbol": "FFUSDT", "candidates": 15, "seconds": 7.27}
{"completed": 214, "total": 638, "symbol": "ETHFIUSDT", "candidates": 44, "seconds": 19.45}
{"completed": 215, "total": 638, "symbol": "FARTCOINUSDT", "candidates": 37, "seconds": 16.08}
{"completed": 216, "total": 638, "symbol": "ETCUSDT", "candidates": 54, "seconds": 20.72}
{"completed": 217, "total": 638, "symbol": "FHEUSDT", "candidates": 37, "seconds": 12.65}
{"completed": 218, "total": 638, "symbol": "FIGHTUSDT", "candidates": 9, "seconds": 3.43}
{"completed": 219, "total": 638, "symbol": "ETHUSDT", "candidates": 39, "seconds": 22.44}
{"completed": 220, "total": 638, "symbol": "ETHWUSDT", "candidates": 44, "seconds": 22.01}
{"completed": 221, "total": 638, "symbol": "FETUSDT", "candidates": 47, "seconds": 19.93}
{"completed": 222, "total": 638, "symbol": "FLMUSDT", "candidates": 21, "seconds": 8.49}
{"completed": 223, "total": 638, "symbol": "FLOCKUSDT", "candidates": 13, "seconds": 7.9}
{"completed": 224, "total": 638, "symbol": "FISUSDT", "candidates": 24, "seconds": 9.86}
{"completed": 225, "total": 638, "symbol": "FLOWUSDT", "candidates": 22, "seconds": 9.46}
{"completed": 226, "total": 638, "symbol": "FOGOUSDT", "candidates": 12, "seconds": 3.34}
{"completed": 227, "total": 638, "symbol": "FLUIDUSDT", "candidates": 19, "seconds": 6.41}
{"completed": 228, "total": 638, "symbol": "FIOUSDT", "candidates": 29, "seconds": 15.92}
{"completed": 229, "total": 638, "symbol": "FIDAUSDT", "candidates": 48, "seconds": 20.08}
{"completed": 230, "total": 638, "symbol": "FOLKSUSDT", "candidates": 13, "seconds": 5.46}
{"completed": 231, "total": 638, "symbol": "FILUSDT", "candidates": 43, "seconds": 17.49}
{"completed": 232, "total": 638, "symbol": "FRAXUSDT", "candidates": 9, "seconds": 3.19}
{"completed": 233, "total": 638, "symbol": "FTTUSDT", "candidates": 0, "seconds": 3.24}
{"completed": 234, "total": 638, "symbol": "FTMUSDT", "candidates": 7, "seconds": 7.76}
{"completed": 235, "total": 638, "symbol": "FORTHUSDT", "candidates": 20, "seconds": 9.63}
{"completed": 236, "total": 638, "symbol": "GENIUSUSDT", "candidates": 0, "seconds": 0.54}
{"completed": 237, "total": 638, "symbol": "FORMUSDT", "candidates": 36, "seconds": 13.99}
{"completed": 238, "total": 638, "symbol": "FLUXUSDT", "candidates": 45, "seconds": 16.38}
{"completed": 239, "total": 638, "symbol": "FUSDT", "candidates": 27, "seconds": 11.53}
{"completed": 240, "total": 638, "symbol": "FUNUSDT", "candidates": 24, "seconds": 12.0}
{"completed": 241, "total": 638, "symbol": "GLMRUSDT", "candidates": 0, "seconds": 3.04}
{"completed": 242, "total": 638, "symbol": "GIGGLEUSDT", "candidates": 24, "seconds": 6.97}
{"completed": 243, "total": 638, "symbol": "GALAUSDT", "candidates": 45, "seconds": 14.64}
{"completed": 244, "total": 638, "symbol": "FXSUSDT", "candidates": 36, "seconds": 16.88}
{"completed": 245, "total": 638, "symbol": "GHSTUSDT", "candidates": 28, "seconds": 14.77}
{"completed": 246, "total": 638, "symbol": "GASUSDT", "candidates": 38, "seconds": 16.52}
{"completed": 247, "total": 638, "symbol": "GMTUSDT", "candidates": 45, "seconds": 17.32}
{"completed": 248, "total": 638, "symbol": "GPSUSDT", "candidates": 34, "seconds": 12.46}
{"completed": 249, "total": 638, "symbol": "GLMUSDT", "candidates": 33, "seconds": 19.56}
{"completed": 250, "total": 638, "symbol": "GUAUSDT", "candidates": 19, "seconds": 3.74}
{"completed": 251, "total": 638, "symbol": "GOATUSDT", "candidates": 52, "seconds": 16.89}
{"completed": 252, "total": 638, "symbol": "GMXUSDT", "candidates": 38, "seconds": 20.58}
{"completed": 253, "total": 638, "symbol": "GRASSUSDT", "candidates": 35, "seconds": 16.82}
{"completed": 254, "total": 638, "symbol": "GRIFFAINUSDT", "candidates": 39, "seconds": 14.18}
{"completed": 255, "total": 638, "symbol": "GWEIUSDT", "candidates": 8, "seconds": 2.93}
{"completed": 256, "total": 638, "symbol": "GTCUSDT", "candidates": 23, "seconds": 7.95}
{"completed": 257, "total": 638, "symbol": "HANAUSDT", "candidates": 23, "seconds": 7.18}
{"completed": 258, "total": 638, "symbol": "GRTUSDT", "candidates": 32, "seconds": 18.75}
{"completed": 259, "total": 638, "symbol": "GUNUSDT", "candidates": 24, "seconds": 11.0}
{"completed": 260, "total": 638, "symbol": "HEMIUSDT", "candidates": 20, "seconds": 6.67}
{"completed": 261, "total": 638, "symbol": "HAEDALUSDT", "candidates": 22, "seconds": 11.25}
{"completed": 262, "total": 638, "symbol": "GUSDT", "candidates": 41, "seconds": 13.85}
{"completed": 263, "total": 638, "symbol": "HEIUSDT", "candidates": 37, "seconds": 13.08}
{"completed": 264, "total": 638, "symbol": "HIFIUSDT", "candidates": 32, "seconds": 12.93}
{"completed": 265, "total": 638, "symbol": "HBARUSDT", "candidates": 39, "seconds": 20.46}
{"completed": 266, "total": 638, "symbol": "HOLOUSDT", "candidates": 14, "seconds": 7.57}
{"completed": 267, "total": 638, "symbol": "HIPPOUSDT", "candidates": 36, "seconds": 14.19}
{"completed": 268, "total": 638, "symbol": "HFTUSDT", "candidates": 40, "seconds": 18.73}
{"completed": 269, "total": 638, "symbol": "HIGHUSDT", "candidates": 45, "seconds": 18.86}
{"completed": 270, "total": 638, "symbol": "HIVEUSDT", "candidates": 36, "seconds": 17.59}
{"completed": 271, "total": 638, "symbol": "HMSTRUSDT", "candidates": 44, "seconds": 17.68}
{"completed": 272, "total": 638, "symbol": "HOMEUSDT", "candidates": 21, "seconds": 11.37}
{"completed": 273, "total": 638, "symbol": "HUMAUSDT", "candidates": 37, "seconds": 11.07}
{"completed": 274, "total": 638, "symbol": "HUSDT", "candidates": 36, "seconds": 9.93}
{"completed": 275, "total": 638, "symbol": "HOTUSDT", "candidates": 39, "seconds": 13.11}
{"completed": 276, "total": 638, "symbol": "HYPERUSDT", "candidates": 26, "seconds": 10.16}
{"completed": 277, "total": 638, "symbol": "IDEXUSDT", "candidates": 0, "seconds": 3.06}
{"completed": 278, "total": 638, "symbol": "HYPEUSDT", "candidates": 25, "seconds": 10.71}
{"completed": 279, "total": 638, "symbol": "ICNTUSDT", "candidates": 26, "seconds": 9.03}
{"completed": 280, "total": 638, "symbol": "HOOKUSDT", "candidates": 39, "seconds": 17.27}
{"completed": 281, "total": 638, "symbol": "IDOLUSDT", "candidates": 27, "seconds": 8.59}
{"completed": 282, "total": 638, "symbol": "ICXUSDT", "candidates": 35, "seconds": 11.25}
{"completed": 283, "total": 638, "symbol": "INXUSDT", "candidates": 4, "seconds": 3.35}
{"completed": 284, "total": 638, "symbol": "ICPUSDT", "candidates": 35, "seconds": 20.19}
{"completed": 285, "total": 638, "symbol": "INITUSDT", "candidates": 32, "seconds": 12.77}
{"completed": 286, "total": 638, "symbol": "INUSDT", "candidates": 27, "seconds": 11.33}
{"completed": 287, "total": 638, "symbol": "IMXUSDT", "candidates": 36, "seconds": 21.24}
{"completed": 288, "total": 638, "symbol": "IDUSDT", "candidates": 39, "seconds": 23.57}
{"completed": 289, "total": 638, "symbol": "ILVUSDT", "candidates": 36, "seconds": 22.66}
{"completed": 290, "total": 638, "symbol": "INJUSDT", "candidates": 39, "seconds": 23.52}
{"completed": 291, "total": 638, "symbol": "IRUSDT", "candidates": 11, "seconds": 4.9}
{"completed": 292, "total": 638, "symbol": "IRYSUSDT", "candidates": 12, "seconds": 5.17}
{"completed": 293, "total": 638, "symbol": "IOTAUSDT", "candidates": 45, "seconds": 16.37}
{"completed": 294, "total": 638, "symbol": "IOSTUSDT", "candidates": 32, "seconds": 19.47}
{"completed": 295, "total": 638, "symbol": "IOTXUSDT", "candidates": 38, "seconds": 17.18}
{"completed": 296, "total": 638, "symbol": "JCTUSDT", "candidates": 17, "seconds": 5.48}
{"completed": 297, "total": 638, "symbol": "IPUSDT", "candidates": 30, "seconds": 14.67}
{"completed": 298, "total": 638, "symbol": "IOUSDT", "candidates": 45, "seconds": 19.84}
{"completed": 299, "total": 638, "symbol": "JSTUSDT", "candidates": 20, "seconds": 10.33}
{"completed": 300, "total": 638, "symbol": "JELLYJELLYUSDT", "candidates": 27, "seconds": 13.04}
{"completed": 301, "total": 638, "symbol": "KATUSDT", "candidates": 5, "seconds": 1.72}
{"completed": 302, "total": 638, "symbol": "JASMYUSDT", "candidates": 43, "seconds": 21.87}
{"completed": 303, "total": 638, "symbol": "JOEUSDT", "candidates": 40, "seconds": 19.66}
{"completed": 304, "total": 638, "symbol": "KAIAUSDT", "candidates": 34, "seconds": 13.79}
{"completed": 305, "total": 638, "symbol": "JTOUSDT", "candidates": 46, "seconds": 19.5}
{"completed": 306, "total": 638, "symbol": "JUPUSDT", "candidates": 31, "seconds": 18.3}
{"completed": 307, "total": 638, "symbol": "KAITOUSDT", "candidates": 28, "seconds": 14.3}
{"completed": 308, "total": 638, "symbol": "KITEUSDT", "candidates": 20, "seconds": 5.17}
{"completed": 309, "total": 638, "symbol": "KLAYUSDT", "candidates": 3, "seconds": 5.11}
{"completed": 310, "total": 638, "symbol": "KGENUSDT", "candidates": 23, "seconds": 7.06}
{"completed": 311, "total": 638, "symbol": "KEYUSDT", "candidates": 8, "seconds": 7.84}
{"completed": 312, "total": 638, "symbol": "KAVAUSDT", "candidates": 41, "seconds": 16.53}
{"completed": 313, "total": 638, "symbol": "KERNELUSDT", "candidates": 29, "seconds": 10.45}
{"completed": 314, "total": 638, "symbol": "KASUSDT", "candidates": 47, "seconds": 20.3}
{"completed": 315, "total": 638, "symbol": "KDAUSDT", "candidates": 32, "seconds": 14.65}
{"completed": 316, "total": 638, "symbol": "LABUSDT", "candidates": 18, "seconds": 6.76}
{"completed": 317, "total": 638, "symbol": "LAUSDT", "candidates": 21, "seconds": 9.22}
{"completed": 318, "total": 638, "symbol": "KMNOUSDT", "candidates": 35, "seconds": 15.09}
{"completed": 319, "total": 638, "symbol": "KOMAUSDT", "candidates": 45, "seconds": 15.51}
{"completed": 320, "total": 638, "symbol": "KNCUSDT", "candidates": 47, "seconds": 17.45}
{"completed": 321, "total": 638, "symbol": "LAYERUSDT", "candidates": 22, "seconds": 13.2}
{"completed": 322, "total": 638, "symbol": "LIGHTUSDT", "candidates": 16, "seconds": 7.38}
{"completed": 323, "total": 638, "symbol": "LINAUSDT", "candidates": 10, "seconds": 6.57}
{"completed": 324, "total": 638, "symbol": "KSMUSDT", "candidates": 36, "seconds": 20.47}
{"completed": 325, "total": 638, "symbol": "LEVERUSDT", "candidates": 24, "seconds": 13.67}
{"completed": 326, "total": 638, "symbol": "LINEAUSDT", "candidates": 16, "seconds": 6.97}
{"completed": 327, "total": 638, "symbol": "LITUSDT", "candidates": 12, "seconds": 4.02}
{"completed": 328, "total": 638, "symbol": "LDOUSDT", "candidates": 36, "seconds": 19.97}
{"completed": 329, "total": 638, "symbol": "LOOMUSDT", "candidates": 4, "seconds": 6.87}
{"completed": 330, "total": 638, "symbol": "LOKAUSDT", "candidates": 18, "seconds": 9.31}
{"completed": 331, "total": 638, "symbol": "LISTAUSDT", "candidates": 45, "seconds": 18.99}
{"completed": 332, "total": 638, "symbol": "LINKUSDT", "candidates": 45, "seconds": 21.75}
{"completed": 333, "total": 638, "symbol": "LSKUSDT", "candidates": 45, "seconds": 17.7}
{"completed": 334, "total": 638, "symbol": "LQTYUSDT", "candidates": 48, "seconds": 20.21}
{"completed": 335, "total": 638, "symbol": "LUMIAUSDT", "candidates": 33, "seconds": 13.34}
{"completed": 336, "total": 638, "symbol": "LPTUSDT", "candidates": 42, "seconds": 21.67}
{"completed": 337, "total": 638, "symbol": "LRCUSDT", "candidates": 50, "seconds": 20.87}
{"completed": 338, "total": 638, "symbol": "LYNUSDT", "candidates": 24, "seconds": 6.69}
{"completed": 339, "total": 638, "symbol": "MANTRAUSDT", "candidates": 4, "seconds": 1.92}
{"completed": 340, "total": 638, "symbol": "MAGMAUSDT", "candidates": 10, "seconds": 4.35}
{"completed": 341, "total": 638, "symbol": "LTCUSDT", "candidates": 47, "seconds": 21.22}
{"completed": 342, "total": 638, "symbol": "LUNA2USDT", "candidates": 45, "seconds": 20.54}
{"completed": 343, "total": 638, "symbol": "MANAUSDT", "candidates": 39, "seconds": 16.73}
{"completed": 344, "total": 638, "symbol": "MDTUSDT", "candidates": 0, "seconds": 3.25}
{"completed": 345, "total": 638, "symbol": "MAGICUSDT", "candidates": 39, "seconds": 18.24}
{"completed": 346, "total": 638, "symbol": "MAVIAUSDT", "candidates": 31, "seconds": 14.03}
{"completed": 347, "total": 638, "symbol": "MEGAUSDT", "candidates": 13, "seconds": 2.3}
{"completed": 348, "total": 638, "symbol": "MANTAUSDT", "candidates": 54, "seconds": 18.9}
{"completed": 349, "total": 638, "symbol": "MEMEFIUSDT", "candidates": 5, "seconds": 4.56}
{"completed": 350, "total": 638, "symbol": "MASKUSDT", "candidates": 39, "seconds": 20.87}
{"completed": 351, "total": 638, "symbol": "MAVUSDT", "candidates": 45, "seconds": 18.78}
{"completed": 352, "total": 638, "symbol": "MBOXUSDT", "candidates": 52, "seconds": 18.25}
{"completed": 353, "total": 638, "symbol": "METUSDT", "candidates": 16, "seconds": 6.26}
{"completed": 354, "total": 638, "symbol": "MERLUSDT", "candidates": 27, "seconds": 11.11}
{"completed": 355, "total": 638, "symbol": "MELANIAUSDT", "candidates": 33, "seconds": 13.9}
{"completed": 356, "total": 638, "symbol": "MILKUSDT", "candidates": 11, "seconds": 8.49}
{"completed": 357, "total": 638, "symbol": "MEMEUSDT", "candidates": 52, "seconds": 19.36}
{"completed": 358, "total": 638, "symbol": "MIRAUSDT", "candidates": 19, "seconds": 7.17}
{"completed": 359, "total": 638, "symbol": "MEUSDT", "candidates": 37, "seconds": 15.45}
{"completed": 360, "total": 638, "symbol": "METISUSDT", "candidates": 47, "seconds": 20.13}
{"completed": 361, "total": 638, "symbol": "MITOUSDT", "candidates": 16, "seconds": 9.86}
{"completed": 362, "total": 638, "symbol": "MEWUSDT", "candidates": 40, "seconds": 20.01}
{"completed": 363, "total": 638, "symbol": "MMTUSDT", "candidates": 10, "seconds": 6.77}
{"completed": 364, "total": 638, "symbol": "MINAUSDT", "candidates": 38, "seconds": 19.46}
{"completed": 365, "total": 638, "symbol": "MONUSDT", "candidates": 12, "seconds": 8.24}
{"completed": 366, "total": 638, "symbol": "MKRUSDT", "candidates": 29, "seconds": 18.01}
{"completed": 367, "total": 638, "symbol": "MLNUSDT", "candidates": 32, "seconds": 16.4}
{"completed": 368, "total": 638, "symbol": "MOCAUSDT", "candidates": 40, "seconds": 17.11}
{"completed": 369, "total": 638, "symbol": "MOVEUSDT", "candidates": 32, "seconds": 17.58}
{"completed": 370, "total": 638, "symbol": "MORPHOUSDT", "candidates": 47, "seconds": 18.84}
{"completed": 371, "total": 638, "symbol": "MOODENGUSDT", "candidates": 41, "seconds": 22.79}
{"completed": 372, "total": 638, "symbol": "MUSDT", "candidates": 28, "seconds": 11.56}
{"completed": 373, "total": 638, "symbol": "MUBARAKUSDT", "candidates": 35, "seconds": 14.93}
{"completed": 374, "total": 638, "symbol": "MOVRUSDT", "candidates": 40, "seconds": 23.36}
{"completed": 375, "total": 638, "symbol": "MTLUSDT", "candidates": 40, "seconds": 22.89}
{"completed": 376, "total": 638, "symbol": "MYROUSDT", "candidates": 37, "seconds": 18.88}
{"completed": 377, "total": 638, "symbol": "NAORISUSDT", "candidates": 21, "seconds": 12.72}
{"completed": 378, "total": 638, "symbol": "MYXUSDT", "candidates": 28, "seconds": 13.05}
{"completed": 379, "total": 638, "symbol": "NIGHTUSDT", "candidates": 12, "seconds": 6.64}
{"completed": 380, "total": 638, "symbol": "NEIROETHUSDT", "candidates": 29, "seconds": 18.96}
{"completed": 381, "total": 638, "symbol": "NEWTUSDT", "candidates": 23, "seconds": 12.65}
{"completed": 382, "total": 638, "symbol": "NEARUSDT", "candidates": 42, "seconds": 22.85}
{"completed": 383, "total": 638, "symbol": "NILUSDT", "candidates": 30, "seconds": 15.15}
{"completed": 384, "total": 638, "symbol": "NEIROUSDT", "candidates": 46, "seconds": 23.82}
{"completed": 385, "total": 638, "symbol": "NOMUSDT", "candidates": 22, "seconds": 7.82}
{"completed": 386, "total": 638, "symbol": "NFPUSDT", "candidates": 40, "seconds": 21.22}
{"completed": 387, "total": 638, "symbol": "NEOUSDT", "candidates": 45, "seconds": 25.06}
{"completed": 388, "total": 638, "symbol": "OCEANUSDT", "candidates": 0, "seconds": 4.1}
{"completed": 389, "total": 638, "symbol": "NULSUSDT", "candidates": 14, "seconds": 10.1}
{"completed": 390, "total": 638, "symbol": "NKNUSDT", "candidates": 35, "seconds": 19.21}
{"completed": 391, "total": 638, "symbol": "NXPCUSDT", "candidates": 24, "seconds": 12.92}
{"completed": 392, "total": 638, "symbol": "OBOLUSDT", "candidates": 11, "seconds": 10.63}
{"completed": 393, "total": 638, "symbol": "NTRNUSDT", "candidates": 39, "seconds": 17.95}
{"completed": 394, "total": 638, "symbol": "NOTUSDT", "candidates": 46, "seconds": 22.64}
{"completed": 395, "total": 638, "symbol": "NMRUSDT", "candidates": 59, "seconds": 25.64}
{"completed": 396, "total": 638, "symbol": "OLUSDT", "candidates": 23, "seconds": 10.6}
{"completed": 397, "total": 638, "symbol": "OGNUSDT", "candidates": 29, "seconds": 12.26}
{"completed": 398, "total": 638, "symbol": "OMGUSDT", "candidates": 14, "seconds": 9.81}
{"completed": 399, "total": 638, "symbol": "OGUSDT", "candidates": 36, "seconds": 14.71}
{"completed": 400, "total": 638, "symbol": "ONUSDT", "candidates": 13, "seconds": 6.98}
{"completed": 401, "total": 638, "symbol": "OPGUSDT", "candidates": 0, "seconds": 0.31}
{"completed": 402, "total": 638, "symbol": "OMNIUSDT", "candidates": 24, "seconds": 15.74}
{"completed": 403, "total": 638, "symbol": "OPENUSDT", "candidates": 12, "seconds": 8.13}
{"completed": 404, "total": 638, "symbol": "ONEUSDT", "candidates": 47, "seconds": 14.56}
{"completed": 405, "total": 638, "symbol": "OPNUSDT", "candidates": 2, "seconds": 3.0}
{"completed": 406, "total": 638, "symbol": "ONTUSDT", "candidates": 46, "seconds": 15.47}
{"completed": 407, "total": 638, "symbol": "ORBSUSDT", "candidates": 7, "seconds": 7.72}
{"completed": 408, "total": 638, "symbol": "ONDOUSDT", "candidates": 36, "seconds": 22.5}
{"completed": 409, "total": 638, "symbol": "OMUSDT", "candidates": 34, "seconds": 24.81}
{"completed": 410, "total": 638, "symbol": "ORDERUSDT", "candidates": 16, "seconds": 8.23}
{"completed": 411, "total": 638, "symbol": "ONGUSDT", "candidates": 49, "seconds": 24.85}
{"completed": 412, "total": 638, "symbol": "ORCAUSDT", "candidates": 40, "seconds": 15.52}
{"completed": 413, "total": 638, "symbol": "OPUSDT", "candidates": 37, "seconds": 23.12}
{"completed": 414, "total": 638, "symbol": "PAXGUSDT", "candidates": 16, "seconds": 14.49}
{"completed": 415, "total": 638, "symbol": "PARTIUSDT", "candidates": 20, "seconds": 17.21}
{"completed": 416, "total": 638, "symbol": "ORDIUSDT", "candidates": 52, "seconds": 26.39}
{"completed": 417, "total": 638, "symbol": "OXTUSDT", "candidates": 30, "seconds": 25.0}
{"completed": 418, "total": 638, "symbol": "PENGUUSDT", "candidates": 35, "seconds": 22.29}
{"completed": 419, "total": 638, "symbol": "PENDLEUSDT", "candidates": 44, "seconds": 26.63}
{"completed": 420, "total": 638, "symbol": "PIEVERSEUSDT", "candidates": 14, "seconds": 7.07}
{"completed": 421, "total": 638, "symbol": "PEOPLEUSDT", "candidates": 42, "seconds": 23.07}
{"completed": 422, "total": 638, "symbol": "PERPUSDT", "candidates": 41, "seconds": 19.17}
{"completed": 423, "total": 638, "symbol": "PHAUSDT", "candidates": 42, "seconds": 21.63}
{"completed": 424, "total": 638, "symbol": "PLAYUSDT", "candidates": 23, "seconds": 11.92}
{"completed": 425, "total": 638, "symbol": "PHBUSDT", "candidates": 46, "seconds": 24.88}
{"completed": 426, "total": 638, "symbol": "PIPPINUSDT", "candidates": 40, "seconds": 20.65}
{"completed": 427, "total": 638, "symbol": "PLUMEUSDT", "candidates": 32, "seconds": 15.83}
{"completed": 428, "total": 638, "symbol": "PIXELUSDT", "candidates": 39, "seconds": 24.16}
{"completed": 429, "total": 638, "symbol": "PORT3USDT", "candidates": 16, "seconds": 8.62}
{"completed": 430, "total": 638, "symbol": "PNUTUSDT", "candidates": 44, "seconds": 24.46}
{"completed": 431, "total": 638, "symbol": "PRLUSDT", "candidates": 4, "seconds": 0.93}
{"completed": 432, "total": 638, "symbol": "POWERUSDT", "candidates": 9, "seconds": 6.13}
{"completed": 433, "total": 638, "symbol": "PONKEUSDT", "candidates": 25, "seconds": 19.03}
{"completed": 434, "total": 638, "symbol": "POLUSDT", "candidates": 47, "seconds": 26.5}
{"completed": 435, "total": 638, "symbol": "POLYXUSDT", "candidates": 41, "seconds": 25.8}
{"completed": 436, "total": 638, "symbol": "POPCATUSDT", "candidates": 44, "seconds": 23.05}
{"completed": 437, "total": 638, "symbol": "PORTALUSDT", "candidates": 40, "seconds": 22.74}
{"completed": 438, "total": 638, "symbol": "PROVEUSDT", "candidates": 17, "seconds": 10.15}
{"completed": 439, "total": 638, "symbol": "PTBUSDT", "candidates": 22, "seconds": 10.06}
{"completed": 440, "total": 638, "symbol": "PROMPTUSDT", "candidates": 31, "seconds": 14.98}
{"completed": 441, "total": 638, "symbol": "POWRUSDT", "candidates": 42, "seconds": 19.48}
{"completed": 442, "total": 638, "symbol": "PROMUSDT", "candidates": 37, "seconds": 19.09}
{"completed": 443, "total": 638, "symbol": "PUFFERUSDT", "candidates": 20, "seconds": 13.21}
{"completed": 444, "total": 638, "symbol": "PUMPBTCUSDT", "candidates": 25, "seconds": 13.42}
{"completed": 445, "total": 638, "symbol": "PUMPUSDT", "candidates": 22, "seconds": 11.37}
{"completed": 446, "total": 638, "symbol": "PUNDIXUSDT", "candidates": 25, "seconds": 11.54}
{"completed": 447, "total": 638, "symbol": "RADUSDT", "candidates": 0, "seconds": 3.59}
{"completed": 448, "total": 638, "symbol": "QUSDT", "candidates": 20, "seconds": 8.97}
{"completed": 449, "total": 638, "symbol": "RAVEUSDT", "candidates": 9, "seconds": 4.82}
{"completed": 450, "total": 638, "symbol": "RAYUSDT", "candidates": 0, "seconds": 3.84}
{"completed": 451, "total": 638, "symbol": "QTUMUSDT", "candidates": 39, "seconds": 17.13}
{"completed": 452, "total": 638, "symbol": "QUICKUSDT", "candidates": 23, "seconds": 14.14}
{"completed": 453, "total": 638, "symbol": "PYTHUSDT", "candidates": 41, "seconds": 22.63}
{"completed": 454, "total": 638, "symbol": "QNTUSDT", "candidates": 45, "seconds": 23.22}
{"completed": 455, "total": 638, "symbol": "RECALLUSDT", "candidates": 22, "seconds": 6.4}
{"completed": 456, "total": 638, "symbol": "REEFUSDT", "candidates": 14, "seconds": 8.79}
{"completed": 457, "total": 638, "symbol": "RAYSOLUSDT", "candidates": 38, "seconds": 18.31}
{"completed": 458, "total": 638, "symbol": "RAREUSDT", "candidates": 42, "seconds": 22.95}
{"completed": 459, "total": 638, "symbol": "RENUSDT", "candidates": 5, "seconds": 7.3}
{"completed": 460, "total": 638, "symbol": "RDNTUSDT", "candidates": 34, "seconds": 18.28}
{"completed": 461, "total": 638, "symbol": "REDUSDT", "candidates": 31, "seconds": 14.69}
{"completed": 462, "total": 638, "symbol": "REIUSDT", "candidates": 30, "seconds": 15.37}
{"completed": 463, "total": 638, "symbol": "RLSUSDT", "candidates": 10, "seconds": 4.87}
{"completed": 464, "total": 638, "symbol": "ROBOUSDT", "candidates": 6, "seconds": 2.25}
{"completed": 465, "total": 638, "symbol": "RIVERUSDT", "candidates": 20, "seconds": 7.08}
{"completed": 466, "total": 638, "symbol": "RESOLVUSDT", "candidates": 29, "seconds": 12.02}
{"completed": 467, "total": 638, "symbol": "RENDERUSDT", "candidates": 36, "seconds": 20.49}
{"completed": 468, "total": 638, "symbol": "REZUSDT", "candidates": 47, "seconds": 20.3}
{"completed": 469, "total": 638, "symbol": "RIFUSDT", "candidates": 56, "seconds": 19.88}
{"completed": 470, "total": 638, "symbol": "RLCUSDT", "candidates": 50, "seconds": 23.71}
{"completed": 471, "total": 638, "symbol": "RVVUSDT", "candidates": 7, "seconds": 6.09}
{"completed": 472, "total": 638, "symbol": "RONINUSDT", "candidates": 42, "seconds": 20.23}
{"completed": 473, "total": 638, "symbol": "RPLUSDT", "candidates": 37, "seconds": 21.47}
{"completed": 474, "total": 638, "symbol": "ROSEUSDT", "candidates": 43, "seconds": 22.12}
{"completed": 475, "total": 638, "symbol": "RSRUSDT", "candidates": 40, "seconds": 21.89}
{"completed": 476, "total": 638, "symbol": "RUNEUSDT", "candidates": 42, "seconds": 20.1}
{"completed": 477, "total": 638, "symbol": "RVNUSDT", "candidates": 47, "seconds": 17.52}
{"completed": 478, "total": 638, "symbol": "SAHARAUSDT", "candidates": 23, "seconds": 12.57}
{"completed": 479, "total": 638, "symbol": "SAPIENUSDT", "candidates": 25, "seconds": 10.92}
{"completed": 480, "total": 638, "symbol": "SCUSDT", "candidates": 0, "seconds": 4.13}
{"completed": 481, "total": 638, "symbol": "SAFEUSDT", "candidates": 41, "seconds": 19.86}
{"completed": 482, "total": 638, "symbol": "SCRTUSDT", "candidates": 43, "seconds": 17.57}
{"completed": 483, "total": 638, "symbol": "SANTOSUSDT", "candidates": 49, "seconds": 21.24}
{"completed": 484, "total": 638, "symbol": "SENTUSDT", "candidates": 21, "seconds": 6.75}
{"completed": 485, "total": 638, "symbol": "SAGAUSDT", "candidates": 49, "seconds": 25.39}
{"completed": 486, "total": 638, "symbol": "SANDUSDT", "candidates": 49, "seconds": 26.06}
{"completed": 487, "total": 638, "symbol": "SCRUSDT", "candidates": 35, "seconds": 22.03}
{"completed": 488, "total": 638, "symbol": "SKATEUSDT", "candidates": 14, "seconds": 11.25}
{"completed": 489, "total": 638, "symbol": "SKRUSDT", "candidates": 15, "seconds": 5.49}
{"completed": 490, "total": 638, "symbol": "SEIUSDT", "candidates": 28, "seconds": 22.38}
{"completed": 491, "total": 638, "symbol": "SIGNUSDT", "candidates": 24, "seconds": 14.79}
{"completed": 492, "total": 638, "symbol": "SHELLUSDT", "candidates": 28, "seconds": 16.36}
{"completed": 493, "total": 638, "symbol": "SFPUSDT", "candidates": 43, "seconds": 22.98}
{"completed": 494, "total": 638, "symbol": "SIRENUSDT", "candidates": 35, "seconds": 18.14}
{"completed": 495, "total": 638, "symbol": "SNTUSDT", "candidates": 0, "seconds": 3.67}
{"completed": 496, "total": 638, "symbol": "SKYUSDT", "candidates": 10, "seconds": 7.11}
{"completed": 497, "total": 638, "symbol": "SLPUSDT", "candidates": 18, "seconds": 10.19}
{"completed": 498, "total": 638, "symbol": "SKYAIUSDT", "candidates": 21, "seconds": 14.79}
{"completed": 499, "total": 638, "symbol": "SLERFUSDT", "candidates": 24, "seconds": 14.66}
{"completed": 500, "total": 638, "symbol": "SKLUSDT", "candidates": 42, "seconds": 28.58}
{"completed": 501, "total": 638, "symbol": "SOMIUSDT", "candidates": 16, "seconds": 15.85}
{"completed": 502, "total": 638, "symbol": "SPACEUSDT", "candidates": 12, "seconds": 4.28}
{"completed": 503, "total": 638, "symbol": "SNXUSDT", "candidates": 37, "seconds": 20.86}
{"completed": 504, "total": 638, "symbol": "SOLVUSDT", "candidates": 37, "seconds": 20.32}
{"completed": 505, "total": 638, "symbol": "SPORTFUNUSDT", "candidates": 8, "seconds": 2.7}
{"completed": 506, "total": 638, "symbol": "SOONUSDT", "candidates": 21, "seconds": 15.53}
{"completed": 507, "total": 638, "symbol": "SOPHUSDT", "candidates": 28, "seconds": 14.77}
{"completed": 508, "total": 638, "symbol": "SONICUSDT", "candidates": 39, "seconds": 19.03}
{"completed": 509, "total": 638, "symbol": "SOLUSDT", "candidates": 42, "seconds": 27.04}
{"completed": 510, "total": 638, "symbol": "SPKUSDT", "candidates": 29, "seconds": 8.75}
{"completed": 511, "total": 638, "symbol": "STABLEUSDT", "candidates": 20, "seconds": 4.57}
{"completed": 512, "total": 638, "symbol": "STBLUSDT", "candidates": 22, "seconds": 6.04}
{"completed": 513, "total": 638, "symbol": "SQDUSDT", "candidates": 25, "seconds": 9.46}
{"completed": 514, "total": 638, "symbol": "STMXUSDT", "candidates": 8, "seconds": 5.23}
{"completed": 515, "total": 638, "symbol": "SPELLUSDT", "candidates": 39, "seconds": 17.48}
{"completed": 516, "total": 638, "symbol": "SPXUSDT", "candidates": 40, "seconds": 13.27}
{"completed": 517, "total": 638, "symbol": "STPTUSDT", "candidates": 0, "seconds": 2.63}
{"completed": 518, "total": 638, "symbol": "STRAXUSDT", "candidates": 0, "seconds": 2.62}
{"completed": 519, "total": 638, "symbol": "STGUSDT", "candidates": 47, "seconds": 12.08}
{"completed": 520, "total": 638, "symbol": "SSVUSDT", "candidates": 54, "seconds": 16.55}
{"completed": 521, "total": 638, "symbol": "STOUSDT", "candidates": 32, "seconds": 10.46}
{"completed": 522, "total": 638, "symbol": "STEEMUSDT", "candidates": 39, "seconds": 16.61}
{"completed": 523, "total": 638, "symbol": "STORJUSDT", "candidates": 48, "seconds": 13.98}
{"completed": 524, "total": 638, "symbol": "STRKUSDT", "candidates": 43, "seconds": 13.35}
{"completed": 525, "total": 638, "symbol": "STXUSDT", "candidates": 37, "seconds": 15.72}
{"completed": 526, "total": 638, "symbol": "SUSDT", "candidates": 42, "seconds": 10.95}
{"completed": 527, "total": 638, "symbol": "SUIUSDT", "candidates": 37, "seconds": 17.81}
{"completed": 528, "total": 638, "symbol": "SUPERUSDT", "candidates": 48, "seconds": 14.86}
{"completed": 529, "total": 638, "symbol": "SUNUSDT", "candidates": 49, "seconds": 17.2}
{"completed": 530, "total": 638, "symbol": "SWARMSUSDT", "candidates": 35, "seconds": 12.83}
{"completed": 531, "total": 638, "symbol": "SWELLUSDT", "candidates": 25, "seconds": 11.9}
{"completed": 532, "total": 638, "symbol": "SUSHIUSDT", "candidates": 40, "seconds": 17.9}
{"completed": 533, "total": 638, "symbol": "SXTUSDT", "candidates": 26, "seconds": 12.38}
{"completed": 534, "total": 638, "symbol": "TACUSDT", "candidates": 26, "seconds": 8.69}
{"completed": 535, "total": 638, "symbol": "SYRUPUSDT", "candidates": 20, "seconds": 11.56}
{"completed": 536, "total": 638, "symbol": "TAIKOUSDT", "candidates": 28, "seconds": 7.91}
{"completed": 537, "total": 638, "symbol": "TAGUSDT", "candidates": 24, "seconds": 9.67}
{"completed": 538, "total": 638, "symbol": "TAKEUSDT", "candidates": 23, "seconds": 8.06}
{"completed": 539, "total": 638, "symbol": "SYNUSDT", "candidates": 45, "seconds": 17.94}
{"completed": 540, "total": 638, "symbol": "TANSSIUSDT", "candidates": 9, "seconds": 7.89}
{"completed": 541, "total": 638, "symbol": "SYSUSDT", "candidates": 44, "seconds": 18.09}
{"completed": 542, "total": 638, "symbol": "TAUSDT", "candidates": 31, "seconds": 10.09}
{"completed": 543, "total": 638, "symbol": "THEUSDT", "candidates": 41, "seconds": 15.27}
{"completed": 544, "total": 638, "symbol": "TAOUSDT", "candidates": 39, "seconds": 23.0}
{"completed": 545, "total": 638, "symbol": "THETAUSDT", "candidates": 48, "seconds": 21.14}
{"completed": 546, "total": 638, "symbol": "TOKENUSDT", "candidates": 26, "seconds": 16.04}
{"completed": 547, "total": 638, "symbol": "TOSHIUSDT", "candidates": 15, "seconds": 7.29}
{"completed": 548, "total": 638, "symbol": "TIAUSDT", "candidates": 38, "seconds": 22.48}
{"completed": 549, "total": 638, "symbol": "TNSRUSDT", "candidates": 42, "seconds": 19.41}
{"completed": 550, "total": 638, "symbol": "TLMUSDT", "candidates": 50, "seconds": 20.92}
{"completed": 551, "total": 638, "symbol": "TRIAUSDT", "candidates": 8, "seconds": 2.3}
{"completed": 552, "total": 638, "symbol": "TRADOORUSDT", "candidates": 16, "seconds": 5.85}
{"completed": 553, "total": 638, "symbol": "TOWNSUSDT", "candidates": 21, "seconds": 7.53}
{"completed": 554, "total": 638, "symbol": "TREEUSDT", "candidates": 18, "seconds": 8.19}
{"completed": 555, "total": 638, "symbol": "TONUSDT", "candidates": 39, "seconds": 22.3}
{"completed": 556, "total": 638, "symbol": "TROYUSDT", "candidates": 11, "seconds": 7.23}
{"completed": 557, "total": 638, "symbol": "TRUSTUSDT", "candidates": 11, "seconds": 5.52}
{"completed": 558, "total": 638, "symbol": "TRUTHUSDT", "candidates": 23, "seconds": 7.07}
{"completed": 559, "total": 638, "symbol": "TURTLEUSDT", "candidates": 14, "seconds": 5.83}
{"completed": 560, "total": 638, "symbol": "TRUMPUSDT", "candidates": 28, "seconds": 14.97}
{"completed": 561, "total": 638, "symbol": "TRBUSDT", "candidates": 47, "seconds": 19.84}
{"completed": 562, "total": 638, "symbol": "TSTUSDT", "candidates": 22, "seconds": 10.41}
{"completed": 563, "total": 638, "symbol": "TRUUSDT", "candidates": 32, "seconds": 16.27}
{"completed": 564, "total": 638, "symbol": "UAIUSDT", "candidates": 24, "seconds": 4.37}
{"completed": 565, "total": 638, "symbol": "TRXUSDT", "candidates": 42, "seconds": 15.49}
{"completed": 566, "total": 638, "symbol": "TUSDT", "candidates": 49, "seconds": 12.75}
{"completed": 567, "total": 638, "symbol": "TUTUSDT", "candidates": 40, "seconds": 10.07}
{"completed": 568, "total": 638, "symbol": "UBUSDT", "candidates": 21, "seconds": 7.01}
{"completed": 569, "total": 638, "symbol": "TURBOUSDT", "candidates": 46, "seconds": 19.52}
{"completed": 570, "total": 638, "symbol": "UNFIUSDT", "candidates": 5, "seconds": 5.82}
{"completed": 571, "total": 638, "symbol": "USDCUSDT", "candidates": 0, "seconds": 5.87}
{"completed": 572, "total": 638, "symbol": "USUSDT", "candidates": 12, "seconds": 3.9}
{"completed": 573, "total": 638, "symbol": "USELESSUSDT", "candidates": 27, "seconds": 8.18}
{"completed": 574, "total": 638, "symbol": "TWTUSDT", "candidates": 48, "seconds": 18.46}
{"completed": 575, "total": 638, "symbol": "UMAUSDT", "candidates": 41, "seconds": 15.52}
{"completed": 576, "total": 638, "symbol": "USUALUSDT", "candidates": 40, "seconds": 12.93}
{"completed": 577, "total": 638, "symbol": "UXLINKUSDT", "candidates": 22, "seconds": 11.52}
{"completed": 578, "total": 638, "symbol": "UNIUSDT", "candidates": 53, "seconds": 18.06}
{"completed": 579, "total": 638, "symbol": "USTCUSDT", "candidates": 53, "seconds": 19.15}
{"completed": 580, "total": 638, "symbol": "VANAUSDT", "candidates": 45, "seconds": 13.73}
{"completed": 581, "total": 638, "symbol": "VFYUSDT", "candidates": 12, "seconds": 5.41}
{"completed": 582, "total": 638, "symbol": "VELVETUSDT", "candidates": 31, "seconds": 10.1}
{"completed": 583, "total": 638, "symbol": "VELODROMEUSDT", "candidates": 42, "seconds": 14.21}
{"completed": 584, "total": 638, "symbol": "VANRYUSDT", "candidates": 48, "seconds": 18.32}
{"completed": 585, "total": 638, "symbol": "VICUSDT", "candidates": 26, "seconds": 12.41}
{"completed": 586, "total": 638, "symbol": "VIDTUSDT", "candidates": 20, "seconds": 11.1}
{"completed": 587, "total": 638, "symbol": "WAVESUSDT", "candidates": 0, "seconds": 6.28}
{"completed": 588, "total": 638, "symbol": "VINEUSDT", "candidates": 31, "seconds": 19.46}
{"completed": 589, "total": 638, "symbol": "VTHOUSDT", "candidates": 32, "seconds": 16.86}
{"completed": 590, "total": 638, "symbol": "VETUSDT", "candidates": 50, "seconds": 25.06}
{"completed": 591, "total": 638, "symbol": "VIRTUALUSDT", "candidates": 37, "seconds": 19.84}
{"completed": 592, "total": 638, "symbol": "VOXELUSDT", "candidates": 30, "seconds": 19.38}
{"completed": 593, "total": 638, "symbol": "VVVUSDT", "candidates": 39, "seconds": 15.79}
{"completed": 594, "total": 638, "symbol": "WALUSDT", "candidates": 23, "seconds": 13.54}
{"completed": 595, "total": 638, "symbol": "WETUSDT", "candidates": 9, "seconds": 6.41}
{"completed": 596, "total": 638, "symbol": "WLFIUSDT", "candidates": 20, "seconds": 7.99}
{"completed": 597, "total": 638, "symbol": "WCTUSDT", "candidates": 29, "seconds": 12.0}
{"completed": 598, "total": 638, "symbol": "WAXPUSDT", "candidates": 43, "seconds": 15.65}
{"completed": 599, "total": 638, "symbol": "XAUTUSDT", "candidates": 2, "seconds": 1.23}
{"completed": 600, "total": 638, "symbol": "XANUSDT", "candidates": 16, "seconds": 6.26}
{"completed": 601, "total": 638, "symbol": "XEMUSDT", "candidates": 3, "seconds": 5.73}
{"completed": 602, "total": 638, "symbol": "XCNUSDT", "candidates": 20, "seconds": 8.6}
{"completed": 603, "total": 638, "symbol": "WIFUSDT", "candidates": 44, "seconds": 21.16}
{"completed": 604, "total": 638, "symbol": "WOOUSDT", "candidates": 47, "seconds": 20.94}
{"completed": 605, "total": 638, "symbol": "WUSDT", "candidates": 53, "seconds": 21.32}
{"completed": 606, "total": 638, "symbol": "WLDUSDT", "candidates": 43, "seconds": 23.52}
{"completed": 607, "total": 638, "symbol": "XAIUSDT", "candidates": 47, "seconds": 20.79}
{"completed": 608, "total": 638, "symbol": "XNYUSDT", "candidates": 27, "seconds": 9.01}
{"completed": 609, "total": 638, "symbol": "XPINUSDT", "candidates": 16, "seconds": 8.8}
{"completed": 610, "total": 638, "symbol": "XPLUSDT", "candidates": 17, "seconds": 7.94}
{"completed": 611, "total": 638, "symbol": "XTZUSDT", "candidates": 31, "seconds": 9.97}
{"completed": 612, "total": 638, "symbol": "YBUSDT", "candidates": 18, "seconds": 5.37}
{"completed": 613, "total": 638, "symbol": "YALAUSDT", "candidates": 14, "seconds": 5.82}
{"completed": 614, "total": 638, "symbol": "XLMUSDT", "candidates": 44, "seconds": 21.9}
{"completed": 615, "total": 638, "symbol": "ZAMAUSDT", "candidates": 9, "seconds": 2.89}
{"completed": 616, "total": 638, "symbol": "XMRUSDT", "candidates": 54, "seconds": 20.08}
{"completed": 617, "total": 638, "symbol": "ZBTUSDT", "candidates": 12, "seconds": 7.51}
{"completed": 618, "total": 638, "symbol": "XRPUSDT", "candidates": 45, "seconds": 23.86}
{"completed": 619, "total": 638, "symbol": "XVGUSDT", "candidates": 42, "seconds": 22.09}
{"completed": 620, "total": 638, "symbol": "XVSUSDT", "candidates": 47, "seconds": 20.26}
{"completed": 621, "total": 638, "symbol": "YGGUSDT", "candidates": 41, "seconds": 19.72}
{"completed": 622, "total": 638, "symbol": "YFIUSDT", "candidates": 58, "seconds": 21.41}
{"completed": 623, "total": 638, "symbol": "ZKCUSDT", "candidates": 18, "seconds": 6.36}
{"completed": 624, "total": 638, "symbol": "ZEREBROUSDT", "candidates": 39, "seconds": 14.46}
{"completed": 625, "total": 638, "symbol": "ZKPUSDT", "candidates": 11, "seconds": 3.9}
{"completed": 626, "total": 638, "symbol": "ZECUSDT", "candidates": 44, "seconds": 20.73}
{"completed": 627, "total": 638, "symbol": "ZILUSDT", "candidates": 35, "seconds": 10.63}
{"completed": 628, "total": 638, "symbol": "ZENUSDT", "candidates": 53, "seconds": 22.37}
{"completed": 629, "total": 638, "symbol": "ZETAUSDT", "candidates": 47, "seconds": 15.92}
{"completed": 630, "total": 638, "symbol": "ZKJUSDT", "candidates": 14, "seconds": 9.66}
{"completed": 631, "total": 638, "symbol": "ZRCUSDT", "candidates": 12, "seconds": 5.62}
{"completed": 632, "total": 638, "symbol": "\u6211\u8e0f\u9a6c\u6765\u4e86USDT", "candidates": 11, "seconds": 3.06}
{"completed": 633, "total": 638, "symbol": "ZORAUSDT", "candidates": 26, "seconds": 7.46}
{"completed": 634, "total": 638, "symbol": "\u9f99\u867eUSDT", "candidates": 2, "seconds": 1.47}
{"completed": 635, "total": 638, "symbol": "\u5e01\u5b89\u4eba\u751fUSDT", "candidates": 23, "seconds": 5.41}
{"completed": 636, "total": 638, "symbol": "ZKUSDT", "candidates": 41, "seconds": 13.54}
{"completed": 637, "total": 638, "symbol": "ZRXUSDT", "candidates": 40, "seconds": 10.37}
{"completed": 638, "total": 638, "symbol": "ZROUSDT", "candidates": 44, "seconds": 12.23}
