/Users/zhangzc/fable-trading/yoyo/evaluation/spike_v126_htf_report.py:82: FutureWarning: The behavior of DataFrame concatenation with empty or all-NA entries is deprecated. In a future version, this will no longer exclude empty or all-NA columns when determining the result dtypes. To retain the old behavior, exclude the relevant entries before the concat operation.
  return identity, {name: pd.concat(parts, ignore_index=True) if parts else pd.DataFrame() for name, parts in frames.items()}
/Users/zhangzc/fable-trading/yoyo/evaluation/spike_v126_htf_report.py:82: FutureWarning: The behavior of DataFrame concatenation with empty or all-NA entries is deprecated. In a future version, this will no longer exclude empty or all-NA columns when determining the result dtypes. To retain the old behavior, exclude the relevant entries before the concat operation.
  return identity, {name: pd.concat(parts, ignore_index=True) if parts else pd.DataFrame() for name, parts in frames.items()}
{
  "input": "experiments/active/exp-spike-v126-htf-recheck-20260922-v1/results/run_v2",
  "input_manifest_sha256": "71475bf2c5c209db49b354077f1babdd4cc16399b9798a37359903728a6e9589",
  "input_identity_sha256": "e44c0ed28882dbbd1fc8597ebd1b7e26996cbaff8d9cad426b05f42f12637d83",
  "input_source_hashes": {
    "/Users/zhangzc/fable-trading/yoyo/evaluation/__init__.py": "a29dd367b750b396ce7f95d4aadd061b5c55d6ae0ac3ad72a8555c1e7d43dc13",
    "/Users/zhangzc/fable-trading/yoyo/evaluation/spike_burst_progressive.py": "cec81a33997bd39272762bd70a451ceb5bf218da0e7fc0606271d165437fde08",
    "/Users/zhangzc/fable-trading/yoyo/evaluation/spike_burst_replay.py": "678cb55b25925833927dba8c714a59e3cba81de9c9adca84a1bf2f8347ce3fd3",
    "/Users/zhangzc/fable-trading/yoyo/evaluation/spike_burst_v6_structure.py": "e84690c02e7b03291cc3037eab37ac495cc2ece79326e24411cfa72aa1214d4b",
    "/Users/zhangzc/fable-trading/yoyo/evaluation/spike_exit_accounts.py": "ce3f225c479a42d3b5fd269e554bb8999eeb069446f73a2128e77dea0321dbe5",
    "/Users/zhangzc/fable-trading/yoyo/evaluation/spike_exit_policy_study.py": "f52d73309e0a28a26b0d9daa445c2a4484003dd4f32ec2f47b1e039c365c430c",
    "/Users/zhangzc/fable-trading/yoyo/evaluation/spike_v10_4.py": "f32891e5d29394c5c27730d58302ac39911b5ff9b7899ed8d625dde96d778c16",
    "/Users/zhangzc/fable-trading/yoyo/evaluation/spike_v10_4_increment.py": "a18fb5f2dc4e5ef7c78085eceaf0caab1714e25d6ccff212d3036ff8c874abbe",
    "/Users/zhangzc/fable-trading/yoyo/evaluation/spike_v10_4_study.py": "55f06bdaa20fb2f21877c42b73e29e9cfbffde707ac9a85bed520ab2a811d0f7",
    "/Users/zhangzc/fable-trading/yoyo/evaluation/spike_v112_support_study.py": "9aca98efdc162e2eea17bef0a6df5675f44c49ff93272f96d544598021abf176",
    "/Users/zhangzc/fable-trading/yoyo/evaluation/spike_v11_box_study.py": "e9dd1bb73055808ec70fa4f451cb8831b9f6673e1008ffba3837d3e2d4828333",
    "/Users/zhangzc/fable-trading/yoyo/evaluation/spike_v11_study.py": "02ba6b26c03e08284852e0224ea272320e0fc3d9b26e8a075a5725b665e61c66",
    "/Users/zhangzc/fable-trading/yoyo/evaluation/spike_v126_engine.py": "9fc887b02f7543df4f33905c0f63084958704c6d796a38fd4b5ad236dfb30a11",
    "/Users/zhangzc/fable-trading/yoyo/evaluation/spike_v126_htf_recheck.py": "f016001e1195bc3149350218b23f8f45ec349929f40b33ca3bddc9541f1b732e",
    "/Users/zhangzc/fable-trading/yoyo/evaluation/spike_v12_local_touch.py": "f8469ecc0440f977623093800aa78da2b699279977e0909349f23d7dd4465008",
    "/Users/zhangzc/fable-trading/yoyo/evaluation/spike_v1_v8_be05.py": "820d5f8374b9c7589477f499ab4c7a3b5b56024190d10d944c7c624533fdb8d7",
    "/Users/zhangzc/fable-trading/yoyo/evaluation/spike_v6_bb_squeeze.py": "31f02fdd44f677e227deb6a5560114d2277c206c42c8400ecef3ec864d4046c0",
    "/Users/zhangzc/fable-trading/yoyo/evaluation/spike_v6_wvf_study.py": "ba8db5027680e259f0c7572e3d31b1fa709481869fd48679e004daec262d3fd4",
    "/Users/zhangzc/fable-trading/yoyo/evaluation/spike_v6_wvf_study_post.py": "334772aa325660b5ae9abbf93db4ddbc9e8908d6becb2ddd7e7dd2d1d3866e9a",
    "/Users/zhangzc/fable-trading/yoyo/evaluation/spike_v7_episode_study.py": "f18e2548bf8487e224acd48b4a7931d629bc5401bd3f64e94c4695c3368ae110",
    "/Users/zhangzc/fable-trading/yoyo/evaluation/spike_v7_fast.py": "f0cfe9e2fb6d16a71632728bdfca3f65160f21dbb5afff4d23e61d1acab3bdc0",
    "/Users/zhangzc/fable-trading/yoyo/evaluation/spike_v8_lowtf_study.py": "f1b2349926ef9b92731f838e9e4e559207f42e16db499cc396a9eec1a0674463",
    "/Users/zhangzc/fable-trading/yoyo/evaluation/spike_v8_replay.py": "afe934b3b81f9e949edc55b2cb3a6dc18c076224bd8135b894bfc0a58eb3ada3",
    "/Users/zhangzc/fable-trading/yoyo/evaluation/spike_v8_six_filters.py": "365cef00b81151e51d11fddda061be3630cba1abf80a8be4cf4616fb14e71bfd",
    "/Users/zhangzc/fable-trading/yoyo/evaluation/spike_v9.py": "7bdee0dfbe783fdcfcae78a6ba3db4a11c4b035b6cc153edfb9cb21ecf161d4d",
    "/Users/zhangzc/fable-trading/yoyo/evaluation/spike_v9_htf_sma.py": "6bfd45a4381faeeb56830c11619615e7afb7785fa809cb2554416497cd78483e",
    "/Users/zhangzc/fable-trading/yoyo/evaluation/trendline_break.py": "5eab890adae46b28818aec2a79a1c04d7a377a5e7960cce76506b3c6087a01dc",
    "yoyo/evaluation/pine/spike_burst_v12_6.pine": "8a72c18b65e50862ca6dee4e4d58cac4c1e1c7d38ccd3718e7f0228e970ee2db",
    "experiments/active/exp-spike-v126-htf-recheck-20260922-v1/config.json": "5800c81c5e332e7938be03cbdf498226f90296ab1de3a70e21f43479ab520e4a",
    "experiments/active/exp-spike-v126-htf-recheck-20260922-v1/PROJECT_PLAN.md": "7739864b51580efff7193e164630cffffd33cee18fa19729d203f8f4aaf84766",
    "tests/evaluation/test_spike_v126_engine.py": "721bbad8140e5a5ba9c3e90d149e292413f02c65e1a7926bf447a0b7dbf33a9f",
    "tests/evaluation/test_spike_v126_htf_recheck.py": "3d3facb91208d19d5a764d7c44d75d41180adf0e257e5a7b7061f6fa8d923b02"
  },
  "report_source_sha256": "ed8fa8a493ed0953031b74c937ca6c31ad06a5db705cdcf0385fdfbd146c31b7",
  "closed_rows": 37846,
  "native_pine_parity": false,
  "auc": "not_applicable_no_model_score",
  "top_decile": "not_applicable_no_ranker",
  "drawdown_basis": "exit_ordered_event_r_nonaccount",
  "files": {
    "metrics.csv": "32ce633c1b47bad423398357ce148258015547e6b0fec032e58e87c8da45a4f0",
    "monthly.csv": "d805cda7738829f71ace739e2f6a31465ac574c6198b6977e7d081316bd55c34",
    "tail_retention.csv": "035e21a03bf33fcf6aaaa3abbfeb7e07d28d10824e3cfd0c4b22292e7bf0bd17",
    "inference.csv": "c881d9277fb8734829e8547a233dff6ce190ce37db52408db8bbc040e47babc9",
    "paired_attribution.csv": "ab9062f2a858c8d496336521205187f76958810b8010a1f95e95efc61f78d68c"
  },
  "training_eligible": false,
  "production_eligible": false
}
