3m_common_original_all n 185 netR -85.078 streak 13 matched 185
3m_common_original_union n 90 netR -34.305 streak 11 matched 90
3m_available_original_all n 1453 netR -901.248 streak 27 matched 1453
3m_available_original_union n 756 netR -451.724 streak 22 matched 756
5m_common_original_all n 84 netR 11.893 streak 12 matched 84
5m_common_original_union n 43 netR -6.767 streak 11 matched 43
5m_available_original_all n 89 netR 4.886 streak 12 matched 89
5m_available_original_union n 46 netR -10.094 streak 11 matched 46
15m_common_original_all n 30 netR 27.749 streak 5 matched 30
15m_common_original_union n 17 netR 22.74 streak 2 matched 17
15m_available_original_all n 269 netR -28.55 streak 20 matched 259
15m_available_original_union n 123 netR -9.839 streak 14 matched 116
30m_common_original_all n 14 netR -6.421 streak 6 matched 13
30m_common_original_union n 7 netR -6.954 streak 7 matched 7
30m_available_original_all n 124 netR -15.812 streak 9 matched 110
30m_available_original_union n 62 netR -6.669 streak 10 matched 61
60m_common_original_all n 7 netR -5.678 streak 7 matched 6
60m_common_original_union n 4 netR -3.963 streak 4 matched 4
60m_available_original_all n 65 netR -6.183 streak 15 matched 52
60m_available_original_union n 32 netR -5.618 streak 18 matched 30
240m_common_original_all n 4 netR -1.91 streak 3 matched 3
240m_common_original_union n 1 netR 0.571 streak 0 matched 0
240m_available_original_all n 15 netR 2.295 streak 3 matched 10
240m_available_original_union n 5 netR 6.17 streak 1 matched 2
COMPLETE 24 summary rows 48 cash rows 24 parity groups
